Analyzing workspace /home/ph7/sqa-project/workspaces/mockito_38b/
Search for Go files
Found 0 Go files
Search for Java files
Load dependency stdlib:@dev
src/org/mockito/AdditionalMatchers.java: error: unknown function
	data: [<nil> org/mockito/internal/matchers/LessThan//LessThan [pointer(reference(java/lang/Integer))] [value]]
src/org/mockito/AdditionalMatchers.java: error: unknown function
	data: [<nil> org/mockito/internal/matchers/LessThan//LessThan [pointer(reference(java/lang/Long))] [value]]
src/org/mockito/AdditionalMatchers.java: error: unknown function
	data: [<nil> org/mockito/internal/matchers/ArrayEquals//ArrayEquals [] [value]]
src/org/mockito/AdditionalMatchers.java: error: unknown function
	data: [<nil> org/mockito/internal/matchers/LessOrEqual//LessOrEqual [pointer(reference(java/lang/Long))] [value]]
src/org/mockito/AdditionalMatchers.java: error: unknown function
	data: [<nil> org/mockito/internal/matchers/GreaterOrEqual//GreaterOrEqual [pointer(reference(java/lang/Byte))] [value]]
src/org/mockito/AdditionalMatchers.java: error: unknown function
	data: [<nil> org/mockito/internal/matchers/GreaterThan//GreaterThan [pointer(reference(java/lang/Long))] [value]]
src/org/mockito/AdditionalMatchers.java: error: unknown function
	data: [<nil> org/mockito/internal/matchers/LessThan//LessThan [pointer(reference(java/lang/Double))] [value]]
src/org/mockito/AdditionalMatchers.java: error: unknown function
	data: [<nil> org/mockito/internal/matchers/GreaterThan//GreaterThan [pointer(reference(java/lang/Short))] [value]]
src/org/mockito/AdditionalMatchers.java: error: unknown function
	data: [<nil> org/mockito/internal/matchers/EqualsWithDelta//EqualsWithDelta [] [value delta]]
src/org/mockito/AdditionalMatchers.java: error: unknown function
	data: [<nil> org/mockito/internal/matchers/LessOrEqual//LessOrEqual [pointer(reference(java/lang/Double))] [value]]
src/org/mockito/AdditionalMatchers.java: error: unknown function
	data: [<nil> org/mockito/internal/matchers/LessOrEqual//LessOrEqual [pointer(reference(java/lang/Float))] [value]]
src/org/mockito/AdditionalMatchers.java: error: unknown function
	data: [<nil> org/mockito/internal/matchers/LessOrEqual//LessOrEqual [pointer(reference(java/lang/Short))] [value]]
src/org/mockito/AdditionalMatchers.java: error: unknown function
	data: [<nil> org/mockito/internal/matchers/ArrayEquals//ArrayEquals [] [value]]
src/org/mockito/AdditionalMatchers.java: error: unknown function
	data: [<nil> org/mockito/internal/matchers/ArrayEquals//ArrayEquals [] [value]]
src/org/mockito/AdditionalMatchers.java: error: unknown function
	data: [<nil> org/mockito/internal/matchers/GreaterOrEqual//GreaterOrEqual [pointer(reference(java/lang/Integer))] [value]]
src/org/mockito/AdditionalMatchers.java: error: unknown function
	data: [<nil> org/mockito/internal/matchers/GreaterThan//GreaterThan [pointer(reference(java/lang/Double))] [value]]
src/org/mockito/AdditionalMatchers.java: error: unknown function
	data: [<nil> org/mockito/internal/matchers/GreaterThan//GreaterThan [pointer(reference(java/lang/Float))] [value]]
src/org/mockito/AdditionalMatchers.java: error: unknown function
	data: [<nil> org/mockito/internal/matchers/GreaterThan//GreaterThan [pointer(reference(java/lang/Integer))] [value]]
src/org/mockito/AdditionalMatchers.java: error: unknown function
	data: [<nil> org/mockito/internal/matchers/ArrayEquals//ArrayEquals [] [value]]
src/org/mockito/AdditionalMatchers.java: error: unknown function
	data: [<nil> org/mockito/internal/matchers/ArrayEquals//ArrayEquals [] [value]]
src/org/mockito/AdditionalMatchers.java: error: unknown function
	data: [<nil> org/mockito/internal/matchers/ArrayEquals//ArrayEquals [] [value]]
src/org/mockito/AdditionalMatchers.java: error: unknown function
	data: [<nil> org/mockito/internal/matchers/LessOrEqual//LessOrEqual [pointer(reference(java/lang/Byte))] [value]]
src/org/mockito/AdditionalMatchers.java: error: unknown function
	data: [<nil> org/mockito/internal/matchers/LessOrEqual//LessOrEqual [pointer(reference(java/lang/Integer))] [value]]
src/org/mockito/AdditionalMatchers.java: error: unknown function
	data: [<nil> org/mockito/internal/matchers/LessThan//LessThan [pointer(reference(java/lang/Float))] [value]]
src/org/mockito/AdditionalMatchers.java: error: unknown function
	data: [<nil> org/mockito/internal/matchers/LessThan//LessThan [pointer(reference(java/lang/Short))] [value]]
src/org/mockito/AdditionalMatchers.java: error: unknown function
	data: [<nil> org/mockito/internal/matchers/ArrayEquals//ArrayEquals [] [value]]
src/org/mockito/AdditionalMatchers.java: error: unknown function
	data: [<nil> org/mockito/internal/matchers/ArrayEquals//ArrayEquals [] [value]]
src/org/mockito/AdditionalMatchers.java: error: unknown function
	data: [<nil> org/mockito/internal/matchers/EqualsWithDelta//EqualsWithDelta [] [value delta]]
src/org/mockito/AdditionalMatchers.java: error: unknown function
	data: [<nil> org/mockito/internal/matchers/GreaterOrEqual//GreaterOrEqual [pointer(reference(java/lang/Double))] [value]]
src/org/mockito/AdditionalMatchers.java: error: unknown function
	data: [<nil> org/mockito/internal/matchers/GreaterOrEqual//GreaterOrEqual [pointer(reference(java/lang/Short))] [value]]
src/org/mockito/AdditionalMatchers.java: error: unknown function
	data: [<nil> org/mockito/internal/matchers/LessThan//LessThan [pointer(reference(java/lang/Byte))] [value]]
src/org/mockito/AdditionalMatchers.java: error: unknown function
	data: [<nil> reportMatcher [] [call(org/mockito/internal/matchers/Find//Find!efbb7192f0412fb225b1065a0117385c, [regex])]]
src/org/mockito/AdditionalMatchers.java: error: unknown function
	data: [<nil> org/mockito/internal/matchers/ArrayEquals//ArrayEquals [] [value]]
src/org/mockito/AdditionalMatchers.java: error: unknown function
	data: [struct(org/mockito/internal/progress/ArgumentMatcherStorage, [], [pointer(reference(java/lang/Object))], []) org/mockito/internal/progress/ArgumentMatcherStorage//reportMatcher [] [matcher]]
src/org/mockito/AdditionalMatchers.java: error: unknown function
	data: [<nil> org/mockito/internal/matchers/GreaterOrEqual//GreaterOrEqual [pointer(reference(java/lang/Float))] [value]]
src/org/mockito/AdditionalMatchers.java: error: unknown function
	data: [<nil> org/mockito/internal/matchers/GreaterOrEqual//GreaterOrEqual [pointer(reference(java/lang/Long))] [value]]
src/org/mockito/AdditionalMatchers.java: error: unknown function
	data: [<nil> org/mockito/internal/matchers/GreaterThan//GreaterThan [pointer(reference(java/lang/Byte))] [value]]
src/org/mockito/ArgumentMatcher.java: error: unknown import
	data: org/hamcrest/BaseMatcher
src/org/mockito/ArgumentMatcher.java: error: unknown import
	data: org/hamcrest/Description
src/org/mockito/ArgumentMatcher.java: error: unknown import
	data: org/hamcrest/Matcher
src/org/mockito/ArgumentMatcher.java: error: unknown function
	data: [<nil> getClass [] []]
src/org/mockito/BDDMockito.java: error: unknown type
	data: SuppressWarnings
src/org/mockito/BDDMockito.java: error: unknown function
	data: [struct(org/mockito/Mockito, [], [pointer(reference(org/mockito/Matchers))], []) org/mockito/Mockito//when [] [methodCall]]
src/org/mockito/BDDMockito.java: error: unknown function
	data: [struct(org/mockito/stubbing/Stubber, [], [pointer(reference(java/lang/Object))], []) org/mockito/stubbing/Stubber//when [] [mock]]
src/org/mockito/Matchers.java: error: unknown import
	data: java/util/Set
src/org/mockito/Matchers.java: error: unknown function
	data: [<nil> org/mockito/internal/matchers/Same//Same [] [value]]
src/org/mockito/Matchers.java: error: unknown function
	data: [struct(org/mockito/internal/progress/ArgumentMatcherStorage, [], [pointer(reference(java/lang/Object))], []) org/mockito/internal/progress/ArgumentMatcherStorage//reportMatcher [] [matcher]]
src/org/mockito/Matchers.java: error: unknown import
	data: org/hamcrest/Matcher
src/org/mockito/Matchers.java: error: unknown type
	data: SuppressWarnings
src/org/mockito/Matchers.java: error: unknown function
	data: [<nil> org/mockito/internal/matchers/Equals//Equals [] [value]]
src/org/mockito/Matchers.java: error: unknown function
	data: [<nil> org/mockito/internal/matchers/apachecommons/ReflectionEquals//ReflectionEquals [] [value excludeFields]]
src/org/mockito/MockSettings.java: error: unknown type
	data: SuppressWarnings
src/org/mockito/Mockito.java: error: unknown type
	data: Deprecated
src/org/mockito/Mockito.java: error: unknown function
	data: [<nil> mock [] [classToMock call(select(ensure_not_nil(call(select(ensure_not_nil(call(org/mockito/Mockito//withSettings!d41d8cd98f00b204e9800998ecf8427e, [])), name!efbb7192f0412fb225b1065a0117385c), [name])), defaultAnswer!4949a982cbc8c3e178d651dd47722539), [org/mockito/Mockito//RETURNS_DEFAULTS])]]
src/org/mockito/Mockito.java: error: unknown function
	data: [pointer(reference(org/mockito/internal/MockitoCore)) org/mockito/internal/MockitoCore//mock [] [classToMock mockSettings]]
src/org/mockito/Mockito.java: error: unknown function
	data: [pointer(reference(org/mockito/internal/MockitoCore)) org/mockito/internal/MockitoCore//when [] [methodCall]]
src/org/mockito/Mockito.java: error: unknown function
	data: [struct(org/mockito/MockSettings, [], [pointer(reference(java/lang/Object))], []) org/mockito/MockSettings//spiedInstance [] [object]]
src/org/mockito/Mockito.java: error: unknown function
	data: [pointer(reference(org/mockito/internal/MockitoCore)) org/mockito/internal/MockitoCore//reset [] [mocks]]
src/org/mockito/Mockito.java: error: unknown function
	data: [pointer(reference(org/mockito/internal/MockitoCore)) org/mockito/internal/MockitoCore//verify [] [mock mode]]
src/org/mockito/Mockito.java: error: unknown type
	data: SuppressWarnings
src/org/mockito/Mockito.java: error: unknown function
	data: [<nil> mock [] [classToMock call(select(ensure_not_nil(call(org/mockito/Mockito//withSettings!d41d8cd98f00b204e9800998ecf8427e, [])), defaultAnswer!4949a982cbc8c3e178d651dd47722539), [org/mockito/Mockito//RETURNS_DEFAULTS])]]
src/org/mockito/Mockito.java: error: unknown function
	data: [<nil> mock [] [classToMock call(select(ensure_not_nil(call(org/mockito/Mockito//withSettings!d41d8cd98f00b204e9800998ecf8427e, [])), defaultAnswer!4949a982cbc8c3e178d651dd47722539), [cast(call(org/mockito/internal/stubbing/answers/AnswerReturnValuesAdapter//AnswerReturnValuesAdapter!12ce7ae7144c8e2d8e4c4bee892728a8, [returnValues]), pointer(genericInstance(reference(org/mockito/stubbing/Answer), [])))])]]
src/org/mockito/Mockito.java: error: unknown function
	data: [<nil> mock [] [classToMock call(select(ensure_not_nil(call(org/mockito/Mockito//withSettings!d41d8cd98f00b204e9800998ecf8427e, [])), defaultAnswer!4949a982cbc8c3e178d651dd47722539), [defaultAnswer])]]
src/org/mockito/Mockito.java: error: unknown function
	data: [pointer(reference(org/mockito/internal/MockitoCore)) org/mockito/internal/MockitoCore//stub [] [methodCall]]
src/org/mockito/Mockito.java: error: unknown function
	data: [pointer(reference(org/mockito/internal/MockitoCore)) org/mockito/internal/MockitoCore//verify [] [mock call(org/mockito/Mockito//times!82a13d2b9378b45b5451d30242dc1218, [1])]]
src/org/mockito/Mockito.java: error: unknown function
	data: [pointer(reference(org/mockito/internal/MockitoCore)) org/mockito/internal/MockitoCore//stubVoid [] [mock]]
src/org/mockito/MockitoAnnotations.java: error: unknown import
	data: java/lang/reflect/Field
src/org/mockito/MockitoAnnotations.java: error: unknown function
	data: [pointer(reference(java/lang/Object)) java/lang/Object//getClass [] []]
src/org/mockito/MockitoAnnotations.java: error: unknown function
	data: [pointer(genericInstance(reference(java/lang/Class), [wildcard(, pointer(reference(java/lang/Object)))])) java/lang/Class<descendant of java/lang/Object>//getSuperclass [] []]
src/org/mockito/MockitoAnnotations.java: error: unknown function
	data: [pointer(genericInstance(reference(java/lang/Class), [wildcard(, pointer(reference(java/lang/Object)))])) java/lang/Class<descendant of java/lang/Object>//getDeclaredFields [] []]
src/org/mockito/ReturnValues.java: error: unknown type
	data: Deprecated
src/org/mockito/configuration/AnnotationEngine.java: error: unknown import
	data: java/lang/reflect/Field
src/org/mockito/configuration/DefaultMockitoConfiguration.java: error: unknown type
	data: Deprecated
src/org/mockito/configuration/DefaultMockitoConfiguration.java: error: unknown type
	data: SuppressWarnings
src/org/mockito/configuration/IMockitoConfiguration.java: error: unknown type
	data: SuppressWarnings
src/org/mockito/configuration/IMockitoConfiguration.java: error: unknown type
	data: Deprecated
src/org/mockito/exceptions/Reporter.java: error: unknown function
	data: [pointer(reference(java/lang/StringBuilder)) java/lang/StringBuilder//append [] [call(select(ensure_not_nil(i), getLocation!d41d8cd98f00b204e9800998ecf8427e), [])]]
src/org/mockito/exceptions/base/MockitoAssertionError.java: error: unknown type
	data: StackTraceElement
src/org/mockito/exceptions/base/MockitoAssertionError.java: error: unknown function
	data: [<nil> getStackTrace [] []]
src/org/mockito/exceptions/base/MockitoException.java: error: unknown type
	data: StackTraceElement
src/org/mockito/exceptions/base/MockitoException.java: error: unknown function
	data: [<nil> getStackTrace [] []]
src/org/mockito/exceptions/verification/junit/ArgumentsAreDifferent.java: error: unknown import
	data: junit/framework/ComparisonFailure
src/org/mockito/exceptions/verification/junit/ArgumentsAreDifferent.java: error: unknown type
	data: StackTraceElement
src/org/mockito/exceptions/verification/junit/ArgumentsAreDifferent.java: error: unknown function
	data: [<nil> getStackTrace [] []]
src/org/mockito/exceptions/verification/junit/ArgumentsAreDifferent.java: error: unknown function
	data: [pointer(reference(org/mockito/internal/exceptions/base/ConditionalStackTraceFilter)) org/mockito/internal/exceptions/base/ConditionalStackTraceFilter//filter [] [this]]
src/org/mockito/exceptions/verification/junit/JUnitTool.java: error: unknown function
	data: [struct(java/lang/Class, [], [pointer(reference(java/lang/Object))], []) java/lang/Class//forName [] ["junit.framework.ComparisonFailure"]]
src/org/mockito/exceptions/verification/junit/JUnitTool.java: error: unknown function
	data: [struct(java/lang/Class, [], [pointer(reference(java/lang/Object))], []) java/lang/Class//forName [] ["org.mockito.exceptions.verification.junit.ArgumentsAreDifferent"]]
src/org/mockito/exceptions/verification/junit/JUnitTool.java: error: unknown function
	data: [pointer(genericInstance(reference(java/lang/Class), [wildcard(, pointer(reference(java/lang/Object)))])) java/lang/Class<descendant of java/lang/Object>//getConstructors [] []]
src/org/mockito/internal/InOrderImpl.java: error: unknown function
	data: [pointer(reference(org/mockito/internal/InOrderImpl)) org/mockito/internal/InOrderImpl//verify [] [mock call(org/mockito/internal/verification/VerificationModeFactory//times!82a13d2b9378b45b5451d30242dc1218, [1])]]
src/org/mockito/internal/InOrderImpl.java: error: unknown function
	data: [genericInstance(reference(java/util/List), [pointer(reference(java/lang/Object))]) java/util/List<java/lang/Object>//contains [] [mock]]
src/org/mockito/internal/InOrderImpl.java: error: unknown function
	data: [reference(org/mockito/internal/verification/api/VerificationMode) org/mockito/internal/verification/api/VerificationMode//getClass [] []]
src/org/mockito/internal/InOrderImpl.java: error: unknown function
	data: [struct(org/mockito/internal/MockitoCore, [], [pointer(reference(java/lang/Object))], []) org/mockito/internal/MockitoCore//verify [] [mock call(org/mockito/internal/verification/InOrderWrapper//InOrderWrapper!9b44c00aa7536bb07b54a0db7318ed77, [cast(mode, reference(org/mockito/internal/verification/api/VerificationInOrderMode)), select(this, mocksToBeVerifiedInOrder)])]]
src/org/mockito/internal/InOrderImpl.java: error: unknown import
	data: java/util/LinkedList
src/org/mockito/internal/InOrderImpl.java: error: unknown function
	data: [genericInstance(reference(java/util/List), [pointer(reference(java/lang/Object))]) java/util/List<java/lang/Object>//addAll [] [mocksToBeVerifiedInOrder]]
src/org/mockito/internal/MockHandler.java: error: unknown import
	data: java/lang/reflect/Method
src/org/mockito/internal/MockHandler.java: error: unknown import
	data: org/mockito/cglib/proxy/MethodInterceptor
src/org/mockito/internal/MockHandler.java: error: unknown import
	data: org/mockito/cglib/proxy/MethodProxy
src/org/mockito/internal/MockHandler.java: error: unknown type
	data: SuppressWarnings
src/org/mockito/internal/MockitoCore.java: error: unknown function
	data: [struct(org/mockito/internal/util/MockUtil, [], [pointer(reference(java/lang/Object))], []) org/mockito/internal/util/MockUtil//resetMock [] [m select(this, mockingProgress)]]
src/org/mockito/internal/MockitoCore.java: error: unknown function
	data: [struct(org/mockito/internal/util/MockUtil, [], [pointer(reference(java/lang/Object))], []) org/mockito/internal/util/MockUtil//getMockHandler [] [mock]]
src/org/mockito/internal/MockitoCore.java: error: unknown import
	data: java/util/Arrays
src/org/mockito/internal/MockitoCore.java: error: unknown type
	data: SuppressWarnings
src/org/mockito/internal/MockitoCore.java: error: unknown function
	data: [struct(org/mockito/internal/util/MockUtil, [], [pointer(reference(java/lang/Object))], []) org/mockito/internal/util/MockUtil//createMock [] [classToMock select(this, mockingProgress) cast(mockSettings, pointer(reference(org/mockito/internal/creation/MockSettingsImpl)))]]
src/org/mockito/internal/MockitoCore.java: error: unknown type
	data: Deprecated
src/org/mockito/internal/MockitoCore.java: error: unknown function
	data: [struct(org/mockito/internal/util/MockUtil, [], [pointer(reference(java/lang/Object))], []) org/mockito/internal/util/MockUtil//isMock [] [mock]]
src/org/mockito/internal/configuration/ClassPathLoader.java: error: unknown function
	data: [pointer(genericInstance(reference(java/lang/Class), [])) java/lang/Class<java/lang/Object>//newInstance [] []]
src/org/mockito/internal/configuration/ClassPathLoader.java: error: unknown type
	data: SuppressWarnings
src/org/mockito/internal/configuration/ClassPathLoader.java: error: unknown function
	data: [struct(java/lang/Class, [], [pointer(reference(java/lang/Object))], []) java/lang/Class//forName [] ["org.mockito.configuration.MockitoConfiguration"]]
src/org/mockito/internal/configuration/DefaultAnnotationEngine.java: error: unknown type
	data: SuppressWarnings
src/org/mockito/internal/configuration/DefaultAnnotationEngine.java: error: unknown type
	data: org/mockito/MockitoAnnotations//Mock
src/org/mockito/internal/configuration/DefaultAnnotationEngine.java: internal error: type does not support nil values
	data: unsupported(org/mockito/MockitoAnnotations/Mock)
src/org/mockito/internal/configuration/DefaultAnnotationEngine.java: error: unknown import
	data: java/lang/reflect/Field
src/org/mockito/internal/configuration/GlobalConfiguration.java: error: unknown type
	data: SuppressWarnings
src/org/mockito/internal/configuration/GlobalConfiguration.java: error: unknown type
	data: ThreadLocal
src/org/mockito/internal/creation/ClassNameFinder.java: error: unknown function
	data: [pointer(reference(java/lang/Object)) java/lang/Object//getClass [] []]
src/org/mockito/internal/creation/MethodInterceptorFilter.java: error: unknown import
	data: org/mockito/cglib/proxy/MethodProxy
src/org/mockito/internal/creation/MethodInterceptorFilter.java: error: unknown type
	data: SuppressWarnings
src/org/mockito/internal/creation/MethodInterceptorFilter.java: error: unknown function
	data: [pointer(genericInstance(reference(java/lang/Class), [])) java/lang/Class<java/lang/Object>//getMethod [] ["equals" composite(array(pointer(genericInstance(reference(java/lang/Class), [])), primitive(int, 32, false), 0), [call(java/lang/Class//Class!e3b1fa59c6d86c11414ab72a3dd3145b, ["Object", "java.lang.Object", "Object"])])]]
src/org/mockito/internal/creation/MethodInterceptorFilter.java: error: unknown function
	data: [pointer(genericInstance(reference(java/lang/Class), [])) java/lang/Class<java/lang/Object>//getMethod [] ["hashCode" cast(nil, array(pointer(genericInstance(reference(java/lang/Class), [])), primitive(int, 32, false), 0))]]
src/org/mockito/internal/creation/MethodInterceptorFilter.java: error: unknown function
	data: [struct(java/lang/System, [], [pointer(reference(java/lang/Object))], []) java/lang/System//identityHashCode [] [mock]]
src/org/mockito/internal/creation/MethodInterceptorFilter.java: error: unknown import
	data: java/lang/reflect/Method
src/org/mockito/internal/creation/MethodInterceptorFilter.java: error: unknown import
	data: org/mockito/cglib/proxy/MethodInterceptor
src/org/mockito/internal/creation/MethodInterceptorFilter.java: error: unknown function
	data: [pointer(genericInstance(reference(java/lang/Class), [])) java/lang/Class<java/lang/Object>//isInterface [] []]
src/org/mockito/internal/creation/MockSettingsImpl.java: error: unknown type
	data: SuppressWarnings
src/org/mockito/internal/creation/MockSettingsImpl.java: error: unknown function
	data: [pointer(genericInstance(reference(java/lang/Class), [wildcard(, pointer(reference(java/lang/Object)))])) java/lang/Class<descendant of java/lang/Object>//isInterface [] []]
src/org/mockito/internal/creation/cglib/CGLIBHacker.java: error: unknown function
	data: [pointer(genericInstance(reference(java/lang/Class), [])) java/lang/Class<java/lang/Object>//getDeclaredField [] ["createInfo"]]
src/org/mockito/internal/creation/cglib/CGLIBHacker.java: error: unknown import
	data: java/lang/reflect/Field
src/org/mockito/internal/creation/cglib/CGLIBHacker.java: error: unknown import
	data: org/mockito/cglib/proxy/MethodProxy
src/org/mockito/internal/creation/cglib/CGLIBHacker.java: error: unknown type
	data: SuppressWarnings
src/org/mockito/internal/creation/cglib/MockitoNamingPolicy.java: error: unknown import
	data: org/mockito/cglib/core/DefaultNamingPolicy
src/org/mockito/internal/creation/jmock/ClassImposterizer.java: error: unknown import
	data: org/mockito/cglib/proxy/Factory
src/org/mockito/internal/creation/jmock/ClassImposterizer.java: error: unknown import
	data: org/mockito/cglib/core/Predicate
src/org/mockito/internal/creation/jmock/ClassImposterizer.java: internal error: missing return statement
	data: function(variable(this, pointer(reference(org/mockito/internal/creation/jmock/ClassImposterizer))), org/mockito/internal/creation/jmock/ClassImposterizer//imposterise!af757dbcc6ab7e88a638d0f04cb56f18, [variable(interceptor, unsupported(org/mockito/cglib/proxy/MethodInterceptor)), variable(mockedType, pointer(genericInstance(reference(java/lang/Class), [reference(T)]))), variable(ancillaryTypes, variadic(array(pointer(genericInstance(reference(java/lang/Class), [wildcard(, pointer(reference(java/lang/Object)))])), primitive(int, 32, false), 0)))], [variable(, reference(T))], block([unsupported]))
src/org/mockito/internal/creation/jmock/ClassImposterizer.java: error: unknown function
	data: [pointer(genericInstance(reference(java/lang/Class), [wildcard(, pointer(reference(java/lang/Object)))])) java/lang/Class<descendant of java/lang/Object>//getDeclaredConstructors [] []]
src/org/mockito/internal/creation/jmock/ClassImposterizer.java: error: call is ambiguous
	data: [[function(<nil>, org/mockito/internal/creation/jmock/SearchingClassLoader//combineLoadersOf!3f2fac1b5a4ebc1cef3bb7b20e4d6055, [variable(classes, variadic(array(pointer(genericInstance(reference(java/lang/Class), [wildcard(, pointer(reference(java/lang/Object)))])), primitive(int, 32, false), 0)))], [variable(, unsupported(ClassLoader))], block([return([unsupported])])) function(<nil>, org/mockito/internal/creation/jmock/SearchingClassLoader//combineLoadersOf!4d9b385600abe785dda1311bd62dd6d8, [variable(first, pointer(genericInstance(reference(java/lang/Class), [wildcard(, pointer(reference(java/lang/Object)))]))), variable(others, variadic(array(pointer(genericInstance(reference(java/lang/Class), [wildcard(, pointer(reference(java/lang/Object)))])), primitive(int, 32, false), 0)))], [variable(, unsupported(ClassLoader))], block([unsupported]))] [mockedType]]
src/org/mockito/internal/creation/jmock/ClassImposterizer.java: error: unknown function
	data: [pointer(genericInstance(reference(java/lang/Class), [wildcard(, pointer(reference(java/lang/Object)))])) java/lang/Class<descendant of java/lang/Object>//isInterface [] []]
src/org/mockito/internal/creation/jmock/ClassImposterizer.java: error: unknown import
	data: org/mockito/cglib/proxy/MethodInterceptor
src/org/mockito/internal/creation/jmock/ClassImposterizer.java: error: unknown function
	data: [pointer(genericInstance(reference(java/lang/Class), [wildcard(, pointer(reference(java/lang/Object)))])) java/lang/Class<descendant of java/lang/Object>//isPrimitive [] []]
src/org/mockito/internal/creation/jmock/ClassImposterizer.java: error: unknown function
	data: [pointer(genericInstance(reference(java/lang/Class), [wildcard(, pointer(reference(java/lang/Object)))])) java/lang/Class<descendant of java/lang/Object>//getModifiers [] []]
src/org/mockito/internal/creation/jmock/ClassImposterizer.java: error: unknown function
	data: [pointer(genericInstance(reference(java/lang/Class), [wildcard(, pointer(reference(java/lang/Object)))])) java/lang/Class<descendant of java/lang/Object>//isAnonymousClass [] []]
src/org/mockito/internal/creation/jmock/ClassImposterizer.java: error: unknown function
	data: [pointer(genericInstance(reference(java/lang/Class), [wildcard(, pointer(reference(java/lang/Object)))])) java/lang/Class<descendant of java/lang/Object>//getSigners [] []]
src/org/mockito/internal/creation/jmock/ClassImposterizer.java: error: unknown function
	data: [struct(java/lang/System, [], [pointer(reference(java/lang/Object))], []) java/lang/System//arraycopy [] [rest 0 all 1 len(ensure_not_nil(rest))]]
src/org/mockito/internal/creation/jmock/ClassImposterizer.java: error: unknown import
	data: org/mockito/cglib/core/NamingPolicy
src/org/mockito/internal/creation/jmock/ClassImposterizer.java: error: unknown import
	data: org/mockito/cglib/proxy/CallbackFilter
src/org/mockito/internal/creation/jmock/ClassImposterizer.java: error: unknown function
	data: [pointer(genericInstance(reference(java/lang/Class), [reference(T)])) java/lang/Class<T>//cast [] [unsupported]]
src/org/mockito/internal/creation/jmock/ClassImposterizer.java: error: unknown function
	data: [pointer(genericInstance(reference(java/lang/Class), [wildcard(, pointer(reference(java/lang/Object)))])) java/lang/Class<descendant of java/lang/Object>//getModifiers [] []]
src/org/mockito/internal/creation/jmock/ClassImposterizer.java: error: unknown identifier
	data: this
src/org/mockito/internal/creation/jmock/ClassImposterizer.java: error: unknown import
	data: java/lang/reflect/Method
src/org/mockito/internal/creation/jmock/ClassImposterizer.java: error: unknown import
	data: org/mockito/cglib/proxy/Callback
src/org/mockito/internal/creation/jmock/ClassImposterizer.java: error: unknown import
	data: org/mockito/cglib/proxy/NoOp
src/org/mockito/internal/creation/jmock/ClassImposterizer.java: error: unknown import
	data: org/objenesis/ObjenesisStd
src/org/mockito/internal/creation/jmock/ClassImposterizer.java: error: unknown function
	data: [struct(org/mockito/internal/creation/cglib/MockitoNamingPolicy, [], [unsupported(org/mockito/cglib/core/DefaultNamingPolicy)], []) org/mockito/internal/creation/cglib/MockitoNamingPolicy//getClassName [] [prefix source key names]]
src/org/mockito/internal/creation/jmock/ClassImposterizer.java: error: unknown import
	data: java/lang/reflect/Modifier
src/org/mockito/internal/creation/jmock/ClassImposterizer.java: error: unknown import
	data: java/lang/reflect/Constructor
src/org/mockito/internal/creation/jmock/ClassImposterizer.java: error: unknown import
	data: org/mockito/cglib/core/CodeGenerationException
src/org/mockito/internal/creation/jmock/ClassImposterizer.java: error: unknown import
	data: org/mockito/cglib/proxy/Enhancer
src/org/mockito/internal/creation/jmock/SearchingClassLoader.java: error: unknown identifier
	data: loaders
src/org/mockito/internal/creation/jmock/SearchingClassLoader.java: error: unknown type
	data: ClassLoader
src/org/mockito/internal/creation/jmock/SearchingClassLoader.java: error: unknown import
	data: java/lang/Thread
src/org/mockito/internal/creation/jmock/SearchingClassLoader.java: error: call is ambiguous
	data: [[function(<nil>, org/mockito/internal/creation/jmock/SearchingClassLoader//combineLoadersOf!3f2fac1b5a4ebc1cef3bb7b20e4d6055, [variable(classes, variadic(array(pointer(genericInstance(reference(java/lang/Class), [wildcard(, pointer(reference(java/lang/Object)))])), primitive(int, 32, false), 0)))], [variable(, unsupported(ClassLoader))], block([return([unsupported])])) function(<nil>, org/mockito/internal/creation/jmock/SearchingClassLoader//combineLoadersOf!4d9b385600abe785dda1311bd62dd6d8, [variable(first, pointer(genericInstance(reference(java/lang/Class), [wildcard(, pointer(reference(java/lang/Object)))]))), variable(others, variadic(array(pointer(genericInstance(reference(java/lang/Class), [wildcard(, pointer(reference(java/lang/Object)))])), primitive(int, 32, false), 0)))], [variable(, unsupported(ClassLoader))], block([unsupported]))] [index(classes, 0) classes]]
src/org/mockito/internal/creation/jmock/SearchingClassLoader.java: error: unknown function
	data: [pointer(genericInstance(reference(java/lang/Class), [wildcard(, pointer(reference(java/lang/Object)))])) java/lang/Class<descendant of java/lang/Object>//getClassLoader [] []]
src/org/mockito/internal/creation/jmock/SearchingClassLoader.java: error: unknown function
	data: [pointer(genericInstance(reference(java/lang/Class), [wildcard(, pointer(reference(java/lang/Object)))])) java/lang/Class<descendant of java/lang/Object>//getClassLoader [] []]
src/org/mockito/internal/creation/jmock/SearchingClassLoader.java: error: unknown function
	data: [genericInstance(reference(java/lang/Class), [pointer(reference(java/lang/Object))]) java/lang/Class<java/lang/Object>//getClassLoader [] []]
src/org/mockito/internal/creation/jmock/SearchingClassLoader.java: error: unknown function
	data: [<nil> currentThread [] []]
src/org/mockito/internal/debugging/DebuggingInfo.java: error: unknown import
	data: java/util/LinkedList
src/org/mockito/internal/debugging/Location.java: error: unknown field
	data: [this struct(org/mockito/internal/debugging/Location, [], [pointer(reference(java/lang/Object))], []) Thread]
src/org/mockito/internal/debugging/Location.java: error: unknown type
	data: StackTraceElement
src/org/mockito/internal/debugging/WarningsPrinter.java: error: unknown import
	data: java/util/LinkedList
src/org/mockito/internal/exceptions/base/ConditionalStackTraceFilter.java: error: unknown type
	data: StackTraceElement
src/org/mockito/internal/exceptions/base/ConditionalStackTraceFilter.java: error: unknown function
	data: [pointer(reference(java/lang/Throwable)) java/lang/Throwable//getStackTrace [] []]
src/org/mockito/internal/exceptions/base/ConditionalStackTraceFilter.java: error: unknown function
	data: [pointer(reference(java/lang/Throwable)) java/lang/Throwable//setStackTrace [] [filtered]]
src/org/mockito/internal/exceptions/base/StackTraceFilter.java: error: unknown import
	data: java/util/Arrays
src/org/mockito/internal/exceptions/base/StackTraceFilter.java: error: unknown import
	data: java/util/LinkedList
src/org/mockito/internal/exceptions/base/StackTraceFilter.java: error: unknown type
	data: StackTraceElement
src/org/mockito/internal/invocation/AllInvocationsFinder.java: error: unknown import
	data: java/util/LinkedList
src/org/mockito/internal/invocation/AllInvocationsFinder.java: error: unknown import
	data: java/util/Set
src/org/mockito/internal/invocation/AllInvocationsFinder.java: error: unknown import
	data: java/util/TreeSet
src/org/mockito/internal/invocation/Invocation.java: error: unknown function
	data: [pointer(genericInstance(reference(java/util/List), [unsupported(org/hamcrest/Matcher)])) java/util/List<org/hamcrest/Matcher>//add [] [call(org/mockito/internal/matchers/ArrayEquals//ArrayEquals!4fb2deccef7826b7659de223ac40b91d, [arg])]]
src/org/mockito/internal/invocation/Invocation.java: error: unknown function
	data: [pointer(genericInstance(reference(java/util/List), [unsupported(org/hamcrest/Matcher)])) java/util/List<org/hamcrest/Matcher>//add [] [call(org/mockito/internal/matchers/Equals//Equals!4fb2deccef7826b7659de223ac40b91d, [arg])]]
src/org/mockito/internal/invocation/Invocation.java: error: unknown function
	data: [pointer(genericInstance(reference(java/lang/Class), [wildcard(, pointer(reference(java/lang/Object)))])) java/lang/Class<descendant of java/lang/Object>//isAssignableFrom [] [throwableClass]]
src/org/mockito/internal/invocation/Invocation.java: error: unknown field
	data: [this struct(org/mockito/internal/invocation/Invocation, [], [pointer(reference(java/lang/Object))], [reference(org/mockito/exceptions/PrintableInvocation), reference(org/mockito/invocation/InvocationOnMock), reference(org/mockito/internal/reporting/PrintingFriendlyInvocation)]) Void]
src/org/mockito/internal/invocation/Invocation.java: error: unknown import
	data: java/util/Arrays
src/org/mockito/internal/invocation/Invocation.java: error: unknown function
	data: [struct(java/lang/Object, [], [], []) java/lang/Object//getClass [] []]
src/org/mockito/internal/invocation/Invocation.java: error: unknown function
	data: [<nil> java/util/ArrayList//ArrayList [unsupported(org/hamcrest/Matcher)] [len(ensure_not_nil(select(this, arguments)))]]
src/org/mockito/internal/invocation/Invocation.java: error: unknown import
	data: org/hamcrest/Matcher
src/org/mockito/internal/invocation/Invocation.java: error: unknown function
	data: [struct(java/lang/System, [], [pointer(reference(java/lang/Object))], []) java/lang/System//arraycopy [] [args 0 newArgs 0 nonVarArgsCount]]
src/org/mockito/internal/invocation/Invocation.java: error: unknown import
	data: java/lang/reflect/Method
src/org/mockito/internal/invocation/Invocation.java: error: unknown function
	data: [struct(java/lang/System, [], [pointer(reference(java/lang/Object))], []) java/lang/System//arraycopy [] [varArgs 0 newArgs nonVarArgsCount varArgsCount]]
src/org/mockito/internal/invocation/Invocation.java: error: unknown function
	data: [pointer(reference(java/lang/Object)) java/lang/Object//getClass [] []]
src/org/mockito/internal/invocation/Invocation.java: error: unknown function
	data: [pointer(reference(java/lang/Throwable)) java/lang/Throwable//getClass [] []]
src/org/mockito/internal/invocation/Invocation.java: error: unknown type
	data: SuppressWarnings
src/org/mockito/internal/invocation/Invocation.java: error: unknown function
	data: [pointer(reference(org/mockito/internal/invocation/Invocation)) org/mockito/internal/invocation/Invocation//getClass [] []]
src/org/mockito/internal/invocation/InvocationMatcher.java: error: unknown import
	data: java/lang/reflect/Method
src/org/mockito/internal/invocation/InvocationMatcher.java: error: unknown import
	data: java/util/Collections
src/org/mockito/internal/invocation/InvocationMatcher.java: error: unknown import
	data: org/hamcrest/Matcher
src/org/mockito/internal/invocation/InvocationMatcher.java: error: unknown type
	data: SuppressWarnings
src/org/mockito/internal/invocation/InvocationsFinder.java: error: unknown import
	data: java/util/LinkedList
src/org/mockito/internal/invocation/MatchersBinder.java: error: unknown import
	data: org/hamcrest/Matcher
src/org/mockito/internal/invocation/MatchersBinder.java: error: unknown type
	data: SuppressWarnings
src/org/mockito/internal/invocation/realmethod/CGLIBProxyRealMethod.java: error: unknown import
	data: org/mockito/cglib/proxy/MethodProxy
src/org/mockito/internal/invocation/realmethod/FilteredCGLIBProxyRealMethod.java: error: unknown import
	data: org/mockito/cglib/proxy/MethodProxy
src/org/mockito/internal/invocation/realmethod/HasCGLIBMethodProxy.java: error: unknown import
	data: org/mockito/cglib/proxy/MethodProxy
src/org/mockito/internal/matchers/And.java: error: unknown type
	data: SuppressWarnings
src/org/mockito/internal/matchers/And.java: error: unknown import
	data: org/hamcrest/Description
src/org/mockito/internal/matchers/And.java: error: unknown import
	data: org/hamcrest/Matcher
src/org/mockito/internal/matchers/Any.java: error: unknown import
	data: org/hamcrest/Description
src/org/mockito/internal/matchers/Any.java: error: unknown type
	data: SuppressWarnings
src/org/mockito/internal/matchers/ArrayEquals.java: error: unknown function
	data: [struct(java/lang/Object, [], [], []) java/lang/Object//getClass [] []]
src/org/mockito/internal/matchers/ArrayEquals.java: error: unknown import
	data: java/lang/reflect/Array
src/org/mockito/internal/matchers/ArrayEquals.java: error: unknown import
	data: org/hamcrest/Description
src/org/mockito/internal/matchers/ArrayEquals.java: error: unknown import
	data: java/util/Arrays
src/org/mockito/internal/matchers/CapturingMatcher.java: error: unknown import
	data: java/util/LinkedList
src/org/mockito/internal/matchers/CapturingMatcher.java: error: unknown import
	data: org/hamcrest/Description
src/org/mockito/internal/matchers/CapturingMatcher.java: error: unknown type
	data: SuppressWarnings
src/org/mockito/internal/matchers/CompareTo.java: error: unknown import
	data: org/hamcrest/Description
src/org/mockito/internal/matchers/CompareTo.java: error: unknown type
	data: SuppressWarnings
src/org/mockito/internal/matchers/Contains.java: error: unknown import
	data: org/hamcrest/Description
src/org/mockito/internal/matchers/Contains.java: error: unknown function
	data: [struct(java/lang/String, [], [pointer(reference(java/lang/Object))], [reference(java/lang/CharSequence)]) java/lang/String//contains [] [select(this, substring)]]
src/org/mockito/internal/matchers/ContainsExtraTypeInformation.java: error: unknown import
	data: org/hamcrest/SelfDescribing
src/org/mockito/internal/matchers/EndsWith.java: error: unknown import
	data: org/hamcrest/Description
src/org/mockito/internal/matchers/Equals.java: error: unknown function
	data: [struct(java/lang/Object, [], [], []) java/lang/Object//getClass [] []]
src/org/mockito/internal/matchers/Equals.java: error: unknown import
	data: org/hamcrest/Description
src/org/mockito/internal/matchers/Equals.java: error: unknown import
	data: org/hamcrest/SelfDescribing
src/org/mockito/internal/matchers/Equals.java: error: unknown function
	data: [pointer(reference(java/lang/Object)) java/lang/Object//getClass [] []]
src/org/mockito/internal/matchers/EqualsWithDelta.java: error: unknown import
	data: org/hamcrest/Description
src/org/mockito/internal/matchers/EqualsWithDelta.java: error: unknown function
	data: [struct(java/lang/Number, [], [pointer(reference(java/lang/Object))], [reference(java/io/Serializable)]) java/lang/Number//doubleValue [] []]
src/org/mockito/internal/matchers/EqualsWithDelta.java: error: unknown function
	data: [pointer(reference(java/lang/Number)) java/lang/Number//doubleValue [] []]
src/org/mockito/internal/matchers/Find.java: error: unknown import
	data: java/util/regex/Pattern
src/org/mockito/internal/matchers/Find.java: error: unknown import
	data: org/hamcrest/Description
src/org/mockito/internal/matchers/InstanceOf.java: error: unknown import
	data: org/hamcrest/Description
src/org/mockito/internal/matchers/InstanceOf.java: error: unknown function
	data: [pointer(reference(java/lang/Object)) java/lang/Object//getClass [] []]
src/org/mockito/internal/matchers/InstanceOf.java: error: unknown function
	data: [genericInstance(reference(java/lang/Class), [wildcard(, pointer(reference(java/lang/Object)))]) java/lang/Class<descendant of java/lang/Object>//isAssignableFrom [] [unsupported]]
src/org/mockito/internal/matchers/LocalizedMatcher.java: error: unknown import
	data: org/hamcrest/SelfDescribing
src/org/mockito/internal/matchers/LocalizedMatcher.java: error: unknown type
	data: SuppressWarnings
src/org/mockito/internal/matchers/LocalizedMatcher.java: error: unknown import
	data: org/hamcrest/Description
src/org/mockito/internal/matchers/LocalizedMatcher.java: error: unknown import
	data: org/hamcrest/Matcher
src/org/mockito/internal/matchers/MatchersPrinter.java: error: unknown import
	data: org/hamcrest/Description
src/org/mockito/internal/matchers/MatchersPrinter.java: error: unknown import
	data: org/hamcrest/Matcher
src/org/mockito/internal/matchers/MatchersPrinter.java: error: unknown import
	data: org/hamcrest/SelfDescribing
src/org/mockito/internal/matchers/MatchersPrinter.java: error: unknown import
	data: org/hamcrest/StringDescription
src/org/mockito/internal/matchers/MatchersPrinter.java: error: unknown type
	data: SuppressWarnings
src/org/mockito/internal/matchers/MatchersPrinter.java: error: unknown import
	data: java/util/LinkedList
src/org/mockito/internal/matchers/Matches.java: error: unknown import
	data: org/hamcrest/Description
src/org/mockito/internal/matchers/Not.java: error: unknown type
	data: SuppressWarnings
src/org/mockito/internal/matchers/Not.java: error: unknown import
	data: org/hamcrest/Description
src/org/mockito/internal/matchers/Not.java: error: unknown import
	data: org/hamcrest/Matcher
src/org/mockito/internal/matchers/NotNull.java: error: unknown import
	data: org/hamcrest/Description
src/org/mockito/internal/matchers/Null.java: error: unknown import
	data: org/hamcrest/Description
src/org/mockito/internal/matchers/Or.java: error: unknown type
	data: SuppressWarnings
src/org/mockito/internal/matchers/Or.java: error: unknown import
	data: org/hamcrest/Description
src/org/mockito/internal/matchers/Or.java: error: unknown import
	data: org/hamcrest/Matcher
src/org/mockito/internal/matchers/Same.java: error: unknown import
	data: org/hamcrest/Description
src/org/mockito/internal/matchers/StartsWith.java: error: unknown import
	data: org/hamcrest/Description
src/org/mockito/internal/matchers/apachecommons/EqualsBuilder.java: error: unknown import
	data: java/util/Arrays
src/org/mockito/internal/matchers/apachecommons/EqualsBuilder.java: error: unknown function
	data: [pointer(genericInstance(reference(java/lang/Class), [])) java/lang/Class<java/lang/Object>//isInstance [] [rhs]]
src/org/mockito/internal/matchers/apachecommons/EqualsBuilder.java: error: unknown type
	data: java/math/BigDecimal
src/org/mockito/internal/matchers/apachecommons/EqualsBuilder.java: internal error: type does not support nil values
	data: unsupported(java/math/BigDecimal)
src/org/mockito/internal/matchers/apachecommons/EqualsBuilder.java: error: unknown import
	data: java/lang/reflect/Modifier
src/org/mockito/internal/matchers/apachecommons/EqualsBuilder.java: error: unknown function
	data: [pointer(genericInstance(reference(java/lang/Class), [])) java/lang/Class<java/lang/Object>//isInstance [] [rhs]]
src/org/mockito/internal/matchers/apachecommons/EqualsBuilder.java: error: unknown function
	data: [pointer(genericInstance(reference(java/lang/Class), [])) java/lang/Class<java/lang/Object>//isArray [] []]
src/org/mockito/internal/matchers/apachecommons/EqualsBuilder.java: error: unknown import
	data: java/lang/reflect/AccessibleObject
src/org/mockito/internal/matchers/apachecommons/EqualsBuilder.java: error: unknown function
	data: [pointer(genericInstance(reference(java/lang/Class), [])) java/lang/Class<java/lang/Object>//isInstance [] [lhs]]
src/org/mockito/internal/matchers/apachecommons/EqualsBuilder.java: error: unknown type
	data: InternalError
src/org/mockito/internal/matchers/apachecommons/EqualsBuilder.java: error: unknown function
	data: [pointer(genericInstance(reference(java/lang/Class), [])) java/lang/Class<java/lang/Object>//isInstance [] [lhs]]
src/org/mockito/internal/matchers/apachecommons/EqualsBuilder.java: error: unknown function
	data: [pointer(genericInstance(reference(java/lang/Class), [])) java/lang/Class<java/lang/Object>//getDeclaredFields [] []]
src/org/mockito/internal/matchers/apachecommons/EqualsBuilder.java: error: unknown import
	data: java/lang/reflect/Field
src/org/mockito/internal/matchers/apachecommons/EqualsBuilder.java: error: unknown function
	data: [pointer(reference(java/lang/Object)) java/lang/Object//getClass [] []]
src/org/mockito/internal/matchers/apachecommons/EqualsBuilder.java: error: unknown function
	data: [pointer(genericInstance(reference(java/lang/Class), [])) java/lang/Class<java/lang/Object>//getSuperclass [] []]
src/org/mockito/internal/matchers/apachecommons/EqualsBuilder.java: error: unknown import
	data: java/util/Collections
src/org/mockito/internal/matchers/apachecommons/EqualsBuilder.java: error: unknown type
	data: SuppressWarnings
src/org/mockito/internal/matchers/apachecommons/ReflectionEquals.java: error: unknown import
	data: org/hamcrest/Description
src/org/mockito/internal/progress/ArgumentMatcherStorage.java: error: unknown import
	data: org/hamcrest/Matcher
src/org/mockito/internal/progress/ArgumentMatcherStorage.java: error: unknown type
	data: SuppressWarnings
src/org/mockito/internal/progress/ArgumentMatcherStorageImpl.java: error: unknown import
	data: java/util/Stack
src/org/mockito/internal/progress/ArgumentMatcherStorageImpl.java: error: unknown function
	data: [<nil> java/util/ArrayList//ArrayList [pointer(reference(org/mockito/internal/matchers/LocalizedMatcher))] [select(this, matcherStack)]]
src/org/mockito/internal/progress/ArgumentMatcherStorageImpl.java: error: unknown function
	data: [<nil> org/mockito/internal/matchers/LocalizedMatcher//LocalizedMatcher [] [and]]
src/org/mockito/internal/progress/ArgumentMatcherStorageImpl.java: error: unknown function
	data: [pointer(genericInstance(reference(java/util/List), [unsupported(org/hamcrest/Matcher)])) java/util/List<org/hamcrest/Matcher>//addAll [] [unsupported]]
src/org/mockito/internal/progress/ArgumentMatcherStorageImpl.java: error: unknown import
	data: java/util/Collections
src/org/mockito/internal/progress/ArgumentMatcherStorageImpl.java: error: unknown import
	data: java/util/LinkedList
src/org/mockito/internal/progress/ArgumentMatcherStorageImpl.java: error: unknown import
	data: org/hamcrest/Matcher
src/org/mockito/internal/progress/ArgumentMatcherStorageImpl.java: error: unknown type
	data: SuppressWarnings
src/org/mockito/internal/progress/ArgumentMatcherStorageImpl.java: error: unknown function
	data: [<nil> org/mockito/internal/matchers/LocalizedMatcher//LocalizedMatcher [] [not]]
src/org/mockito/internal/progress/ArgumentMatcherStorageImpl.java: error: unknown function
	data: [<nil> org/mockito/internal/matchers/LocalizedMatcher//LocalizedMatcher [] [or]]
src/org/mockito/internal/progress/HandyReturnValues.java: error: unknown import
	data: java/util/HashMap
src/org/mockito/internal/progress/HandyReturnValues.java: error: unknown import
	data: java/util/HashSet
src/org/mockito/internal/progress/HandyReturnValues.java: error: unknown import
	data: java/util/LinkedList
src/org/mockito/internal/progress/HandyReturnValues.java: error: unknown import
	data: java/util/Set
src/org/mockito/internal/progress/HandyReturnValues.java: error: unknown type
	data: SuppressWarnings
src/org/mockito/internal/progress/MockingProgressImpl.java: error: unknown type
	data: SuppressWarnings
src/org/mockito/internal/progress/ThreadSafeMockingProgress.java: error: unknown type
	data: ThreadLocal
src/org/mockito/internal/reporting/PrintSettings.java: error: unknown import
	data: java/util/Arrays
src/org/mockito/internal/reporting/PrintSettings.java: error: unknown import
	data: java/util/LinkedList
src/org/mockito/internal/reporting/PrintSettings.java: error: unknown type
	data: SuppressWarnings
src/org/mockito/internal/reporting/SmartPrinter.java: error: unknown type
	data: SuppressWarnings
src/org/mockito/internal/reporting/SmartPrinter.java: error: unknown function
	data: [struct(java/lang/String, [], [pointer(reference(java/lang/Object))], [reference(java/lang/CharSequence)]) java/lang/String//contains [] ["\n"]]
src/org/mockito/internal/reporting/SmartPrinter.java: error: unknown function
	data: [struct(java/lang/String, [], [pointer(reference(java/lang/Object))], [reference(java/lang/CharSequence)]) java/lang/String//contains [] ["\n"]]
src/org/mockito/internal/runners/JUnit44RunnerImpl.java: error: unknown import
	data: org/junit/runner/Description
src/org/mockito/internal/runners/JUnit44RunnerImpl.java: error: unknown import
	data: org/junit/runner/Runner
src/org/mockito/internal/runners/JUnit44RunnerImpl.java: error: unknown type
	data: org/junit/runner/manipulation/Filter
src/org/mockito/internal/runners/JUnit44RunnerImpl.java: error: unknown type
	data: org/junit/runner/manipulation/NoTestsRemainException
src/org/mockito/internal/runners/JUnit44RunnerImpl.java: error: unknown import
	data: org/junit/internal/runners/InitializationError
src/org/mockito/internal/runners/JUnit44RunnerImpl.java: error: unknown import
	data: org/junit/internal/runners/JUnit4ClassRunner
src/org/mockito/internal/runners/JUnit44RunnerImpl.java: error: unknown import
	data: org/junit/runner/notification/RunNotifier
src/org/mockito/internal/runners/JUnit44RunnerImpl.java: error: unknown type
	data: SuppressWarnings
src/org/mockito/internal/runners/JUnit45AndHigherRunnerImpl.java: error: unknown import
	data: org/junit/runner/Description
src/org/mockito/internal/runners/JUnit45AndHigherRunnerImpl.java: error: unknown import
	data: org/junit/runner/notification/RunNotifier
src/org/mockito/internal/runners/JUnit45AndHigherRunnerImpl.java: error: unknown import
	data: org/junit/runners/model/InitializationError
src/org/mockito/internal/runners/JUnit45AndHigherRunnerImpl.java: error: unknown import
	data: org/junit/runners/model/Statement
src/org/mockito/internal/runners/JUnit45AndHigherRunnerImpl.java: error: unknown type
	data: org/junit/runner/manipulation/Filter
src/org/mockito/internal/runners/JUnit45AndHigherRunnerImpl.java: error: unknown type
	data: org/junit/runner/manipulation/NoTestsRemainException
src/org/mockito/internal/runners/JUnit45AndHigherRunnerImpl.java: error: unknown import
	data: org/junit/runner/Runner
src/org/mockito/internal/runners/JUnit45AndHigherRunnerImpl.java: error: unknown import
	data: org/junit/runners/BlockJUnit4ClassRunner
src/org/mockito/internal/runners/JUnit45AndHigherRunnerImpl.java: error: unknown import
	data: org/junit/runners/model/FrameworkMethod
src/org/mockito/internal/runners/RunnerImpl.java: error: unknown import
	data: org/junit/runner/Description
src/org/mockito/internal/runners/RunnerImpl.java: error: unknown import
	data: org/junit/runner/notification/RunNotifier
src/org/mockito/internal/runners/RunnerImpl.java: error: unknown type
	data: org/junit/runner/manipulation/Filterable
src/org/mockito/internal/runners/util/FrameworkUsageValidator.java: error: unknown import
	data: org/junit/runner/Description
src/org/mockito/internal/runners/util/FrameworkUsageValidator.java: error: unknown import
	data: org/junit/runner/notification/Failure
src/org/mockito/internal/runners/util/FrameworkUsageValidator.java: error: unknown import
	data: org/junit/runner/notification/RunListener
src/org/mockito/internal/runners/util/FrameworkUsageValidator.java: error: unknown import
	data: org/junit/runner/notification/RunNotifier
src/org/mockito/internal/runners/util/RunnerProvider.java: error: unknown import
	data: java/lang/reflect/Constructor
src/org/mockito/internal/runners/util/RunnerProvider.java: error: unknown function
	data: [struct(java/lang/Class, [], [pointer(reference(java/lang/Object))], []) java/lang/Class//forName [] ["org.junit.runners.BlockJUnit4ClassRunner"]]
src/org/mockito/internal/runners/util/RunnerProvider.java: error: unknown function
	data: [struct(java/lang/Class, [], [pointer(reference(java/lang/Object))], []) java/lang/Class//forName [] [runnerClassName]]
src/org/mockito/internal/runners/util/RunnerProvider.java: error: unknown function
	data: [genericInstance(reference(java/lang/Class), [pointer(reference(java/lang/Object))]) java/lang/Class<java/lang/Object>//getClass [] []]
src/org/mockito/internal/runners/util/RunnerProvider.java: error: unknown function
	data: [pointer(genericInstance(reference(java/lang/Class), [wildcard(, pointer(reference(java/lang/Object)))])) java/lang/Class<descendant of java/lang/Object>//getConstructor [] [unsupported]]
src/org/mockito/internal/stubbing/BaseStubbing.java: error: unknown function
	data: [<nil> org/mockito/internal/stubbing/answers/Returns//Returns [] [value]]
src/org/mockito/internal/stubbing/BaseStubbing.java: internal error: not all elements have the same type
	data: [pointer(genericInstance(reference(org/mockito/internal/stubbing/BaseStubbing), [genericParameter(T, [pointer(reference(java/lang/Object))])])) pointer(genericInstance(reference(org/mockito/stubbing/OngoingStubbing), [genericParameter(T, [pointer(reference(java/lang/Object))])]))]
src/org/mockito/internal/stubbing/BaseStubbing.java: error: unknown function
	data: [<nil> org/mockito/internal/stubbing/answers/Returns//Returns [] [value]]
src/org/mockito/internal/stubbing/BaseStubbing.java: internal error: not all elements have the same type
	data: [pointer(genericInstance(reference(org/mockito/internal/stubbing/BaseStubbing), [genericParameter(T, [pointer(reference(java/lang/Object))])])) pointer(genericInstance(reference(org/mockito/stubbing/DeprecatedOngoingStubbing), [genericParameter(T, [pointer(reference(java/lang/Object))])]))]
src/org/mockito/internal/stubbing/ConsecutiveStubbing.java: error: unknown function
	data: [struct(org/mockito/internal/stubbing/MockitoStubber, [], [pointer(reference(java/lang/Object))], []) org/mockito/internal/stubbing/MockitoStubber//addConsecutiveAnswer [] [answer]]
src/org/mockito/internal/stubbing/ConsecutiveStubbing.java: error: unknown function
	data: [struct(org/mockito/internal/stubbing/MockitoStubber, [], [pointer(reference(java/lang/Object))], []) org/mockito/internal/stubbing/MockitoStubber//addConsecutiveAnswer [] [answer]]
src/org/mockito/internal/stubbing/MockitoStubber.java: error: an unsupported collection type has been used for this operation
	data: genericInstance(unsupported(java/util/LinkedList), [pointer(reference(org/mockito/internal/stubbing/StubbedInvocationMatcher))])
src/org/mockito/internal/stubbing/MockitoStubber.java: error: unknown function
	data: [genericInstance(reference(java/util/List), [pointer(genericInstance(reference(org/mockito/stubbing/Answer), []))]) java/util/List<org/mockito/stubbing/Answer<java/lang/Object>>//addAll [] [answers]]
src/org/mockito/internal/stubbing/MockitoStubber.java: error: unknown import
	data: java/util/LinkedList
src/org/mockito/internal/stubbing/MockitoStubber.java: error: unknown type
	data: SuppressWarnings
src/org/mockito/internal/stubbing/OngoingStubbingImpl.java: error: unknown function
	data: [struct(org/mockito/internal/stubbing/MockitoStubber, [], [pointer(reference(java/lang/Object))], []) org/mockito/internal/stubbing/MockitoStubber//addAnswer [] [answer]]
src/org/mockito/internal/stubbing/OngoingStubbingImpl.java: error: unknown function
	data: [struct(org/mockito/internal/stubbing/MockitoStubber, [], [pointer(reference(java/lang/Object))], []) org/mockito/internal/stubbing/MockitoStubber//addAnswer [] [answer]]
src/org/mockito/internal/stubbing/StubbedInvocationMatcher.java: error: unknown import
	data: java/util/Queue
src/org/mockito/internal/stubbing/StubbedInvocationMatcher.java: error: unknown import
	data: java/util/concurrent/ConcurrentLinkedQueue
src/org/mockito/internal/stubbing/StubbedInvocationMatcher.java: error: unknown type
	data: SuppressWarnings
src/org/mockito/internal/stubbing/StubberImpl.java: error: unknown import
	data: java/util/LinkedList
src/org/mockito/internal/stubbing/StubberImpl.java: error: unknown type
	data: SuppressWarnings
src/org/mockito/internal/stubbing/StubberImpl.java: error: unknown function
	data: [pointer(reference(org/mockito/internal/util/MockUtil)) org/mockito/internal/util/MockUtil//isMock [] [mock]]
src/org/mockito/internal/stubbing/StubberImpl.java: error: unknown function
	data: [pointer(reference(org/mockito/internal/util/MockUtil)) org/mockito/internal/util/MockUtil//getMockHandler [] [mock]]
src/org/mockito/internal/stubbing/VoidMethodStubbableImpl.java: error: unknown function
	data: [struct(org/mockito/internal/stubbing/MockitoStubber, [], [pointer(reference(java/lang/Object))], []) org/mockito/internal/stubbing/MockitoStubber//addAnswerForVoidMethod [] [answer]]
src/org/mockito/internal/stubbing/answers/AnswerReturnValuesAdapter.java: error: unknown type
	data: SuppressWarnings
src/org/mockito/internal/stubbing/answers/AnswersValidator.java: error: unknown function
	data: [pointer(reference(org/mockito/internal/invocation/Invocation)) org/mockito/internal/invocation/Invocation//isValidReturnType [] [call(select(ensure_not_nil(answer), getReturnType!d41d8cd98f00b204e9800998ecf8427e), [])]]
src/org/mockito/internal/stubbing/answers/Returns.java: error: unknown function
	data: [struct(java/lang/Object, [], [], []) java/lang/Object//getClass [] []]
src/org/mockito/internal/stubbing/answers/ThrowsException.java: error: unknown function
	data: [struct(java/lang/Throwable, [], [pointer(reference(java/lang/Object))], [reference(java/io/Serializable)]) java/lang/Throwable//fillInStackTrace [] []]
src/org/mockito/internal/stubbing/defaultanswers/ReturnsEmptyValues.java: error: unknown import
	data: java/util/HashSet
src/org/mockito/internal/stubbing/defaultanswers/ReturnsEmptyValues.java: error: unknown import
	data: java/util/LinkedList
src/org/mockito/internal/stubbing/defaultanswers/ReturnsEmptyValues.java: error: unknown import
	data: java/util/Set
src/org/mockito/internal/stubbing/defaultanswers/ReturnsEmptyValues.java: error: unknown import
	data: java/util/SortedSet
src/org/mockito/internal/stubbing/defaultanswers/ReturnsEmptyValues.java: error: unknown field
	data: [Boolean struct(java/lang/Boolean, [], [pointer(reference(java/lang/Object))], []) TYPE]
src/org/mockito/internal/stubbing/defaultanswers/ReturnsEmptyValues.java: error: unknown import
	data: java/util/HashMap
src/org/mockito/internal/stubbing/defaultanswers/ReturnsEmptyValues.java: error: unknown function
	data: [pointer(genericInstance(reference(java/lang/Class), [wildcard(, pointer(reference(java/lang/Object)))])) java/lang/Class<descendant of java/lang/Object>//isPrimitive [] []]
src/org/mockito/internal/stubbing/defaultanswers/ReturnsEmptyValues.java: error: unknown import
	data: java/util/LinkedHashMap
src/org/mockito/internal/stubbing/defaultanswers/ReturnsEmptyValues.java: error: unknown import
	data: java/util/LinkedHashSet
src/org/mockito/internal/stubbing/defaultanswers/ReturnsEmptyValues.java: error: unknown import
	data: java/util/TreeSet
src/org/mockito/internal/stubbing/defaultanswers/ReturnsEmptyValues.java: error: unknown field
	data: [Character struct(java/lang/Character, [], [pointer(reference(java/lang/Object))], []) TYPE]
src/org/mockito/internal/stubbing/defaultanswers/ReturnsEmptyValues.java: error: unknown import
	data: java/util/SortedMap
src/org/mockito/internal/stubbing/defaultanswers/ReturnsEmptyValues.java: error: unknown import
	data: java/util/TreeMap
src/org/mockito/internal/stubbing/defaultanswers/ReturnsMocks.java: error: unknown type
	data: SuppressWarnings
src/org/mockito/internal/stubbing/defaultanswers/ReturnsMoreEmptyValues.java: error: unknown import
	data: java/lang/reflect/Array
src/org/mockito/internal/stubbing/defaultanswers/ReturnsMoreEmptyValues.java: error: unknown function
	data: [pointer(genericInstance(reference(java/lang/Class), [wildcard(, pointer(reference(java/lang/Object)))])) java/lang/Class<descendant of java/lang/Object>//isArray [] []]
src/org/mockito/internal/stubbing/defaultanswers/ReturnsMoreEmptyValues.java: error: unknown function
	data: [pointer(genericInstance(reference(java/lang/Class), [wildcard(, pointer(reference(java/lang/Object)))])) java/lang/Class<descendant of java/lang/Object>//getComponentType [] []]
src/org/mockito/internal/stubbing/defaultanswers/ReturnsSmartNulls.java: error: unknown import
	data: java/lang/reflect/Method
src/org/mockito/internal/stubbing/defaultanswers/ReturnsSmartNulls.java: error: unknown import
	data: org/mockito/cglib/proxy/MethodInterceptor
src/org/mockito/internal/stubbing/defaultanswers/ReturnsSmartNulls.java: error: unknown import
	data: org/mockito/cglib/proxy/MethodProxy
src/org/mockito/internal/stubbing/defaultanswers/ReturnsSmartNulls.java: error: unknown function
	data: [pointer(reference(org/mockito/internal/creation/jmock/ClassImposterizer)) org/mockito/internal/creation/jmock/ClassImposterizer//imposterise [] [call(org/mockito/internal/stubbing/defaultanswers/ReturnsSmartNulls//ThrowingInterceptor//ThrowingInterceptor!a15eb0154b825fc46c96332fc13288bc, [this, invocation]) type]]
src/org/mockito/internal/util/CreationValidator.java: error: unknown type
	data: SuppressWarnings
src/org/mockito/internal/util/Decamelizer.java: error: unknown import
	data: java/util/regex/Matcher
src/org/mockito/internal/util/Decamelizer.java: error: unknown import
	data: java/util/regex/Pattern
src/org/mockito/internal/util/ListUtil.java: error: unknown import
	data: java/util/LinkedList
src/org/mockito/internal/util/MockName.java: error: unknown type
	data: SuppressWarnings
src/org/mockito/internal/util/MockUtil.java: error: unknown function
	data: [struct(org/mockito/internal/util/copy/LenientCopyTool, [], [pointer(reference(java/lang/Object))], []) org/mockito/internal/util/copy/LenientCopyTool//copyToMock [] [spiedInstance mock]]
src/org/mockito/internal/util/MockUtil.java: error: unknown function
	data: [<nil> getMockHandler [] [mock]]
src/org/mockito/internal/util/MockUtil.java: error: unknown import
	data: org/mockito/cglib/proxy/Callback
src/org/mockito/internal/util/MockUtil.java: error: unknown import
	data: org/mockito/cglib/proxy/Factory
src/org/mockito/internal/util/MockUtil.java: error: unknown function
	data: [struct(org/mockito/internal/util/CreationValidator, [], [pointer(reference(java/lang/Object))], []) org/mockito/internal/util/CreationValidator//validateExtraInterfaces [] [classToMock call(select(ensure_not_nil(settings), getExtraInterfaces!d41d8cd98f00b204e9800998ecf8427e), [])]]
src/org/mockito/internal/util/MockUtil.java: error: unknown function
	data: [<nil> getInterceptor [] [mock]]
src/org/mockito/internal/util/MockUtil.java: error: unknown function
	data: [<nil> getInterceptor [] [mock]]
src/org/mockito/internal/util/MockUtil.java: error: unknown type
	data: SuppressWarnings
src/org/mockito/internal/util/MockUtil.java: error: unknown function
	data: [<nil> isMockitoMock [] [mock]]
src/org/mockito/internal/util/MockUtil.java: error: unknown import
	data: org/mockito/cglib/proxy/Enhancer
src/org/mockito/internal/util/MockUtil.java: error: unknown function
	data: [struct(org/mockito/internal/util/CreationValidator, [], [pointer(reference(java/lang/Object))], []) org/mockito/internal/util/CreationValidator//validateType [] [classToMock]]
src/org/mockito/internal/util/MockUtil.java: error: unknown function
	data: [<nil> org/mockito/internal/util/MockName//MockName [] [call(select(ensure_not_nil(settings), getMockName!d41d8cd98f00b204e9800998ecf8427e), []) classToMock]]
src/org/mockito/internal/util/MockUtil.java: error: unknown function
	data: [<nil> org/mockito/internal/creation/MethodInterceptorFilter//MethodInterceptorFilter [pointer(genericInstance(reference(org/mockito/internal/MockHandler), [reference(T)]))] [classToMock mockHandler]]
src/org/mockito/internal/util/MockUtil.java: error: unknown function
	data: [pointer(reference(org/mockito/internal/creation/jmock/ClassImposterizer)) org/mockito/internal/creation/jmock/ClassImposterizer//imposterise [] [filter classToMock ancillaryTypes]]
src/org/mockito/internal/util/Primitives.java: error: unknown field
	data: [Byte struct(java/lang/Byte, [], [pointer(reference(java/lang/Object))], []) TYPE]
src/org/mockito/internal/util/Primitives.java: error: unknown field
	data: [Short struct(java/lang/Short, [], [pointer(reference(java/lang/Object))], []) TYPE]
src/org/mockito/internal/util/Primitives.java: error: unknown field
	data: [Integer struct(java/lang/Integer, [], [pointer(reference(java/lang/Object))], []) TYPE]
src/org/mockito/internal/util/Primitives.java: error: unknown field
	data: [Long struct(java/lang/Long, [], [pointer(reference(java/lang/Object))], []) TYPE]
src/org/mockito/internal/util/Primitives.java: error: Compound error: unresolved type with &modelast.TypeReference{
		    Name: "K",
		}
			(error) Internal error: unknown type:
		"K"
		Stacktrace: goroutine 1 [running]:
		gitlab.nethead.at/symflower/symflower/model/errors.NewInternalError({0x21de060, 0x2d25a00}, {0x12473e0, 0xc00061bb80})
			gitlab.nethead.at/symflower/symflower/model/errors/error.go:852 +0x4e
		gitlab.nethead.at/symflower/symflower/model/errors.NewProblemWithErrorSeverity(...)
			gitlab.nethead.at/symflower/symflower/model/errors/problem.go:321
		gitlab.nethead.at/symflower/symflower/model/ast.(*Scope).GetType(0x0?, {0x2221c18, 0x1})
			gitlab.nethead.at/symflower/symflower/model/ast/scope.go:986 +0x85
		gitlab.nethead.at/symflower/symflower/model/ast.resolve(0xc0004fccc0, {0x2205848?, 0xc000832320}, 0xa0)
			gitlab.nethead.at/symflower/symflower/model/ast/type-resolve.go:362 +0x78
		gitlab.nethead.at/symflower/symflower/model/ast.ResolveReferencesAndAliases(...)
			gitlab.nethead.at/symflower/symflower/model/ast/type-resolve.go:320
		gitlab.nethead.at/symflower/symflower/model/ast.(*ExpressionCast).VerifyCast(0xc000c54d50, 0xc0004fccc0)
			gitlab.nethead.at/symflower/symflower/model/ast/expression.go:2489 +0x34
		gitlab.nethead.at/symflower/symflower/model/ast.(*ExpressionCast).Verify(0xc000c54d50, 0xc0004fccc0)
			gitlab.nethead.at/symflower/symflower/model/ast/expression.go:2693 +0x74
		gitlab.nethead.at/symflower/symflower/model/ast.WalkVerify.func2(0xc0004fccc0, {0x2203c70, 0xc000c54d50})
			gitlab.nethead.at/symflower/symflower/model/ast/walk.go:52 +0x6d
		gitlab.nethead.at/symflower/symflower/model/ast.(*ExpressionCast).Walk(0xc000c54d50, 0xc0004fccc0, 0x0, 0xc00061b480)
			gitlab.nethead.at/symflower/symflower/model/ast/walk_gen.go:312 +0xa2
		gitlab.nethead.at/symflower/symflower/model/ast.(*Call).Walk(0xc000bcd8b0, 0xc0004fccc0, 0x0, 0xc00061b480)
			gitlab.nethead.at/symflower/symflower/model/ast/walk_gen.go:146 +0x3d1
		gitlab.nethead.at/symflower/symflower/model/ast.(*StatementBlock).Walk(0xc00143e090, 0xc0004fccc0, 0x0, 0xc00061b480)
			gitlab.nethead.at/symflower/symflower/model/ast/walk_gen.go:1379 +0x36b
		gitlab.nethead.at/symflower/symflower/model/ast.(*StatementBlock).Walk(0xc0019cf380, 0xc0004fccc0, 0x0, 0xc00061b480)
			gitlab.nethead.at/symflower/symflower/model/ast/walk_gen.go:1379 +0x36b
		gitlab.nethead.at/symflower/symflower/model/ast.(*Function).Walk(0xc000e8d200, 0xc0004fccc0, 0x0, 0xc00061b480)
			gitlab.nethead.at/symflower/symflower/model/ast/walk_gen.go:900 +0x5df
		gitlab.nethead.at/symflower/symflower/model/ast.WalkVerify(0xc0004fccc0, {0x2203368, 0xc000e8d200})
			gitlab.nethead.at/symflower/symflower/model/ast/walk.go:46 +0x127
		gitlab.nethead.at/symflower/symflower/language/java/symbol.(*transpiler).completeFunctionAndVerify(0xc000524280, 0xc000e832f0, 0xc000e8d200)
			gitlab.nethead.at/symflower/symflower/language/java/symbol/handle.go:2822 +0x272
		gitlab.nethead.at/symflower/symflower/language/java/symbol.(*transpiler).handleInitializerDeclarationBody(0xc000524280, 0xc000e832f0, 0xc000e8d200, 0x0)
			gitlab.nethead.at/symflower/symflower/language/java/symbol/handle.go:2684 +0x74c
		gitlab.nethead.at/symflower/symflower/language/java/symbol.(*transpiler).handleClassAndInterfaceDeclarationBodies(0xc000524280, 0xc000e832f0, 0xc000e77680)
			gitlab.nethead.at/symflower/symflower/language/java/symbol/handle.go:1532 +0x2d3
		gitlab.nethead.at/symflower/symflower/language/java/symbol.(*transpiler).handleClassDeclarationBodies(0xc000524280, 0xc000e832f0, 0xc000e77680)
			gitlab.nethead.at/symflower/symflower/language/java/symbol/handle.go:1419 +0x106
		gitlab.nethead.at/symflower/symflower/language/java/symbol.(*transpiler).handleBodies.func1(0xc000e832f0, {0x2207578, 0xc000e77680})
			gitlab.nethead.at/symflower/symflower/language/java/symbol/symbols.go:532 +0x1ff
		gitlab.nethead.at/symflower/symflower/language/java/symbol.(*transpiler).walkSubDeclarations(0xc000524280, 0xc000e832f0, 0xc00328f760, 0xc000e7b800, 0xc000e90340, {0x2207578, 0xc000e77680})
			gitlab.nethead.at/symflower/symflower/language/java/symbol/symbols.go:869 +0x1ee
		gitlab.nethead.at/symflower/symflower/language/java/symbol.(*transpiler).walkFile(0xc000524280, 0x1, 0x2088c58, 0xc00328f760, 0xc000e7b800, 0xc000e90340)
			gitlab.nethead.at/symflower/symflower/language/java/symbol/symbols.go:625 +0x3c5
		gitlab.nethead.at/symflower/symflower/language/java/symbol.(*transpiler).walkPackage(0xc000524280, 0x1, 0x2088c58, 0xc00328f760, 0xc000e7b800)
			gitlab.nethead.at/symflower/symflower/language/java/symbol/symbols.go:583 +0x225
		gitlab.nethead.at/symflower/symflower/language/java/symbol.(*transpiler).walkFilesAndDeclarations(0xc000524280, 0x1, 0x2088c58, 0xc00328f760)
			gitlab.nethead.at/symflower/symflower/language/java/symbol/symbols.go:566 +0xa5
		gitlab.nethead.at/symflower/symflower/language/java/symbol.(*transpiler).handleBodies(0xc000524280)
			gitlab.nethead.at/symflower/symflower/language/java/symbol/symbols.go:513 +0x65
		gitlab.nethead.at/symflower/symflower/language/java/symbol.symbolsWithDependencies(0xc00012aa80, {0x0?, 0x41aa94?, 0x13e43a0?}, 0x1)
			gitlab.nethead.at/symflower/symflower/language/java/symbol/symbols.go:486 +0x147
		gitlab.nethead.at/symflower/symflower/language/java/symbol.Symbols(0xc00012aa80, 0x1)
			gitlab.nethead.at/symflower/symflower/language/java/symbol/symbols.go:457 +0xf2
		gitlab.nethead.at/symflower/symflower/language/java.Adapter.Symbols(...)
			gitlab.nethead.at/symflower/symflower/language/java/symbols.go:29
		gitlab.nethead.at/symflower/symflower/cmd/symflower-local/generate.(*Generator).transpileLanguage(0xc000580870, 0x0, 0x0, {0x220c620, 0x2e6b360})
			gitlab.nethead.at/symflower/symflower/cmd/symflower-local/generate/generate.go:136 +0x373
		gitlab.nethead.at/symflower/symflower/cmd/symflower-local/generate.(*Generator).Symbols(0xc000580870, 0x0, 0x0)
			gitlab.nethead.at/symflower/symflower/cmd/symflower-local/generate/generate.go:94 +0x136
		gitlab.nethead.at/symflower/symflower/cmd/symflower-local/generate.(*AnalyzeEngineDefault).UnitTests(0x2c?, 0x124bba0?, {0x21eb890?, 0xc000518870?}, {0x20?, 0x61?, 0x58?, 0x0?}, 0x2c?, {0xc000580450, ...})
			gitlab.nethead.at/symflower/symflower/cmd/symflower-local/generate/analyze.go:153 +0x77
		gitlab.nethead.at/symflower/symflower/cmd/symflower-local/cmd.(*commandUnitTests).Execute(0xc0003f23d8, {0xc0003f2008?, 0x7d355c660798?, 0xc0003f23d8?})
			gitlab.nethead.at/symflower/symflower/cmd/symflower-local/cmd/unit-tests.go:85 +0x2a6
		gitlab.nethead.at/symflower/symflower/cmd.ExecuteNoExit({0x21de020, 0xc0003f2008}, {0xc00003e050?, 0x44?, 0x0?})
			gitlab.nethead.at/symflower/symflower/cmd/execute.go:59 +0x2ad
		gitlab.nethead.at/symflower/symflower/cmd.Execute({0x21de020?, 0xc0003f2008?}, {0xc00003e050?, 0xc000118190?, 0xc000413f10?})
			gitlab.nethead.at/symflower/symflower/cmd/execute.go:17 +0x26
		gitlab.nethead.at/symflower/symflower/cmd.ExecuteWithOSArguments(...)
			gitlab.nethead.at/symflower/symflower/cmd/execute.go:78
		main.main.func1()
			gitlab.nethead.at/symflower/symflower/cmd/symflower-demo/main.go:39 +0x34
		gitlab.nethead.at/symflower/symflower/cmd/symflower-local/cmd.(*Command).WithPanicReporter(0xc0000b2060?, 0x0?)
			gitlab.nethead.at/symflower/symflower/cmd/symflower-local/cmd/cmd.go:151 +0x33
		main.main()
			gitlab.nethead.at/symflower/symflower/cmd/symflower-demo/main.go:38 +0x7f
	
	data: cast(call(java/lang/Class//Class!e3b1fa59c6d86c11414ab72a3dd3145b, ["Boolean", "java.lang.Boolean", "Boolean"]), reference(K))
src/org/mockito/internal/util/Primitives.java: error: unknown import
	data: java/util/HashMap
src/org/mockito/internal/util/Primitives.java: error: unknown field
	data: [Boolean struct(java/lang/Boolean, [], [pointer(reference(java/lang/Object))], []) TYPE]
src/org/mockito/internal/util/Primitives.java: error: unknown field
	data: [Float struct(java/lang/Float, [], [pointer(reference(java/lang/Object))], []) TYPE]
src/org/mockito/internal/util/Primitives.java: error: unknown field
	data: [Double struct(java/lang/Double, [], [pointer(reference(java/lang/Object))], []) TYPE]
src/org/mockito/internal/util/Primitives.java: error: unknown field
	data: [Character struct(java/lang/Character, [], [pointer(reference(java/lang/Object))], []) TYPE]
src/org/mockito/internal/util/StringJoiner.java: error: unknown function
	data: [pointer(reference(java/lang/StringBuilder)) java/lang/StringBuilder//lastIndexOf [] ["\n"]]
src/org/mockito/internal/util/StringJoiner.java: error: unknown function
	data: [pointer(reference(java/lang/StringBuilder)) java/lang/StringBuilder//replace [] [lastBreak +(lastBreak, 1) ""]]
src/org/mockito/internal/util/copy/AccessibilityChanger.java: error: unknown import
	data: java/lang/reflect/Field
src/org/mockito/internal/util/copy/FieldCopier.java: error: unknown import
	data: java/lang/reflect/Field
src/org/mockito/internal/util/copy/LenientCopyTool.java: error: unknown import
	data: java/lang/reflect/Field
src/org/mockito/internal/util/copy/LenientCopyTool.java: error: unknown import
	data: java/lang/reflect/Modifier
src/org/mockito/internal/util/copy/LenientCopyTool.java: error: unknown function
	data: [pointer(genericInstance(reference(java/lang/Class), [])) java/lang/Class<java/lang/Object>//getDeclaredFields [] []]
src/org/mockito/internal/util/copy/LenientCopyTool.java: error: unknown type
	data: SuppressWarnings
src/org/mockito/internal/util/copy/LenientCopyTool.java: error: unknown function
	data: [<nil> copyValues [] [from mock clazz]]
src/org/mockito/internal/util/copy/LenientCopyTool.java: error: unknown function
	data: [pointer(genericInstance(reference(java/lang/Class), [])) java/lang/Class<java/lang/Object>//getSuperclass [] []]
src/org/mockito/internal/util/copy/LenientCopyTool.java: error: unknown function
	data: [struct(org/mockito/internal/util/copy/FieldCopier, [], [pointer(reference(java/lang/Object))], []) org/mockito/internal/util/copy/FieldCopier//copyValue [] [from mock field]]
src/org/mockito/internal/verification/RegisteredInvocations.java: error: unknown import
	data: java/util/Collections
src/org/mockito/internal/verification/RegisteredInvocations.java: error: unknown import
	data: java/util/LinkedList
src/org/mockito/internal/verification/argumentmatching/ArgumentMatchingTool.java: error: unknown import
	data: java/util/LinkedList
src/org/mockito/internal/verification/argumentmatching/ArgumentMatchingTool.java: error: unknown import
	data: org/hamcrest/Matcher
src/org/mockito/internal/verification/argumentmatching/ArgumentMatchingTool.java: error: unknown import
	data: org/hamcrest/StringDescription
src/org/mockito/internal/verification/argumentmatching/ArgumentMatchingTool.java: error: unknown type
	data: SuppressWarnings
src/org/mockito/internal/verification/checkers/MissingInvocationChecker.java: error: unknown function
	data: [struct(org/mockito/exceptions/Reporter, [], [pointer(reference(java/lang/Object))], []) org/mockito/exceptions/Reporter//wantedButNotInvoked [] [wanted invocations]]
src/org/mockito/internal/verification/checkers/MissingInvocationChecker.java: error: unknown type
	data: SuppressWarnings
src/org/mockito/invocation/InvocationOnMock.java: error: unknown import
	data: java/lang/reflect/Method
src/org/mockito/runners/ConsoleSpammingMockitoJUnitRunner.java: error: unknown import
	data: org/junit/runner/Runner
src/org/mockito/runners/ConsoleSpammingMockitoJUnitRunner.java: error: unknown import
	data: org/junit/runner/notification/Failure
src/org/mockito/runners/ConsoleSpammingMockitoJUnitRunner.java: error: unknown import
	data: org/junit/runner/notification/RunListener
src/org/mockito/runners/ConsoleSpammingMockitoJUnitRunner.java: error: unknown import
	data: org/junit/runner/notification/RunNotifier
src/org/mockito/runners/ConsoleSpammingMockitoJUnitRunner.java: error: unknown import
	data: org/junit/runners/BlockJUnit4ClassRunner
src/org/mockito/runners/ConsoleSpammingMockitoJUnitRunner.java: error: unknown import
	data: org/junit/runner/Description
src/org/mockito/runners/MockitoJUnit44Runner.java: error: unknown type
	data: SuppressWarnings
src/org/mockito/runners/MockitoJUnit44Runner.java: error: unknown type
	data: Deprecated
src/org/mockito/runners/MockitoJUnitRunner.java: error: unknown import
	data: org/junit/runner/Description
src/org/mockito/runners/MockitoJUnitRunner.java: error: unknown import
	data: org/junit/runner/Runner
src/org/mockito/runners/MockitoJUnitRunner.java: error: unknown import
	data: org/junit/runner/notification/RunNotifier
src/org/mockito/runners/MockitoJUnitRunner.java: error: unknown type
	data: org/junit/runner/manipulation/Filterable
src/org/mockito/runners/MockitoJUnitRunner.java: error: unknown type
	data: org/junit/runner/manipulation/Filter
src/org/mockito/runners/MockitoJUnitRunner.java: error: unknown type
	data: org/junit/runner/manipulation/NoTestsRemainException
src/org/mockito/runners/MockitoJUnitRunner.java: error: unknown function
	data: [struct(org/mockito/internal/runners/RunnerImpl, [], [unsupported(org/junit/runner/manipulation/Filterable)], []) org/mockito/internal/runners/RunnerImpl//filter [] [filter]]
src/org/mockito/stubbing/Stubber.java: error: unknown type
	data: SuppressWarnings
Found 0 Java files
Analyzed 0 out of 110 source files
Had 17 errors that block a full analysis
Generated 0 tests
Found 0 potential problems
The following issues prevent a full analysis:

* 173 cases of "unknown function"
	Description: Functions could not be resolved. This occurs due to missing dependencies,
  or if a called function is removed due to some other problem.

* 167 cases of "unknown import"
	Description: Imports could not be resolved. This is likely due to missing dependencies.

* 73 cases of "unknown type"
	Description: Types could not be resolved. This could be because of missing dependencies
  or a consequence of some other problem.

* 2 cases of "not all elements have the same type"
	Description: Arguments of a function call do not match the parameter types. This usually
  occurs if a called method is removed due to some other problem, and another
  method with the same name is selected to be called.

* 3 cases of "other issues"
	Description: Uncategorized problems.

