Analyzing workspace /home/ph7/sqa-project/workspaces/collections_28b/
Search for Go files
Found 0 Go files
Search for Java files
Load dependency stdlib:@dev
src/main/java/org/apache/commons/collections4/trie/AbstractPatriciaTrie.java: org.apache.commons.collections4.trie.AbstractPatriciaTrie.incrementModCount: function is private and therefore inaccessible for tests
src/main/java/org/apache/commons/collections4/trie/AbstractPatriciaTrie.java: org.apache.commons.collections4.trie.AbstractPatriciaTrie.selectR: function is private and therefore inaccessible for tests
src/main/java/org/apache/commons/collections4/trie/AbstractPatriciaTrie.java: org.apache.commons.collections4.trie.AbstractPatriciaTrie.removeExternalEntry: function is private and therefore inaccessible for tests
src/main/java/org/apache/commons/collections4/trie/AbstractPatriciaTrie.java: org.apache.commons.collections4.trie.AbstractPatriciaTrie.removeInternalEntry: function is private and therefore inaccessible for tests
src/main/java/org/apache/commons/collections4/trie/AbstractPatriciaTrie.java: org.apache.commons.collections4.trie.AbstractPatriciaTrie.getPrefixMapByBits: function is private and therefore inaccessible for tests
src/main/java/org/apache/commons/collections4/trie/AbstractPatriciaTrie.java: org.apache.commons.collections4.trie.AbstractPatriciaTrie.Reference.set: function is private and therefore inaccessible for tests
src/main/java/org/apache/commons/collections4/trie/AbstractPatriciaTrie.java: org.apache.commons.collections4.trie.AbstractPatriciaTrie.Reference.get: function is private and therefore inaccessible for tests
src/main/java/org/apache/commons/collections4/trie/AbstractPatriciaTrie.java: org.apache.commons.collections4.trie.AbstractPatriciaTrie.EntrySet.iterator: function is private and therefore inaccessible for tests
src/main/java/org/apache/commons/collections4/trie/AbstractPatriciaTrie.java: org.apache.commons.collections4.trie.AbstractPatriciaTrie.EntrySet.contains: function is private and therefore inaccessible for tests
src/main/java/org/apache/commons/collections4/trie/AbstractPatriciaTrie.java: org.apache.commons.collections4.trie.AbstractPatriciaTrie.EntrySet.remove: function is private and therefore inaccessible for tests
src/main/java/org/apache/commons/collections4/trie/AbstractPatriciaTrie.java: org.apache.commons.collections4.trie.AbstractPatriciaTrie.EntrySet.size: function is private and therefore inaccessible for tests
src/main/java/org/apache/commons/collections4/trie/AbstractPatriciaTrie.java: org.apache.commons.collections4.trie.AbstractPatriciaTrie.EntrySet.clear: function is private and therefore inaccessible for tests
src/main/java/org/apache/commons/collections4/trie/AbstractPatriciaTrie.java: org.apache.commons.collections4.trie.AbstractPatriciaTrie.EntrySet.EntryIterator.next: function is private and therefore inaccessible for tests
src/main/java/org/apache/commons/collections4/trie/AbstractPatriciaTrie.java: org.apache.commons.collections4.trie.AbstractPatriciaTrie.KeySet.iterator: function is private and therefore inaccessible for tests
src/main/java/org/apache/commons/collections4/trie/AbstractPatriciaTrie.java: org.apache.commons.collections4.trie.AbstractPatriciaTrie.KeySet.size: function is private and therefore inaccessible for tests
src/main/java/org/apache/commons/collections4/trie/AbstractPatriciaTrie.java: org.apache.commons.collections4.trie.AbstractPatriciaTrie.KeySet.contains: function is private and therefore inaccessible for tests
src/main/java/org/apache/commons/collections4/trie/AbstractPatriciaTrie.java: org.apache.commons.collections4.trie.AbstractPatriciaTrie.KeySet.remove: function is private and therefore inaccessible for tests
src/main/java/org/apache/commons/collections4/trie/AbstractPatriciaTrie.java: org.apache.commons.collections4.trie.AbstractPatriciaTrie.KeySet.clear: function is private and therefore inaccessible for tests
src/main/java/org/apache/commons/collections4/trie/AbstractPatriciaTrie.java: org.apache.commons.collections4.trie.AbstractPatriciaTrie.KeySet.KeyIterator.next: function is private and therefore inaccessible for tests
src/main/java/org/apache/commons/collections4/trie/AbstractPatriciaTrie.java: org.apache.commons.collections4.trie.AbstractPatriciaTrie.Values.iterator: function is private and therefore inaccessible for tests
src/main/java/org/apache/commons/collections4/trie/AbstractPatriciaTrie.java: org.apache.commons.collections4.trie.AbstractPatriciaTrie.Values.size: function is private and therefore inaccessible for tests
src/main/java/org/apache/commons/collections4/trie/AbstractPatriciaTrie.java: org.apache.commons.collections4.trie.AbstractPatriciaTrie.Values.contains: function is private and therefore inaccessible for tests
src/main/java/org/apache/commons/collections4/trie/AbstractPatriciaTrie.java: org.apache.commons.collections4.trie.AbstractPatriciaTrie.Values.clear: function is private and therefore inaccessible for tests
src/main/java/org/apache/commons/collections4/trie/AbstractPatriciaTrie.java: org.apache.commons.collections4.trie.AbstractPatriciaTrie.Values.remove: function is private and therefore inaccessible for tests
src/main/java/org/apache/commons/collections4/trie/AbstractPatriciaTrie.java: org.apache.commons.collections4.trie.AbstractPatriciaTrie.Values.ValueIterator.next: function is private and therefore inaccessible for tests
src/main/java/org/apache/commons/collections4/trie/AbstractPatriciaTrie.java: org.apache.commons.collections4.trie.AbstractPatriciaTrie.TrieMapIterator.next: function is private and therefore inaccessible for tests
src/main/java/org/apache/commons/collections4/trie/AbstractPatriciaTrie.java: org.apache.commons.collections4.trie.AbstractPatriciaTrie.TrieMapIterator.getKey: function is private and therefore inaccessible for tests
src/main/java/org/apache/commons/collections4/trie/AbstractPatriciaTrie.java: org.apache.commons.collections4.trie.AbstractPatriciaTrie.TrieMapIterator.getValue: function is private and therefore inaccessible for tests
src/main/java/org/apache/commons/collections4/trie/AbstractPatriciaTrie.java: org.apache.commons.collections4.trie.AbstractPatriciaTrie.TrieMapIterator.setValue: function is private and therefore inaccessible for tests
src/main/java/org/apache/commons/collections4/trie/AbstractPatriciaTrie.java: org.apache.commons.collections4.trie.AbstractPatriciaTrie.TrieMapIterator.hasPrevious: function is private and therefore inaccessible for tests
src/main/java/org/apache/commons/collections4/trie/AbstractPatriciaTrie.java: org.apache.commons.collections4.trie.AbstractPatriciaTrie.TrieMapIterator.previous: function is private and therefore inaccessible for tests
src/main/java/org/apache/commons/collections4/trie/AbstractPatriciaTrie.java: org.apache.commons.collections4.trie.AbstractPatriciaTrie.TrieMapIterator.nextEntry: function is private and therefore inaccessible for tests
src/main/java/org/apache/commons/collections4/trie/AbstractPatriciaTrie.java: org.apache.commons.collections4.trie.AbstractPatriciaTrie.TrieMapIterator.previousEntry: function is private and therefore inaccessible for tests
src/main/java/org/apache/commons/collections4/trie/AbstractPatriciaTrie.java: org.apache.commons.collections4.trie.AbstractPatriciaTrie.RangeMap.createEntrySet: function is private and therefore inaccessible for tests
src/main/java/org/apache/commons/collections4/trie/AbstractPatriciaTrie.java: org.apache.commons.collections4.trie.AbstractPatriciaTrie.RangeMap.getFromKey: function is private and therefore inaccessible for tests
src/main/java/org/apache/commons/collections4/trie/AbstractPatriciaTrie.java: org.apache.commons.collections4.trie.AbstractPatriciaTrie.RangeMap.isFromInclusive: function is private and therefore inaccessible for tests
src/main/java/org/apache/commons/collections4/trie/AbstractPatriciaTrie.java: org.apache.commons.collections4.trie.AbstractPatriciaTrie.RangeMap.getToKey: function is private and therefore inaccessible for tests
src/main/java/org/apache/commons/collections4/trie/AbstractPatriciaTrie.java: org.apache.commons.collections4.trie.AbstractPatriciaTrie.RangeMap.isToInclusive: function is private and therefore inaccessible for tests
src/main/java/org/apache/commons/collections4/trie/AbstractPatriciaTrie.java: org.apache.commons.collections4.trie.AbstractPatriciaTrie.RangeMap.comparator: function is private and therefore inaccessible for tests
src/main/java/org/apache/commons/collections4/trie/AbstractPatriciaTrie.java: org.apache.commons.collections4.trie.AbstractPatriciaTrie.RangeMap.containsKey: function is private and therefore inaccessible for tests
src/main/java/org/apache/commons/collections4/trie/AbstractPatriciaTrie.java: org.apache.commons.collections4.trie.AbstractPatriciaTrie.RangeMap.remove: function is private and therefore inaccessible for tests
src/main/java/org/apache/commons/collections4/trie/AbstractPatriciaTrie.java: org.apache.commons.collections4.trie.AbstractPatriciaTrie.RangeMap.get: function is private and therefore inaccessible for tests
src/main/java/org/apache/commons/collections4/trie/AbstractPatriciaTrie.java: org.apache.commons.collections4.trie.AbstractPatriciaTrie.RangeMap.put: function is private and therefore inaccessible for tests
src/main/java/org/apache/commons/collections4/trie/AbstractPatriciaTrie.java: org.apache.commons.collections4.trie.AbstractPatriciaTrie.RangeMap.entrySet: function is private and therefore inaccessible for tests
src/main/java/org/apache/commons/collections4/trie/AbstractPatriciaTrie.java: org.apache.commons.collections4.trie.AbstractPatriciaTrie.RangeMap.subMap: function is private and therefore inaccessible for tests
src/main/java/org/apache/commons/collections4/trie/AbstractPatriciaTrie.java: org.apache.commons.collections4.trie.AbstractPatriciaTrie.RangeMap.headMap: function is private and therefore inaccessible for tests
src/main/java/org/apache/commons/collections4/trie/AbstractPatriciaTrie.java: org.apache.commons.collections4.trie.AbstractPatriciaTrie.RangeMap.tailMap: function is private and therefore inaccessible for tests
src/main/java/org/apache/commons/collections4/trie/AbstractPatriciaTrie.java: org.apache.commons.collections4.trie.AbstractPatriciaTrie.RangeMap.inRange: function is private and therefore inaccessible for tests
src/main/java/org/apache/commons/collections4/trie/AbstractPatriciaTrie.java: org.apache.commons.collections4.trie.AbstractPatriciaTrie.RangeMap.inRange2: function is private and therefore inaccessible for tests
src/main/java/org/apache/commons/collections4/trie/AbstractPatriciaTrie.java: org.apache.commons.collections4.trie.AbstractPatriciaTrie.RangeMap.inFromRange: function is private and therefore inaccessible for tests
src/main/java/org/apache/commons/collections4/trie/AbstractPatriciaTrie.java: org.apache.commons.collections4.trie.AbstractPatriciaTrie.RangeMap.inToRange: function is private and therefore inaccessible for tests
src/main/java/org/apache/commons/collections4/trie/AbstractPatriciaTrie.java: org.apache.commons.collections4.trie.AbstractPatriciaTrie.RangeMap.createRangeMap: function is private and therefore inaccessible for tests
src/main/java/org/apache/commons/collections4/trie/AbstractPatriciaTrie.java: org.apache.commons.collections4.trie.AbstractPatriciaTrie.RangeEntryMap.RangeEntryMap: function is private and therefore inaccessible for tests
src/main/java/org/apache/commons/collections4/trie/AbstractPatriciaTrie.java: org.apache.commons.collections4.trie.AbstractPatriciaTrie.RangeEntryMap.RangeEntryMap: function is private and therefore inaccessible for tests
src/main/java/org/apache/commons/collections4/trie/AbstractPatriciaTrie.java: org.apache.commons.collections4.trie.AbstractPatriciaTrie.RangeEntryMap.firstKey: function is private and therefore inaccessible for tests
src/main/java/org/apache/commons/collections4/trie/AbstractPatriciaTrie.java: org.apache.commons.collections4.trie.AbstractPatriciaTrie.RangeEntryMap.lastKey: function is private and therefore inaccessible for tests
src/main/java/org/apache/commons/collections4/trie/AbstractPatriciaTrie.java: org.apache.commons.collections4.trie.AbstractPatriciaTrie.RangeEntryMap.createEntrySet: function is private and therefore inaccessible for tests
src/main/java/org/apache/commons/collections4/trie/AbstractPatriciaTrie.java: org.apache.commons.collections4.trie.AbstractPatriciaTrie.RangeEntryMap.getFromKey: function is private and therefore inaccessible for tests
src/main/java/org/apache/commons/collections4/trie/AbstractPatriciaTrie.java: org.apache.commons.collections4.trie.AbstractPatriciaTrie.RangeEntryMap.getToKey: function is private and therefore inaccessible for tests
src/main/java/org/apache/commons/collections4/trie/AbstractPatriciaTrie.java: org.apache.commons.collections4.trie.AbstractPatriciaTrie.RangeEntryMap.isFromInclusive: function is private and therefore inaccessible for tests
src/main/java/org/apache/commons/collections4/trie/AbstractPatriciaTrie.java: org.apache.commons.collections4.trie.AbstractPatriciaTrie.RangeEntryMap.isToInclusive: function is private and therefore inaccessible for tests
src/main/java/org/apache/commons/collections4/trie/AbstractPatriciaTrie.java: org.apache.commons.collections4.trie.AbstractPatriciaTrie.RangeEntryMap.createRangeMap: function is private and therefore inaccessible for tests
src/main/java/org/apache/commons/collections4/trie/AbstractPatriciaTrie.java: org.apache.commons.collections4.trie.AbstractPatriciaTrie.RangeEntrySet.RangeEntrySet: function is private and therefore inaccessible for tests
src/main/java/org/apache/commons/collections4/trie/AbstractPatriciaTrie.java: org.apache.commons.collections4.trie.AbstractPatriciaTrie.RangeEntrySet.iterator: function is private and therefore inaccessible for tests
src/main/java/org/apache/commons/collections4/trie/AbstractPatriciaTrie.java: org.apache.commons.collections4.trie.AbstractPatriciaTrie.RangeEntrySet.size: function is private and therefore inaccessible for tests
src/main/java/org/apache/commons/collections4/trie/AbstractPatriciaTrie.java: org.apache.commons.collections4.trie.AbstractPatriciaTrie.RangeEntrySet.isEmpty: function is private and therefore inaccessible for tests
src/main/java/org/apache/commons/collections4/trie/AbstractPatriciaTrie.java: org.apache.commons.collections4.trie.AbstractPatriciaTrie.RangeEntrySet.contains: function is private and therefore inaccessible for tests
src/main/java/org/apache/commons/collections4/trie/AbstractPatriciaTrie.java: org.apache.commons.collections4.trie.AbstractPatriciaTrie.RangeEntrySet.remove: function is private and therefore inaccessible for tests
src/main/java/org/apache/commons/collections4/trie/AbstractPatriciaTrie.java: org.apache.commons.collections4.trie.AbstractPatriciaTrie.RangeEntrySet.EntryIterator.EntryIterator: function is private and therefore inaccessible for tests
src/main/java/org/apache/commons/collections4/trie/AbstractPatriciaTrie.java: org.apache.commons.collections4.trie.AbstractPatriciaTrie.RangeEntrySet.EntryIterator.hasNext: function is private and therefore inaccessible for tests
src/main/java/org/apache/commons/collections4/trie/AbstractPatriciaTrie.java: org.apache.commons.collections4.trie.AbstractPatriciaTrie.RangeEntrySet.EntryIterator.next: function is private and therefore inaccessible for tests
src/main/java/org/apache/commons/collections4/trie/AbstractPatriciaTrie.java: org.apache.commons.collections4.trie.AbstractPatriciaTrie.PrefixRangeMap.PrefixRangeMap: function is private and therefore inaccessible for tests
src/main/java/org/apache/commons/collections4/trie/AbstractPatriciaTrie.java: org.apache.commons.collections4.trie.AbstractPatriciaTrie.PrefixRangeMap.fixup: function is private and therefore inaccessible for tests
src/main/java/org/apache/commons/collections4/trie/AbstractPatriciaTrie.java: org.apache.commons.collections4.trie.AbstractPatriciaTrie.PrefixRangeMap.firstKey: function is private and therefore inaccessible for tests
src/main/java/org/apache/commons/collections4/trie/AbstractPatriciaTrie.java: org.apache.commons.collections4.trie.AbstractPatriciaTrie.PrefixRangeMap.lastKey: function is private and therefore inaccessible for tests
src/main/java/org/apache/commons/collections4/trie/AbstractPatriciaTrie.java: org.apache.commons.collections4.trie.AbstractPatriciaTrie.PrefixRangeMap.inRange: function is private and therefore inaccessible for tests
src/main/java/org/apache/commons/collections4/trie/AbstractPatriciaTrie.java: org.apache.commons.collections4.trie.AbstractPatriciaTrie.PrefixRangeMap.inRange2: function is private and therefore inaccessible for tests
src/main/java/org/apache/commons/collections4/trie/AbstractPatriciaTrie.java: org.apache.commons.collections4.trie.AbstractPatriciaTrie.PrefixRangeMap.inFromRange: function is private and therefore inaccessible for tests
src/main/java/org/apache/commons/collections4/trie/AbstractPatriciaTrie.java: org.apache.commons.collections4.trie.AbstractPatriciaTrie.PrefixRangeMap.inToRange: function is private and therefore inaccessible for tests
src/main/java/org/apache/commons/collections4/trie/AbstractPatriciaTrie.java: org.apache.commons.collections4.trie.AbstractPatriciaTrie.PrefixRangeMap.createEntrySet: function is private and therefore inaccessible for tests
src/main/java/org/apache/commons/collections4/trie/AbstractPatriciaTrie.java: org.apache.commons.collections4.trie.AbstractPatriciaTrie.PrefixRangeMap.getFromKey: function is private and therefore inaccessible for tests
src/main/java/org/apache/commons/collections4/trie/AbstractPatriciaTrie.java: org.apache.commons.collections4.trie.AbstractPatriciaTrie.PrefixRangeMap.getToKey: function is private and therefore inaccessible for tests
src/main/java/org/apache/commons/collections4/trie/AbstractPatriciaTrie.java: org.apache.commons.collections4.trie.AbstractPatriciaTrie.PrefixRangeMap.isFromInclusive: function is private and therefore inaccessible for tests
src/main/java/org/apache/commons/collections4/trie/AbstractPatriciaTrie.java: org.apache.commons.collections4.trie.AbstractPatriciaTrie.PrefixRangeMap.isToInclusive: function is private and therefore inaccessible for tests
src/main/java/org/apache/commons/collections4/trie/AbstractPatriciaTrie.java: org.apache.commons.collections4.trie.AbstractPatriciaTrie.PrefixRangeMap.createRangeMap: function is private and therefore inaccessible for tests
src/main/java/org/apache/commons/collections4/trie/AbstractPatriciaTrie.java: org.apache.commons.collections4.trie.AbstractPatriciaTrie.PrefixRangeEntrySet.PrefixRangeEntrySet: function is private and therefore inaccessible for tests
src/main/java/org/apache/commons/collections4/trie/AbstractPatriciaTrie.java: org.apache.commons.collections4.trie.AbstractPatriciaTrie.PrefixRangeEntrySet.size: function is private and therefore inaccessible for tests
src/main/java/org/apache/commons/collections4/trie/AbstractPatriciaTrie.java: org.apache.commons.collections4.trie.AbstractPatriciaTrie.PrefixRangeEntrySet.iterator: function is private and therefore inaccessible for tests
src/main/java/org/apache/commons/collections4/trie/AbstractPatriciaTrie.java: org.apache.commons.collections4.trie.AbstractPatriciaTrie.PrefixRangeEntrySet.SingletonIterator.SingletonIterator: function is private and therefore inaccessible for tests
src/main/java/org/apache/commons/collections4/trie/AbstractPatriciaTrie.java: org.apache.commons.collections4.trie.AbstractPatriciaTrie.PrefixRangeEntrySet.SingletonIterator.hasNext: function is private and therefore inaccessible for tests
src/main/java/org/apache/commons/collections4/trie/AbstractPatriciaTrie.java: org.apache.commons.collections4.trie.AbstractPatriciaTrie.PrefixRangeEntrySet.SingletonIterator.next: function is private and therefore inaccessible for tests
src/main/java/org/apache/commons/collections4/trie/AbstractPatriciaTrie.java: org.apache.commons.collections4.trie.AbstractPatriciaTrie.PrefixRangeEntrySet.SingletonIterator.remove: function is private and therefore inaccessible for tests
src/main/java/org/apache/commons/collections4/trie/AbstractPatriciaTrie.java: org.apache.commons.collections4.trie.AbstractPatriciaTrie.PrefixRangeEntrySet.EntryIterator.EntryIterator: function is private and therefore inaccessible for tests
src/main/java/org/apache/commons/collections4/trie/AbstractPatriciaTrie.java: org.apache.commons.collections4.trie.AbstractPatriciaTrie.PrefixRangeEntrySet.EntryIterator.next: function is private and therefore inaccessible for tests
src/main/java/org/apache/commons/collections4/trie/AbstractPatriciaTrie.java: org.apache.commons.collections4.trie.AbstractPatriciaTrie.PrefixRangeEntrySet.EntryIterator.findNext: function is private and therefore inaccessible for tests
src/main/java/org/apache/commons/collections4/trie/AbstractPatriciaTrie.java: org.apache.commons.collections4.trie.AbstractPatriciaTrie.PrefixRangeEntrySet.EntryIterator.remove: function is private and therefore inaccessible for tests
src/main/java/org/apache/commons/collections4/trie/AbstractPatriciaTrie.java: org.apache.commons.collections4.trie.AbstractPatriciaTrie.readObject: function is private and therefore inaccessible for tests
src/main/java/org/apache/commons/collections4/trie/AbstractPatriciaTrie.java: org.apache.commons.collections4.trie.AbstractPatriciaTrie.writeObject: function is private and therefore inaccessible for tests
src/main/java/org/apache/commons/collections4/trie/analyzer/StringKeyAnalyzer.java: org.apache.commons.collections4.trie.analyzer.StringKeyAnalyzer.mask: function is private and therefore inaccessible for tests
internal error: recovered panic
	data: runtime error: index out of range [1] with length 1
Analyzed 0 out of 0 source files
Had 0 errors that block a full analysis
Generated 0 tests
Found 0 potential problems
The following issues prevent a full analysis:

* 1 case of "other issues"
	Description: Uncategorized problems.

