Analyzing workspace /home/ph7/sqa-project/workspaces/lang_5b/
Search for Java files
Load dependency stdlib:@dev
src/main/java/org/apache/commons/lang3/AnnotationUtils.java: error: unknown function
	data: [pointer(genericInstance(reference(java/lang/Class), [wildcard(, pointer(reference(java/lang/Object)))])) java/lang/Class<descendant of java/lang/Object>//isAnnotation [] []]
src/main/java/org/apache/commons/lang3/AnnotationUtils.java: error: unknown field
	data: [Character struct(java/lang/Character, [], [pointer(reference(java/lang/Object))], []) TYPE]
src/main/java/org/apache/commons/lang3/AnnotationUtils.java: error: unknown field
	data: [Integer struct(java/lang/Integer, [], [pointer(reference(java/lang/Object))], []) TYPE]
src/main/java/org/apache/commons/lang3/AnnotationUtils.java: error: unknown field
	data: [Character struct(java/lang/Character, [], [pointer(reference(java/lang/Object))], []) TYPE]
src/main/java/org/apache/commons/lang3/AnnotationUtils.java: error: unknown import
	data: java/lang/reflect/Method
src/main/java/org/apache/commons/lang3/AnnotationUtils.java: error: unknown function
	data: [pointer(genericInstance(reference(java/lang/Class), [wildcard(, pointer(reference(java/lang/Object)))])) java/lang/Class<descendant of java/lang/Object>//isEnum [] []]
src/main/java/org/apache/commons/lang3/AnnotationUtils.java: error: unknown field
	data: [Float struct(java/lang/Float, [], [pointer(reference(java/lang/Object))], []) TYPE]
src/main/java/org/apache/commons/lang3/AnnotationUtils.java: error: unknown function
	data: [pointer(genericInstance(reference(java/lang/Class), [wildcard(, pointer(reference(java/lang/Object)))])) java/lang/Class<descendant of java/lang/Object>//getComponentType [] []]
src/main/java/org/apache/commons/lang3/AnnotationUtils.java: error: unknown function
	data: [pointer(genericInstance(reference(java/lang/Class), [wildcard(, pointer(reference(java/lang/Object)))])) java/lang/Class<descendant of java/lang/Object>//isPrimitive [] []]
src/main/java/org/apache/commons/lang3/AnnotationUtils.java: error: unknown function
	data: [pointer(reference(java/lang/Object)) java/lang/Object//getClass [] []]
src/main/java/org/apache/commons/lang3/AnnotationUtils.java: error: unknown function
	data: [pointer(genericInstance(reference(java/lang/Class), [wildcard(, pointer(reference(java/lang/Object)))])) java/lang/Class<descendant of java/lang/Object>//isArray [] []]
src/main/java/org/apache/commons/lang3/AnnotationUtils.java: error: unknown field
	data: [Long struct(java/lang/Long, [], [pointer(reference(java/lang/Object))], []) TYPE]
src/main/java/org/apache/commons/lang3/AnnotationUtils.java: error: unknown field
	data: [Float struct(java/lang/Float, [], [pointer(reference(java/lang/Object))], []) TYPE]
src/main/java/org/apache/commons/lang3/AnnotationUtils.java: error: unknown import
	data: java/lang/reflect/InvocationTargetException
src/main/java/org/apache/commons/lang3/AnnotationUtils.java: error: unknown import
	data: java/util/Arrays
src/main/java/org/apache/commons/lang3/AnnotationUtils.java: error: unknown import
	data: org/apache/commons/lang3/builder/ToStringBuilder
src/main/java/org/apache/commons/lang3/AnnotationUtils.java: error: unknown field
	data: [Integer struct(java/lang/Integer, [], [pointer(reference(java/lang/Object))], []) TYPE]
src/main/java/org/apache/commons/lang3/AnnotationUtils.java: error: unknown field
	data: [Double struct(java/lang/Double, [], [pointer(reference(java/lang/Object))], []) TYPE]
src/main/java/org/apache/commons/lang3/AnnotationUtils.java: error: unknown field
	data: [Boolean struct(java/lang/Boolean, [], [pointer(reference(java/lang/Object))], []) TYPE]
src/main/java/org/apache/commons/lang3/AnnotationUtils.java: error: unknown import
	data: org/apache/commons/lang3/builder/ToStringStyle
src/main/java/org/apache/commons/lang3/AnnotationUtils.java: error: unknown field
	data: [Double struct(java/lang/Double, [], [pointer(reference(java/lang/Object))], []) TYPE]
src/main/java/org/apache/commons/lang3/AnnotationUtils.java: error: unknown field
	data: [Boolean struct(java/lang/Boolean, [], [pointer(reference(java/lang/Object))], []) TYPE]
src/main/java/org/apache/commons/lang3/AnnotationUtils.java: error: unknown field
	data: [Long struct(java/lang/Long, [], [pointer(reference(java/lang/Object))], []) TYPE]
src/main/java/org/apache/commons/lang3/AnnotationUtils.java: error: unknown function
	data: [pointer(genericInstance(reference(java/lang/Class), [wildcard(, pointer(reference(java/lang/Object)))])) java/lang/Class<descendant of java/lang/Object>//isArray [] []]
src/main/java/org/apache/commons/lang3/AnnotationUtils.java: error: unknown function
	data: [pointer(genericInstance(reference(java/lang/Class), [wildcard(, pointer(reference(java/lang/Object)))])) java/lang/Class<descendant of java/lang/Object>//isAnnotation [] []]
src/main/java/org/apache/commons/lang3/AnnotationUtils.java: error: unknown field
	data: [Byte struct(java/lang/Byte, [], [pointer(reference(java/lang/Object))], []) TYPE]
src/main/java/org/apache/commons/lang3/AnnotationUtils.java: error: unknown function
	data: [genericInstance(reference(java/lang/Class), [wildcard(, reference(java/lang/annotation/Annotation))]) java/lang/Class<descendant of java/lang/annotation/Annotation>//getDeclaredMethods [] []]
src/main/java/org/apache/commons/lang3/AnnotationUtils.java: error: unknown field
	data: [Short struct(java/lang/Short, [], [pointer(reference(java/lang/Object))], []) TYPE]
src/main/java/org/apache/commons/lang3/AnnotationUtils.java: error: unknown field
	data: [Byte struct(java/lang/Byte, [], [pointer(reference(java/lang/Object))], []) TYPE]
src/main/java/org/apache/commons/lang3/AnnotationUtils.java: error: unknown field
	data: [Short struct(java/lang/Short, [], [pointer(reference(java/lang/Object))], []) TYPE]
src/main/java/org/apache/commons/lang3/AnnotationUtils.java: error: unknown function
	data: [pointer(genericInstance(reference(java/lang/Class), [wildcard(, pointer(reference(java/lang/Object)))])) java/lang/Class<descendant of java/lang/Object>//getComponentType [] []]
src/main/java/org/apache/commons/lang3/AnnotationUtils.java: error: unknown function
	data: [pointer(genericInstance(reference(java/lang/Class), [wildcard(, pointer(reference(java/lang/Object)))])) java/lang/Class<descendant of java/lang/Object>//isAnnotation [] []]
src/main/java/org/apache/commons/lang3/AnnotationUtils.java: error: unknown function
	data: [pointer(genericInstance(reference(java/lang/Class), [wildcard(, reference(java/lang/annotation/Annotation))])) java/lang/Class<descendant of java/lang/annotation/Annotation>//getDeclaredMethods [] []]
src/main/java/org/apache/commons/lang3/AnnotationUtils.java: error: unknown function
	data: [pointer(genericInstance(reference(java/lang/Class), [wildcard(, reference(java/lang/annotation/Annotation))])) java/lang/Class<descendant of java/lang/annotation/Annotation>//getDeclaredMethods [] []]
src/main/java/org/apache/commons/lang3/ArrayUtils.java: error: unknown field
	data: [Character struct(java/lang/Character, [], [pointer(reference(java/lang/Object))], []) TYPE]
src/main/java/org/apache/commons/lang3/ArrayUtils.java: error: unknown function
	data: [struct(java/lang/System, [], [pointer(reference(java/lang/Object))], []) java/lang/System//arraycopy [] [array1 0 joinedArray 0 len(ensure_not_nil(array1))]]
src/main/java/org/apache/commons/lang3/ArrayUtils.java: error: unknown function
	data: [struct(java/lang/System, [], [pointer(reference(java/lang/Object))], []) java/lang/System//arraycopy [] [array2 0 joinedArray len(ensure_not_nil(array1)) len(ensure_not_nil(array2))]]
src/main/java/org/apache/commons/lang3/ArrayUtils.java: error: unknown import
	data: org/apache/commons/lang3/builder/HashCodeBuilder
src/main/java/org/apache/commons/lang3/ArrayUtils.java: error: unknown function
	data: [struct(java/lang/System, [], [pointer(reference(java/lang/Object))], []) java/lang/System//arraycopy [] [array startIndexInclusive subarray 0 newSize]]
src/main/java/org/apache/commons/lang3/ArrayUtils.java: error: unknown function
	data: [struct(java/lang/System, [], [pointer(reference(java/lang/Object))], []) java/lang/System//arraycopy [] [array startIndexInclusive subarray 0 newSize]]
src/main/java/org/apache/commons/lang3/ArrayUtils.java: error: unknown function
	data: [struct(java/lang/System, [], [pointer(reference(java/lang/Object))], []) java/lang/System//arraycopy [] [array startIndexInclusive subarray 0 newSize]]
src/main/java/org/apache/commons/lang3/ArrayUtils.java: error: not a named type
	data: array(pointer(reference(java/lang/Object)), primitive(int, 32, false), 0)
src/main/java/org/apache/commons/lang3/ArrayUtils.java: error: unknown function
	data: [struct(java/lang/System, [], [pointer(reference(java/lang/Object))], []) java/lang/System//arraycopy [] [array2 0 joinedArray len(ensure_not_nil(array1)) len(ensure_not_nil(array2))]]
src/main/java/org/apache/commons/lang3/ArrayUtils.java: error: unknown function
	data: [<nil> copyArrayGrow1 [] [array unsupported]]
src/main/java/org/apache/commons/lang3/ArrayUtils.java: error: not a named type
	data: array(reference(T), primitive(int, 32, false), 0)
src/main/java/org/apache/commons/lang3/ArrayUtils.java: error: not a named type
	data: array(primitive(int, 64, false), primitive(int, 32, false), 0)
src/main/java/org/apache/commons/lang3/ArrayUtils.java: error: unknown function
	data: [<nil> clone [] [array1]]
src/main/java/org/apache/commons/lang3/ArrayUtils.java: error: unknown function
	data: [struct(java/lang/System, [], [pointer(reference(java/lang/Object))], []) java/lang/System//arraycopy [] [array2 0 joinedArray len(ensure_not_nil(array1)) len(ensure_not_nil(array2))]]
src/main/java/org/apache/commons/lang3/ArrayUtils.java: error: unknown import
	data: java/util/BitSet
src/main/java/org/apache/commons/lang3/ArrayUtils.java: error: unknown type
	data: SuppressWarnings
src/main/java/org/apache/commons/lang3/ArrayUtils.java: error: not a named type
	data: array(primitive(int, 32, false), primitive(int, 32, false), 0)
src/main/java/org/apache/commons/lang3/ArrayUtils.java: error: not a named type
	data: array(primitive(bool, 0, false), primitive(int, 32, false), 0)
src/main/java/org/apache/commons/lang3/ArrayUtils.java: error: unknown function
	data: [<nil> add [] [array index call(java/lang/Short//valueOf!4c49ab3c93071e06930d6f753fd6205d, [element]) unsupported]]
src/main/java/org/apache/commons/lang3/ArrayUtils.java: error: unknown function
	data: [struct(java/lang/System, [], [pointer(reference(java/lang/Object))], []) java/lang/System//arraycopy [] [array1 0 joinedArray 0 len(ensure_not_nil(array1))]]
src/main/java/org/apache/commons/lang3/ArrayUtils.java: error: unknown function
	data: [struct(java/lang/System, [], [pointer(reference(java/lang/Object))], []) java/lang/System//arraycopy [] [array1 0 joinedArray 0 len(ensure_not_nil(array1))]]
src/main/java/org/apache/commons/lang3/ArrayUtils.java: error: unknown function
	data: [<nil> add [] [array index element clss]]
src/main/java/org/apache/commons/lang3/ArrayUtils.java: error: unknown field
	data: [Double struct(java/lang/Double, [], [pointer(reference(java/lang/Object))], []) TYPE]
src/main/java/org/apache/commons/lang3/ArrayUtils.java: error: not a named type
	data: array(primitive(char, 16, true), primitive(int, 32, false), 0)
src/main/java/org/apache/commons/lang3/ArrayUtils.java: error: unknown function
	data: [struct(java/lang/System, [], [pointer(reference(java/lang/Object))], []) java/lang/System//arraycopy [] [array1 0 joinedArray 0 len(ensure_not_nil(array1))]]
src/main/java/org/apache/commons/lang3/ArrayUtils.java: error: unknown function
	data: [<nil> isEmpty [] [array]]
src/main/java/org/apache/commons/lang3/ArrayUtils.java: error: unknown import
	data: org/apache/commons/lang3/builder/ToStringStyle
src/main/java/org/apache/commons/lang3/ArrayUtils.java: error: not a named type
	data: array(primitive(int, 16, false), primitive(int, 32, false), 0)
src/main/java/org/apache/commons/lang3/ArrayUtils.java: error: unknown function
	data: [struct(java/lang/System, [], [pointer(reference(java/lang/Object))], []) java/lang/System//arraycopy [] [array2 0 joinedArray len(ensure_not_nil(array1)) len(ensure_not_nil(array2))]]
src/main/java/org/apache/commons/lang3/ArrayUtils.java: error: unknown function
	data: [<nil> add [] [array index call(java/lang/Byte//valueOf!ca23c498841e7014e79813d9181dae57, [element]) unsupported]]
src/main/java/org/apache/commons/lang3/ArrayUtils.java: error: unknown function
	data: [pointer(genericInstance(reference(java/util/Map//Entry), [wildcard(, pointer(reference(java/lang/Object))), wildcard(, pointer(reference(java/lang/Object)))])) java/util/Map//Entry<descendant of java/lang/Object,descendant of java/lang/Object>//getValue [] []]
src/main/java/org/apache/commons/lang3/ArrayUtils.java: error: unknown field
	data: [Boolean struct(java/lang/Boolean, [], [pointer(reference(java/lang/Object))], []) TYPE]
src/main/java/org/apache/commons/lang3/ArrayUtils.java: error: unknown function
	data: [<nil> copyArrayGrow1 [] [array unsupported]]
src/main/java/org/apache/commons/lang3/ArrayUtils.java: error: unknown function
	data: [<nil> add [] [array index call(java/lang/Boolean//valueOf!85ac64685274e538d0c53030432a7f30, [element]) unsupported]]
src/main/java/org/apache/commons/lang3/ArrayUtils.java: error: not a named type
	data: array(primitive(float, 32, false), primitive(int, 32, false), 0)
src/main/java/org/apache/commons/lang3/ArrayUtils.java: error: unknown function
	data: [struct(java/lang/System, [], [pointer(reference(java/lang/Object))], []) java/lang/System//arraycopy [] [array startIndexInclusive subarray 0 newSize]]
src/main/java/org/apache/commons/lang3/ArrayUtils.java: error: unknown field
	data: [Character struct(java/lang/Character, [], [pointer(reference(java/lang/Object))], []) TYPE]
src/main/java/org/apache/commons/lang3/ArrayUtils.java: error: not a named type
	data: array(reference(T), primitive(int, 32, false), 0)
src/main/java/org/apache/commons/lang3/ArrayUtils.java: error: unknown field
	data: [Short struct(java/lang/Short, [], [pointer(reference(java/lang/Object))], []) TYPE]
src/main/java/org/apache/commons/lang3/ArrayUtils.java: error: unknown field
	data: [Integer struct(java/lang/Integer, [], [pointer(reference(java/lang/Object))], []) TYPE]
src/main/java/org/apache/commons/lang3/ArrayUtils.java: error: unknown function
	data: [struct(java/lang/System, [], [pointer(reference(java/lang/Object))], []) java/lang/System//arraycopy [] [array2 0 joinedArray len(ensure_not_nil(array1)) len(ensure_not_nil(array2))]]
src/main/java/org/apache/commons/lang3/ArrayUtils.java: error: unknown function
	data: [<nil> copyArrayGrow1 [] [array type]]
src/main/java/org/apache/commons/lang3/ArrayUtils.java: error: unknown function
	data: [<nil> add [] [array index call(java/lang/Integer//valueOf!82a13d2b9378b45b5451d30242dc1218, [element]) unsupported]]
src/main/java/org/apache/commons/lang3/ArrayUtils.java: error: unknown function
	data: [<nil> copyArrayGrow1 [] [array unsupported]]
src/main/java/org/apache/commons/lang3/ArrayUtils.java: error: unknown field
	data: [Double struct(java/lang/Double, [], [pointer(reference(java/lang/Object))], []) TYPE]
src/main/java/org/apache/commons/lang3/ArrayUtils.java: error: unknown field
	data: [Long struct(java/lang/Long, [], [pointer(reference(java/lang/Object))], []) TYPE]
src/main/java/org/apache/commons/lang3/ArrayUtils.java: error: unknown function
	data: [<nil> clone [] [array]]
src/main/java/org/apache/commons/lang3/ArrayUtils.java: error: unknown import
	data: org/apache/commons/lang3/mutable/MutableInt
src/main/java/org/apache/commons/lang3/ArrayUtils.java: error: unknown function
	data: [<nil> clone [] [array2]]
src/main/java/org/apache/commons/lang3/ArrayUtils.java: error: unknown function
	data: [struct(java/lang/System, [], [pointer(reference(java/lang/Object))], []) java/lang/System//arraycopy [] [array2 0 joinedArray len(ensure_not_nil(array1)) len(ensure_not_nil(array2))]]
src/main/java/org/apache/commons/lang3/ArrayUtils.java: error: unknown field
	data: [Byte struct(java/lang/Byte, [], [pointer(reference(java/lang/Object))], []) TYPE]
src/main/java/org/apache/commons/lang3/ArrayUtils.java: error: not a named type
	data: array(reference(T), primitive(int, 32, false), 0)
src/main/java/org/apache/commons/lang3/ArrayUtils.java: error: unknown field
	data: [Float struct(java/lang/Float, [], [pointer(reference(java/lang/Object))], []) TYPE]
src/main/java/org/apache/commons/lang3/ArrayUtils.java: error: unknown function
	data: [struct(java/lang/System, [], [pointer(reference(java/lang/Object))], []) java/lang/System//arraycopy [] [array2 0 joinedArray len(ensure_not_nil(array1)) len(ensure_not_nil(array2))]]
src/main/java/org/apache/commons/lang3/ArrayUtils.java: error: unknown function
	data: [struct(java/lang/System, [], [pointer(reference(java/lang/Object))], []) java/lang/System//arraycopy [] [array2 0 joinedArray len(ensure_not_nil(array1)) len(ensure_not_nil(array2))]]
src/main/java/org/apache/commons/lang3/ArrayUtils.java: error: unknown function
	data: [struct(java/lang/System, [], [pointer(reference(java/lang/Object))], []) java/lang/System//arraycopy [] [array startIndexInclusive subarray 0 newSize]]
src/main/java/org/apache/commons/lang3/ArrayUtils.java: error: unknown function
	data: [<nil> clone [] [array]]
src/main/java/org/apache/commons/lang3/ArrayUtils.java: error: unknown import
	data: java/util/Arrays
src/main/java/org/apache/commons/lang3/ArrayUtils.java: error: unknown function
	data: [struct(java/lang/System, [], [pointer(reference(java/lang/Object))], []) java/lang/System//arraycopy [] [array startIndexInclusive subarray 0 newSize]]
src/main/java/org/apache/commons/lang3/ArrayUtils.java: error: unknown function
	data: [struct(java/lang/System, [], [pointer(reference(java/lang/Object))], []) java/lang/System//arraycopy [] [array2 0 joinedArray len(ensure_not_nil(array1)) len(ensure_not_nil(array2))]]
src/main/java/org/apache/commons/lang3/ArrayUtils.java: error: unknown field
	data: [Short struct(java/lang/Short, [], [pointer(reference(java/lang/Object))], []) TYPE]
src/main/java/org/apache/commons/lang3/ArrayUtils.java: error: unknown function
	data: [pointer(genericInstance(reference(java/lang/Class), [wildcard(, pointer(reference(java/lang/Object)))])) java/lang/Class<descendant of java/lang/Object>//isAssignableFrom [] [type2]]
src/main/java/org/apache/commons/lang3/ArrayUtils.java: error: unknown function
	data: [<nil> copyArrayGrow1 [] [array unsupported]]
src/main/java/org/apache/commons/lang3/ArrayUtils.java: error: unknown function
	data: [<nil> indexOf [] [array element]]
src/main/java/org/apache/commons/lang3/ArrayUtils.java: error: unknown function
	data: [struct(java/lang/System, [], [pointer(reference(java/lang/Object))], []) java/lang/System//arraycopy [] [array startIndexInclusive subarray 0 newSize]]
src/main/java/org/apache/commons/lang3/ArrayUtils.java: error: unknown function
	data: [pointer(reference(java/lang/Object)) java/lang/Object//getClass [] []]
src/main/java/org/apache/commons/lang3/ArrayUtils.java: error: unknown field
	data: [Integer struct(java/lang/Integer, [], [pointer(reference(java/lang/Object))], []) TYPE]
src/main/java/org/apache/commons/lang3/ArrayUtils.java: error: unknown import
	data: java/util/HashMap
src/main/java/org/apache/commons/lang3/ArrayUtils.java: error: unknown function
	data: [<nil> copyArrayGrow1 [] [array unsupported]]
src/main/java/org/apache/commons/lang3/ArrayUtils.java: error: unknown function
	data: [struct(java/lang/System, [], [pointer(reference(java/lang/Object))], []) java/lang/System//arraycopy [] [array1 0 joinedArray 0 len(ensure_not_nil(array1))]]
src/main/java/org/apache/commons/lang3/ArrayUtils.java: internal error: not an array type
	data: struct(java/lang/Object, [], [], [])
src/main/java/org/apache/commons/lang3/ArrayUtils.java: error: unknown import
	data: org/apache/commons/lang3/builder/EqualsBuilder
src/main/java/org/apache/commons/lang3/ArrayUtils.java: error: not a named type
	data: array(pointer(reference(java/lang/Object)), primitive(int, 32, false), 0)
src/main/java/org/apache/commons/lang3/ArrayUtils.java: error: unknown function
	data: [struct(java/lang/System, [], [pointer(reference(java/lang/Object))], []) java/lang/System//arraycopy [] [array1 0 joinedArray 0 len(ensure_not_nil(array1))]]
src/main/java/org/apache/commons/lang3/ArrayUtils.java: error: unknown function
	data: [pointer(genericInstance(reference(java/util/Map//Entry), [wildcard(, pointer(reference(java/lang/Object))), wildcard(, pointer(reference(java/lang/Object)))])) java/util/Map//Entry<descendant of java/lang/Object,descendant of java/lang/Object>//getKey [] []]
src/main/java/org/apache/commons/lang3/ArrayUtils.java: error: not a named type
	data: array(primitive(int, 8, false), primitive(int, 32, false), 0)
src/main/java/org/apache/commons/lang3/ArrayUtils.java: error: unknown function
	data: [struct(java/lang/System, [], [pointer(reference(java/lang/Object))], []) java/lang/System//arraycopy [] [array startIndexInclusive subarray 0 newSize]]
src/main/java/org/apache/commons/lang3/ArrayUtils.java: error: unknown function
	data: [struct(java/lang/System, [], [pointer(reference(java/lang/Object))], []) java/lang/System//arraycopy [] [array1 0 joinedArray 0 len(ensure_not_nil(array1))]]
src/main/java/org/apache/commons/lang3/ArrayUtils.java: error: unknown function
	data: [struct(java/lang/System, [], [pointer(reference(java/lang/Object))], []) java/lang/System//arraycopy [] [array1 0 joinedArray 0 len(ensure_not_nil(array1))]]
src/main/java/org/apache/commons/lang3/ArrayUtils.java: error: unknown field
	data: [Boolean struct(java/lang/Boolean, [], [pointer(reference(java/lang/Object))], []) TYPE]
src/main/java/org/apache/commons/lang3/ArrayUtils.java: error: unknown function
	data: [<nil> add [] [array index call(java/lang/Float//valueOf!0a37bd2ce4b9f5cb8abc17a360491bc5, [element]) unsupported]]
src/main/java/org/apache/commons/lang3/ArrayUtils.java: error: unknown function
	data: [<nil> add [] [array index call(java/lang/Double//valueOf!5bf0b9c067f960fc8e4f1dbf7e8b205e, [element]) unsupported]]
src/main/java/org/apache/commons/lang3/ArrayUtils.java: error: unknown import
	data: org/apache/commons/lang3/builder/ToStringBuilder
src/main/java/org/apache/commons/lang3/ArrayUtils.java: error: not a named type
	data: array(primitive(float, 64, false), primitive(int, 32, false), 0)
src/main/java/org/apache/commons/lang3/ArrayUtils.java: error: not a named type
	data: variadic(array(reference(T), primitive(int, 32, false), 0))
src/main/java/org/apache/commons/lang3/ArrayUtils.java: error: unknown function
	data: [<nil> removeAll [] [array toRemove]]
src/main/java/org/apache/commons/lang3/ArrayUtils.java: error: unknown function
	data: [<nil> copyArrayGrow1 [] [array unsupported]]
src/main/java/org/apache/commons/lang3/ArrayUtils.java: error: unknown function
	data: [<nil> copyArrayGrow1 [] [array unsupported]]
src/main/java/org/apache/commons/lang3/ArrayUtils.java: error: unknown function
	data: [<nil> copyArrayGrow1 [] [array unsupported]]
src/main/java/org/apache/commons/lang3/ArrayUtils.java: error: unknown function
	data: [<nil> add [] [array index call(java/lang/Long//valueOf!feb606741437b3116f99f2412027bc86, [element]) unsupported]]
src/main/java/org/apache/commons/lang3/ArrayUtils.java: error: not a named type
	data: array(reference(T), primitive(int, 32, false), 0)
src/main/java/org/apache/commons/lang3/ArrayUtils.java: error: unknown function
	data: [struct(java/lang/System, [], [pointer(reference(java/lang/Object))], []) java/lang/System//arraycopy [] [array1 0 joinedArray 0 len(ensure_not_nil(array1))]]
src/main/java/org/apache/commons/lang3/ArrayUtils.java: error: not a named type
	data: array(reference(T), primitive(int, 32, false), 0)
src/main/java/org/apache/commons/lang3/ArrayUtils.java: error: unknown function
	data: [<nil> add [] [array index call(java/lang/Character//valueOf!22f368feafe600249c22fbf1c1598d25, [element]) unsupported]]
src/main/java/org/apache/commons/lang3/ArrayUtils.java: error: unknown field
	data: [Byte struct(java/lang/Byte, [], [pointer(reference(java/lang/Object))], []) TYPE]
src/main/java/org/apache/commons/lang3/ArrayUtils.java: error: unknown function
	data: [<nil> remove [] [array index]]
src/main/java/org/apache/commons/lang3/ArrayUtils.java: error: unknown function
	data: [<nil> isEmpty [] [values]]
src/main/java/org/apache/commons/lang3/ArrayUtils.java: error: unknown function
	data: [struct(java/lang/System, [], [pointer(reference(java/lang/Object))], []) java/lang/System//arraycopy [] [array startIndexInclusive subarray 0 newSize]]
src/main/java/org/apache/commons/lang3/ArrayUtils.java: error: unknown field
	data: [Float struct(java/lang/Float, [], [pointer(reference(java/lang/Object))], []) TYPE]
src/main/java/org/apache/commons/lang3/ArrayUtils.java: error: unknown field
	data: [Long struct(java/lang/Long, [], [pointer(reference(java/lang/Object))], []) TYPE]
src/main/java/org/apache/commons/lang3/ArrayUtils.java: error: unknown import
	data: java/lang/reflect/Array
src/main/java/org/apache/commons/lang3/BooleanUtils.java: error: unknown import
	data: org/apache/commons/lang3/math/NumberUtils
src/main/java/org/apache/commons/lang3/CharEncoding.java: error: unknown import
	data: java/nio/charset/Charset
src/main/java/org/apache/commons/lang3/CharEncoding.java: error: unknown import
	data: java/nio/charset/IllegalCharsetNameException
src/main/java/org/apache/commons/lang3/CharRange.java: error: unknown import
	data: java/util/NoSuchElementException
src/main/java/org/apache/commons/lang3/CharRange.java: error: unknown field
	data: [Character struct(java/lang/Character, [], [pointer(reference(java/lang/Object))], []) MAX_VALUE]
src/main/java/org/apache/commons/lang3/CharRange.java: error: unknown field
	data: [Character struct(java/lang/Character, [], [pointer(reference(java/lang/Object))], []) MAX_VALUE]
src/main/java/org/apache/commons/lang3/CharRange.java: error: unknown field
	data: [Character struct(java/lang/Character, [], [pointer(reference(java/lang/Object))], []) MAX_VALUE]
src/main/java/org/apache/commons/lang3/CharRange.java: error: unknown field
	data: [Character struct(java/lang/Character, [], [pointer(reference(java/lang/Object))], []) MAX_VALUE]
src/main/java/org/apache/commons/lang3/CharSequenceUtils.java: error: unknown function
	data: [struct(java/lang/String, [], [pointer(reference(java/lang/Object))], [reference(java/lang/CharSequence)]) java/lang/String//lastIndexOf [] [searchChar start]]
src/main/java/org/apache/commons/lang3/CharSequenceUtils.java: error: unknown function
	data: [struct(java/lang/String, [], [pointer(reference(java/lang/Object))], [reference(java/lang/CharSequence)]) java/lang/String//lastIndexOf [] [call(select(ensure_not_nil(searchChar), toString!d41d8cd98f00b204e9800998ecf8427e), []) start]]
src/main/java/org/apache/commons/lang3/CharSet.java: error: unknown import
	data: java/util/HashSet
src/main/java/org/apache/commons/lang3/CharSet.java: error: unknown import
	data: java/util/Set
src/main/java/org/apache/commons/lang3/CharSet.java: error: an unsupported collection type has been used for this operation
	data: genericInstance(unsupported(java/util/Set), [pointer(reference(org/apache/commons/lang3/CharRange))])
src/main/java/org/apache/commons/lang3/CharSet.java: error: unknown import
	data: java/util/Collections
src/main/java/org/apache/commons/lang3/CharSet.java: error: unknown import
	data: java/util/HashMap
src/main/java/org/apache/commons/lang3/CharUtils.java: error: unknown type
	data: Deprecated
src/main/java/org/apache/commons/lang3/CharUtils.java: internal error: not all elements have the same type
	data: primitive(char, 16, true) vs primitive(int, 32, false)
src/main/java/org/apache/commons/lang3/ClassUtils.java: error: unknown field
	data: [Character struct(java/lang/Character, [], [pointer(reference(java/lang/Object))], []) TYPE]
src/main/java/org/apache/commons/lang3/ClassUtils.java: error: unknown field
	data: [Long struct(java/lang/Long, [], [pointer(reference(java/lang/Object))], []) TYPE]
src/main/java/org/apache/commons/lang3/ClassUtils.java: error: unknown function
	data: [pointer(reference(java/lang/Object)) java/lang/Object//getClass [] []]
src/main/java/org/apache/commons/lang3/ClassUtils.java: error: unknown function
	data: [pointer(genericInstance(reference(java/lang/Class), [wildcard(, pointer(reference(java/lang/Object)))])) java/lang/Class<descendant of java/lang/Object>//getSuperclass [] []]
src/main/java/org/apache/commons/lang3/ClassUtils.java: error: unknown function
	data: [pointer(genericInstance(reference(java/lang/Class), [wildcard(, pointer(reference(java/lang/Object)))])) java/lang/Class<descendant of java/lang/Object>//getInterfaces [] []]
src/main/java/org/apache/commons/lang3/ClassUtils.java: error: unknown function
	data: [<nil> java/util/ArrayList//ArrayList [pointer(genericInstance(reference(java/lang/Class), [wildcard(, pointer(reference(java/lang/Object)))]))] [call(select(ensure_not_nil(classNames), size!d41d8cd98f00b204e9800998ecf8427e), [])]]
src/main/java/org/apache/commons/lang3/ClassUtils.java: error: unknown field
	data: [Integer struct(java/lang/Integer, [], [pointer(reference(java/lang/Object))], []) TYPE]
src/main/java/org/apache/commons/lang3/ClassUtils.java: error: unknown function
	data: [struct(java/lang/Object, [], [], []) java/lang/Object//getClass [] []]
src/main/java/org/apache/commons/lang3/ClassUtils.java: error: unknown import
	data: java/util/LinkedHashSet
src/main/java/org/apache/commons/lang3/ClassUtils.java: error: unknown field
	data: [Byte struct(java/lang/Byte, [], [pointer(reference(java/lang/Object))], []) TYPE]
src/main/java/org/apache/commons/lang3/ClassUtils.java: error: unknown field
	data: [Double struct(java/lang/Double, [], [pointer(reference(java/lang/Object))], []) TYPE]
src/main/java/org/apache/commons/lang3/ClassUtils.java: error: unknown field
	data: [Character struct(java/lang/Character, [], [pointer(reference(java/lang/Object))], []) TYPE]
src/main/java/org/apache/commons/lang3/ClassUtils.java: error: unknown field
	data: [Float struct(java/lang/Float, [], [pointer(reference(java/lang/Object))], []) TYPE]
src/main/java/org/apache/commons/lang3/ClassUtils.java: error: unknown field
	data: [Integer struct(java/lang/Integer, [], [pointer(reference(java/lang/Object))], []) TYPE]
src/main/java/org/apache/commons/lang3/ClassUtils.java: error: unknown field
	data: [Double struct(java/lang/Double, [], [pointer(reference(java/lang/Object))], []) TYPE]
src/main/java/org/apache/commons/lang3/ClassUtils.java: error: unknown field
	data: [Boolean struct(java/lang/Boolean, [], [pointer(reference(java/lang/Object))], []) TYPE]
src/main/java/org/apache/commons/lang3/ClassUtils.java: error: unknown function
	data: [pointer(genericInstance(reference(java/lang/Class), [wildcard(, pointer(reference(java/lang/Object)))])) java/lang/Class<descendant of java/lang/Object>//getSuperclass [] []]
src/main/java/org/apache/commons/lang3/ClassUtils.java: error: unknown field
	data: [Long struct(java/lang/Long, [], [pointer(reference(java/lang/Object))], []) TYPE]
src/main/java/org/apache/commons/lang3/ClassUtils.java: error: unknown function
	data: [pointer(genericInstance(reference(java/util/Map), [pointer(genericInstance(reference(java/lang/Class), [wildcard(, pointer(reference(java/lang/Object)))])), pointer(genericInstance(reference(java/lang/Class), [wildcard(, pointer(reference(java/lang/Object)))]))])) java/util/Map<java/lang/Class<descendant of java/lang/Object>,java/lang/Class<descendant of java/lang/Object>>//keySet [] []]
src/main/java/org/apache/commons/lang3/ClassUtils.java: error: unknown field
	data: [Long struct(java/lang/Long, [], [pointer(reference(java/lang/Object))], []) TYPE]
src/main/java/org/apache/commons/lang3/ClassUtils.java: error: unknown field
	data: [Integer struct(java/lang/Integer, [], [pointer(reference(java/lang/Object))], []) TYPE]
src/main/java/org/apache/commons/lang3/ClassUtils.java: error: unknown function
	data: [pointer(genericInstance(reference(java/lang/Class), [wildcard(, pointer(reference(java/lang/Object)))])) java/lang/Class<descendant of java/lang/Object>//isPrimitive [] []]
src/main/java/org/apache/commons/lang3/ClassUtils.java: error: unknown field
	data: [Float struct(java/lang/Float, [], [pointer(reference(java/lang/Object))], []) TYPE]
src/main/java/org/apache/commons/lang3/ClassUtils.java: error: unknown field
	data: [Double struct(java/lang/Double, [], [pointer(reference(java/lang/Object))], []) TYPE]
src/main/java/org/apache/commons/lang3/ClassUtils.java: error: unknown function
	data: [pointer(genericInstance(reference(java/lang/Class), [wildcard(, pointer(reference(java/lang/Object)))])) java/lang/Class<descendant of java/lang/Object>//getMethod [] [methodName parameterTypes]]
src/main/java/org/apache/commons/lang3/ClassUtils.java: error: unknown function
	data: [struct(org/apache/commons/lang3/ArrayUtils, [], [pointer(reference(java/lang/Object))], []) org/apache/commons/lang3/ArrayUtils//toString [] [parameterTypes]]
src/main/java/org/apache/commons/lang3/ClassUtils.java: error: unknown import
	data: java/util/HashMap
src/main/java/org/apache/commons/lang3/ClassUtils.java: error: unknown identifier
	data: Void
src/main/java/org/apache/commons/lang3/ClassUtils.java: error: unknown function
	data: [<nil> java/util/ArrayList//ArrayList [pointer(genericInstance(reference(java/lang/Class), [wildcard(, pointer(reference(java/lang/Object)))]))] [interfacesFound]]
src/main/java/org/apache/commons/lang3/ClassUtils.java: error: unknown function
	data: [pointer(genericInstance(reference(java/lang/Class), [wildcard(, pointer(reference(java/lang/Object)))])) java/lang/Class<descendant of java/lang/Object>//getModifiers [] []]
src/main/java/org/apache/commons/lang3/ClassUtils.java: error: unknown field
	data: [Integer struct(java/lang/Integer, [], [pointer(reference(java/lang/Object))], []) TYPE]
src/main/java/org/apache/commons/lang3/ClassUtils.java: error: unknown field
	data: [Double struct(java/lang/Double, [], [pointer(reference(java/lang/Object))], []) TYPE]
src/main/java/org/apache/commons/lang3/ClassUtils.java: error: unknown field
	data: [Float struct(java/lang/Float, [], [pointer(reference(java/lang/Object))], []) TYPE]
src/main/java/org/apache/commons/lang3/ClassUtils.java: error: unknown function
	data: [struct(java/lang/Class, [], [pointer(reference(java/lang/Object))], []) java/lang/Class//forName [] [call(org/apache/commons/lang3/ClassUtils//toCanonicalName!efbb7192f0412fb225b1065a0117385c, [className]) initialize classLoader]]
src/main/java/org/apache/commons/lang3/ClassUtils.java: error: unknown import
	data: java/util/HashSet
src/main/java/org/apache/commons/lang3/ClassUtils.java: error: unknown field
	data: [Double struct(java/lang/Double, [], [pointer(reference(java/lang/Object))], []) TYPE]
src/main/java/org/apache/commons/lang3/ClassUtils.java: error: unknown field
	data: [Double struct(java/lang/Double, [], [pointer(reference(java/lang/Object))], []) TYPE]
src/main/java/org/apache/commons/lang3/ClassUtils.java: error: unknown field
	data: [Byte struct(java/lang/Byte, [], [pointer(reference(java/lang/Object))], []) TYPE]
src/main/java/org/apache/commons/lang3/ClassUtils.java: error: unknown field
	data: [Long struct(java/lang/Long, [], [pointer(reference(java/lang/Object))], []) TYPE]
src/main/java/org/apache/commons/lang3/ClassUtils.java: error: unknown field
	data: [Short struct(java/lang/Short, [], [pointer(reference(java/lang/Object))], []) TYPE]
src/main/java/org/apache/commons/lang3/ClassUtils.java: error: unknown function
	data: [pointer(genericInstance(reference(java/lang/Class), [wildcard(, pointer(reference(java/lang/Object)))])) java/lang/Class<descendant of java/lang/Object>//getEnclosingClass [] []]
src/main/java/org/apache/commons/lang3/ClassUtils.java: error: unknown field
	data: [Float struct(java/lang/Float, [], [pointer(reference(java/lang/Object))], []) TYPE]
src/main/java/org/apache/commons/lang3/ClassUtils.java: error: unknown field
	data: [Double struct(java/lang/Double, [], [pointer(reference(java/lang/Object))], []) TYPE]
src/main/java/org/apache/commons/lang3/ClassUtils.java: error: unknown function
	data: [pointer(genericInstance(reference(java/lang/Class), [wildcard(, pointer(reference(java/lang/Object)))])) java/lang/Class<descendant of java/lang/Object>//isAssignableFrom [] [cls]]
src/main/java/org/apache/commons/lang3/ClassUtils.java: error: unknown function
	data: [pointer(genericInstance(reference(java/lang/Class), [wildcard(, pointer(reference(java/lang/Object)))])) java/lang/Class<descendant of java/lang/Object>//isPrimitive [] []]
src/main/java/org/apache/commons/lang3/ClassUtils.java: error: unknown import
	data: java/lang/reflect/Modifier
src/main/java/org/apache/commons/lang3/ClassUtils.java: error: unknown field
	data: [Short struct(java/lang/Short, [], [pointer(reference(java/lang/Object))], []) TYPE]
src/main/java/org/apache/commons/lang3/ClassUtils.java: error: unknown function
	data: [pointer(genericInstance(reference(java/lang/Class), [wildcard(, pointer(reference(java/lang/Object)))])) java/lang/Class<descendant of java/lang/Object>//getSuperclass [] []]
src/main/java/org/apache/commons/lang3/ClassUtils.java: error: unknown identifier
	data: interfacesFound
src/main/java/org/apache/commons/lang3/ClassUtils.java: error: unknown function
	data: [pointer(genericInstance(reference(java/lang/Class), [wildcard(, pointer(reference(java/lang/Object)))])) java/lang/Class<descendant of java/lang/Object>//isPrimitive [] []]
src/main/java/org/apache/commons/lang3/ClassUtils.java: error: unknown field
	data: [Integer struct(java/lang/Integer, [], [pointer(reference(java/lang/Object))], []) TYPE]
src/main/java/org/apache/commons/lang3/ClassUtils.java: error: unknown field
	data: [Long struct(java/lang/Long, [], [pointer(reference(java/lang/Object))], []) TYPE]
src/main/java/org/apache/commons/lang3/ClassUtils.java: error: unknown function
	data: [struct(java/lang/Class, [], [pointer(reference(java/lang/Object))], []) java/lang/Class//forName [] [clsName initialize classLoader]]
src/main/java/org/apache/commons/lang3/ClassUtils.java: error: unknown function
	data: [struct(java/lang/Class, [], [pointer(reference(java/lang/Object))], []) java/lang/Class//forName [] [className]]
src/main/java/org/apache/commons/lang3/ClassUtils.java: error: unknown field
	data: [Short struct(java/lang/Short, [], [pointer(reference(java/lang/Object))], []) TYPE]
src/main/java/org/apache/commons/lang3/ClassUtils.java: error: unknown function
	data: [pointer(genericInstance(reference(java/util/List), [pointer(genericInstance(reference(java/lang/Class), [wildcard(, pointer(reference(java/lang/Object)))]))])) java/util/List<java/lang/Class<descendant of java/lang/Object>>//addAll [] [call(org/apache/commons/lang3/ClassUtils//getAllInterfaces!5a065a63ea68e7f2ca0df36b62fe3e49, [cls])]]
src/main/java/org/apache/commons/lang3/ClassUtils.java: error: unknown function
	data: [pointer(genericInstance(reference(java/util/List), [pointer(genericInstance(reference(java/lang/Class), [wildcard(, pointer(reference(java/lang/Object)))]))])) java/util/List<java/lang/Class<descendant of java/lang/Object>>//addAll [] [call(org/apache/commons/lang3/ClassUtils//getAllSuperclasses!5a065a63ea68e7f2ca0df36b62fe3e49, [cls])]]
src/main/java/org/apache/commons/lang3/ClassUtils.java: error: unknown function
	data: [pointer(genericInstance(reference(java/lang/Class), [wildcard(, pointer(reference(java/lang/Object)))])) java/lang/Class<descendant of java/lang/Object>//isPrimitive [] []]
src/main/java/org/apache/commons/lang3/ClassUtils.java: error: unknown field
	data: [Float struct(java/lang/Float, [], [pointer(reference(java/lang/Object))], []) TYPE]
src/main/java/org/apache/commons/lang3/ClassUtils.java: error: unknown field
	data: [Long struct(java/lang/Long, [], [pointer(reference(java/lang/Object))], []) TYPE]
src/main/java/org/apache/commons/lang3/ClassUtils.java: error: unknown field
	data: [Float struct(java/lang/Float, [], [pointer(reference(java/lang/Object))], []) TYPE]
src/main/java/org/apache/commons/lang3/ClassUtils.java: error: unknown import
	data: java/lang/reflect/Method
src/main/java/org/apache/commons/lang3/ClassUtils.java: error: unknown field
	data: [Float struct(java/lang/Float, [], [pointer(reference(java/lang/Object))], []) TYPE]
src/main/java/org/apache/commons/lang3/ClassUtils.java: error: unknown type
	data: ClassLoader
src/main/java/org/apache/commons/lang3/ClassUtils.java: error: unknown function
	data: [<nil> java/util/ArrayList//ArrayList [pointer(reference(java/lang/String))] [call(select(ensure_not_nil(classes), size!d41d8cd98f00b204e9800998ecf8427e), [])]]
src/main/java/org/apache/commons/lang3/ClassUtils.java: error: unknown field
	data: [Boolean struct(java/lang/Boolean, [], [pointer(reference(java/lang/Object))], []) TYPE]
src/main/java/org/apache/commons/lang3/ClassUtils.java: error: unknown field
	data: [Double struct(java/lang/Double, [], [pointer(reference(java/lang/Object))], []) TYPE]
src/main/java/org/apache/commons/lang3/Conversion.java: error: unknown function
	data: [pointer(reference(java/lang/StringBuilder)) java/lang/StringBuilder//setCharAt [] [+(dstPos, i) call(org/apache/commons/lang3/Conversion//intToHexDigit!82a13d2b9378b45b5451d30242dc1218, [bits])]]
src/main/java/org/apache/commons/lang3/Conversion.java: error: unknown import
	data: java/util/UUID
src/main/java/org/apache/commons/lang3/Conversion.java: error: unknown function
	data: [struct(java/lang/System, [], [pointer(reference(java/lang/Object))], []) java/lang/System//arraycopy [] [src -(+(beSrcPos, 1), srcLen) paddedSrc -(4, srcLen) srcLen]]
src/main/java/org/apache/commons/lang3/Conversion.java: error: unknown field
	data: [Character struct(java/lang/Character, [], [pointer(reference(java/lang/Object))], []) MIN_VALUE]
src/main/java/org/apache/commons/lang3/Conversion.java: error: unknown function
	data: [pointer(reference(java/lang/StringBuilder)) java/lang/StringBuilder//setCharAt [] [+(dstPos, i) call(org/apache/commons/lang3/Conversion//intToHexDigit!82a13d2b9378b45b5451d30242dc1218, [bits])]]
src/main/java/org/apache/commons/lang3/Conversion.java: error: unknown function
	data: [pointer(reference(java/lang/StringBuilder)) java/lang/StringBuilder//setCharAt [] [+(dstPos, i) call(org/apache/commons/lang3/Conversion//intToHexDigit!82a13d2b9378b45b5451d30242dc1218, [bits])]]
src/main/java/org/apache/commons/lang3/Conversion.java: error: unknown function
	data: [pointer(reference(java/lang/StringBuilder)) java/lang/StringBuilder//setCharAt [] [+(dstPos, i) call(org/apache/commons/lang3/Conversion//intToHexDigit!82a13d2b9378b45b5451d30242dc1218, [bits])]]
src/main/java/org/apache/commons/lang3/EnumUtils.java: error: unknown function
	data: [pointer(genericInstance(reference(java/lang/Class), [reference(E)])) java/lang/Class<E>//getEnumConstants [] []]
src/main/java/org/apache/commons/lang3/EnumUtils.java: error: unknown function
	data: [pointer(genericInstance(reference(java/lang/Class), [reference(E)])) java/lang/Class<E>//getEnumConstants [] []]
src/main/java/org/apache/commons/lang3/EnumUtils.java: error: unknown function
	data: [<nil> asEnum [] [enumClass]]
src/main/java/org/apache/commons/lang3/EnumUtils.java: error: unknown function
	data: [<nil> processBitVectors [] [enumClass value]]
src/main/java/org/apache/commons/lang3/EnumUtils.java: error: unknown function
	data: [pointer(genericInstance(reference(java/lang/Class), [reference(E)])) java/lang/Class<E>//getEnumConstants [] []]
src/main/java/org/apache/commons/lang3/EnumUtils.java: error: unknown function
	data: [<nil> checkBitVectorable [] [enumClass]]
src/main/java/org/apache/commons/lang3/EnumUtils.java: error: an unsupported collection type has been used for this operation
	data: genericInstance(unsupported(java/util/EnumSet), [genericParameter(E, [pointer(genericInstance(reference(java/lang/Enum), [reference(E)]))])])
src/main/java/org/apache/commons/lang3/EnumUtils.java: internal error: expression does not have the same type as the targeted index type
	data: make(array(primitive(int, 64, false), primitive(int, 32, false), 0), +(/(-(unsupported, 1), java/lang/Long//SIZE), 1))
src/main/java/org/apache/commons/lang3/EnumUtils.java: error: unknown function
	data: [struct(org/apache/commons/lang3/Validate, [], [pointer(reference(java/lang/Object))], []) org/apache/commons/lang3/Validate//noNullElements [] [values]]
src/main/java/org/apache/commons/lang3/EnumUtils.java: error: unknown function
	data: [<nil> asEnum [] [enumClass]]
src/main/java/org/apache/commons/lang3/EnumUtils.java: error: an unsupported collection type has been used for this operation
	data: genericInstance(unsupported(java/util/EnumSet), [genericParameter(E, [pointer(genericInstance(reference(java/lang/Enum), [reference(E)]))])])
src/main/java/org/apache/commons/lang3/EnumUtils.java: error: unknown function
	data: [<nil> asEnum [] [enumClass]]
src/main/java/org/apache/commons/lang3/EnumUtils.java: error: unknown function
	data: [<nil> java/util/ArrayList//ArrayList [reference(E)] [unsupported]]
src/main/java/org/apache/commons/lang3/EnumUtils.java: error: an unsupported collection type has been used for this operation
	data: pointer(genericInstance(reference(java/lang/Iterable), [genericParameter(E, [pointer(genericInstance(reference(java/lang/Enum), [reference(E)]))])]))
src/main/java/org/apache/commons/lang3/EnumUtils.java: error: an unsupported collection type has been used for this operation
	data: pointer(genericInstance(reference(java/lang/Iterable), [genericParameter(E, [pointer(genericInstance(reference(java/lang/Enum), [reference(E)]))])]))
src/main/java/org/apache/commons/lang3/EnumUtils.java: internal error: expression does not have the same type as the targeted index type
	data: make(array(primitive(int, 64, false), primitive(int, 32, false), 0), +(/(-(unsupported, 1), java/lang/Long//SIZE), 1))
src/main/java/org/apache/commons/lang3/EnumUtils.java: error: unknown function
	data: [struct(java/lang/Enum, [], [pointer(reference(java/lang/Object))], []) java/lang/Enum//valueOf [] [enumClass enumName]]
src/main/java/org/apache/commons/lang3/EnumUtils.java: error: unknown function
	data: [pointer(genericInstance(reference(java/lang/Class), [reference(E)])) java/lang/Class<E>//isEnum [] []]
src/main/java/org/apache/commons/lang3/EnumUtils.java: error: unknown import
	data: java/util/Collections
src/main/java/org/apache/commons/lang3/EnumUtils.java: error: unknown function
	data: [pointer(genericInstance(reference(java/lang/Class), [reference(E)])) java/lang/Class<E>//getEnumConstants [] []]
src/main/java/org/apache/commons/lang3/EnumUtils.java: error: unknown function
	data: [<nil> checkBitVectorable [] [enumClass]]
src/main/java/org/apache/commons/lang3/EnumUtils.java: error: unknown function
	data: [struct(org/apache/commons/lang3/Validate, [], [pointer(reference(java/lang/Object))], []) org/apache/commons/lang3/Validate//notNull [] [values]]
src/main/java/org/apache/commons/lang3/EnumUtils.java: error: unknown function
	data: [struct(java/lang/Enum, [], [pointer(reference(java/lang/Object))], []) java/lang/Enum//valueOf [] [enumClass enumName]]
src/main/java/org/apache/commons/lang3/EnumUtils.java: error: unknown function
	data: [pointer(genericInstance(reference(java/lang/Class), [reference(E)])) java/lang/Class<E>//getEnumConstants [] []]
src/main/java/org/apache/commons/lang3/EnumUtils.java: error: unknown import
	data: java/util/Arrays
src/main/java/org/apache/commons/lang3/EnumUtils.java: error: unknown import
	data: java/util/EnumSet
src/main/java/org/apache/commons/lang3/EnumUtils.java: error: unknown import
	data: java/util/LinkedHashMap
src/main/java/org/apache/commons/lang3/EnumUtils.java: error: unknown function
	data: [<nil> generateBitVector [] [enumClass unsupported]]
src/main/java/org/apache/commons/lang3/EnumUtils.java: error: unknown function
	data: [struct(org/apache/commons/lang3/Validate, [], [pointer(reference(java/lang/Object))], []) org/apache/commons/lang3/Validate//noNullElements [] [values]]
src/main/java/org/apache/commons/lang3/EnumUtils.java: error: unknown function
	data: [<nil> asEnum [] [enumClass]]
src/main/java/org/apache/commons/lang3/JavaVersion.java: error: unknown function
	data: [struct(java/lang/System, [], [pointer(reference(java/lang/Object))], []) java/lang/System//getProperty [] ["java.version" "2.0"]]
src/main/java/org/apache/commons/lang3/LocaleUtils.java: error: unknown import
	data: java/util/Arrays
src/main/java/org/apache/commons/lang3/LocaleUtils.java: error: unknown import
	data: java/util/Collections
src/main/java/org/apache/commons/lang3/LocaleUtils.java: error: unknown import
	data: java/util/Set
src/main/java/org/apache/commons/lang3/LocaleUtils.java: error: unknown function
	data: [<nil> java/util/ArrayList//ArrayList [unsupported(java/util/Locale)] [4]]
src/main/java/org/apache/commons/lang3/LocaleUtils.java: unsupported: unsupported AST node
	data: genericInstance(unsupported(java/util/concurrent/ConcurrentMap), [pointer(reference(java/lang/String)), pointer(genericInstance(reference(java/util/List), [unsupported(java/util/Locale)]))])
src/main/java/org/apache/commons/lang3/LocaleUtils.java: unsupported: unsupported AST node
	data: genericInstance(unsupported(java/util/concurrent/ConcurrentMap), [pointer(reference(java/lang/String)), pointer(genericInstance(reference(java/util/List), [unsupported(java/util/Locale)]))])
src/main/java/org/apache/commons/lang3/LocaleUtils.java: error: unknown import
	data: java/util/HashSet
src/main/java/org/apache/commons/lang3/LocaleUtils.java: error: unknown import
	data: java/util/Locale
src/main/java/org/apache/commons/lang3/LocaleUtils.java: error: unknown import
	data: java/util/concurrent/ConcurrentHashMap
src/main/java/org/apache/commons/lang3/LocaleUtils.java: error: unknown import
	data: java/util/concurrent/ConcurrentMap
src/main/java/org/apache/commons/lang3/LocaleUtils.java: unsupported: encountered an unsupported type
	data: unsupported(java/util/concurrent/ConcurrentMap)
src/main/java/org/apache/commons/lang3/LocaleUtils.java: error: unknown function
	data: [<nil> java/util/ArrayList//ArrayList [unsupported(java/util/Locale)] [unsupported]]
src/main/java/org/apache/commons/lang3/ObjectUtils.java: error: unknown field
	data: [Byte struct(java/lang/Byte, [], [pointer(reference(java/lang/Object))], []) MAX_VALUE]
src/main/java/org/apache/commons/lang3/ObjectUtils.java: error: unknown import
	data: org/apache/commons/lang3/exception/CloneFailedException
src/main/java/org/apache/commons/lang3/ObjectUtils.java: error: unknown import
	data: org/apache/commons/lang3/mutable/MutableInt
src/main/java/org/apache/commons/lang3/ObjectUtils.java: error: unknown function
	data: [<nil> compare [] [c1 c2 false]]
src/main/java/org/apache/commons/lang3/ObjectUtils.java: error: unknown function
	data: [struct(org/apache/commons/lang3/Validate, [], [pointer(reference(java/lang/Object))], []) org/apache/commons/lang3/Validate//notEmpty [] [items]]
src/main/java/org/apache/commons/lang3/ObjectUtils.java: error: not a named type
	data: array(pointer(reference(java/lang/Object)), primitive(int, 32, false), 0)
src/main/java/org/apache/commons/lang3/ObjectUtils.java: error: unknown field
	data: [Byte struct(java/lang/Byte, [], [pointer(reference(java/lang/Object))], []) MIN_VALUE]
src/main/java/org/apache/commons/lang3/ObjectUtils.java: error: unknown import
	data: java/lang/reflect/Method
src/main/java/org/apache/commons/lang3/ObjectUtils.java: error: unknown function
	data: [pointer(genericInstance(reference(java/lang/Class), [wildcard(, pointer(reference(java/lang/Object)))])) java/lang/Class<descendant of java/lang/Object>//isPrimitive [] []]
src/main/java/org/apache/commons/lang3/ObjectUtils.java: error: unknown field
	data: [Short struct(java/lang/Short, [], [pointer(reference(java/lang/Object))], []) MIN_VALUE]
src/main/java/org/apache/commons/lang3/ObjectUtils.java: error: unknown import
	data: java/util/HashMap
src/main/java/org/apache/commons/lang3/ObjectUtils.java: error: unknown import
	data: java/util/TreeSet
src/main/java/org/apache/commons/lang3/ObjectUtils.java: error: unknown function
	data: [struct(org/apache/commons/lang3/Validate, [], [pointer(reference(java/lang/Object))], []) org/apache/commons/lang3/Validate//noNullElements [] [items]]
src/main/java/org/apache/commons/lang3/ObjectUtils.java: error: unknown import
	data: java/lang/reflect/Array
src/main/java/org/apache/commons/lang3/ObjectUtils.java: error: unknown function
	data: [pointer(reference(java/lang/Object)) java/lang/Object//getClass [] []]
src/main/java/org/apache/commons/lang3/ObjectUtils.java: error: unknown function
	data: [pointer(reference(java/lang/StringBuffer)) java/lang/StringBuffer//append [] [unsupported]]
src/main/java/org/apache/commons/lang3/ObjectUtils.java: error: unknown function
	data: [<nil> compare [] [value result true]]
src/main/java/org/apache/commons/lang3/ObjectUtils.java: error: unknown field
	data: [Short struct(java/lang/Short, [], [pointer(reference(java/lang/Object))], []) MAX_VALUE]
src/main/java/org/apache/commons/lang3/ObjectUtils.java: error: unknown import
	data: java/lang/reflect/InvocationTargetException
src/main/java/org/apache/commons/lang3/ObjectUtils.java: error: unknown import
	data: java/util/Collections
src/main/java/org/apache/commons/lang3/ObjectUtils.java: error: unknown function
	data: [<nil> compare [] [value result false]]
src/main/java/org/apache/commons/lang3/ObjectUtils.java: error: unknown function
	data: [struct(org/apache/commons/lang3/Validate, [], [pointer(reference(java/lang/Object))], []) org/apache/commons/lang3/Validate//noNullElements [] [items]]
src/main/java/org/apache/commons/lang3/ObjectUtils.java: error: unknown function
	data: [struct(org/apache/commons/lang3/Validate, [], [pointer(reference(java/lang/Object))], []) org/apache/commons/lang3/Validate//notEmpty [] [items "null/empty items"]]
src/main/java/org/apache/commons/lang3/ObjectUtils.java: error: unknown function
	data: [struct(java/lang/System, [], [pointer(reference(java/lang/Object))], []) java/lang/System//identityHashCode [] [object]]
src/main/java/org/apache/commons/lang3/ObjectUtils.java: error: unknown function
	data: [struct(org/apache/commons/lang3/ArrayUtils, [], [pointer(reference(java/lang/Object))], []) org/apache/commons/lang3/ArrayUtils//isNotEmpty [] [items]]
src/main/java/org/apache/commons/lang3/ObjectUtils.java: error: unknown function
	data: [<nil> clone [] [obj]]
src/main/java/org/apache/commons/lang3/RandomStringUtils.java: error: unknown function
	data: [pointer(reference(java/util/Random)) java/util/Random//nextInt [] [128]]
src/main/java/org/apache/commons/lang3/RandomStringUtils.java: error: unknown function
	data: [pointer(reference(java/util/Random)) java/util/Random//nextInt [] [gap]]
src/main/java/org/apache/commons/lang3/RandomStringUtils.java: error: unknown function
	data: [pointer(reference(java/util/Random)) java/util/Random//nextInt [] [gap]]
src/main/java/org/apache/commons/lang3/RandomStringUtils.java: error: unknown function
	data: [pointer(reference(java/util/Random)) java/util/Random//nextInt [] [128]]
src/main/java/org/apache/commons/lang3/Range.java: error: unknown function
	data: [<nil> java/lang/IllegalArgumentException//IllegalArgumentException [] [+(unsupported, element2)]]
src/main/java/org/apache/commons/lang3/Range.java: error: unknown type
	data: SuppressWarnings
src/main/java/org/apache/commons/lang3/Range.java: error: unknown function
	data: [pointer(reference(java/lang/StringBuilder)) java/lang/StringBuilder//append [] [select(this, maximum)]]
src/main/java/org/apache/commons/lang3/Range.java: error: unknown function
	data: [<nil> between [] [element element nil]]
src/main/java/org/apache/commons/lang3/Range.java: error: unknown function
	data: [<nil> getClass [] []]
src/main/java/org/apache/commons/lang3/Range.java: error: unknown function
	data: [pointer(reference(java/lang/StringBuilder)) java/lang/StringBuilder//append [] [select(this, minimum)]]
src/main/java/org/apache/commons/lang3/Range.java: error: unknown function
	data: [struct(java/lang/String, [], [pointer(reference(java/lang/Object))], [reference(java/lang/CharSequence)]) java/lang/String//format [] [format select(this, minimum) select(this, maximum) select(this, comparator)]]
src/main/java/org/apache/commons/lang3/Range.java: error: unknown function
	data: [<nil> between [] [fromInclusive toInclusive nil]]
src/main/java/org/apache/commons/lang3/Range.java: error: unknown function
	data: [<nil> between [] [min max call(select(this, getComparator!d41d8cd98f00b204e9800998ecf8427e), [])]]
src/main/java/org/apache/commons/lang3/Range.java: error: unknown function
	data: [pointer(reference(java/lang/Object)) java/lang/Object//getClass [] []]
src/main/java/org/apache/commons/lang3/Range.java: error: unknown function
	data: [<nil> between [] [element element comparator]]
src/main/java/org/apache/commons/lang3/SerializationUtils.java: error: unknown type
	data: SuppressWarnings
src/main/java/org/apache/commons/lang3/SerializationUtils.java: error: unknown function
	data: [<nil> java/io/ObjectOutputStream//ObjectOutputStream [] [outputStream]]
src/main/java/org/apache/commons/lang3/SerializationUtils.java: error: unknown function
	data: [pointer(reference(java/io/ObjectOutputStream)) java/io/ObjectOutputStream//close [] []]
src/main/java/org/apache/commons/lang3/SerializationUtils.java: error: unknown function
	data: [struct(java/lang/Class, [], [pointer(reference(java/lang/Object))], []) java/lang/Class//forName [] [name false select(this, classLoader)]]
src/main/java/org/apache/commons/lang3/SerializationUtils.java: error: unknown field
	data: [this struct(org/apache/commons/lang3/SerializationUtils//ClassLoaderAwareObjectInputStream, [], [pointer(reference(java/io/ObjectInputStream))], []) Thread]
src/main/java/org/apache/commons/lang3/SerializationUtils.java: error: unknown import
	data: java/io/ByteArrayOutputStream
src/main/java/org/apache/commons/lang3/SerializationUtils.java: error: unknown function
	data: [pointer(reference(org/apache/commons/lang3/SerializationUtils//ClassLoaderAwareObjectInputStream)) org/apache/commons/lang3/SerializationUtils//ClassLoaderAwareObjectInputStream//close [] []]
src/main/java/org/apache/commons/lang3/SerializationUtils.java: error: unknown function
	data: [struct(java/io/ObjectInputStream, [], [pointer(reference(java/lang/Object))], []) java/io/ObjectInputStream//@@constructor [] [in]]
src/main/java/org/apache/commons/lang3/SerializationUtils.java: internal error: missing return statement
	data: function(<nil>, org/apache/commons/lang3/SerializationUtils//deserialize!56db1467142e508511a168a2d9f1bdde, [variable(inputStream, pointer(reference(java/io/InputStream)))], [variable(, reference(T))], block([unsupported]))
src/main/java/org/apache/commons/lang3/SerializationUtils.java: error: unknown import
	data: java/io/ObjectStreamClass
src/main/java/org/apache/commons/lang3/SerializationUtils.java: error: unknown function
	data: [pointer(reference(java/io/ObjectOutputStream)) java/io/ObjectOutputStream//writeObject [] [obj]]
src/main/java/org/apache/commons/lang3/SerializationUtils.java: error: unknown function
	data: [<nil> java/io/ObjectInputStream//ObjectInputStream [] [inputStream]]
src/main/java/org/apache/commons/lang3/SerializationUtils.java: error: unknown import
	data: java/io/ByteArrayInputStream
src/main/java/org/apache/commons/lang3/SerializationUtils.java: error: unknown import
	data: java/util/HashMap
src/main/java/org/apache/commons/lang3/SerializationUtils.java: error: unknown type
	data: ClassLoader
src/main/java/org/apache/commons/lang3/SerializationUtils.java: error: unknown function
	data: [pointer(reference(java/io/ObjectInputStream)) java/io/ObjectInputStream//readObject [] []]
src/main/java/org/apache/commons/lang3/SerializationUtils.java: error: unknown function
	data: [struct(java/lang/Class, [], [pointer(reference(java/lang/Object))], []) java/lang/Class//forName [] [name false unsupported]]
src/main/java/org/apache/commons/lang3/SerializationUtils.java: error: unknown function
	data: [<nil> serialize [] [object]]
src/main/java/org/apache/commons/lang3/SerializationUtils.java: error: unknown function
	data: [pointer(reference(org/apache/commons/lang3/SerializationUtils//ClassLoaderAwareObjectInputStream)) org/apache/commons/lang3/SerializationUtils//ClassLoaderAwareObjectInputStream//readObject [] []]
src/main/java/org/apache/commons/lang3/SerializationUtils.java: error: unknown function
	data: [pointer(reference(java/io/ObjectInputStream)) java/io/ObjectInputStream//close [] []]
src/main/java/org/apache/commons/lang3/StringEscapeUtils.java: error: unknown import
	data: java/io/Writer
src/main/java/org/apache/commons/lang3/StringEscapeUtils.java: error: unknown import
	data: org/apache/commons/lang3/text/translate/EntityArrays
src/main/java/org/apache/commons/lang3/StringEscapeUtils.java: error: unknown import
	data: org/apache/commons/lang3/text/translate/JavaUnicodeEscaper
src/main/java/org/apache/commons/lang3/StringEscapeUtils.java: error: unknown import
	data: org/apache/commons/lang3/text/translate/LookupTranslator
src/main/java/org/apache/commons/lang3/StringEscapeUtils.java: error: unknown import
	data: org/apache/commons/lang3/text/translate/NumericEntityUnescaper
src/main/java/org/apache/commons/lang3/StringEscapeUtils.java: error: unknown import
	data: org/apache/commons/lang3/text/translate/AggregateTranslator
src/main/java/org/apache/commons/lang3/StringEscapeUtils.java: error: unknown import
	data: org/apache/commons/lang3/text/translate/CharSequenceTranslator
src/main/java/org/apache/commons/lang3/StringEscapeUtils.java: error: unknown import
	data: org/apache/commons/lang3/text/translate/OctalUnescaper
src/main/java/org/apache/commons/lang3/StringEscapeUtils.java: error: unknown import
	data: org/apache/commons/lang3/text/translate/UnicodeUnescaper
src/main/java/org/apache/commons/lang3/StringUtils.java: error: unknown type
	data: Deprecated
src/main/java/org/apache/commons/lang3/StringUtils.java: error: unknown function
	data: [pointer(reference(java/lang/StringBuilder)) java/lang/StringBuilder//append [] [index(array, i)]]
src/main/java/org/apache/commons/lang3/StringUtils.java: error: unknown function
	data: [pointer(reference(java/lang/StringBuilder)) java/lang/StringBuilder//append [] [obj]]
src/main/java/org/apache/commons/lang3/StringUtils.java: internal error: not an array type
	data: genericInstance(reference(java/util/Iterator), [wildcard(, pointer(reference(java/lang/Object)))])
src/main/java/org/apache/commons/lang3/StringUtils.java: error: unknown function
	data: [struct(org/apache/commons/lang3/StringUtils, [], [pointer(reference(java/lang/Object))], []) org/apache/commons/lang3/StringUtils//isBlank [] [str]]
src/main/java/org/apache/commons/lang3/StringUtils.java: error: unknown import
	data: java/util/Arrays
src/main/java/org/apache/commons/lang3/StringUtils.java: error: unknown function
	data: [pointer(reference(java/lang/StringBuilder)) java/lang/StringBuilder//append [] [obj]]
src/main/java/org/apache/commons/lang3/StringUtils.java: error: unknown function
	data: [<nil> join [] [elements nil]]
src/main/java/org/apache/commons/lang3/StringUtils.java: error: unknown function
	data: [pointer(reference(java/lang/StringBuilder)) java/lang/StringBuilder//append [] [first]]
src/main/java/org/apache/commons/lang3/StringUtils.java: error: unknown function
	data: [pointer(reference(java/lang/String)) java/lang/String//toUpperCase [] [locale]]
src/main/java/org/apache/commons/lang3/StringUtils.java: error: unknown import
	data: java/text/Normalizer
src/main/java/org/apache/commons/lang3/StringUtils.java: error: unknown import
	data: java/util/Locale
src/main/java/org/apache/commons/lang3/StringUtils.java: error: unknown function
	data: [pointer(reference(java/lang/String)) java/lang/String//lastIndexOf [] [separator]]
src/main/java/org/apache/commons/lang3/StringUtils.java: error: unknown function
	data: [pointer(reference(java/lang/StringBuilder)) java/lang/StringBuilder//append [] [first]]
src/main/java/org/apache/commons/lang3/StringUtils.java: error: unknown function
	data: [struct(org/apache/commons/lang3/StringUtils, [], [pointer(reference(java/lang/Object))], []) org/apache/commons/lang3/StringUtils//isEmpty [] [str]]
src/main/java/org/apache/commons/lang3/StringUtils.java: error: unknown field
	data: [Character struct(java/lang/Character, [], [pointer(reference(java/lang/Object))], []) UPPERCASE_LETTER]
src/main/java/org/apache/commons/lang3/StringUtils.java: error: unknown import
	data: java/util/regex/Pattern
src/main/java/org/apache/commons/lang3/StringUtils.java: error: unknown function
	data: [pointer(reference(java/lang/String)) java/lang/String//lastIndexOf [] [separator]]
src/main/java/org/apache/commons/lang3/StringUtils.java: error: unknown field
	data: [Character struct(java/lang/Character, [], [pointer(reference(java/lang/Object))], []) LOWERCASE_LETTER]
src/main/java/org/apache/commons/lang3/StringUtils.java: internal error: not an array type
	data: genericInstance(reference(java/util/Iterator), [wildcard(, pointer(reference(java/lang/Object)))])
src/main/java/org/apache/commons/lang3/StringUtils.java: error: not a boolean type
	data: unsupported
src/main/java/org/apache/commons/lang3/StringUtils.java: error: unknown function
	data: [<nil> java/lang/String//String [] [bytes charsetName]]
src/main/java/org/apache/commons/lang3/StringUtils.java: error: unknown function
	data: [pointer(reference(java/lang/String)) java/lang/String//toLowerCase [] [locale]]
src/main/java/org/apache/commons/lang3/StringUtils.java: error: not a boolean type
	data: unsupported
src/main/java/org/apache/commons/lang3/StringUtils.java: error: unknown function
	data: [pointer(reference(java/lang/StringBuilder)) java/lang/StringBuilder//append [] [index(array, i)]]
src/main/java/org/apache/commons/lang3/StringUtils.java: error: unknown import
	data: java/io/UnsupportedEncodingException
src/main/java/org/apache/commons/lang3/SystemUtils.java: error: unknown import
	data: java/io/File
src/main/java/org/apache/commons/lang3/SystemUtils.java: error: unknown function
	data: [struct(java/lang/System, [], [pointer(reference(java/lang/Object))], []) java/lang/System//getProperty [] [property]]
src/main/java/org/apache/commons/lang3/Validate.java: error: unknown function
	data: [<nil> notNull [] [object org/apache/commons/lang3/Validate//DEFAULT_IS_NULL_EX_MESSAGE]]
src/main/java/org/apache/commons/lang3/Validate.java: error: unknown function
	data: [struct(org/apache/commons/lang3/StringUtils, [], [pointer(reference(java/lang/Object))], []) org/apache/commons/lang3/StringUtils//isBlank [] [chars]]
src/main/java/org/apache/commons/lang3/Validate.java: error: unknown function
	data: [<nil> notBlank [] [chars org/apache/commons/lang3/Validate//DEFAULT_NOT_BLANK_EX_MESSAGE]]
src/main/java/org/apache/commons/lang3/Validate.java: error: unknown function
	data: [struct(java/lang/String, [], [pointer(reference(java/lang/Object))], [reference(java/lang/CharSequence)]) java/lang/String//format [] [org/apache/commons/lang3/Validate//DEFAULT_EXCLUSIVE_BETWEEN_EX_MESSAGE value start end]]
src/main/java/org/apache/commons/lang3/Validate.java: internal error: not an array type
	data: genericParameter(T, [pointer(genericInstance(reference(java/util/Collection), [wildcard(, pointer(reference(java/lang/Object)))]))])
src/main/java/org/apache/commons/lang3/Validate.java: error: unknown import
	data: java/util/regex/Pattern
src/main/java/org/apache/commons/lang3/Validate.java: error: unknown function
	data: [pointer(genericInstance(reference(java/lang/Class), [wildcard(, pointer(reference(java/lang/Object)))])) java/lang/Class<descendant of java/lang/Object>//isAssignableFrom [] [type]]
src/main/java/org/apache/commons/lang3/Validate.java: internal error: not an array type
	data: genericParameter(T, [reference(java/lang/CharSequence)])
src/main/java/org/apache/commons/lang3/Validate.java: error: unknown function
	data: [struct(java/lang/String, [], [pointer(reference(java/lang/Object))], [reference(java/lang/CharSequence)]) java/lang/String//format [] [org/apache/commons/lang3/Validate//DEFAULT_INCLUSIVE_BETWEEN_EX_MESSAGE value start end]]
src/main/java/org/apache/commons/lang3/Validate.java: error: unknown function
	data: [pointer(reference(java/lang/Object)) java/lang/Object//getClass [] []]
src/main/java/org/apache/commons/lang3/Validate.java: internal error: not an array type
	data: genericParameter(T, [pointer(genericInstance(reference(java/util/Collection), [wildcard(, pointer(reference(java/lang/Object)))]))])
src/main/java/org/apache/commons/lang3/Validate.java: error: unknown function
	data: [<nil> validIndex [] [array index org/apache/commons/lang3/Validate//DEFAULT_VALID_INDEX_ARRAY_EX_MESSAGE call(java/lang/Integer//valueOf!82a13d2b9378b45b5451d30242dc1218, [index])]]
src/main/java/org/apache/commons/lang3/Validate.java: error: unknown function
	data: [pointer(genericInstance(reference(java/lang/Class), [wildcard(, pointer(reference(java/lang/Object)))])) java/lang/Class<descendant of java/lang/Object>//isInstance [] [obj]]
src/main/java/org/apache/commons/lang3/Validate.java: error: unknown function
	data: [pointer(genericInstance(reference(java/lang/Class), [wildcard(, pointer(reference(java/lang/Object)))])) java/lang/Class<descendant of java/lang/Object>//isInstance [] [obj]]
src/main/java/org/apache/commons/lang3/Validate.java: error: unknown function
	data: [pointer(genericInstance(reference(java/lang/Class), [wildcard(, pointer(reference(java/lang/Object)))])) java/lang/Class<descendant of java/lang/Object>//isAssignableFrom [] [type]]
src/main/java/org/apache/commons/lang3/Validate.java: error: unknown function
	data: [struct(org/apache/commons/lang3/Validate, [], [pointer(reference(java/lang/Object))], []) org/apache/commons/lang3/Validate//notNull [] [collection]]
src/main/java/org/apache/commons/lang3/Validate.java: error: unknown function
	data: [struct(org/apache/commons/lang3/Validate, [], [pointer(reference(java/lang/Object))], []) org/apache/commons/lang3/Validate//notNull [] [chars]]
src/main/java/org/apache/commons/lang3/Validate.java: internal error: not an array type
	data: genericParameter(T, [reference(java/lang/CharSequence)])
src/main/java/org/apache/commons/lang3/Validate.java: error: unknown function
	data: [<nil> notEmpty [] [array org/apache/commons/lang3/Validate//DEFAULT_NOT_EMPTY_ARRAY_EX_MESSAGE]]
src/main/java/org/apache/commons/lang3/Validate.java: internal error: not an array type
	data: genericParameter(T, [pointer(genericInstance(reference(java/util/Map), [wildcard(, pointer(reference(java/lang/Object))), wildcard(, pointer(reference(java/lang/Object)))]))])
src/main/java/org/apache/commons/lang3/Validate.java: error: unknown function
	data: [struct(org/apache/commons/lang3/Validate, [], [pointer(reference(java/lang/Object))], []) org/apache/commons/lang3/Validate//notNull [] [array]]
src/main/java/org/apache/commons/lang3/Validate.java: error: unknown function
	data: [struct(org/apache/commons/lang3/Validate, [], [pointer(reference(java/lang/Object))], []) org/apache/commons/lang3/Validate//notNull [] [iterable]]
src/main/java/org/apache/commons/lang3/Validate.java: internal error: not an array type
	data: genericParameter(T, [pointer(genericInstance(reference(java/lang/Iterable), [wildcard(, pointer(reference(java/lang/Object)))]))])
src/main/java/org/apache/commons/lang3/Validate.java: error: unknown function
	data: [struct(org/apache/commons/lang3/Validate, [], [pointer(reference(java/lang/Object))], []) org/apache/commons/lang3/Validate//notNull [] [array]]
src/main/java/org/apache/commons/lang3/Validate.java: error: unknown function
	data: [<nil> noNullElements [] [array org/apache/commons/lang3/Validate//DEFAULT_NO_NULL_ELEMENTS_ARRAY_EX_MESSAGE]]
Found 1 Java files
Found 392 problems in Java files
src/main/java/org/apache/commons/lang3/LocaleUtils.java: found 9 symbols
src/main/java/org/apache/commons/lang3/LocaleUtils.java: org.apache.commons.lang3.LocaleUtils.countriesByLanguage: computing test cases
src/main/java/org/apache/commons/lang3/LocaleUtils.java: org.apache.commons.lang3.LocaleUtils.countriesByLanguage: found 1 problems
src/main/java/org/apache/commons/lang3/LocaleUtils.java: internal error: org.apache.commons.lang3.LocaleUtils.countriesByLanguage: unknown type kind
	data: unsupported(java/util/Locale)
src/main/java/org/apache/commons/lang3/LocaleUtils.java: org.apache.commons.lang3.LocaleUtils.languagesByCountry: computing test cases
src/main/java/org/apache/commons/lang3/LocaleUtils.java: org.apache.commons.lang3.LocaleUtils.languagesByCountry: found 1 problems
src/main/java/org/apache/commons/lang3/LocaleUtils.java: internal error: org.apache.commons.lang3.LocaleUtils.languagesByCountry: unknown type kind
	data: unsupported(java/util/Locale)
src/main/java/org/apache/commons/lang3/LocaleUtils.java: org.apache.commons.lang3.LocaleUtils.availableLocaleSet: computing test cases
src/main/java/org/apache/commons/lang3/LocaleUtils.java: org.apache.commons.lang3.LocaleUtils.availableLocaleSet: computed 0 unit tests
src/main/java/org/apache/commons/lang3/LocaleUtils.java: org.apache.commons.lang3.LocaleUtils.availableLocaleSet: found 0 problems
src/main/java/org/apache/commons/lang3/LocaleUtils.java: org.apache.commons.lang3.LocaleUtils.LocaleUtils: computing test cases
src/main/java/org/apache/commons/lang3/LocaleUtils.java: org.apache.commons.lang3.LocaleUtils.LocaleUtils: computed 0 unit tests
src/main/java/org/apache/commons/lang3/LocaleUtils.java: org.apache.commons.lang3.LocaleUtils.LocaleUtils: found 0 problems
src/main/java/org/apache/commons/lang3/LocaleUtils.java: org.apache.commons.lang3.LocaleUtils.localeLookupList: computing test cases
src/main/java/org/apache/commons/lang3/LocaleUtils.java: org.apache.commons.lang3.LocaleUtils.localeLookupList: computed 0 unit tests
src/main/java/org/apache/commons/lang3/LocaleUtils.java: org.apache.commons.lang3.LocaleUtils.localeLookupList: found 0 problems
src/main/java/org/apache/commons/lang3/LocaleUtils.java: org.apache.commons.lang3.LocaleUtils.isAvailableLocale: computing test cases
src/main/java/org/apache/commons/lang3/LocaleUtils.java: org.apache.commons.lang3.LocaleUtils.isAvailableLocale: computed 0 unit tests
src/main/java/org/apache/commons/lang3/LocaleUtils.java: org.apache.commons.lang3.LocaleUtils.isAvailableLocale: found 0 problems
src/main/java/org/apache/commons/lang3/LocaleUtils.java: org.apache.commons.lang3.LocaleUtils.localeLookupList: computing test cases
src/main/java/org/apache/commons/lang3/LocaleUtils.java: org.apache.commons.lang3.LocaleUtils.localeLookupList: computed 0 unit tests
src/main/java/org/apache/commons/lang3/LocaleUtils.java: org.apache.commons.lang3.LocaleUtils.localeLookupList: found 0 problems
src/main/java/org/apache/commons/lang3/LocaleUtils.java: org.apache.commons.lang3.LocaleUtils.availableLocaleList: computing test cases
src/main/java/org/apache/commons/lang3/LocaleUtils.java: org.apache.commons.lang3.LocaleUtils.availableLocaleList: computed 0 unit tests
src/main/java/org/apache/commons/lang3/LocaleUtils.java: org.apache.commons.lang3.LocaleUtils.availableLocaleList: found 0 problems
src/main/java/org/apache/commons/lang3/LocaleUtils.java: org.apache.commons.lang3.LocaleUtils.toLocale: computing test cases
src/main/java/org/apache/commons/lang3/LocaleUtils.java: org.apache.commons.lang3.LocaleUtils.toLocale: computed 0 unit tests
src/main/java/org/apache/commons/lang3/LocaleUtils.java: org.apache.commons.lang3.LocaleUtils.toLocale: found 0 problems
Analyzed 1 out of 21 source files
Had 105 errors that block a full analysis
Generated 0 tests
Found 0 potential problems
The following issues prevent a full analysis:

* 197 cases of "unknown function"
	Description: Functions could not be resolved. This occurs due to missing dependencies,
  or if a called function is removed due to some other problem.

* 67 cases of "unknown import"
	Description: Imports could not be resolved. This is likely due to missing dependencies.

* 9 cases of "unknown type"
	Description: Types could not be resolved. This could be because of missing dependencies
  or a consequence of some other problem.

* 1 case of "not all elements have the same type"
	Description: Arguments of a function call do not match the parameter types. This usually
  occurs if a called method is removed due to some other problem, and another
  method with the same name is selected to be called.

* 15 cases of "other issues"
	Description: Uncategorized problems.

