Running ant (compile.tests)................................................ FAIL
Executed command:  cd /home/ph7/sqa-project/workspaces/lang_4b && /home/ph7/defects4j/major/bin/ant -f /home/ph7/defects4j/framework/projects/defects4j.build.xml -Dd4j.home=/home/ph7/defects4j -Dd4j.dir.projects=/home/ph7/defects4j/framework/projects -Dbasedir=/home/ph7/sqa-project/workspaces/lang_4b  compile.tests 2>&1
Buildfile: /home/ph7/defects4j/framework/projects/defects4j.build.xml

init:
     [echo] -------- commons-lang3 3.2-SNAPSHOT --------

compile:

compile.tests:
    [javac] Compiling 24 source files to /home/ph7/sqa-project/workspaces/lang_4b/target/tests
    [javac] warning: [options] bootstrap class path not set in conjunction with -source 6
    [javac] warning: [options] source value 6 is obsolete and will be removed in a future release
    [javac] warning: [options] target value 1.6 is obsolete and will be removed in a future release
    [javac] warning: [options] To suppress warnings about obsolete options, use -Xlint:-options.
    [javac] /home/ph7/sqa-project/workspaces/lang_4b/src/test/java/org/apache/commons/lang3/text/translate/JavaUnicodeEscaperSymflowerTest.java:16: error: no suitable method found for reflectionEquals(JavaUnicodeEscaper,JavaUnicodeEscaper,boolean,<null>,boolean)
    [javac] 		assertTrue(EqualsBuilder.reflectionEquals(expected, actual, false, null, true));
    [javac] 		                        ^
    [javac]     method EqualsBuilder.reflectionEquals(Object,Object,String...) is not applicable
    [javac]       (varargs mismatch; boolean cannot be converted to String)
    [javac]     method EqualsBuilder.reflectionEquals(Object,Object,boolean,Class<?>,String...) is not applicable
    [javac]       (varargs mismatch; boolean cannot be converted to String)
    [javac] /home/ph7/sqa-project/workspaces/lang_4b/src/test/java/org/apache/commons/lang3/text/translate/JavaUnicodeEscaperSymflowerTest.java:25: error: no suitable method found for reflectionEquals(JavaUnicodeEscaper,JavaUnicodeEscaper,boolean,<null>,boolean)
    [javac] 		assertTrue(EqualsBuilder.reflectionEquals(expected, actual, false, null, true));
    [javac] 		                        ^
    [javac]     method EqualsBuilder.reflectionEquals(Object,Object,String...) is not applicable
    [javac]       (varargs mismatch; boolean cannot be converted to String)
    [javac]     method EqualsBuilder.reflectionEquals(Object,Object,boolean,Class<?>,String...) is not applicable
    [javac]       (varargs mismatch; boolean cannot be converted to String)
    [javac] /home/ph7/sqa-project/workspaces/lang_4b/src/test/java/org/apache/commons/lang3/text/translate/JavaUnicodeEscaperSymflowerTest.java:34: error: no suitable method found for reflectionEquals(JavaUnicodeEscaper,JavaUnicodeEscaper,boolean,<null>,boolean)
    [javac] 		assertTrue(EqualsBuilder.reflectionEquals(expected, actual, false, null, true));
    [javac] 		                        ^
    [javac]     method EqualsBuilder.reflectionEquals(Object,Object,String...) is not applicable
    [javac]       (varargs mismatch; boolean cannot be converted to String)
    [javac]     method EqualsBuilder.reflectionEquals(Object,Object,boolean,Class<?>,String...) is not applicable
    [javac]       (varargs mismatch; boolean cannot be converted to String)
    [javac] /home/ph7/sqa-project/workspaces/lang_4b/src/test/java/org/apache/commons/lang3/text/translate/JavaUnicodeEscaperSymflowerTest.java:44: error: no suitable method found for reflectionEquals(JavaUnicodeEscaper,JavaUnicodeEscaper,boolean,<null>,boolean)
    [javac] 		assertTrue(EqualsBuilder.reflectionEquals(expected, actual, false, null, true));
    [javac] 		                        ^
    [javac]     method EqualsBuilder.reflectionEquals(Object,Object,String...) is not applicable
    [javac]       (varargs mismatch; boolean cannot be converted to String)
    [javac]     method EqualsBuilder.reflectionEquals(Object,Object,boolean,Class<?>,String...) is not applicable
    [javac]       (varargs mismatch; boolean cannot be converted to String)
    [javac] /home/ph7/sqa-project/workspaces/lang_4b/src/test/java/org/apache/commons/lang3/text/translate/JavaUnicodeEscaperSymflowerTest.java:54: error: no suitable method found for reflectionEquals(JavaUnicodeEscaper,JavaUnicodeEscaper,boolean,<null>,boolean)
    [javac] 		assertTrue(EqualsBuilder.reflectionEquals(expected, actual, false, null, true));
    [javac] 		                        ^
    [javac]     method EqualsBuilder.reflectionEquals(Object,Object,String...) is not applicable
    [javac]       (varargs mismatch; boolean cannot be converted to String)
    [javac]     method EqualsBuilder.reflectionEquals(Object,Object,boolean,Class<?>,String...) is not applicable
    [javac]       (varargs mismatch; boolean cannot be converted to String)
    [javac] Note: Some input files use or override a deprecated API.
    [javac] Note: Recompile with -Xlint:deprecation for details.
    [javac] Note: Some messages have been simplified; recompile with -Xdiags:verbose to get full output
    [javac] 5 errors
    [javac] 4 warnings

BUILD FAILED
/home/ph7/sqa-project/workspaces/lang_4b/build.xml:73: Compile failed; see the compiler error output for details.

Total time: 1 second
Cannot compile test suite! at /home/ph7/defects4j/framework/bin/d4j/d4j-coverage line 150.
Compilation failed in require at /home/ph7/defects4j/framework/bin/defects4j line 195.
