Analyzing workspace /home/ph7/sqa-project/workspaces/lang_4b/
Search for Go files
Found 0 Go files
Search for Java files
Load dependency stdlib:@dev
src/main/java/org/apache/commons/lang3/text/translate/NumericEntityEscaper.java: org.apache.commons.lang3.text.translate.NumericEntityEscaper.NumericEntityEscaper: function is private and therefore inaccessible for tests
src/main/java/org/apache/commons/lang3/text/translate/AggregateTranslator.java: error: unknown import
	data: java/io/Writer
src/main/java/org/apache/commons/lang3/text/translate/AggregateTranslator.java: error: unknown import
	data: org/apache/commons/lang3/ArrayUtils
src/main/java/org/apache/commons/lang3/text/translate/AggregateTranslator.java: unsupported: not an array type
	data: unsupported(@@unsupported)
src/main/java/org/apache/commons/lang3/text/translate/CharSequenceTranslator.java: error: unknown function
	data: [struct(java/lang/System, [], [pointer(reference(java/lang/Object))], []) java/lang/System//arraycopy [] [translators 0 newArray 1 len(ensure_not_nil(translators))]]
src/main/java/org/apache/commons/lang3/text/translate/CharSequenceTranslator.java: error: unknown function
	data: [struct(java/lang/String, [], [pointer(reference(java/lang/Object))], [reference(java/lang/CharSequence)]) java/lang/String//toUpperCase [] [unsupported]]
src/main/java/org/apache/commons/lang3/text/translate/CharSequenceTranslator.java: error: unknown import
	data: java/io/StringWriter
src/main/java/org/apache/commons/lang3/text/translate/CharSequenceTranslator.java: error: unknown import
	data: java/io/Writer
src/main/java/org/apache/commons/lang3/text/translate/CharSequenceTranslator.java: error: unknown import
	data: java/util/Locale
src/main/java/org/apache/commons/lang3/text/translate/CharSequenceTranslator.java: error: unknown function
	data: [struct(java/lang/Character, [], [pointer(reference(java/lang/Object))], []) java/lang/Character//codePointAt [] [input pos]]
src/main/java/org/apache/commons/lang3/text/translate/CharSequenceTranslator.java: error: unknown function
	data: [struct(java/lang/Character, [], [pointer(reference(java/lang/Object))], []) java/lang/Character//codePointAt [] [input pt]]
src/main/java/org/apache/commons/lang3/text/translate/CodePointTranslator.java: error: unknown import
	data: java/io/Writer
src/main/java/org/apache/commons/lang3/text/translate/CodePointTranslator.java: error: unknown function
	data: [struct(java/lang/Character, [], [pointer(reference(java/lang/Object))], []) java/lang/Character//codePointAt [] [input index]]
src/main/java/org/apache/commons/lang3/text/translate/EntityArrays.java: error: not a named type
	data: array(array(pointer(reference(java/lang/String)), primitive(int, 32, false), 0), primitive(int, 32, false), 0)
src/main/java/org/apache/commons/lang3/text/translate/EntityArrays.java: error: not a named type
	data: array(array(pointer(reference(java/lang/String)), primitive(int, 32, false), 0), primitive(int, 32, false), 0)
src/main/java/org/apache/commons/lang3/text/translate/EntityArrays.java: error: not a named type
	data: array(array(pointer(reference(java/lang/String)), primitive(int, 32, false), 0), primitive(int, 32, false), 0)
src/main/java/org/apache/commons/lang3/text/translate/EntityArrays.java: error: not a named type
	data: array(array(pointer(reference(java/lang/String)), primitive(int, 32, false), 0), primitive(int, 32, false), 0)
src/main/java/org/apache/commons/lang3/text/translate/EntityArrays.java: error: not a named type
	data: array(array(pointer(reference(java/lang/String)), primitive(int, 32, false), 0), primitive(int, 32, false), 0)
src/main/java/org/apache/commons/lang3/text/translate/EntityArrays.java: error: not a named type
	data: array(array(pointer(reference(java/lang/String)), primitive(int, 32, false), 0), primitive(int, 32, false), 0)
src/main/java/org/apache/commons/lang3/text/translate/EntityArrays.java: error: not a named type
	data: array(array(pointer(reference(java/lang/String)), primitive(int, 32, false), 0), primitive(int, 32, false), 0)
src/main/java/org/apache/commons/lang3/text/translate/EntityArrays.java: error: not a named type
	data: array(array(pointer(reference(java/lang/String)), primitive(int, 32, false), 0), primitive(int, 32, false), 0)
src/main/java/org/apache/commons/lang3/text/translate/EntityArrays.java: error: not a named type
	data: array(array(pointer(reference(java/lang/String)), primitive(int, 32, false), 0), primitive(int, 32, false), 0)
src/main/java/org/apache/commons/lang3/text/translate/EntityArrays.java: error: not a named type
	data: array(array(pointer(reference(java/lang/String)), primitive(int, 32, false), 0), primitive(int, 32, false), 0)
src/main/java/org/apache/commons/lang3/text/translate/LookupTranslator.java: error: unknown import
	data: java/io/Writer
src/main/java/org/apache/commons/lang3/text/translate/LookupTranslator.java: error: unknown import
	data: java/util/HashMap
src/main/java/org/apache/commons/lang3/text/translate/LookupTranslator.java: unsupported: unsupported AST node
	data: genericInstance(unsupported(java/util/HashMap), [reference(java/lang/CharSequence), reference(java/lang/CharSequence)])
src/main/java/org/apache/commons/lang3/text/translate/NumericEntityEscaper.java: error: unknown import
	data: java/io/Writer
src/main/java/org/apache/commons/lang3/text/translate/NumericEntityUnescaper.java: error: unknown import
	data: java/util/EnumSet
src/main/java/org/apache/commons/lang3/text/translate/NumericEntityUnescaper.java: unsupported: unsupported AST node
	data: genericInstance(unsupported(java/util/EnumSet), [pointer(reference(org/apache/commons/lang3/text/translate/NumericEntityUnescaper//OPTION))])
src/main/java/org/apache/commons/lang3/text/translate/NumericEntityUnescaper.java: error: unknown import
	data: java/io/Writer
src/main/java/org/apache/commons/lang3/text/translate/NumericEntityUnescaper.java: error: unknown import
	data: java/util/Arrays
src/main/java/org/apache/commons/lang3/text/translate/OctalUnescaper.java: error: unknown import
	data: java/io/Writer
src/main/java/org/apache/commons/lang3/text/translate/UnicodeEscaper.java: error: unknown import
	data: java/io/Writer
src/main/java/org/apache/commons/lang3/text/translate/UnicodeUnescaper.java: error: unknown import
	data: java/io/Writer
Found 11 Java files
Found 33 problems in Java files
src/main/java/org/apache/commons/lang3/text/translate/OctalUnescaper.java: found 1 symbols
src/main/java/org/apache/commons/lang3/text/translate/CodePointTranslator.java: found 2 symbols
src/main/java/org/apache/commons/lang3/text/translate/EntityArrays.java: found 11 symbols
src/main/java/org/apache/commons/lang3/text/translate/LookupTranslator.java: found 2 symbols
src/main/java/org/apache/commons/lang3/text/translate/UnicodeEscaper.java: found 8 symbols
src/main/java/org/apache/commons/lang3/text/translate/UnicodeUnescaper.java: found 1 symbols
src/main/java/org/apache/commons/lang3/text/translate/AggregateTranslator.java: found 2 symbols
src/main/java/org/apache/commons/lang3/text/translate/CharSequenceTranslator.java: found 5 symbols
src/main/java/org/apache/commons/lang3/text/translate/JavaUnicodeEscaper.java: found 6 symbols
src/main/java/org/apache/commons/lang3/text/translate/NumericEntityEscaper.java: found 6 symbols
src/main/java/org/apache/commons/lang3/text/translate/NumericEntityUnescaper.java: found 3 symbols
src/main/java/org/apache/commons/lang3/text/translate/CharSequenceTranslator.java: org.apache.commons.lang3.text.translate.CharSequenceTranslator.with: computing test cases
src/main/java/org/apache/commons/lang3/text/translate/CharSequenceTranslator.java: org.apache.commons.lang3.text.translate.CharSequenceTranslator.with: computed 0 unit tests
src/main/java/org/apache/commons/lang3/text/translate/CharSequenceTranslator.java: org.apache.commons.lang3.text.translate.CharSequenceTranslator.translate: computing test cases
src/main/java/org/apache/commons/lang3/text/translate/CharSequenceTranslator.java: org.apache.commons.lang3.text.translate.CharSequenceTranslator.translate: function is abstract and therefore inaccessible for tests
src/main/java/org/apache/commons/lang3/text/translate/CharSequenceTranslator.java: org.apache.commons.lang3.text.translate.CharSequenceTranslator.hex: computing test cases
src/main/java/org/apache/commons/lang3/text/translate/CharSequenceTranslator.java: org.apache.commons.lang3.text.translate.CharSequenceTranslator.hex: computed 0 unit tests
src/main/java/org/apache/commons/lang3/text/translate/CharSequenceTranslator.java: org.apache.commons.lang3.text.translate.CharSequenceTranslator.hex: found 0 problems
src/main/java/org/apache/commons/lang3/text/translate/CharSequenceTranslator.java: org.apache.commons.lang3.text.translate.CharSequenceTranslator.translate: computing test cases
src/main/java/org/apache/commons/lang3/text/translate/CharSequenceTranslator.java: org.apache.commons.lang3.text.translate.CharSequenceTranslator.translate: computed 0 unit tests
src/main/java/org/apache/commons/lang3/text/translate/CharSequenceTranslator.java: org.apache.commons.lang3.text.translate.CharSequenceTranslator.translate: computing test cases
src/main/java/org/apache/commons/lang3/text/translate/CharSequenceTranslator.java: org.apache.commons.lang3.text.translate.CharSequenceTranslator.translate: computed 0 unit tests
src/main/java/org/apache/commons/lang3/text/translate/NumericEntityUnescaper.java: org.apache.commons.lang3.text.translate.NumericEntityUnescaper.NumericEntityUnescaper: computing test cases
src/main/java/org/apache/commons/lang3/text/translate/NumericEntityUnescaper.java: org.apache.commons.lang3.text.translate.NumericEntityUnescaper.NumericEntityUnescaper: computed 0 unit tests
src/main/java/org/apache/commons/lang3/text/translate/NumericEntityUnescaper.java: org.apache.commons.lang3.text.translate.NumericEntityUnescaper.NumericEntityUnescaper: found 1 problems
src/main/java/org/apache/commons/lang3/text/translate/NumericEntityUnescaper.java: internal error: org.apache.commons.lang3.text.translate.NumericEntityUnescaper.NumericEntityUnescaper: unknown type kind
	data: unsupported
src/main/java/org/apache/commons/lang3/text/translate/NumericEntityUnescaper.java: org.apache.commons.lang3.text.translate.NumericEntityUnescaper.translate: computing test cases
src/main/java/org/apache/commons/lang3/text/translate/NumericEntityUnescaper.java: org.apache.commons.lang3.text.translate.NumericEntityUnescaper.translate: found 1 problems
src/main/java/org/apache/commons/lang3/text/translate/NumericEntityUnescaper.java: internal error: org.apache.commons.lang3.text.translate.NumericEntityUnescaper.translate: recovered panic
	data: Internal error: unknown type kind:
		&modelast.Unsupported{}
		Stacktrace: goroutine 1 [running]:
		gitlab.nethead.at/symflower/symflower/model/errors.NewInternalError({0x21de060, 0x2d25a10}, {0x13d4da0, 0xc000edbc20})
			gitlab.nethead.at/symflower/symflower/model/errors/error.go:852 +0x4e
		gitlab.nethead.at/symflower/symflower/model/ast.zeroValue(0xc00100cf60, {0x2205608, 0xc000afa0c0}, 0x2088960, 0x2088978)
			gitlab.nethead.at/symflower/symflower/model/ast/value.go:476 +0xefb
		gitlab.nethead.at/symflower/symflower/model/ast.ZeroValue(0xc0006b2e40?, {0x2205608?, 0xc000afa0c0?})
			gitlab.nethead.at/symflower/symflower/model/ast/value.go:378 +0x2b
		gitlab.nethead.at/symflower/symflower/symbolicexecution.(*symflowerExecution).setInvisibleAndFinalFieldsToDefaultValue(0xc000f26c30, 0xc000b7fa00, {0x2209770, 0xc0000fb8b0})
			gitlab.nethead.at/symflower/symflower/symbolicexecution/handle.go:223 +0x2b5
		gitlab.nethead.at/symflower/symflower/symbolicexecution.(*symflowerExecution).createDeclaration(0xc000f26c30, 0xc000b7fa00, {0x140aaeb, 0x4}, {0x2205728?, 0xc00101f640?}, {0x0, 0x0})
			gitlab.nethead.at/symflower/symflower/symbolicexecution/handle.go:4760 +0x62d
		gitlab.nethead.at/symflower/symflower/symbolicexecution.(*symflowerExecution).handleSymbol(0xc000f26c30, 0xc00100cf60, 0xc000938900)
			gitlab.nethead.at/symflower/symflower/symbolicexecution/handle.go:55 +0x645
		gitlab.nethead.at/symflower/symflower/symbolicexecution.analyzeInternal(0xc000de0e40, 0x2088c88)
			gitlab.nethead.at/symflower/symflower/symbolicexecution/analyze.go:209 +0xe38
		gitlab.nethead.at/symflower/symflower/symbolicexecution.AnalyzeResult(0x2d49d00?)
			gitlab.nethead.at/symflower/symflower/symbolicexecution/analyze.go:55 +0x32
		gitlab.nethead.at/symflower/symflower/cmd/symflower-local/generate.(*Generator).SymbolicExecutionTestsForSymbol(0xc0003fa720, {0x21e8348, 0xc0000fae10}, 0xc000927c20)
			gitlab.nethead.at/symflower/symflower/cmd/symflower-local/generate/generate.go:236 +0x3a5
		gitlab.nethead.at/symflower/symflower/cmd/symflower-local/generate.(*Generator).Tests(0xc0003fa720, 0xc0003fa810, 0x0?)
			gitlab.nethead.at/symflower/symflower/cmd/symflower-local/generate/generate.go:190 +0x2d3
		gitlab.nethead.at/symflower/symflower/cmd/symflower-local/generate.(*AnalyzeEngineDefault).UnitTests(0x28?, 0x124bba0?, {0x21eb890?, 0xc00004c960?}, {0x50?, 0x10?, 0x1c?, 0x0?}, 0x28?, {0xc0001df380, ...})
			gitlab.nethead.at/symflower/symflower/cmd/symflower-local/generate/analyze.go:157 +0x98
		gitlab.nethead.at/symflower/symflower/cmd/symflower-local/cmd.(*commandUnitTests).Execute(0xc0000dcdd8, {0xc0000dca08?, 0x778b4c527898?, 0xc0000dcdd8?})
			gitlab.nethead.at/symflower/symflower/cmd/symflower-local/cmd/unit-tests.go:85 +0x2a6
		gitlab.nethead.at/symflower/symflower/cmd.ExecuteNoExit({0x21de020, 0xc0000dca08}, {0xc00019e000?, 0x0?, 0x0?})
			gitlab.nethead.at/symflower/symflower/cmd/execute.go:59 +0x2ad
		gitlab.nethead.at/symflower/symflower/cmd.Execute({0x21de020?, 0xc0000dca08?}, {0xc00019e000?, 0xc00011c110?, 0xc000141f10?})
			gitlab.nethead.at/symflower/symflower/cmd/execute.go:17 +0x26
		gitlab.nethead.at/symflower/symflower/cmd.ExecuteWithOSArguments(...)
			gitlab.nethead.at/symflower/symflower/cmd/execute.go:78
		main.main.func1()
			gitlab.nethead.at/symflower/symflower/cmd/symflower-demo/main.go:39 +0x34
		gitlab.nethead.at/symflower/symflower/cmd/symflower-local/cmd.(*Command).WithPanicReporter(0xc000110060?, 0x0?)
			gitlab.nethead.at/symflower/symflower/cmd/symflower-local/cmd/cmd.go:151 +0x33
		main.main()
			gitlab.nethead.at/symflower/symflower/cmd/symflower-demo/main.go:38 +0x7f
src/main/java/org/apache/commons/lang3/text/translate/NumericEntityUnescaper.java: org.apache.commons.lang3.text.translate.NumericEntityUnescaper.isSet: computing test cases
src/main/java/org/apache/commons/lang3/text/translate/NumericEntityUnescaper.java: org.apache.commons.lang3.text.translate.NumericEntityUnescaper.isSet: found 1 problems
src/main/java/org/apache/commons/lang3/text/translate/NumericEntityUnescaper.java: internal error: org.apache.commons.lang3.text.translate.NumericEntityUnescaper.isSet: recovered panic
	data: Internal error: unknown type kind:
		&modelast.Unsupported{}
		Stacktrace: goroutine 1 [running]:
		gitlab.nethead.at/symflower/symflower/model/errors.NewInternalError({0x21de060, 0x2d25a10}, {0x13d4da0, 0xc00085b6b0})
			gitlab.nethead.at/symflower/symflower/model/errors/error.go:852 +0x4e
		gitlab.nethead.at/symflower/symflower/model/ast.zeroValue(0xc00100dc20, {0x2205608, 0xc000afa0c0}, 0x2088960, 0x2088978)
			gitlab.nethead.at/symflower/symflower/model/ast/value.go:476 +0xefb
		gitlab.nethead.at/symflower/symflower/model/ast.ZeroValue(0xc0006b2e40?, {0x2205608?, 0xc000afa0c0?})
			gitlab.nethead.at/symflower/symflower/model/ast/value.go:378 +0x2b
		gitlab.nethead.at/symflower/symflower/symbolicexecution.(*symflowerExecution).setInvisibleAndFinalFieldsToDefaultValue(0xc00017c0d0, 0xc000b7fd00, {0x2209770, 0xc0000fbbd0})
			gitlab.nethead.at/symflower/symflower/symbolicexecution/handle.go:223 +0x2b5
		gitlab.nethead.at/symflower/symflower/symbolicexecution.(*symflowerExecution).createDeclaration(0xc00017c0d0, 0xc000b7fd00, {0x140aaeb, 0x4}, {0x2205728?, 0xc00101f4e0?}, {0x0, 0x0})
			gitlab.nethead.at/symflower/symflower/symbolicexecution/handle.go:4760 +0x62d
		gitlab.nethead.at/symflower/symflower/symbolicexecution.(*symflowerExecution).handleSymbol(0xc00017c0d0, 0xc00100dc20, 0xc000938800)
			gitlab.nethead.at/symflower/symflower/symbolicexecution/handle.go:55 +0x645
		gitlab.nethead.at/symflower/symflower/symbolicexecution.analyzeInternal(0xc000e09320, 0x2088c88)
			gitlab.nethead.at/symflower/symflower/symbolicexecution/analyze.go:209 +0xe38
		gitlab.nethead.at/symflower/symflower/symbolicexecution.AnalyzeResult(0x2d49d00?)
			gitlab.nethead.at/symflower/symflower/symbolicexecution/analyze.go:55 +0x32
		gitlab.nethead.at/symflower/symflower/cmd/symflower-local/generate.(*Generator).SymbolicExecutionTestsForSymbol(0xc0003fa720, {0x21e8348, 0xc0000fae10}, 0xc000927bf0)
			gitlab.nethead.at/symflower/symflower/cmd/symflower-local/generate/generate.go:236 +0x3a5
		gitlab.nethead.at/symflower/symflower/cmd/symflower-local/generate.(*Generator).Tests(0xc0003fa720, 0xc0003fa810, 0x0?)
			gitlab.nethead.at/symflower/symflower/cmd/symflower-local/generate/generate.go:190 +0x2d3
		gitlab.nethead.at/symflower/symflower/cmd/symflower-local/generate.(*AnalyzeEngineDefault).UnitTests(0x28?, 0x124bba0?, {0x21eb890?, 0xc00004c960?}, {0x50?, 0x10?, 0x1c?, 0x0?}, 0x28?, {0xc0001df380, ...})
			gitlab.nethead.at/symflower/symflower/cmd/symflower-local/generate/analyze.go:157 +0x98
		gitlab.nethead.at/symflower/symflower/cmd/symflower-local/cmd.(*commandUnitTests).Execute(0xc0000dcdd8, {0xc0000dca08?, 0x778b4c527898?, 0xc0000dcdd8?})
			gitlab.nethead.at/symflower/symflower/cmd/symflower-local/cmd/unit-tests.go:85 +0x2a6
		gitlab.nethead.at/symflower/symflower/cmd.ExecuteNoExit({0x21de020, 0xc0000dca08}, {0xc00019e000?, 0x0?, 0x0?})
			gitlab.nethead.at/symflower/symflower/cmd/execute.go:59 +0x2ad
		gitlab.nethead.at/symflower/symflower/cmd.Execute({0x21de020?, 0xc0000dca08?}, {0xc00019e000?, 0xc00011c110?, 0xc000141f10?})
			gitlab.nethead.at/symflower/symflower/cmd/execute.go:17 +0x26
		gitlab.nethead.at/symflower/symflower/cmd.ExecuteWithOSArguments(...)
			gitlab.nethead.at/symflower/symflower/cmd/execute.go:78
		main.main.func1()
			gitlab.nethead.at/symflower/symflower/cmd/symflower-demo/main.go:39 +0x34
		gitlab.nethead.at/symflower/symflower/cmd/symflower-local/cmd.(*Command).WithPanicReporter(0xc000110060?, 0x0?)
			gitlab.nethead.at/symflower/symflower/cmd/symflower-local/cmd/cmd.go:151 +0x33
		main.main()
			gitlab.nethead.at/symflower/symflower/cmd/symflower-demo/main.go:38 +0x7f
src/main/java/org/apache/commons/lang3/text/translate/OctalUnescaper.java: org.apache.commons.lang3.text.translate.OctalUnescaper.translate: computing test cases
src/main/java/org/apache/commons/lang3/text/translate/OctalUnescaper.java: org.apache.commons.lang3.text.translate.OctalUnescaper.translate: computed 0 unit tests
src/main/java/org/apache/commons/lang3/text/translate/OctalUnescaper.java: org.apache.commons.lang3.text.translate.OctalUnescaper.translate: found 1 problems
src/main/java/org/apache/commons/lang3/text/translate/OctalUnescaper.java: unsupported: org.apache.commons.lang3.text.translate.OctalUnescaper.translate: encountered an unsupported type
	data: unsupported(java/io/Writer)
src/main/java/org/apache/commons/lang3/text/translate/CodePointTranslator.java: org.apache.commons.lang3.text.translate.CodePointTranslator.translate: computing test cases
src/main/java/org/apache/commons/lang3/text/translate/CodePointTranslator.java: org.apache.commons.lang3.text.translate.CodePointTranslator.translate: computed 0 unit tests
src/main/java/org/apache/commons/lang3/text/translate/CodePointTranslator.java: org.apache.commons.lang3.text.translate.CodePointTranslator.translate: computing test cases
src/main/java/org/apache/commons/lang3/text/translate/CodePointTranslator.java: org.apache.commons.lang3.text.translate.CodePointTranslator.translate: function is abstract and therefore inaccessible for tests
src/main/java/org/apache/commons/lang3/text/translate/LookupTranslator.java: org.apache.commons.lang3.text.translate.LookupTranslator.translate: computing test cases
src/main/java/org/apache/commons/lang3/text/translate/LookupTranslator.java: org.apache.commons.lang3.text.translate.LookupTranslator.translate: found 1 problems
src/main/java/org/apache/commons/lang3/text/translate/LookupTranslator.java: internal error: org.apache.commons.lang3.text.translate.LookupTranslator.translate: recovered panic
	data: Internal error: unknown type kind:
		&modelast.Unsupported{}
		Stacktrace: goroutine 1 [running]:
		gitlab.nethead.at/symflower/symflower/model/errors.NewInternalError({0x21de060, 0x2d25a10}, {0x13d4da0, 0xc00071e880})
			gitlab.nethead.at/symflower/symflower/model/errors/error.go:852 +0x4e
		gitlab.nethead.at/symflower/symflower/model/ast.zeroValue(0xc001181d40, {0x2205608, 0xc000afa080}, 0x2088960, 0x2088978)
			gitlab.nethead.at/symflower/symflower/model/ast/value.go:476 +0xefb
		gitlab.nethead.at/symflower/symflower/model/ast.ZeroValue(0xc0006b2cc0?, {0x2205608?, 0xc000afa080?})
			gitlab.nethead.at/symflower/symflower/model/ast/value.go:378 +0x2b
		gitlab.nethead.at/symflower/symflower/symbolicexecution.(*symflowerExecution).setInvisibleAndFinalFieldsToDefaultValue(0xc0003bf450, 0xc000138f00, {0x2209770, 0xc000e62e60})
			gitlab.nethead.at/symflower/symflower/symbolicexecution/handle.go:223 +0x2b5
		gitlab.nethead.at/symflower/symflower/symbolicexecution.(*symflowerExecution).createDeclaration(0xc0003bf450, 0xc000138f00, {0x140aaeb, 0x4}, {0x2205728?, 0xc00101e500?}, {0x0, 0x0})
			gitlab.nethead.at/symflower/symflower/symbolicexecution/handle.go:4760 +0x62d
		gitlab.nethead.at/symflower/symflower/symbolicexecution.(*symflowerExecution).handleSymbol(0xc0003bf450, 0xc001181d40, 0xc0003df500)
			gitlab.nethead.at/symflower/symflower/symbolicexecution/handle.go:55 +0x645
		gitlab.nethead.at/symflower/symflower/symbolicexecution.analyzeInternal(0xc000922860, 0x2088c88)
			gitlab.nethead.at/symflower/symflower/symbolicexecution/analyze.go:209 +0xe38
		gitlab.nethead.at/symflower/symflower/symbolicexecution.AnalyzeResult(0x2d49d00?)
			gitlab.nethead.at/symflower/symflower/symbolicexecution/analyze.go:55 +0x32
		gitlab.nethead.at/symflower/symflower/cmd/symflower-local/generate.(*Generator).SymbolicExecutionTestsForSymbol(0xc0003fa720, {0x21e8348, 0xc0000fae10}, 0xc0009276b0)
			gitlab.nethead.at/symflower/symflower/cmd/symflower-local/generate/generate.go:236 +0x3a5
		gitlab.nethead.at/symflower/symflower/cmd/symflower-local/generate.(*Generator).Tests(0xc0003fa720, 0xc0003fa810, 0x0?)
			gitlab.nethead.at/symflower/symflower/cmd/symflower-local/generate/generate.go:190 +0x2d3
		gitlab.nethead.at/symflower/symflower/cmd/symflower-local/generate.(*AnalyzeEngineDefault).UnitTests(0x28?, 0x124bba0?, {0x21eb890?, 0xc00004c960?}, {0x50?, 0x10?, 0x1c?, 0x0?}, 0x28?, {0xc0001df380, ...})
			gitlab.nethead.at/symflower/symflower/cmd/symflower-local/generate/analyze.go:157 +0x98
		gitlab.nethead.at/symflower/symflower/cmd/symflower-local/cmd.(*commandUnitTests).Execute(0xc0000dcdd8, {0xc0000dca08?, 0x778b4c527898?, 0xc0000dcdd8?})
			gitlab.nethead.at/symflower/symflower/cmd/symflower-local/cmd/unit-tests.go:85 +0x2a6
		gitlab.nethead.at/symflower/symflower/cmd.ExecuteNoExit({0x21de020, 0xc0000dca08}, {0xc00019e000?, 0x0?, 0x0?})
			gitlab.nethead.at/symflower/symflower/cmd/execute.go:59 +0x2ad
		gitlab.nethead.at/symflower/symflower/cmd.Execute({0x21de020?, 0xc0000dca08?}, {0xc00019e000?, 0xc00011c110?, 0xc000141f10?})
			gitlab.nethead.at/symflower/symflower/cmd/execute.go:17 +0x26
		gitlab.nethead.at/symflower/symflower/cmd.ExecuteWithOSArguments(...)
			gitlab.nethead.at/symflower/symflower/cmd/execute.go:78
		main.main.func1()
			gitlab.nethead.at/symflower/symflower/cmd/symflower-demo/main.go:39 +0x34
		gitlab.nethead.at/symflower/symflower/cmd/symflower-local/cmd.(*Command).WithPanicReporter(0xc000110060?, 0x0?)
			gitlab.nethead.at/symflower/symflower/cmd/symflower-local/cmd/cmd.go:151 +0x33
		main.main()
			gitlab.nethead.at/symflower/symflower/cmd/symflower-demo/main.go:38 +0x7f
src/main/java/org/apache/commons/lang3/text/translate/LookupTranslator.java: org.apache.commons.lang3.text.translate.LookupTranslator.LookupTranslator: computing test cases
src/main/java/org/apache/commons/lang3/text/translate/LookupTranslator.java: org.apache.commons.lang3.text.translate.LookupTranslator.LookupTranslator: computed 0 unit tests
src/main/java/org/apache/commons/lang3/text/translate/LookupTranslator.java: org.apache.commons.lang3.text.translate.LookupTranslator.LookupTranslator: found 1 problems
src/main/java/org/apache/commons/lang3/text/translate/LookupTranslator.java: internal error: org.apache.commons.lang3.text.translate.LookupTranslator.LookupTranslator: unknown type kind
	data: unsupported
src/main/java/org/apache/commons/lang3/text/translate/UnicodeEscaper.java: org.apache.commons.lang3.text.translate.UnicodeEscaper.UnicodeEscaper: computing test cases
src/main/java/org/apache/commons/lang3/text/translate/UnicodeEscaper.java: org.apache.commons.lang3.text.translate.UnicodeEscaper.UnicodeEscaper: computed 1 unit tests
src/main/java/org/apache/commons/lang3/text/translate/UnicodeEscaper.java: org.apache.commons.lang3.text.translate.UnicodeEscaper.UnicodeEscaper: found 0 problems
src/main/java/org/apache/commons/lang3/text/translate/UnicodeEscaper.java: org.apache.commons.lang3.text.translate.UnicodeEscaper.below: computing test cases
src/main/java/org/apache/commons/lang3/text/translate/UnicodeEscaper.java: org.apache.commons.lang3.text.translate.UnicodeEscaper.below: computed 1 unit tests
src/main/java/org/apache/commons/lang3/text/translate/UnicodeEscaper.java: org.apache.commons.lang3.text.translate.UnicodeEscaper.below: found 0 problems
src/main/java/org/apache/commons/lang3/text/translate/UnicodeEscaper.java: org.apache.commons.lang3.text.translate.UnicodeEscaper.outsideOf: computing test cases
src/main/java/org/apache/commons/lang3/text/translate/UnicodeEscaper.java: org.apache.commons.lang3.text.translate.UnicodeEscaper.outsideOf: computed 1 unit tests
src/main/java/org/apache/commons/lang3/text/translate/UnicodeEscaper.java: org.apache.commons.lang3.text.translate.UnicodeEscaper.outsideOf: found 0 problems
src/main/java/org/apache/commons/lang3/text/translate/UnicodeEscaper.java: org.apache.commons.lang3.text.translate.UnicodeEscaper.toUtf16Escape: computing test cases
src/main/java/org/apache/commons/lang3/text/translate/UnicodeEscaper.java: org.apache.commons.lang3.text.translate.UnicodeEscaper.toUtf16Escape: computed 0 unit tests
src/main/java/org/apache/commons/lang3/text/translate/UnicodeEscaper.java: org.apache.commons.lang3.text.translate.UnicodeEscaper.toUtf16Escape: found 0 problems
src/main/java/org/apache/commons/lang3/text/translate/UnicodeEscaper.java: org.apache.commons.lang3.text.translate.UnicodeEscaper.UnicodeEscaper: computing test cases
src/main/java/org/apache/commons/lang3/text/translate/UnicodeEscaper.java: org.apache.commons.lang3.text.translate.UnicodeEscaper.UnicodeEscaper: computed 1 unit tests
src/main/java/org/apache/commons/lang3/text/translate/UnicodeEscaper.java: org.apache.commons.lang3.text.translate.UnicodeEscaper.UnicodeEscaper: found 0 problems
src/main/java/org/apache/commons/lang3/text/translate/UnicodeEscaper.java: org.apache.commons.lang3.text.translate.UnicodeEscaper.above: computing test cases
src/main/java/org/apache/commons/lang3/text/translate/UnicodeEscaper.java: org.apache.commons.lang3.text.translate.UnicodeEscaper.above: computed 1 unit tests
src/main/java/org/apache/commons/lang3/text/translate/UnicodeEscaper.java: org.apache.commons.lang3.text.translate.UnicodeEscaper.above: found 0 problems
src/main/java/org/apache/commons/lang3/text/translate/UnicodeEscaper.java: org.apache.commons.lang3.text.translate.UnicodeEscaper.translate: computing test cases
src/main/java/org/apache/commons/lang3/text/translate/UnicodeEscaper.java: org.apache.commons.lang3.text.translate.UnicodeEscaper.translate: computed 0 unit tests
src/main/java/org/apache/commons/lang3/text/translate/UnicodeEscaper.java: org.apache.commons.lang3.text.translate.UnicodeEscaper.translate: found 1 problems
src/main/java/org/apache/commons/lang3/text/translate/UnicodeEscaper.java: unsupported: org.apache.commons.lang3.text.translate.UnicodeEscaper.translate: encountered an unsupported type
	data: unsupported(java/io/Writer)
src/main/java/org/apache/commons/lang3/text/translate/UnicodeEscaper.java: org.apache.commons.lang3.text.translate.UnicodeEscaper.between: computing test cases
src/main/java/org/apache/commons/lang3/text/translate/UnicodeEscaper.java: org.apache.commons.lang3.text.translate.UnicodeEscaper.between: computed 1 unit tests
src/main/java/org/apache/commons/lang3/text/translate/UnicodeEscaper.java: org.apache.commons.lang3.text.translate.UnicodeEscaper.between: found 0 problems
src/main/java/org/apache/commons/lang3/text/translate/AggregateTranslator.java: org.apache.commons.lang3.text.translate.AggregateTranslator.AggregateTranslator: computing test cases
src/main/java/org/apache/commons/lang3/text/translate/AggregateTranslator.java: org.apache.commons.lang3.text.translate.AggregateTranslator.AggregateTranslator: computed 0 unit tests
src/main/java/org/apache/commons/lang3/text/translate/AggregateTranslator.java: org.apache.commons.lang3.text.translate.AggregateTranslator.AggregateTranslator: found 0 problems
src/main/java/org/apache/commons/lang3/text/translate/AggregateTranslator.java: org.apache.commons.lang3.text.translate.AggregateTranslator.translate: computing test cases
src/main/java/org/apache/commons/lang3/text/translate/AggregateTranslator.java: org.apache.commons.lang3.text.translate.AggregateTranslator.translate: computed 0 unit tests
src/main/java/org/apache/commons/lang3/text/translate/AggregateTranslator.java: org.apache.commons.lang3.text.translate.AggregateTranslator.translate: found 1 problems
src/main/java/org/apache/commons/lang3/text/translate/AggregateTranslator.java: internal error: org.apache.commons.lang3.text.translate.AggregateTranslator.translate: unknown type kind
	data: [==(select(VariableReference(@m_0, pointer(struct(org/apache/commons/lang3/text/translate/AggregateTranslator, [], [pointer(reference(org/apache/commons/lang3/text/translate/CharSequenceTranslator))], [])), @m_0_0), translators), nil) array(pointer(reference(org/apache/commons/lang3/text/translate/CharSequenceTranslator)), primitive(int, 32, false), 0)]
src/main/java/org/apache/commons/lang3/text/translate/JavaUnicodeEscaper.java: org.apache.commons.lang3.text.translate.JavaUnicodeEscaper.outsideOf: computing test cases
src/main/java/org/apache/commons/lang3/text/translate/JavaUnicodeEscaper.java: org.apache.commons.lang3.text.translate.JavaUnicodeEscaper.outsideOf: computed 1 unit tests
src/main/java/org/apache/commons/lang3/text/translate/JavaUnicodeEscaper.java: org.apache.commons.lang3.text.translate.JavaUnicodeEscaper.outsideOf: found 0 problems
src/main/java/org/apache/commons/lang3/text/translate/JavaUnicodeEscaper.java: org.apache.commons.lang3.text.translate.JavaUnicodeEscaper.above: computing test cases
src/main/java/org/apache/commons/lang3/text/translate/JavaUnicodeEscaper.java: org.apache.commons.lang3.text.translate.JavaUnicodeEscaper.above: computed 1 unit tests
src/main/java/org/apache/commons/lang3/text/translate/JavaUnicodeEscaper.java: org.apache.commons.lang3.text.translate.JavaUnicodeEscaper.above: found 0 problems
src/main/java/org/apache/commons/lang3/text/translate/JavaUnicodeEscaper.java: org.apache.commons.lang3.text.translate.JavaUnicodeEscaper.below: computing test cases
src/main/java/org/apache/commons/lang3/text/translate/JavaUnicodeEscaper.java: org.apache.commons.lang3.text.translate.JavaUnicodeEscaper.below: computed 1 unit tests
src/main/java/org/apache/commons/lang3/text/translate/JavaUnicodeEscaper.java: org.apache.commons.lang3.text.translate.JavaUnicodeEscaper.below: found 0 problems
src/main/java/org/apache/commons/lang3/text/translate/JavaUnicodeEscaper.java: org.apache.commons.lang3.text.translate.JavaUnicodeEscaper.toUtf16Escape: computing test cases
src/main/java/org/apache/commons/lang3/text/translate/JavaUnicodeEscaper.java: org.apache.commons.lang3.text.translate.JavaUnicodeEscaper.toUtf16Escape: computed 0 unit tests
src/main/java/org/apache/commons/lang3/text/translate/JavaUnicodeEscaper.java: org.apache.commons.lang3.text.translate.JavaUnicodeEscaper.toUtf16Escape: found 0 problems
src/main/java/org/apache/commons/lang3/text/translate/JavaUnicodeEscaper.java: org.apache.commons.lang3.text.translate.JavaUnicodeEscaper.JavaUnicodeEscaper: computing test cases
src/main/java/org/apache/commons/lang3/text/translate/JavaUnicodeEscaper.java: org.apache.commons.lang3.text.translate.JavaUnicodeEscaper.JavaUnicodeEscaper: computed 1 unit tests
src/main/java/org/apache/commons/lang3/text/translate/JavaUnicodeEscaper.java: org.apache.commons.lang3.text.translate.JavaUnicodeEscaper.JavaUnicodeEscaper: found 0 problems
src/main/java/org/apache/commons/lang3/text/translate/JavaUnicodeEscaper.java: org.apache.commons.lang3.text.translate.JavaUnicodeEscaper.between: computing test cases
src/main/java/org/apache/commons/lang3/text/translate/JavaUnicodeEscaper.java: org.apache.commons.lang3.text.translate.JavaUnicodeEscaper.between: computed 1 unit tests
src/main/java/org/apache/commons/lang3/text/translate/JavaUnicodeEscaper.java: org.apache.commons.lang3.text.translate.JavaUnicodeEscaper.between: found 0 problems
src/main/java/org/apache/commons/lang3/text/translate/NumericEntityEscaper.java: org.apache.commons.lang3.text.translate.NumericEntityEscaper.above: computing test cases
src/main/java/org/apache/commons/lang3/text/translate/NumericEntityEscaper.java: org.apache.commons.lang3.text.translate.NumericEntityEscaper.above: computed 1 unit tests
src/main/java/org/apache/commons/lang3/text/translate/NumericEntityEscaper.java: org.apache.commons.lang3.text.translate.NumericEntityEscaper.above: found 0 problems
src/main/java/org/apache/commons/lang3/text/translate/NumericEntityEscaper.java: org.apache.commons.lang3.text.translate.NumericEntityEscaper.translate: computing test cases
src/main/java/org/apache/commons/lang3/text/translate/NumericEntityEscaper.java: org.apache.commons.lang3.text.translate.NumericEntityEscaper.translate: computed 0 unit tests
src/main/java/org/apache/commons/lang3/text/translate/NumericEntityEscaper.java: org.apache.commons.lang3.text.translate.NumericEntityEscaper.translate: found 1 problems
src/main/java/org/apache/commons/lang3/text/translate/NumericEntityEscaper.java: unsupported: org.apache.commons.lang3.text.translate.NumericEntityEscaper.translate: encountered an unsupported type
	data: unsupported(java/io/Writer)
src/main/java/org/apache/commons/lang3/text/translate/NumericEntityEscaper.java: org.apache.commons.lang3.text.translate.NumericEntityEscaper.NumericEntityEscaper: computing test cases
src/main/java/org/apache/commons/lang3/text/translate/NumericEntityEscaper.java: org.apache.commons.lang3.text.translate.NumericEntityEscaper.NumericEntityEscaper: computed 1 unit tests
src/main/java/org/apache/commons/lang3/text/translate/NumericEntityEscaper.java: org.apache.commons.lang3.text.translate.NumericEntityEscaper.NumericEntityEscaper: found 0 problems
src/main/java/org/apache/commons/lang3/text/translate/NumericEntityEscaper.java: org.apache.commons.lang3.text.translate.NumericEntityEscaper.below: computing test cases
src/main/java/org/apache/commons/lang3/text/translate/NumericEntityEscaper.java: org.apache.commons.lang3.text.translate.NumericEntityEscaper.below: computed 1 unit tests
src/main/java/org/apache/commons/lang3/text/translate/NumericEntityEscaper.java: org.apache.commons.lang3.text.translate.NumericEntityEscaper.below: found 0 problems
src/main/java/org/apache/commons/lang3/text/translate/NumericEntityEscaper.java: org.apache.commons.lang3.text.translate.NumericEntityEscaper.between: computing test cases
src/main/java/org/apache/commons/lang3/text/translate/NumericEntityEscaper.java: org.apache.commons.lang3.text.translate.NumericEntityEscaper.between: computed 1 unit tests
src/main/java/org/apache/commons/lang3/text/translate/NumericEntityEscaper.java: org.apache.commons.lang3.text.translate.NumericEntityEscaper.between: found 0 problems
src/main/java/org/apache/commons/lang3/text/translate/NumericEntityEscaper.java: org.apache.commons.lang3.text.translate.NumericEntityEscaper.outsideOf: computing test cases
src/main/java/org/apache/commons/lang3/text/translate/NumericEntityEscaper.java: org.apache.commons.lang3.text.translate.NumericEntityEscaper.outsideOf: computed 1 unit tests
src/main/java/org/apache/commons/lang3/text/translate/NumericEntityEscaper.java: org.apache.commons.lang3.text.translate.NumericEntityEscaper.outsideOf: found 0 problems
src/main/java/org/apache/commons/lang3/text/translate/EntityArrays.java: org.apache.commons.lang3.text.translate.EntityArrays.ISO8859_1_UNESCAPE: computing test cases
src/main/java/org/apache/commons/lang3/text/translate/EntityArrays.java: org.apache.commons.lang3.text.translate.EntityArrays.ISO8859_1_UNESCAPE: computed 0 unit tests
src/main/java/org/apache/commons/lang3/text/translate/EntityArrays.java: org.apache.commons.lang3.text.translate.EntityArrays.ISO8859_1_UNESCAPE: found 1 problems
src/main/java/org/apache/commons/lang3/text/translate/EntityArrays.java: info: org.apache.commons.lang3.text.translate.EntityArrays.ISO8859_1_UNESCAPE: solver timed out
	data: ExecutionResult{ExitStatus:-1, ResourceUsage{WallTime:10.013594903s, CPUTimeUser:2.031528s, CPUTimeSystem:7.978788s, MemoryUsage:336808}}
src/main/java/org/apache/commons/lang3/text/translate/EntityArrays.java: org.apache.commons.lang3.text.translate.EntityArrays.BASIC_UNESCAPE: computing test cases
src/main/java/org/apache/commons/lang3/text/translate/EntityArrays.java: org.apache.commons.lang3.text.translate.EntityArrays.BASIC_UNESCAPE: computed 0 unit tests
src/main/java/org/apache/commons/lang3/text/translate/EntityArrays.java: org.apache.commons.lang3.text.translate.EntityArrays.BASIC_UNESCAPE: found 1 problems
src/main/java/org/apache/commons/lang3/text/translate/EntityArrays.java: info: org.apache.commons.lang3.text.translate.EntityArrays.BASIC_UNESCAPE: solver timed out
	data: ExecutionResult{ExitStatus:-1, ResourceUsage{WallTime:10.034902777s, CPUTimeUser:9.181308s, CPUTimeSystem:843.752ms, MemoryUsage:881076}}
src/main/java/org/apache/commons/lang3/text/translate/EntityArrays.java: org.apache.commons.lang3.text.translate.EntityArrays.ISO8859_1_ESCAPE: computing test cases
src/main/java/org/apache/commons/lang3/text/translate/EntityArrays.java: org.apache.commons.lang3.text.translate.EntityArrays.ISO8859_1_ESCAPE: computed 0 unit tests
src/main/java/org/apache/commons/lang3/text/translate/EntityArrays.java: org.apache.commons.lang3.text.translate.EntityArrays.ISO8859_1_ESCAPE: found 1 problems
src/main/java/org/apache/commons/lang3/text/translate/EntityArrays.java: info: org.apache.commons.lang3.text.translate.EntityArrays.ISO8859_1_ESCAPE: solver timed out
	data: ExecutionResult{ExitStatus:-1, ResourceUsage{WallTime:10.035594202s, CPUTimeUser:9.254027s, CPUTimeSystem:775.499ms, MemoryUsage:881076}}
src/main/java/org/apache/commons/lang3/text/translate/EntityArrays.java: org.apache.commons.lang3.text.translate.EntityArrays.APOS_UNESCAPE: computing test cases
src/main/java/org/apache/commons/lang3/text/translate/EntityArrays.java: org.apache.commons.lang3.text.translate.EntityArrays.APOS_UNESCAPE: computed 0 unit tests
src/main/java/org/apache/commons/lang3/text/translate/EntityArrays.java: org.apache.commons.lang3.text.translate.EntityArrays.APOS_UNESCAPE: found 1 problems
src/main/java/org/apache/commons/lang3/text/translate/EntityArrays.java: info: org.apache.commons.lang3.text.translate.EntityArrays.APOS_UNESCAPE: solver timed out
	data: ExecutionResult{ExitStatus:-1, ResourceUsage{WallTime:10.029479319s, CPUTimeUser:9.411317s, CPUTimeSystem:607.697ms, MemoryUsage:977532}}
src/main/java/org/apache/commons/lang3/text/translate/EntityArrays.java: org.apache.commons.lang3.text.translate.EntityArrays.JAVA_CTRL_CHARS_ESCAPE: computing test cases
src/main/java/org/apache/commons/lang3/text/translate/EntityArrays.java: org.apache.commons.lang3.text.translate.EntityArrays.JAVA_CTRL_CHARS_ESCAPE: computed 0 unit tests
src/main/java/org/apache/commons/lang3/text/translate/EntityArrays.java: org.apache.commons.lang3.text.translate.EntityArrays.JAVA_CTRL_CHARS_ESCAPE: found 1 problems
src/main/java/org/apache/commons/lang3/text/translate/EntityArrays.java: info: org.apache.commons.lang3.text.translate.EntityArrays.JAVA_CTRL_CHARS_ESCAPE: solver timed out
	data: ExecutionResult{ExitStatus:-1, ResourceUsage{WallTime:10.031550794s, CPUTimeUser:9.125614s, CPUTimeSystem:899.37ms, MemoryUsage:1412500}}
src/main/java/org/apache/commons/lang3/text/translate/EntityArrays.java: org.apache.commons.lang3.text.translate.EntityArrays.HTML40_EXTENDED_ESCAPE: computing test cases
src/main/java/org/apache/commons/lang3/text/translate/EntityArrays.java: org.apache.commons.lang3.text.translate.EntityArrays.HTML40_EXTENDED_ESCAPE: computed 0 unit tests
src/main/java/org/apache/commons/lang3/text/translate/EntityArrays.java: org.apache.commons.lang3.text.translate.EntityArrays.HTML40_EXTENDED_ESCAPE: found 1 problems
src/main/java/org/apache/commons/lang3/text/translate/EntityArrays.java: info: org.apache.commons.lang3.text.translate.EntityArrays.HTML40_EXTENDED_ESCAPE: solver timed out
	data: ExecutionResult{ExitStatus:-1, ResourceUsage{WallTime:10.032855652s, CPUTimeUser:9.219189s, CPUTimeSystem:811.928ms, MemoryUsage:1412708}}
src/main/java/org/apache/commons/lang3/text/translate/EntityArrays.java: org.apache.commons.lang3.text.translate.EntityArrays.BASIC_ESCAPE: computing test cases
src/main/java/org/apache/commons/lang3/text/translate/EntityArrays.java: org.apache.commons.lang3.text.translate.EntityArrays.BASIC_ESCAPE: computed 0 unit tests
src/main/java/org/apache/commons/lang3/text/translate/EntityArrays.java: org.apache.commons.lang3.text.translate.EntityArrays.BASIC_ESCAPE: found 1 problems
src/main/java/org/apache/commons/lang3/text/translate/EntityArrays.java: info: org.apache.commons.lang3.text.translate.EntityArrays.BASIC_ESCAPE: solver timed out
	data: ExecutionResult{ExitStatus:-1, ResourceUsage{WallTime:10.034722359s, CPUTimeUser:9.149632s, CPUTimeSystem:879.388ms, MemoryUsage:1412708}}
src/main/java/org/apache/commons/lang3/text/translate/EntityArrays.java: org.apache.commons.lang3.text.translate.EntityArrays.APOS_ESCAPE: computing test cases
src/main/java/org/apache/commons/lang3/text/translate/EntityArrays.java: org.apache.commons.lang3.text.translate.EntityArrays.APOS_ESCAPE: computed 0 unit tests
src/main/java/org/apache/commons/lang3/text/translate/EntityArrays.java: org.apache.commons.lang3.text.translate.EntityArrays.APOS_ESCAPE: found 1 problems
src/main/java/org/apache/commons/lang3/text/translate/EntityArrays.java: info: org.apache.commons.lang3.text.translate.EntityArrays.APOS_ESCAPE: solver timed out
	data: ExecutionResult{ExitStatus:-1, ResourceUsage{WallTime:10.029063905s, CPUTimeUser:9.410054s, CPUTimeSystem:615.611ms, MemoryUsage:881072}}
src/main/java/org/apache/commons/lang3/text/translate/EntityArrays.java: org.apache.commons.lang3.text.translate.EntityArrays.invert: computing test cases
src/main/java/org/apache/commons/lang3/text/translate/EntityArrays.java: org.apache.commons.lang3.text.translate.EntityArrays.invert: computed 0 unit tests
src/main/java/org/apache/commons/lang3/text/translate/EntityArrays.java: org.apache.commons.lang3.text.translate.EntityArrays.invert: found 1 problems
src/main/java/org/apache/commons/lang3/text/translate/EntityArrays.java: info: org.apache.commons.lang3.text.translate.EntityArrays.invert: solver timed out
	data: ExecutionResult{ExitStatus:-1, ResourceUsage{WallTime:10.030379984s, CPUTimeUser:9.281376s, CPUTimeSystem:743.789ms, MemoryUsage:1413172}}
src/main/java/org/apache/commons/lang3/text/translate/EntityArrays.java: org.apache.commons.lang3.text.translate.EntityArrays.HTML40_EXTENDED_UNESCAPE: computing test cases
src/main/java/org/apache/commons/lang3/text/translate/EntityArrays.java: org.apache.commons.lang3.text.translate.EntityArrays.HTML40_EXTENDED_UNESCAPE: computed 0 unit tests
src/main/java/org/apache/commons/lang3/text/translate/EntityArrays.java: org.apache.commons.lang3.text.translate.EntityArrays.HTML40_EXTENDED_UNESCAPE: found 1 problems
src/main/java/org/apache/commons/lang3/text/translate/EntityArrays.java: info: org.apache.commons.lang3.text.translate.EntityArrays.HTML40_EXTENDED_UNESCAPE: solver timed out
	data: ExecutionResult{ExitStatus:-1, ResourceUsage{WallTime:10.031543987s, CPUTimeUser:9.1921s, CPUTimeSystem:835.645ms, MemoryUsage:1412484}}
src/main/java/org/apache/commons/lang3/text/translate/EntityArrays.java: org.apache.commons.lang3.text.translate.EntityArrays.JAVA_CTRL_CHARS_UNESCAPE: computing test cases
src/main/java/org/apache/commons/lang3/text/translate/EntityArrays.java: org.apache.commons.lang3.text.translate.EntityArrays.JAVA_CTRL_CHARS_UNESCAPE: computed 0 unit tests
src/main/java/org/apache/commons/lang3/text/translate/EntityArrays.java: org.apache.commons.lang3.text.translate.EntityArrays.JAVA_CTRL_CHARS_UNESCAPE: found 1 problems
src/main/java/org/apache/commons/lang3/text/translate/EntityArrays.java: info: org.apache.commons.lang3.text.translate.EntityArrays.JAVA_CTRL_CHARS_UNESCAPE: solver timed out
	data: ExecutionResult{ExitStatus:-1, ResourceUsage{WallTime:10.032858435s, CPUTimeUser:9.222228s, CPUTimeSystem:803.497ms, MemoryUsage:1412712}}
src/main/java/org/apache/commons/lang3/text/translate/UnicodeUnescaper.java: org.apache.commons.lang3.text.translate.UnicodeUnescaper.translate: computing test cases
src/main/java/org/apache/commons/lang3/text/translate/UnicodeUnescaper.java: org.apache.commons.lang3.text.translate.UnicodeUnescaper.translate: computed 0 unit tests
src/main/java/org/apache/commons/lang3/text/translate/UnicodeUnescaper.java: org.apache.commons.lang3.text.translate.UnicodeUnescaper.translate: found 1 problems
src/main/java/org/apache/commons/lang3/text/translate/UnicodeUnescaper.java: unsupported: org.apache.commons.lang3.text.translate.UnicodeUnescaper.translate: encountered an unsupported type
	data: unsupported(java/io/Writer)
Symflower's table driven test style is not supported, switching to basic style
src/main/java/org/apache/commons/lang3/text/translate/JavaUnicodeEscaper.java: generated unit test file src/main/java/org/apache/commons/lang3/text/translate/JavaUnicodeEscaperSymflowerTest.java
Symflower's table driven test style is not supported, switching to basic style
src/main/java/org/apache/commons/lang3/text/translate/NumericEntityEscaper.java: could not generate unit test file for "src/main/java/org/apache/commons/lang3/text/translate/NumericEntityEscaper.java": Internal error: cannot set a final field:
	&modelast.Variable{
	    CompactFileRange: location.CompactFileRange{Start:location.NewCompactFileLocationRaw(7, 31, 23), End:location.NewCompactFileLocationRaw(7, 31, 27)},
	    Name:             "above",
	    Type:             &modelast.TypePrimitive{
	        Kind: "int",
	        Size: 0x20,
	    },
	    Modifier: modelast.ModifierFinal|modelast.ModifierVisibilityPrivate,
	}
	Stacktrace: goroutine 1 [running]:
	gitlab.nethead.at/symflower/symflower/model/errors.NewInternalError({0x21de060, 0x2d25d80}, {0x13e5e60, 0xc00092c6c0})
		gitlab.nethead.at/symflower/symflower/model/errors/error.go:852 +0x4e
	gitlab.nethead.at/symflower/symflower/language/java/ast.(*Generator).objectCreation(0xc0004aaee0, {0x2205848?, 0xc000652680?}, {0x21f7de8, 0xc00068fd80}, {0x2208850, 0xc00019b340})
		gitlab.nethead.at/symflower/symflower/language/java/ast/generate.go:1928 +0x34dc
	gitlab.nethead.at/symflower/symflower/language/java/ast.(*Generator).literalForReferenceType(0xc0004aaee0, {0x21f7de8, 0xc00068fd80}, {0x2205848?, 0xc000652660?}, {0x2208850, 0xc00019b340})
		gitlab.nethead.at/symflower/symflower/language/java/ast/generate.go:1427 +0x17da
	gitlab.nethead.at/symflower/symflower/language/java/ast.(*Generator).Literal(0xc0004aaee0, {0x21f7de8, 0xc00068fd80}, {0x2205848?, 0xc000652620?}, {0x2208850, 0xc00019b340})
		gitlab.nethead.at/symflower/symflower/language/java/ast/generate.go:1138 +0x1318
	gitlab.nethead.at/symflower/symflower/language/java/ast.(*Generator).Literal(0xc0004aaee0, {0x21f7de8, 0xc00068fd80}, {0x2205728?, 0xc00101e900?}, {0x22089b0, 0xc000aa6450})
		gitlab.nethead.at/symflower/symflower/language/java/ast/generate.go:1128 +0x245
	gitlab.nethead.at/symflower/symflower/language/java/ast.(*Generator).VariableDeclarationWithAssignment(0xc0004aaee0, {0x2205728, 0xc00101e900}, {0x14113cd, 0x8}, {0x22089b0, 0xc000aa6450}, {0x0, 0x0})
		gitlab.nethead.at/symflower/symflower/language/java/ast/generate.go:548 +0x125
	gitlab.nethead.at/symflower/symflower/language/java/unittest.(*TestGeneratorJUnit).expressionExpected(0xc000ae3a40, 0xc0006540a0?, {0x22089b0, 0xc000aa6450}, {0x2205728, 0xc00101e900}, {0x14113cd, 0x8}, {0x0, 0x0})
		gitlab.nethead.at/symflower/symflower/language/java/unittest/junit.go:177 +0x27a
	gitlab.nethead.at/symflower/symflower/language/java/unittest.(*TestGeneratorJUnit).returnArgumentInitialization(0xc000ae3a40, 0xc0006540a0, {0x0, 0x0}, {0x0, 0x0, 0x0}, {0x21f7e40, 0xc0003c69c0})
		gitlab.nethead.at/symflower/symflower/language/java/unittest/junit.go:229 +0x429
	gitlab.nethead.at/symflower/symflower/language/java/unittest.(*TestGeneratorJUnit).generateUnitTestAddTestInternal(0xc000ae3a40, 0xc00001e380, {0x0, 0x0})
		gitlab.nethead.at/symflower/symflower/language/java/unittest/junit.go:387 +0x1365
	gitlab.nethead.at/symflower/symflower/language/java/unittest.(*TestGeneratorJUnit).generateUnitTestAddTest(...)
		gitlab.nethead.at/symflower/symflower/language/java/unittest/junit.go:249
	gitlab.nethead.at/symflower/symflower/language/java/unittest.(*TestGeneratorJUnit).AddTest(0xc000ae3a40, 0xc00172a780?)
		gitlab.nethead.at/symflower/symflower/language/java/unittest/junit.go:61 +0x1d
	gitlab.nethead.at/symflower/symflower/language/java/unittest.(*testStyleBasic).addTest(0xc0014ee870, 0xc00001e380)
		gitlab.nethead.at/symflower/symflower/language/java/unittest/test-style-basic.go:253 +0x318
	gitlab.nethead.at/symflower/symflower/language/java/unittest.(*testStyleBasic).AddTest(0xc001780420?, 0xc0001b5a20?)
		gitlab.nethead.at/symflower/symflower/language/java/unittest/test-style-basic.go:215 +0x1a
	gitlab.nethead.at/symflower/symflower/language/java.generateUnitTestFileForType(0xc000652360, {0xc000ae3940, 0x5, 0x21?}, {0xc000eab6e0?, 0xc001343f40?}, 0xc000b7edc0?)
		gitlab.nethead.at/symflower/symflower/language/java/unit-test.go:173 +0x647
	gitlab.nethead.at/symflower/symflower/language/java.Adapter.GenerateUnitTest({{{0x0, 0x0}, {0x0, 0x0}, {0x0, 0x0}}}, 0xc000652360, {0xc0008efc80, 0x5, 0x8})
		gitlab.nethead.at/symflower/symflower/language/java/unit-test.go:99 +0x8c8
	gitlab.nethead.at/symflower/symflower/cmd/symflower-local/generate.(*Generator).updateTestFiles.func1({0xc00012c129, 0x4f})
		gitlab.nethead.at/symflower/symflower/cmd/symflower-local/generate/generate.go:345 +0x55e
	gitlab.nethead.at/symflower/symflower/cmd/symflower-local/generate.updateTestFiles({0xc0001c10e0, 0x29}, 0xc000c1c120, {0xc0005f6fc0?, 0x1?, 0xc000051a00?}, 0x1, 0xc001929b08)
		gitlab.nethead.at/symflower/symflower/cmd/symflower-local/generate/tests.go:41 +0xc3
	gitlab.nethead.at/symflower/symflower/cmd/symflower-local/generate.(*Generator).updateTestFiles(0xc0003fa720, 0xc000d5b170, 0x1, 0x1)
		gitlab.nethead.at/symflower/symflower/cmd/symflower-local/generate/generate.go:330 +0x3e5
	gitlab.nethead.at/symflower/symflower/cmd/symflower-local/generate.(*Generator).UpdateSymflowerTestSuite(0xc0003fa720?, 0xc0003fa810?)
		gitlab.nethead.at/symflower/symflower/cmd/symflower-local/generate/generate.go:307 +0x3b
	gitlab.nethead.at/symflower/symflower/cmd/symflower-local/generate.(*AnalyzeEngineDefault).UnitTests(0x28?, 0x124bba0?, {0x21eb890?, 0xc00004c960?}, {0x50?, 0x10?, 0x1c?, 0x0?}, 0x28?, {0xc0001df380, ...})
		gitlab.nethead.at/symflower/symflower/cmd/symflower-local/generate/analyze.go:162 +0xaa
	gitlab.nethead.at/symflower/symflower/cmd/symflower-local/cmd.(*commandUnitTests).Execute(0xc0000dcdd8, {0xc0000dca08?, 0x778b4c527898?, 0xc0000dcdd8?})
		gitlab.nethead.at/symflower/symflower/cmd/symflower-local/cmd/unit-tests.go:85 +0x2a6
	gitlab.nethead.at/symflower/symflower/cmd.ExecuteNoExit({0x21de020, 0xc0000dca08}, {0xc00019e000?, 0x0?, 0x0?})
		gitlab.nethead.at/symflower/symflower/cmd/execute.go:59 +0x2ad
	gitlab.nethead.at/symflower/symflower/cmd.Execute({0x21de020?, 0xc0000dca08?}, {0xc00019e000?, 0xc00011c110?, 0xc000141f10?})
		gitlab.nethead.at/symflower/symflower/cmd/execute.go:17 +0x26
	gitlab.nethead.at/symflower/symflower/cmd.ExecuteWithOSArguments(...)
		gitlab.nethead.at/symflower/symflower/cmd/execute.go:78
	main.main.func1()
		gitlab.nethead.at/symflower/symflower/cmd/symflower-demo/main.go:39 +0x34
	gitlab.nethead.at/symflower/symflower/cmd/symflower-local/cmd.(*Command).WithPanicReporter(0xc000110060?, 0x0?)
		gitlab.nethead.at/symflower/symflower/cmd/symflower-local/cmd/cmd.go:151 +0x33
	main.main()
		gitlab.nethead.at/symflower/symflower/cmd/symflower-demo/main.go:38 +0x7f
Symflower's table driven test style is not supported, switching to basic style
src/main/java/org/apache/commons/lang3/text/translate/UnicodeEscaper.java: could not generate unit test file for "src/main/java/org/apache/commons/lang3/text/translate/UnicodeEscaper.java": Internal error: cannot set a final field:
	&modelast.Variable{
	    CompactFileRange: location.CompactFileRange{Start:location.NewCompactFileLocationRaw(10, 31, 23), End:location.NewCompactFileLocationRaw(10, 31, 27)},
	    Name:             "above",
	    Type:             &modelast.TypePrimitive{
	        Kind: "int",
	        Size: 0x20,
	    },
	    Modifier: modelast.ModifierFinal|modelast.ModifierVisibilityPrivate,
	}
	Stacktrace: goroutine 1 [running]:
	gitlab.nethead.at/symflower/symflower/model/errors.NewInternalError({0x21de060, 0x2d25d80}, {0x13e5e60, 0xc00092cf60})
		gitlab.nethead.at/symflower/symflower/model/errors/error.go:852 +0x4e
	gitlab.nethead.at/symflower/symflower/language/java/ast.(*Generator).objectCreation(0xc0004aa000, {0x2205848?, 0xc0006523a0?}, {0x21f7de8, 0xc00065c680}, {0x2208850, 0xc0005e9580})
		gitlab.nethead.at/symflower/symflower/language/java/ast/generate.go:1928 +0x34dc
	gitlab.nethead.at/symflower/symflower/language/java/ast.(*Generator).literalForReferenceType(0xc0004aa000, {0x21f7de8, 0xc00065c680}, {0x2205848?, 0xc000652380?}, {0x2208850, 0xc0005e9580})
		gitlab.nethead.at/symflower/symflower/language/java/ast/generate.go:1427 +0x17da
	gitlab.nethead.at/symflower/symflower/language/java/ast.(*Generator).Literal(0xc0004aa000, {0x21f7de8, 0xc00065c680}, {0x2205848?, 0xc000652340?}, {0x2208850, 0xc0005e9580})
		gitlab.nethead.at/symflower/symflower/language/java/ast/generate.go:1138 +0x1318
	gitlab.nethead.at/symflower/symflower/language/java/ast.(*Generator).Literal(0xc0004aa000, {0x21f7de8, 0xc00065c680}, {0x2205728?, 0xc000c42320?}, {0x22089b0, 0xc000e9a450})
		gitlab.nethead.at/symflower/symflower/language/java/ast/generate.go:1128 +0x245
	gitlab.nethead.at/symflower/symflower/language/java/ast.(*Generator).VariableDeclarationWithAssignment(0xc0004aa000, {0x2205728, 0xc000c42320}, {0x14113cd, 0x8}, {0x22089b0, 0xc000e9a450}, {0x0, 0x0})
		gitlab.nethead.at/symflower/symflower/language/java/ast/generate.go:548 +0x125
	gitlab.nethead.at/symflower/symflower/language/java/unittest.(*TestGeneratorJUnit).expressionExpected(0xc000ae2140, 0xc0003f6000?, {0x22089b0, 0xc000e9a450}, {0x2205728, 0xc000c42320}, {0x14113cd, 0x8}, {0x0, 0x0})
		gitlab.nethead.at/symflower/symflower/language/java/unittest/junit.go:177 +0x27a
	gitlab.nethead.at/symflower/symflower/language/java/unittest.(*TestGeneratorJUnit).returnArgumentInitialization(0xc000ae2140, 0xc0003f6000, {0x0, 0x0}, {0x0, 0x0, 0x0}, {0x21f7e40, 0xc0003c68f0})
		gitlab.nethead.at/symflower/symflower/language/java/unittest/junit.go:229 +0x429
	gitlab.nethead.at/symflower/symflower/language/java/unittest.(*TestGeneratorJUnit).generateUnitTestAddTestInternal(0xc000ae2140, 0xc000174380, {0x0, 0x0})
		gitlab.nethead.at/symflower/symflower/language/java/unittest/junit.go:387 +0x1365
	gitlab.nethead.at/symflower/symflower/language/java/unittest.(*TestGeneratorJUnit).generateUnitTestAddTest(...)
		gitlab.nethead.at/symflower/symflower/language/java/unittest/junit.go:249
	gitlab.nethead.at/symflower/symflower/language/java/unittest.(*TestGeneratorJUnit).AddTest(0xc000ae2140, 0xc00172a3c0?)
		gitlab.nethead.at/symflower/symflower/language/java/unittest/junit.go:61 +0x1d
	gitlab.nethead.at/symflower/symflower/language/java/unittest.(*testStyleBasic).addTest(0xc0006ad4d0, 0xc000174380)
		gitlab.nethead.at/symflower/symflower/language/java/unittest/test-style-basic.go:253 +0x318
	gitlab.nethead.at/symflower/symflower/language/java/unittest.(*testStyleBasic).AddTest(0xc001780090?, 0xc000983d90?)
		gitlab.nethead.at/symflower/symflower/language/java/unittest/test-style-basic.go:215 +0x1a
	gitlab.nethead.at/symflower/symflower/language/java.generateUnitTestFileForType(0xc000652020, {0xc000ae2040, 0x6, 0x1b?}, {0xc0010260a0?, 0x20325f3835335f6d?}, 0x297265746e696f50?)
		gitlab.nethead.at/symflower/symflower/language/java/unit-test.go:173 +0x647
	gitlab.nethead.at/symflower/symflower/language/java.Adapter.GenerateUnitTest({{{0x0, 0x0}, {0x0, 0x0}, {0x0, 0x0}}}, 0xc000652020, {0xc0005e8200, 0x6, 0x8})
		gitlab.nethead.at/symflower/symflower/language/java/unit-test.go:99 +0x8c8
	gitlab.nethead.at/symflower/symflower/cmd/symflower-local/generate.(*Generator).updateTestFiles.func1({0xc00012c3a9, 0x49})
		gitlab.nethead.at/symflower/symflower/cmd/symflower-local/generate/generate.go:345 +0x55e
	gitlab.nethead.at/symflower/symflower/cmd/symflower-local/generate.updateTestFiles({0xc0001c10e0, 0x29}, 0xc000c1c120, {0xc0005f6fc0?, 0x1?, 0xc000051a00?}, 0x1, 0xc000e43b08)
		gitlab.nethead.at/symflower/symflower/cmd/symflower-local/generate/tests.go:41 +0xc3
	gitlab.nethead.at/symflower/symflower/cmd/symflower-local/generate.(*Generator).updateTestFiles(0xc0003fa720, 0xc000d5b170, 0x1, 0x1)
		gitlab.nethead.at/symflower/symflower/cmd/symflower-local/generate/generate.go:330 +0x3e5
	gitlab.nethead.at/symflower/symflower/cmd/symflower-local/generate.(*Generator).UpdateSymflowerTestSuite(0xc0003fa720?, 0xc0003fa810?)
		gitlab.nethead.at/symflower/symflower/cmd/symflower-local/generate/generate.go:307 +0x3b
	gitlab.nethead.at/symflower/symflower/cmd/symflower-local/generate.(*AnalyzeEngineDefault).UnitTests(0x28?, 0x124bba0?, {0x21eb890?, 0xc00004c960?}, {0x50?, 0x10?, 0x1c?, 0x0?}, 0x28?, {0xc0001df380, ...})
		gitlab.nethead.at/symflower/symflower/cmd/symflower-local/generate/analyze.go:162 +0xaa
	gitlab.nethead.at/symflower/symflower/cmd/symflower-local/cmd.(*commandUnitTests).Execute(0xc0000dcdd8, {0xc0000dca08?, 0x778b4c527898?, 0xc0000dcdd8?})
		gitlab.nethead.at/symflower/symflower/cmd/symflower-local/cmd/unit-tests.go:85 +0x2a6
	gitlab.nethead.at/symflower/symflower/cmd.ExecuteNoExit({0x21de020, 0xc0000dca08}, {0xc00019e000?, 0x0?, 0x0?})
		gitlab.nethead.at/symflower/symflower/cmd/execute.go:59 +0x2ad
	gitlab.nethead.at/symflower/symflower/cmd.Execute({0x21de020?, 0xc0000dca08?}, {0xc00019e000?, 0xc00011c110?, 0xc000141f10?})
		gitlab.nethead.at/symflower/symflower/cmd/execute.go:17 +0x26
	gitlab.nethead.at/symflower/symflower/cmd.ExecuteWithOSArguments(...)
		gitlab.nethead.at/symflower/symflower/cmd/execute.go:78
	main.main.func1()
		gitlab.nethead.at/symflower/symflower/cmd/symflower-demo/main.go:39 +0x34
	gitlab.nethead.at/symflower/symflower/cmd/symflower-local/cmd.(*Command).WithPanicReporter(0xc000110060?, 0x0?)
		gitlab.nethead.at/symflower/symflower/cmd/symflower-local/cmd/cmd.go:151 +0x33
	main.main()
		gitlab.nethead.at/symflower/symflower/cmd/symflower-demo/main.go:38 +0x7f
Analyzed 11 out of 11 source files
Had 10 errors that block a full analysis
Generated 16 tests
Found 0 potential problems
The following issues prevent a full analysis:

* 15 cases of "unknown import"
	Description: Imports could not be resolved. This is likely due to missing dependencies.

* 5 cases of "unknown function"
	Description: Functions could not be resolved. This occurs due to missing dependencies,
  or if a called function is removed due to some other problem.

* 3 cases of "unknown type"
	Description: Types could not be resolved. This could be because of missing dependencies
  or a consequence of some other problem.

* 21 cases of "other issues"
	Description: Uncategorized problems.

