Analyzing workspace /home/ph7/sqa-project/workspaces/compress_23b/
Search for Java files
Load dependency stdlib:@dev
src/main/java/org/apache/commons/compress/archivers/sevenz/Coders.java: org.apache.commons.compress.archivers.sevenz.Coders.DummyByteAddingInputStream.DummyByteAddingInputStream: function is private and therefore inaccessible for tests
src/main/java/org/apache/commons/compress/archivers/sevenz/Coders.java: org.apache.commons.compress.archivers.sevenz.Coders.DummyByteAddingInputStream.read: function is private and therefore inaccessible for tests
src/main/java/org/apache/commons/compress/archivers/sevenz/Coders.java: org.apache.commons.compress.archivers.sevenz.Coders.DummyByteAddingInputStream.read: function is private and therefore inaccessible for tests
src/main/java/org/apache/commons/compress/archivers/sevenz/Coders.java: org.apache.commons.compress.archivers.sevenz.Coders.AES256SHA256Decoder.@@localInputStream0.init: function is private and therefore inaccessible for tests
src/main/java/org/apache/commons/compress/archivers/sevenz/Archive.java: error: unknown import
	data: java/util/BitSet
src/main/java/org/apache/commons/compress/archivers/sevenz/BoundedRandomAccessFileInputStream.java: error: unknown import
	data: java/io/RandomAccessFile
src/main/java/org/apache/commons/compress/archivers/sevenz/Coders.java: error: unknown import
	data: java/security/MessageDigest
src/main/java/org/apache/commons/compress/archivers/sevenz/Coders.java: error: unknown import
	data: java/util/zip/Deflater
src/main/java/org/apache/commons/compress/archivers/sevenz/Coders.java: error: unknown import
	data: java/util/zip/DeflaterOutputStream
src/main/java/org/apache/commons/compress/archivers/sevenz/Coders.java: error: unknown import
	data: javax/crypto/SecretKey
src/main/java/org/apache/commons/compress/archivers/sevenz/Coders.java: error: unknown import
	data: org/apache/commons/compress/compressors/bzip2/BZip2CompressorInputStream
src/main/java/org/apache/commons/compress/archivers/sevenz/Coders.java: error: unknown function
	data: [struct(java/lang/System, [], [pointer(reference(java/lang/Object))], []) java/lang/System//arraycopy [] [select(coder, properties) +(2, saltSize) iv 0 ivSize]]
src/main/java/org/apache/commons/compress/archivers/sevenz/Coders.java: error: unknown function
	data: [pointer(reference(java/io/IOException)) java/io/IOException//initCause [] [noSuchAlgorithmException]]
src/main/java/org/apache/commons/compress/archivers/sevenz/Coders.java: error: unknown function
	data: [pointer(reference(java/io/IOException)) java/io/IOException//initCause [] [generalSecurityException]]
src/main/java/org/apache/commons/compress/archivers/sevenz/Coders.java: error: unknown import
	data: java/io/FilterInputStream
src/main/java/org/apache/commons/compress/archivers/sevenz/Coders.java: error: unknown import
	data: java/security/GeneralSecurityException
src/main/java/org/apache/commons/compress/archivers/sevenz/Coders.java: error: unknown import
	data: java/util/zip/Inflater
src/main/java/org/apache/commons/compress/archivers/sevenz/Coders.java: error: unknown import
	data: java/util/zip/InflaterInputStream
src/main/java/org/apache/commons/compress/archivers/sevenz/Coders.java: error: unknown import
	data: javax/crypto/Cipher
src/main/java/org/apache/commons/compress/archivers/sevenz/Coders.java: error: unknown import
	data: javax/crypto/CipherInputStream
src/main/java/org/apache/commons/compress/archivers/sevenz/Coders.java: error: unknown import
	data: javax/crypto/spec/IvParameterSpec
src/main/java/org/apache/commons/compress/archivers/sevenz/Coders.java: error: unknown import
	data: javax/crypto/spec/SecretKeySpec
src/main/java/org/apache/commons/compress/archivers/sevenz/Coders.java: error: unknown import
	data: java/security/NoSuchAlgorithmException
src/main/java/org/apache/commons/compress/archivers/sevenz/Coders.java: error: unknown import
	data: java/util/Arrays
src/main/java/org/apache/commons/compress/archivers/sevenz/Coders.java: error: unknown import
	data: org/tukaani/xz/LZMAInputStream
src/main/java/org/apache/commons/compress/archivers/sevenz/Coders.java: error: unknown type
	data: SevenZMethod
src/main/java/org/apache/commons/compress/archivers/sevenz/Coders.java: error: unknown function
	data: [struct(java/lang/System, [], [pointer(reference(java/lang/Object))], []) java/lang/System//arraycopy [] [passwordBytes 0 aesKeyBytes saltSize call(java/lang/Math//min!2ac0ebcb23011db97774191b8c6fdbe3, [len(ensure_not_nil(passwordBytes)), -(len(ensure_not_nil(aesKeyBytes)), saltSize)])]]
src/main/java/org/apache/commons/compress/archivers/sevenz/Coders.java: internal error: not all elements have the same type
	data: primitive(int, 64, false) vs primitive(int, 32, false)
src/main/java/org/apache/commons/compress/archivers/sevenz/Coders.java: error: unknown import
	data: org/apache/commons/compress/compressors/bzip2/BZip2CompressorOutputStream
src/main/java/org/apache/commons/compress/archivers/sevenz/Coders.java: error: unknown field
	data: [this struct(org/apache/commons/compress/archivers/sevenz/Coders, [], [pointer(reference(java/lang/Object))], []) SevenZMethod]
src/main/java/org/apache/commons/compress/archivers/sevenz/Coders.java: error: unknown function
	data: [struct(java/lang/System, [], [pointer(reference(java/lang/Object))], []) java/lang/System//arraycopy [] [select(coder, properties) 2 salt 0 saltSize]]
src/main/java/org/apache/commons/compress/archivers/sevenz/Coders.java: error: unknown function
	data: [struct(java/lang/System, [], [pointer(reference(java/lang/Object))], []) java/lang/System//arraycopy [] [salt 0 aesKeyBytes 0 saltSize]]
src/main/java/org/apache/commons/compress/archivers/sevenz/LZMA2Decoder.java: error: unknown import
	data: org/tukaani/xz/FinishableWrapperOutputStream
src/main/java/org/apache/commons/compress/archivers/sevenz/LZMA2Decoder.java: error: unknown import
	data: org/tukaani/xz/FinishableOutputStream
src/main/java/org/apache/commons/compress/archivers/sevenz/LZMA2Decoder.java: error: unknown import
	data: org/tukaani/xz/LZMA2InputStream
src/main/java/org/apache/commons/compress/archivers/sevenz/LZMA2Decoder.java: error: unknown import
	data: org/tukaani/xz/LZMA2Options
src/main/java/org/apache/commons/compress/archivers/sevenz/SevenZArchiveEntry.java: error: unknown import
	data: java/util/Calendar
src/main/java/org/apache/commons/compress/archivers/sevenz/SevenZArchiveEntry.java: error: unknown import
	data: java/util/Date
src/main/java/org/apache/commons/compress/archivers/sevenz/SevenZArchiveEntry.java: error: unknown import
	data: java/util/TimeZone
src/main/java/org/apache/commons/compress/archivers/sevenz/SevenZArchiveEntry.java: error: unknown import
	data: org/apache/commons/compress/archivers/ArchiveEntry
src/main/java/org/apache/commons/compress/archivers/sevenz/SevenZArchiveEntry.java: error: unknown type
	data: Deprecated
src/main/java/org/apache/commons/compress/archivers/sevenz/SevenZFile.java: error: unknown import
	data: org/apache/commons/compress/utils/CharsetNames
src/main/java/org/apache/commons/compress/archivers/sevenz/SevenZFile.java: error: unknown function
	data: [struct(java/lang/System, [], [pointer(reference(java/lang/Object))], []) java/lang/System//arraycopy [] [password 0 select(this, password) 0 len(ensure_not_nil(password))]]
src/main/java/org/apache/commons/compress/archivers/sevenz/SevenZFile.java: error: unknown import
	data: java/io/File
src/main/java/org/apache/commons/compress/archivers/sevenz/SevenZFile.java: error: unknown import
	data: java/util/Arrays
src/main/java/org/apache/commons/compress/archivers/sevenz/SevenZFile.java: error: unknown import
	data: java/util/BitSet
src/main/java/org/apache/commons/compress/archivers/sevenz/SevenZFile.java: error: unknown import
	data: java/util/zip/CRC32
src/main/java/org/apache/commons/compress/archivers/sevenz/SevenZFile.java: error: unknown import
	data: org/apache/commons/compress/utils/BoundedInputStream
src/main/java/org/apache/commons/compress/archivers/sevenz/SevenZFile.java: error: unknown import
	data: org/apache/commons/compress/utils/CRC32VerifyingInputStream
src/main/java/org/apache/commons/compress/archivers/sevenz/SevenZFile.java: error: unknown import
	data: org/apache/commons/compress/utils/IOUtils
src/main/java/org/apache/commons/compress/archivers/sevenz/SevenZFile.java: error: unknown import
	data: java/io/ByteArrayInputStream
src/main/java/org/apache/commons/compress/archivers/sevenz/SevenZFile.java: error: unknown import
	data: java/io/DataInput
src/main/java/org/apache/commons/compress/archivers/sevenz/SevenZFile.java: error: unknown import
	data: java/io/DataInputStream
src/main/java/org/apache/commons/compress/archivers/sevenz/SevenZFile.java: error: unknown import
	data: java/io/RandomAccessFile
src/main/java/org/apache/commons/compress/archivers/sevenz/SevenZMethod.java: error: unknown import
	data: org/tukaani/xz/LZMA2Options
src/main/java/org/apache/commons/compress/archivers/sevenz/SevenZOutputFile.java: error: unknown import
	data: java/io/File
src/main/java/org/apache/commons/compress/archivers/sevenz/SevenZOutputFile.java: error: unknown import
	data: java/util/BitSet
src/main/java/org/apache/commons/compress/archivers/sevenz/SevenZOutputFile.java: error: unknown import
	data: java/util/Date
src/main/java/org/apache/commons/compress/archivers/sevenz/SevenZOutputFile.java: error: unknown import
	data: org/apache/commons/compress/utils/CountingOutputStream
src/main/java/org/apache/commons/compress/archivers/sevenz/SevenZOutputFile.java: error: unknown field
	data: [this struct(org/apache/commons/compress/archivers/sevenz/SevenZOutputFile, [], [pointer(reference(java/lang/Object))], [reference(java/io/Closeable)]) SevenZMethod]
src/main/java/org/apache/commons/compress/archivers/sevenz/SevenZOutputFile.java: error: unknown import
	data: java/io/DataOutput
src/main/java/org/apache/commons/compress/archivers/sevenz/SevenZOutputFile.java: error: unknown import
	data: java/io/DataOutputStream
src/main/java/org/apache/commons/compress/archivers/sevenz/SevenZOutputFile.java: error: unknown import
	data: org/apache/commons/compress/archivers/ArchiveEntry
src/main/java/org/apache/commons/compress/archivers/sevenz/SevenZOutputFile.java: error: unknown function
	data: [struct(java/lang/String, [], [pointer(reference(java/lang/Object))], [reference(java/lang/CharSequence)]) java/lang/String//getBytes [] ["UTF-16LE"]]
src/main/java/org/apache/commons/compress/archivers/sevenz/SevenZOutputFile.java: error: not a boolean type
	data: unsupported
src/main/java/org/apache/commons/compress/archivers/sevenz/SevenZOutputFile.java: error: unknown import
	data: java/io/ByteArrayOutputStream
src/main/java/org/apache/commons/compress/archivers/sevenz/SevenZOutputFile.java: error: unknown import
	data: java/util/zip/CRC32
src/main/java/org/apache/commons/compress/archivers/sevenz/SevenZOutputFile.java: error: unknown import
	data: java/io/RandomAccessFile
src/main/java/org/apache/commons/compress/archivers/sevenz/SevenZOutputFile.java: error: unknown type
	data: SevenZMethod
src/main/java/org/apache/commons/compress/archivers/sevenz/SubStreamsInfo.java: error: unknown import
	data: java/util/BitSet
Found 1 Java files
Found 66 problems in Java files
src/main/java/org/apache/commons/compress/archivers/sevenz/Coders.java: found 13 symbols
src/main/java/org/apache/commons/compress/archivers/sevenz/Coders.java: org.apache.commons.compress.archivers.sevenz.Coders.CoderBase.encode: computing test cases
src/main/java/org/apache/commons/compress/archivers/sevenz/Coders.java: org.apache.commons.compress.archivers.sevenz.Coders.CoderBase.encode: computed 0 unit tests
src/main/java/org/apache/commons/compress/archivers/sevenz/Coders.java: org.apache.commons.compress.archivers.sevenz.Coders.CopyDecoder.encode: computing test cases
src/main/java/org/apache/commons/compress/archivers/sevenz/Coders.java: org.apache.commons.compress.archivers.sevenz.Coders.CopyDecoder.encode: computed 1 unit tests
src/main/java/org/apache/commons/compress/archivers/sevenz/Coders.java: org.apache.commons.compress.archivers.sevenz.Coders.CopyDecoder.encode: found 0 problems
src/main/java/org/apache/commons/compress/archivers/sevenz/Coders.java: org.apache.commons.compress.archivers.sevenz.Coders.DeflateDecoder.decode: computing test cases
src/main/java/org/apache/commons/compress/archivers/sevenz/Coders.java: org.apache.commons.compress.archivers.sevenz.Coders.DeflateDecoder.decode: computed 0 unit tests
src/main/java/org/apache/commons/compress/archivers/sevenz/Coders.java: org.apache.commons.compress.archivers.sevenz.Coders.DeflateDecoder.decode: found 0 problems
src/main/java/org/apache/commons/compress/archivers/sevenz/Coders.java: org.apache.commons.compress.archivers.sevenz.Coders.addEncoder: computing test cases
src/main/java/org/apache/commons/compress/archivers/sevenz/Coders.java: org.apache.commons.compress.archivers.sevenz.Coders.addEncoder: found 1 problems
src/main/java/org/apache/commons/compress/archivers/sevenz/Coders.java: internal error: org.apache.commons.compress.archivers.sevenz.Coders.addEncoder: unknown type kind
	data: unsupported(SevenZMethod)
src/main/java/org/apache/commons/compress/archivers/sevenz/Coders.java: org.apache.commons.compress.archivers.sevenz.Coders.AES256SHA256Decoder.decode: computing test cases
src/main/java/org/apache/commons/compress/archivers/sevenz/Coders.java: org.apache.commons.compress.archivers.sevenz.Coders.AES256SHA256Decoder.decode: computed 0 unit tests
src/main/java/org/apache/commons/compress/archivers/sevenz/Coders.java: org.apache.commons.compress.archivers.sevenz.Coders.AES256SHA256Decoder.decode: found 1 problems
src/main/java/org/apache/commons/compress/archivers/sevenz/Coders.java: internal error: org.apache.commons.compress.archivers.sevenz.Coders.AES256SHA256Decoder.decode: unknown type kind
	data: unsupported(javax/crypto/CipherInputStream)
src/main/java/org/apache/commons/compress/archivers/sevenz/Coders.java: org.apache.commons.compress.archivers.sevenz.Coders.BZIP2Decoder.encode: computing test cases
src/main/java/org/apache/commons/compress/archivers/sevenz/Coders.java: org.apache.commons.compress.archivers.sevenz.Coders.BZIP2Decoder.encode: computed 0 unit tests
src/main/java/org/apache/commons/compress/archivers/sevenz/Coders.java: org.apache.commons.compress.archivers.sevenz.Coders.BZIP2Decoder.encode: found 0 problems
src/main/java/org/apache/commons/compress/archivers/sevenz/Coders.java: org.apache.commons.compress.archivers.sevenz.Coders.DeflateDecoder.encode: computing test cases
src/main/java/org/apache/commons/compress/archivers/sevenz/Coders.java: org.apache.commons.compress.archivers.sevenz.Coders.DeflateDecoder.encode: computed 0 unit tests
src/main/java/org/apache/commons/compress/archivers/sevenz/Coders.java: org.apache.commons.compress.archivers.sevenz.Coders.DeflateDecoder.encode: found 0 problems
src/main/java/org/apache/commons/compress/archivers/sevenz/Coders.java: org.apache.commons.compress.archivers.sevenz.Coders.LZMADecoder.decode: computing test cases
src/main/java/org/apache/commons/compress/archivers/sevenz/Coders.java: org.apache.commons.compress.archivers.sevenz.Coders.LZMADecoder.decode: computed 5 unit tests
src/main/java/org/apache/commons/compress/archivers/sevenz/Coders.java: org.apache.commons.compress.archivers.sevenz.Coders.LZMADecoder.decode: found 5 problems
src/main/java/org/apache/commons/compress/archivers/sevenz/Coders.java:109:30: critical: org.apache.commons.compress.archivers.sevenz.Coders.LZMADecoder.decode: uncaught ArrayIndexOutOfBoundsException
src/main/java/org/apache/commons/compress/archivers/sevenz/Coders.java:110:29: critical: org.apache.commons.compress.archivers.sevenz.Coders.LZMADecoder.decode: uncaught ArrayIndexOutOfBoundsException
src/main/java/org/apache/commons/compress/archivers/sevenz/Coders.java:112:30: critical: org.apache.commons.compress.archivers.sevenz.Coders.LZMADecoder.decode: uncaught ArrayIndexOutOfBoundsException
src/main/java/org/apache/commons/compress/archivers/sevenz/Coders.java:109:30: critical: org.apache.commons.compress.archivers.sevenz.Coders.LZMADecoder.decode: uncaught java.lang.NullPointerException
src/main/java/org/apache/commons/compress/archivers/sevenz/Coders.java:109:30: critical: org.apache.commons.compress.archivers.sevenz.Coders.LZMADecoder.decode: uncaught java.lang.NullPointerException
src/main/java/org/apache/commons/compress/archivers/sevenz/Coders.java: org.apache.commons.compress.archivers.sevenz.Coders.CoderId.CoderId: computing test cases
src/main/java/org/apache/commons/compress/archivers/sevenz/Coders.java: org.apache.commons.compress.archivers.sevenz.Coders.CoderId.CoderId: found 1 problems
src/main/java/org/apache/commons/compress/archivers/sevenz/Coders.java: internal error: org.apache.commons.compress.archivers.sevenz.Coders.CoderId.CoderId: unknown type kind
	data: unsupported(SevenZMethod)
src/main/java/org/apache/commons/compress/archivers/sevenz/Coders.java: org.apache.commons.compress.archivers.sevenz.Coders.CopyDecoder.decode: computing test cases
src/main/java/org/apache/commons/compress/archivers/sevenz/Coders.java: org.apache.commons.compress.archivers.sevenz.Coders.CopyDecoder.decode: computed 1 unit tests
src/main/java/org/apache/commons/compress/archivers/sevenz/Coders.java: org.apache.commons.compress.archivers.sevenz.Coders.CopyDecoder.decode: found 0 problems
src/main/java/org/apache/commons/compress/archivers/sevenz/Coders.java: org.apache.commons.compress.archivers.sevenz.Coders.CoderBase.decode: computing test cases
src/main/java/org/apache/commons/compress/archivers/sevenz/Coders.java: org.apache.commons.compress.archivers.sevenz.Coders.CoderBase.decode: function is abstract and therefore inaccessible for tests
src/main/java/org/apache/commons/compress/archivers/sevenz/Coders.java: org.apache.commons.compress.archivers.sevenz.Coders.BZIP2Decoder.decode: computing test cases
src/main/java/org/apache/commons/compress/archivers/sevenz/Coders.java: org.apache.commons.compress.archivers.sevenz.Coders.BZIP2Decoder.decode: computed 0 unit tests
src/main/java/org/apache/commons/compress/archivers/sevenz/Coders.java: org.apache.commons.compress.archivers.sevenz.Coders.BZIP2Decoder.decode: found 0 problems
src/main/java/org/apache/commons/compress/archivers/sevenz/Coders.java: org.apache.commons.compress.archivers.sevenz.Coders.addDecoder: computing test cases
src/main/java/org/apache/commons/compress/archivers/sevenz/Coders.java: org.apache.commons.compress.archivers.sevenz.Coders.addDecoder: found 1 problems
src/main/java/org/apache/commons/compress/archivers/sevenz/Coders.java: internal error: org.apache.commons.compress.archivers.sevenz.Coders.addDecoder: unknown type kind
	data: unsupported(SevenZMethod)
Symflower's table driven test style is not supported, switching to basic style
src/main/java/org/apache/commons/compress/archivers/sevenz/Coders.java: generated unit test file src/main/java/org/apache/commons/compress/archivers/sevenz/CodersSymflowerTest.java
Analyzed 1 out of 9 source files
Had 3 errors that block a full analysis
Generated 7 tests
Found 5 potential problems
The following issues prevent a full analysis:

* 51 cases of "unknown import"
	Description: Imports could not be resolved. This is likely due to missing dependencies.

* 8 cases of "unknown function"
	Description: Functions could not be resolved. This occurs due to missing dependencies,
  or if a called function is removed due to some other problem.

* 7 cases of "unknown type"
	Description: Types could not be resolved. This could be because of missing dependencies
  or a consequence of some other problem.

* 1 case of "not all elements have the same type"
	Description: Arguments of a function call do not match the parameter types. This usually
  occurs if a called method is removed due to some other problem, and another
  method with the same name is selected to be called.


