Analyzing workspace /home/ph7/sqa-project/workspaces/compress_10b/
Search for Java files
Load dependency stdlib:@dev
src/main/java/org/apache/commons/compress/archivers/zip/ZipFile.java: org.apache.commons.compress.archivers.zip.ZipFile.populateFromCentralDirectory: function is private and therefore inaccessible for tests
src/main/java/org/apache/commons/compress/archivers/zip/ZipFile.java: org.apache.commons.compress.archivers.zip.ZipFile.readCentralDirectoryEntry: function is private and therefore inaccessible for tests
src/main/java/org/apache/commons/compress/archivers/zip/ZipFile.java: org.apache.commons.compress.archivers.zip.ZipFile.setSizesAndOffsetFromZip64Extra: function is private and therefore inaccessible for tests
src/main/java/org/apache/commons/compress/archivers/zip/ZipFile.java: org.apache.commons.compress.archivers.zip.ZipFile.positionAtCentralDirectory: function is private and therefore inaccessible for tests
src/main/java/org/apache/commons/compress/archivers/zip/ZipFile.java: org.apache.commons.compress.archivers.zip.ZipFile.positionAtCentralDirectory64: function is private and therefore inaccessible for tests
src/main/java/org/apache/commons/compress/archivers/zip/ZipFile.java: org.apache.commons.compress.archivers.zip.ZipFile.positionAtCentralDirectory32: function is private and therefore inaccessible for tests
src/main/java/org/apache/commons/compress/archivers/zip/ZipFile.java: org.apache.commons.compress.archivers.zip.ZipFile.tryToLocateSignature: function is private and therefore inaccessible for tests
src/main/java/org/apache/commons/compress/archivers/zip/ZipFile.java: org.apache.commons.compress.archivers.zip.ZipFile.skipBytes: function is private and therefore inaccessible for tests
src/main/java/org/apache/commons/compress/archivers/zip/ZipFile.java: org.apache.commons.compress.archivers.zip.ZipFile.resolveLocalFileHeaderData: function is private and therefore inaccessible for tests
src/main/java/org/apache/commons/compress/archivers/zip/ZipFile.java: org.apache.commons.compress.archivers.zip.ZipFile.startsWithLocalFileHeader: function is private and therefore inaccessible for tests
src/main/java/org/apache/commons/compress/archivers/zip/ZipFile.java: org.apache.commons.compress.archivers.zip.ZipFile.BoundedInputStream.BoundedInputStream: function is private and therefore inaccessible for tests
src/main/java/org/apache/commons/compress/archivers/zip/ZipFile.java: org.apache.commons.compress.archivers.zip.ZipFile.BoundedInputStream.read: function is private and therefore inaccessible for tests
src/main/java/org/apache/commons/compress/archivers/zip/ZipFile.java: org.apache.commons.compress.archivers.zip.ZipFile.BoundedInputStream.read: function is private and therefore inaccessible for tests
src/main/java/org/apache/commons/compress/archivers/zip/ZipFile.java: org.apache.commons.compress.archivers.zip.ZipFile.BoundedInputStream.addDummy: function is private and therefore inaccessible for tests
src/main/java/org/apache/commons/compress/archivers/zip/ZipFile.java: org.apache.commons.compress.archivers.zip.ZipFile.NameAndComment.NameAndComment: function is private and therefore inaccessible for tests
src/main/java/org/apache/commons/compress/archivers/zip/AbstractUnicodeExtraField.java: error: unknown function
	data: [struct(java/lang/System, [], [pointer(reference(java/lang/Object))], []) java/lang/System//arraycopy [] [select(this, unicodeName) 0 select(this, data) 5 len(ensure_not_nil(select(this, unicodeName)))]]
src/main/java/org/apache/commons/compress/archivers/zip/AbstractUnicodeExtraField.java: error: unknown function
	data: [struct(java/lang/System, [], [pointer(reference(java/lang/Object))], []) java/lang/System//arraycopy [] [unicodeName 0 select(this, unicodeName) 0 len(ensure_not_nil(unicodeName))]]
src/main/java/org/apache/commons/compress/archivers/zip/AbstractUnicodeExtraField.java: error: unknown import
	data: java/io/UnsupportedEncodingException
src/main/java/org/apache/commons/compress/archivers/zip/AbstractUnicodeExtraField.java: error: unknown import
	data: java/util/zip/ZipException
src/main/java/org/apache/commons/compress/archivers/zip/AbstractUnicodeExtraField.java: error: unknown function
	data: [pointer(reference(java/lang/String)) java/lang/String//getBytes [] ["UTF-8"]]
src/main/java/org/apache/commons/compress/archivers/zip/AbstractUnicodeExtraField.java: error: unknown function
	data: [struct(java/lang/System, [], [pointer(reference(java/lang/Object))], []) java/lang/System//arraycopy [] [select(this, unicodeName) 0 b 0 len(ensure_not_nil(b))]]
src/main/java/org/apache/commons/compress/archivers/zip/AbstractUnicodeExtraField.java: error: unknown function
	data: [struct(java/lang/System, [], [pointer(reference(java/lang/Object))], []) java/lang/System//arraycopy [] [select(this, data) 0 b 0 len(ensure_not_nil(b))]]
src/main/java/org/apache/commons/compress/archivers/zip/AbstractUnicodeExtraField.java: error: unknown function
	data: [struct(java/lang/System, [], [pointer(reference(java/lang/Object))], []) java/lang/System//arraycopy [] [buffer +(offset, 5) select(this, unicodeName) 0 -(length, 5)]]
src/main/java/org/apache/commons/compress/archivers/zip/AbstractUnicodeExtraField.java: error: unknown import
	data: java/util/zip/CRC32
src/main/java/org/apache/commons/compress/archivers/zip/AbstractUnicodeExtraField.java: error: unknown function
	data: [struct(java/lang/System, [], [pointer(reference(java/lang/Object))], []) java/lang/System//arraycopy [] [call(org/apache/commons/compress/archivers/zip/ZipLong//getBytes!feb606741437b3116f99f2412027bc86, [select(this, nameCRC32)]) 0 select(this, data) 1 4]]
src/main/java/org/apache/commons/compress/archivers/zip/AsiExtraField.java: error: unknown function
	data: [struct(java/lang/System, [], [pointer(reference(java/lang/Object))], []) java/lang/System//arraycopy [] [call(org/apache/commons/compress/archivers/zip/ZipShort//getBytes!82a13d2b9378b45b5451d30242dc1218, [call(select(this, getGroupId!d41d8cd98f00b204e9800998ecf8427e), [])]) 0 data 8 2]]
src/main/java/org/apache/commons/compress/archivers/zip/AsiExtraField.java: error: unknown function
	data: [struct(java/lang/System, [], [pointer(reference(java/lang/Object))], []) java/lang/System//arraycopy [] [linkArray 0 data 10 len(ensure_not_nil(linkArray))]]
src/main/java/org/apache/commons/compress/archivers/zip/AsiExtraField.java: error: unknown function
	data: [struct(java/lang/System, [], [pointer(reference(java/lang/Object))], []) java/lang/System//arraycopy [] [call(org/apache/commons/compress/archivers/zip/ZipLong//getBytes!feb606741437b3116f99f2412027bc86, [checksum]) 0 result 0 org/apache/commons/compress/archivers/zip/AsiExtraField//WORD]]
src/main/java/org/apache/commons/compress/archivers/zip/AsiExtraField.java: error: unknown function
	data: [struct(java/lang/System, [], [pointer(reference(java/lang/Object))], []) java/lang/System//arraycopy [] [data +(offset, org/apache/commons/compress/archivers/zip/AsiExtraField//WORD) tmp 0 -(length, org/apache/commons/compress/archivers/zip/AsiExtraField//WORD)]]
src/main/java/org/apache/commons/compress/archivers/zip/AsiExtraField.java: error: unknown function
	data: [struct(java/lang/Object, [], [], []) java/lang/Object//clone [] []]
src/main/java/org/apache/commons/compress/archivers/zip/AsiExtraField.java: error: unknown import
	data: java/util/zip/ZipException
src/main/java/org/apache/commons/compress/archivers/zip/AsiExtraField.java: error: unknown function
	data: [struct(java/lang/System, [], [pointer(reference(java/lang/Object))], []) java/lang/System//arraycopy [] [call(org/apache/commons/compress/archivers/zip/ZipShort//getBytes!82a13d2b9378b45b5451d30242dc1218, [call(select(this, getUserId!d41d8cd98f00b204e9800998ecf8427e), [])]) 0 data 6 2]]
src/main/java/org/apache/commons/compress/archivers/zip/AsiExtraField.java: error: unknown function
	data: [struct(java/lang/System, [], [pointer(reference(java/lang/Object))], []) java/lang/System//arraycopy [] [data 0 result org/apache/commons/compress/archivers/zip/AsiExtraField//WORD len(ensure_not_nil(data))]]
src/main/java/org/apache/commons/compress/archivers/zip/AsiExtraField.java: error: unknown function
	data: [struct(java/lang/System, [], [pointer(reference(java/lang/Object))], []) java/lang/System//arraycopy [] [tmp 10 linkArray 0 len(ensure_not_nil(linkArray))]]
src/main/java/org/apache/commons/compress/archivers/zip/AsiExtraField.java: error: unknown import
	data: java/util/zip/CRC32
src/main/java/org/apache/commons/compress/archivers/zip/AsiExtraField.java: error: unknown function
	data: [struct(java/lang/System, [], [pointer(reference(java/lang/Object))], []) java/lang/System//arraycopy [] [call(org/apache/commons/compress/archivers/zip/ZipShort//getBytes!82a13d2b9378b45b5451d30242dc1218, [call(select(this, getMode!d41d8cd98f00b204e9800998ecf8427e), [])]) 0 data 0 2]]
src/main/java/org/apache/commons/compress/archivers/zip/AsiExtraField.java: error: unknown function
	data: [struct(java/lang/System, [], [pointer(reference(java/lang/Object))], []) java/lang/System//arraycopy [] [call(org/apache/commons/compress/archivers/zip/ZipLong//getBytes!feb606741437b3116f99f2412027bc86, [cast(len(ensure_not_nil(linkArray)), primitive(int, 64, false))]) 0 data 2 org/apache/commons/compress/archivers/zip/AsiExtraField//WORD]]
src/main/java/org/apache/commons/compress/archivers/zip/ExtraFieldUtils.java: error: unknown function
	data: [struct(java/lang/System, [], [pointer(reference(java/lang/Object))], []) java/lang/System//arraycopy [] [call(select(ensure_not_nil(call(select(ensure_not_nil(index(data, i)), getHeaderId!d41d8cd98f00b204e9800998ecf8427e), [])), getBytes!d41d8cd98f00b204e9800998ecf8427e), []) 0 result start 2]]
src/main/java/org/apache/commons/compress/archivers/zip/ExtraFieldUtils.java: error: unknown function
	data: [struct(java/lang/System, [], [pointer(reference(java/lang/Object))], []) java/lang/System//arraycopy [] [call(select(ensure_not_nil(call(select(ensure_not_nil(index(data, i)), getLocalFileDataLength!d41d8cd98f00b204e9800998ecf8427e), [])), getBytes!d41d8cd98f00b204e9800998ecf8427e), []) 0 result +(start, 2) 2]]
src/main/java/org/apache/commons/compress/archivers/zip/ExtraFieldUtils.java: error: unknown function
	data: [struct(java/lang/System, [], [pointer(reference(java/lang/Object))], []) java/lang/System//arraycopy [] [call(select(ensure_not_nil(call(select(ensure_not_nil(index(data, i)), getHeaderId!d41d8cd98f00b204e9800998ecf8427e), [])), getBytes!d41d8cd98f00b204e9800998ecf8427e), []) 0 result start 2]]
src/main/java/org/apache/commons/compress/archivers/zip/ExtraFieldUtils.java: error: unknown function
	data: [struct(java/lang/System, [], [pointer(reference(java/lang/Object))], []) java/lang/System//arraycopy [] [call(select(ensure_not_nil(call(select(ensure_not_nil(index(data, i)), getCentralDirectoryLength!d41d8cd98f00b204e9800998ecf8427e), [])), getBytes!d41d8cd98f00b204e9800998ecf8427e), []) 0 result +(start, 2) 2]]
src/main/java/org/apache/commons/compress/archivers/zip/ExtraFieldUtils.java: error: unknown import
	data: java/util/HashMap
src/main/java/org/apache/commons/compress/archivers/zip/ExtraFieldUtils.java: error: unknown function
	data: [pointer(genericInstance(reference(java/lang/Class), [wildcard(, pointer(reference(java/lang/Object)))])) java/lang/Class<descendant of java/lang/Object>//newInstance [] []]
src/main/java/org/apache/commons/compress/archivers/zip/ExtraFieldUtils.java: error: unknown function
	data: [struct(java/lang/System, [], [pointer(reference(java/lang/Object))], []) java/lang/System//arraycopy [] [local 0 result +(start, org/apache/commons/compress/archivers/zip/ExtraFieldUtils//WORD) len(ensure_not_nil(local))]]
src/main/java/org/apache/commons/compress/archivers/zip/ExtraFieldUtils.java: error: unknown function
	data: [struct(java/lang/System, [], [pointer(reference(java/lang/Object))], []) java/lang/System//arraycopy [] [local 0 result start len(ensure_not_nil(local))]]
src/main/java/org/apache/commons/compress/archivers/zip/ExtraFieldUtils.java: error: unknown function
	data: [struct(java/lang/System, [], [pointer(reference(java/lang/Object))], []) java/lang/System//arraycopy [] [local 0 result start len(ensure_not_nil(local))]]
src/main/java/org/apache/commons/compress/archivers/zip/ExtraFieldUtils.java: error: unknown import
	data: java/util/zip/ZipException
src/main/java/org/apache/commons/compress/archivers/zip/ExtraFieldUtils.java: error: unknown function
	data: [pointer(genericInstance(reference(java/lang/Class), [wildcard(, pointer(reference(java/lang/Object)))])) java/lang/Class<descendant of java/lang/Object>//newInstance [] []]
src/main/java/org/apache/commons/compress/archivers/zip/ExtraFieldUtils.java: error: unknown function
	data: [struct(java/lang/System, [], [pointer(reference(java/lang/Object))], []) java/lang/System//arraycopy [] [local 0 result +(start, org/apache/commons/compress/archivers/zip/ExtraFieldUtils//WORD) len(ensure_not_nil(local))]]
src/main/java/org/apache/commons/compress/archivers/zip/FallbackZipEncoding.java: error: unknown import
	data: java/nio/ByteBuffer
src/main/java/org/apache/commons/compress/archivers/zip/FallbackZipEncoding.java: error: unknown function
	data: [pointer(reference(java/lang/String)) java/lang/String//getBytes [] [select(this, charset)]]
src/main/java/org/apache/commons/compress/archivers/zip/FallbackZipEncoding.java: error: unknown function
	data: [<nil> java/lang/String//String [] [data select(this, charset)]]
src/main/java/org/apache/commons/compress/archivers/zip/JarMarker.java: error: unknown import
	data: java/util/zip/ZipException
src/main/java/org/apache/commons/compress/archivers/zip/NioZipEncoding.java: error: unknown function
	data: [pointer(reference(java/nio/CharBuffer)) java/nio/CharBuffer//get [] []]
src/main/java/org/apache/commons/compress/archivers/zip/NioZipEncoding.java: error: unknown import
	data: java/nio/ByteBuffer
src/main/java/org/apache/commons/compress/archivers/zip/NioZipEncoding.java: error: unknown import
	data: java/nio/charset/Charset
src/main/java/org/apache/commons/compress/archivers/zip/NioZipEncoding.java: error: unknown import
	data: java/nio/charset/CharsetEncoder
src/main/java/org/apache/commons/compress/archivers/zip/NioZipEncoding.java: error: unknown import
	data: java/nio/charset/CoderResult
src/main/java/org/apache/commons/compress/archivers/zip/NioZipEncoding.java: error: unknown import
	data: java/nio/charset/CodingErrorAction
src/main/java/org/apache/commons/compress/archivers/zip/NioZipEncoding.java: error: unknown function
	data: [struct(java/nio/CharBuffer, [], [pointer(reference(java/lang/Object))], []) java/nio/CharBuffer//wrap [] [name]]
src/main/java/org/apache/commons/compress/archivers/zip/NioZipEncoding.java: error: unknown function
	data: [pointer(reference(java/nio/CharBuffer)) java/nio/CharBuffer//remaining [] []]
src/main/java/org/apache/commons/compress/archivers/zip/Simple8BitZipEncoding.java: error: unknown function
	data: [<nil> java/util/ArrayList//ArrayList [pointer(reference(org/apache/commons/compress/archivers/zip/Simple8BitZipEncoding//Simple8BitChar))] [len(ensure_not_nil(select(this, highChars)))]]
src/main/java/org/apache/commons/compress/archivers/zip/Simple8BitZipEncoding.java: error: unknown import
	data: java/nio/ByteBuffer
src/main/java/org/apache/commons/compress/archivers/zip/Simple8BitZipEncoding.java: error: unknown import
	data: java/util/Collections
src/main/java/org/apache/commons/compress/archivers/zip/Simple8BitZipEncoding.java: error: not a named type
	data: array(primitive(char, 16, true), primitive(int, 32, false), 0)
src/main/java/org/apache/commons/compress/archivers/zip/UnparseableExtraFieldData.java: error: unknown function
	data: [struct(java/lang/System, [], [pointer(reference(java/lang/Object))], []) java/lang/System//arraycopy [] [buffer offset select(this, localFileData) 0 length]]
src/main/java/org/apache/commons/compress/archivers/zip/UnparseableExtraFieldData.java: error: unknown function
	data: [struct(java/lang/System, [], [pointer(reference(java/lang/Object))], []) java/lang/System//arraycopy [] [buffer offset select(this, centralDirectoryData) 0 length]]
src/main/java/org/apache/commons/compress/archivers/zip/UnrecognizedExtraField.java: error: unknown function
	data: [struct(java/lang/System, [], [pointer(reference(java/lang/Object))], []) java/lang/System//arraycopy [] [data offset tmp 0 length]]
src/main/java/org/apache/commons/compress/archivers/zip/UnrecognizedExtraField.java: error: unknown function
	data: [struct(java/lang/System, [], [pointer(reference(java/lang/Object))], []) java/lang/System//arraycopy [] [data offset tmp 0 length]]
src/main/java/org/apache/commons/compress/archivers/zip/UnsupportedZipFeatureException.java: error: unknown import
	data: java/util/zip/ZipException
src/main/java/org/apache/commons/compress/archivers/zip/Zip64ExtendedInformationExtraField.java: error: unknown import
	data: java/util/zip/ZipException
src/main/java/org/apache/commons/compress/archivers/zip/Zip64ExtendedInformationExtraField.java: error: unknown function
	data: [struct(java/lang/System, [], [pointer(reference(java/lang/Object))], []) java/lang/System//arraycopy [] [call(select(ensure_not_nil(select(this, relativeHeaderOffset)), getBytes!d41d8cd98f00b204e9800998ecf8427e), []) 0 data off org/apache/commons/compress/archivers/zip/ZipConstants//DWORD]]
src/main/java/org/apache/commons/compress/archivers/zip/Zip64ExtendedInformationExtraField.java: error: unknown function
	data: [struct(java/lang/System, [], [pointer(reference(java/lang/Object))], []) java/lang/System//arraycopy [] [call(select(ensure_not_nil(select(this, diskStart)), getBytes!d41d8cd98f00b204e9800998ecf8427e), []) 0 data off org/apache/commons/compress/archivers/zip/ZipConstants//WORD]]
src/main/java/org/apache/commons/compress/archivers/zip/Zip64ExtendedInformationExtraField.java: error: unknown function
	data: [struct(java/lang/System, [], [pointer(reference(java/lang/Object))], []) java/lang/System//arraycopy [] [buffer offset select(this, rawCentralDirectoryData) 0 length]]
src/main/java/org/apache/commons/compress/archivers/zip/Zip64ExtendedInformationExtraField.java: error: unknown function
	data: [struct(java/lang/System, [], [pointer(reference(java/lang/Object))], []) java/lang/System//arraycopy [] [call(select(ensure_not_nil(select(this, size)), getBytes!d41d8cd98f00b204e9800998ecf8427e), []) 0 data 0 org/apache/commons/compress/archivers/zip/ZipConstants//DWORD]]
src/main/java/org/apache/commons/compress/archivers/zip/Zip64ExtendedInformationExtraField.java: error: unknown function
	data: [struct(java/lang/System, [], [pointer(reference(java/lang/Object))], []) java/lang/System//arraycopy [] [call(select(ensure_not_nil(select(this, compressedSize)), getBytes!d41d8cd98f00b204e9800998ecf8427e), []) 0 data off org/apache/commons/compress/archivers/zip/ZipConstants//DWORD]]
src/main/java/org/apache/commons/compress/archivers/zip/Zip64RequiredException.java: error: unknown import
	data: java/util/zip/ZipException
src/main/java/org/apache/commons/compress/archivers/zip/ZipArchiveEntry.java: error: unknown import
	data: java/util/Date
src/main/java/org/apache/commons/compress/archivers/zip/ZipArchiveEntry.java: error: unknown import
	data: java/util/LinkedHashMap
src/main/java/org/apache/commons/compress/archivers/zip/ZipArchiveEntry.java: error: unknown import
	data: org/apache/commons/compress/archivers/ArchiveEntry
src/main/java/org/apache/commons/compress/archivers/zip/ZipArchiveEntry.java: error: unknown type
	data: java/util/NoSuchElementException
src/main/java/org/apache/commons/compress/archivers/zip/ZipArchiveEntry.java: error: unknown function
	data: [<nil> getExtra [] []]
src/main/java/org/apache/commons/compress/archivers/zip/ZipArchiveEntry.java: error: unknown function
	data: [pointer(reference(org/apache/commons/compress/archivers/zip/ZipArchiveEntry)) org/apache/commons/compress/archivers/zip/ZipArchiveEntry//getCrc [] []]
src/main/java/org/apache/commons/compress/archivers/zip/ZipArchiveEntry.java: error: unknown function
	data: [<nil> getComment [] []]
src/main/java/org/apache/commons/compress/archivers/zip/ZipArchiveEntry.java: error: unknown function
	data: [<nil> getCompressedSize [] []]
src/main/java/org/apache/commons/compress/archivers/zip/ZipArchiveEntry.java: error: unknown function
	data: [pointer(reference(org/apache/commons/compress/archivers/zip/ZipArchiveEntry)) org/apache/commons/compress/archivers/zip/ZipArchiveEntry//getCompressedSize [] []]
src/main/java/org/apache/commons/compress/archivers/zip/ZipArchiveEntry.java: error: unknown function
	data: [struct(java/lang/System, [], [pointer(reference(java/lang/Object))], []) java/lang/System//arraycopy [] [select(this, rawName) 0 b 0 len(ensure_not_nil(select(this, rawName)))]]
src/main/java/org/apache/commons/compress/archivers/zip/ZipArchiveEntry.java: error: unknown function
	data: [pointer(reference(org/apache/commons/compress/archivers/zip/ZipArchiveEntry)) org/apache/commons/compress/archivers/zip/ZipArchiveEntry//getTime [] []]
src/main/java/org/apache/commons/compress/archivers/zip/ZipArchiveEntry.java: error: unknown type
	data: java/util/zip/ZipEntry
src/main/java/org/apache/commons/compress/archivers/zip/ZipArchiveEntry.java: error: unknown function
	data: [<nil> setTime [] [unsupported]]
src/main/java/org/apache/commons/compress/archivers/zip/ZipArchiveEntry.java: error: unknown function
	data: [<nil> getCrc [] []]
src/main/java/org/apache/commons/compress/archivers/zip/ZipArchiveEntry.java: error: unknown import
	data: java/io/File
src/main/java/org/apache/commons/compress/archivers/zip/ZipArchiveEntry.java: error: unknown field
	data: [this struct(org/apache/commons/compress/archivers/zip/ZipArchiveEntry, [], [unsupported(java/util/zip/ZipEntry)], [unsupported(org/apache/commons/compress/archivers/ArchiveEntry), reference(java/lang/Cloneable)]) SIZE_UNKNOWN]
src/main/java/org/apache/commons/compress/archivers/zip/ZipArchiveEntry.java: error: unknown function
	data: [<nil> getClass [] []]
src/main/java/org/apache/commons/compress/archivers/zip/ZipArchiveEntry.java: error: unknown import
	data: java/util/zip/ZipException
src/main/java/org/apache/commons/compress/archivers/zip/ZipArchiveEntry.java: error: unknown import
	data: java/util/Arrays
src/main/java/org/apache/commons/compress/archivers/zip/ZipArchiveEntry.java: error: unknown function
	data: [<nil> java/util/ArrayList//ArrayList [reference(org/apache/commons/compress/archivers/zip/ZipExtraField)] [unsupported]]
src/main/java/org/apache/commons/compress/archivers/zip/ZipArchiveEntry.java: error: unknown function
	data: [<nil> getTime [] []]
src/main/java/org/apache/commons/compress/archivers/zip/ZipArchiveEntry.java: error: unknown function
	data: [pointer(reference(java/lang/Object)) java/lang/Object//getClass [] []]
src/main/java/org/apache/commons/compress/archivers/zip/ZipArchiveEntry.java: error: unknown function
	data: [pointer(reference(org/apache/commons/compress/archivers/zip/ZipArchiveEntry)) org/apache/commons/compress/archivers/zip/ZipArchiveEntry//getComment [] []]
src/main/java/org/apache/commons/compress/archivers/zip/ZipArchiveInputStream.java: error: unknown import
	data: java/io/PushbackInputStream
src/main/java/org/apache/commons/compress/archivers/zip/ZipArchiveInputStream.java: error: unknown import
	data: java/util/zip/DataFormatException
src/main/java/org/apache/commons/compress/archivers/zip/ZipArchiveInputStream.java: error: unknown import
	data: java/util/zip/Inflater
src/main/java/org/apache/commons/compress/archivers/zip/ZipArchiveInputStream.java: error: unknown import
	data: org/apache/commons/compress/archivers/ArchiveEntry
src/main/java/org/apache/commons/compress/archivers/zip/ZipArchiveInputStream.java: error: unknown function
	data: [struct(org/apache/commons/compress/archivers/zip/ZipArchiveEntry, [], [unsupported(java/util/zip/ZipEntry)], [unsupported(org/apache/commons/compress/archivers/ArchiveEntry), reference(java/lang/Cloneable)]) org/apache/commons/compress/archivers/zip/ZipArchiveEntry//setTime [] [time]]
src/main/java/org/apache/commons/compress/archivers/zip/ZipArchiveInputStream.java: error: unknown function
	data: [struct(org/apache/commons/compress/archivers/zip/ZipArchiveEntry, [], [unsupported(java/util/zip/ZipEntry)], [unsupported(org/apache/commons/compress/archivers/ArchiveEntry), reference(java/lang/Cloneable)]) org/apache/commons/compress/archivers/zip/ZipArchiveEntry//setCompressedSize [] [call(select(ensure_not_nil(call(select(ensure_not_nil(z64), getCompressedSize!d41d8cd98f00b204e9800998ecf8427e), [])), getLongValue!d41d8cd98f00b204e9800998ecf8427e), [])]]
src/main/java/org/apache/commons/compress/archivers/zip/ZipArchiveInputStream.java: error: unknown import
	data: java/io/ByteArrayInputStream
src/main/java/org/apache/commons/compress/archivers/zip/ZipArchiveInputStream.java: error: unknown function
	data: [<nil> count [] [select(select(this, buf), lengthOfLastRead)]]
src/main/java/org/apache/commons/compress/archivers/zip/ZipArchiveInputStream.java: error: unknown function
	data: [<nil> count [] [x]]
src/main/java/org/apache/commons/compress/archivers/zip/ZipArchiveInputStream.java: error: unknown function
	data: [struct(org/apache/commons/compress/archivers/zip/ZipArchiveEntry, [], [unsupported(java/util/zip/ZipEntry)], [unsupported(org/apache/commons/compress/archivers/ArchiveEntry), reference(java/lang/Cloneable)]) org/apache/commons/compress/archivers/zip/ZipArchiveEntry//setCompressedSize [] [call(org/apache/commons/compress/archivers/zip/ZipLong//getValue!2dcfcbf77da22bb3290a2dcf338b4c85, [b])]]
src/main/java/org/apache/commons/compress/archivers/zip/ZipArchiveInputStream.java: error: unknown function
	data: [<nil> pushedBackBytes [] [length]]
src/main/java/org/apache/commons/compress/archivers/zip/ZipArchiveInputStream.java: error: unknown import
	data: java/util/zip/ZipException
src/main/java/org/apache/commons/compress/archivers/zip/ZipArchiveInputStream.java: error: unknown import
	data: org/apache/commons/compress/archivers/ArchiveInputStream
src/main/java/org/apache/commons/compress/archivers/zip/ZipArchiveInputStream.java: error: unknown function
	data: [struct(org/apache/commons/compress/archivers/zip/ZipArchiveEntry, [], [unsupported(java/util/zip/ZipEntry)], [unsupported(org/apache/commons/compress/archivers/ArchiveEntry), reference(java/lang/Cloneable)]) org/apache/commons/compress/archivers/zip/ZipArchiveEntry//setCrc [] [call(org/apache/commons/compress/archivers/zip/ZipLong//getValue!b88fafa2b0b36aed4d82151230ff9ae6, [lfh, off])]]
src/main/java/org/apache/commons/compress/archivers/zip/ZipArchiveInputStream.java: internal error: not all elements have the same type
	data: [function(variable(this, pointer(reference(org/apache/commons/compress/archivers/zip/ZipArchiveInputStream))), org/apache/commons/compress/archivers/zip/ZipArchiveInputStream//getNextZipEntry!d41d8cd98f00b204e9800998ecf8427e, [], [variable(, pointer(reference(org/apache/commons/compress/archivers/zip/ZipArchiveEntry)))], block([never_nil(this), if(||(select(this, closed), select(this, hitCentralDirectory)), block([return([nil])]), %!s(<nil>)), if(!=(select(this, current), nil), block([call(select(this, closeEntry!d41d8cd98f00b204e9800998ecf8427e), [])]), %!s(<nil>)), declaration([lfh], [array(primitive(int, 8, false), primitive(int, 32, false), 0)], [make(array(primitive(int, 8, false), primitive(int, 32, false), 0), org/apache/commons/compress/archivers/zip/ZipArchiveInputStream//LFH_LEN)], ModifierVisibilityPublic), try(block([call(select(this, readFully!2dcfcbf77da22bb3290a2dcf338b4c85), [lfh])]), [catch([unsupported(java/io/EOFException)], e , block([return([nil])]))], %!s(<nil>)), declaration([sig], [pointer(reference(org/apache/commons/compress/archivers/zip/ZipLong))], [call(org/apache/commons/compress/archivers/zip/ZipLong//ZipLong!2dcfcbf77da22bb3290a2dcf338b4c85, [lfh])], ModifierVisibilityPublic), if(call(select(ensure_not_nil(sig), equals!4fb2deccef7826b7659de223ac40b91d), [cast(org/apache/commons/compress/archivers/zip/ZipLong//CFH_SIG, pointer(reference(java/lang/Object)))]), block([=(select(this, hitCentralDirectory), true), return([nil])]), %!s(<nil>)), if(!(call(select(ensure_not_nil(sig), equals!4fb2deccef7826b7659de223ac40b91d), [cast(org/apache/commons/compress/archivers/zip/ZipLong//LFH_SIG, pointer(reference(java/lang/Object)))])), block([return([nil])]), %!s(<nil>)), declaration([off], [primitive(int, 32, false)], [org/apache/commons/compress/archivers/zip/ZipConstants//WORD], ModifierVisibilityPublic), =(select(this, current), call(org/apache/commons/compress/archivers/zip/ZipArchiveInputStream//CurrentEntry//CurrentEntry!d41d8cd98f00b204e9800998ecf8427e, [])), declaration([versionMadeBy], [primitive(int, 32, false)], [call(org/apache/commons/compress/archivers/zip/ZipShort//getValue!b88fafa2b0b36aed4d82151230ff9ae6, [lfh, off])], ModifierVisibilityPublic), =(off, cast(+(off, org/apache/commons/compress/archivers/zip/ZipConstants//SHORT), primitive(int, 32, false))), call(select(ensure_not_nil(select(select(this, current), entry)), setPlatform!82a13d2b9378b45b5451d30242dc1218), [&(>>(versionMadeBy, &(org/apache/commons/compress/archivers/zip/ZipFile//BYTE_SHIFT, 31)), org/apache/commons/compress/archivers/zip/ZipFile//NIBLET_MASK)]), declaration([gpFlag], [pointer(reference(org/apache/commons/compress/archivers/zip/GeneralPurposeBit))], [call(org/apache/commons/compress/archivers/zip/GeneralPurposeBit//parse!b88fafa2b0b36aed4d82151230ff9ae6, [lfh, off])], Modifier(1048584)), declaration([hasUTF8Flag], [primitive(bool, 0, false)], [call(select(ensure_not_nil(gpFlag), usesUTF8ForNames!d41d8cd98f00b204e9800998ecf8427e), [])], Modifier(1048584)), declaration([entryEncoding], [reference(org/apache/commons/compress/archivers/zip/ZipEncoding)], [conditional(hasUTF8Flag, [org/apache/commons/compress/archivers/zip/ZipEncodingHelper//UTF8_ZIP_ENCODING, select(this, zipEncoding)])], Modifier(1048584)), =(select(select(this, current), hasDataDescriptor), call(select(ensure_not_nil(gpFlag), usesDataDescriptor!d41d8cd98f00b204e9800998ecf8427e), [])), call(select(ensure_not_nil(select(select(this, current), entry)), setGeneralPurposeBit!ff4b2f42f05cb9168cc7dc81bebbcda4), [gpFlag]), =(off, cast(+(off, org/apache/commons/compress/archivers/zip/ZipConstants//SHORT), primitive(int, 32, false))), call(select(ensure_not_nil(select(select(this, current), entry)), setMethod!82a13d2b9378b45b5451d30242dc1218), [call(org/apache/commons/compress/archivers/zip/ZipShort//getValue!b88fafa2b0b36aed4d82151230ff9ae6, [lfh, off])]), =(off, cast(+(off, org/apache/commons/compress/archivers/zip/ZipConstants//SHORT), primitive(int, 32, false))), declaration([time], [primitive(int, 64, false)], [call(org/apache/commons/compress/archivers/zip/ZipUtil//dosToJavaTime!feb606741437b3116f99f2412027bc86, [call(org/apache/commons/compress/archivers/zip/ZipLong//getValue!b88fafa2b0b36aed4d82151230ff9ae6, [lfh, off])])], ModifierVisibilityPublic), unsupported, =(off, cast(+(off, org/apache/commons/compress/archivers/zip/ZipConstants//WORD), primitive(int, 32, false))), declaration([size, cSize], [pointer(reference(org/apache/commons/compress/archivers/zip/ZipLong)), pointer(reference(org/apache/commons/compress/archivers/zip/ZipLong))], [nil, nil], ModifierVisibilityPublic), if(!(select(select(this, current), hasDataDescriptor)), block([unsupported, =(off, cast(+(off, org/apache/commons/compress/archivers/zip/ZipConstants//WORD), primitive(int, 32, false))), =(cSize, call(org/apache/commons/compress/archivers/zip/ZipLong//ZipLong!b88fafa2b0b36aed4d82151230ff9ae6, [lfh, off])), =(off, cast(+(off, org/apache/commons/compress/archivers/zip/ZipConstants//WORD), primitive(int, 32, false))), =(size, call(org/apache/commons/compress/archivers/zip/ZipLong//ZipLong!b88fafa2b0b36aed4d82151230ff9ae6, [lfh, off])), =(off, cast(+(off, org/apache/commons/compress/archivers/zip/ZipConstants//WORD), primitive(int, 32, false)))]), block([=(off, cast(+(off, *(3, org/apache/commons/compress/archivers/zip/ZipConstants//WORD)), primitive(int, 32, false)))])), declaration([fileNameLen], [primitive(int, 32, false)], [call(org/apache/commons/compress/archivers/zip/ZipShort//getValue!b88fafa2b0b36aed4d82151230ff9ae6, [lfh, off])], ModifierVisibilityPublic), =(off, cast(+(off, org/apache/commons/compress/archivers/zip/ZipConstants//SHORT), primitive(int, 32, false))), declaration([extraLen], [primitive(int, 32, false)], [call(org/apache/commons/compress/archivers/zip/ZipShort//getValue!b88fafa2b0b36aed4d82151230ff9ae6, [lfh, off])], ModifierVisibilityPublic), =(off, cast(+(off, org/apache/commons/compress/archivers/zip/ZipConstants//SHORT), primitive(int, 32, false))), declaration([fileName], [array(primitive(int, 8, false), primitive(int, 32, false), 0)], [make(array(primitive(int, 8, false), primitive(int, 32, false), 0), fileNameLen)], ModifierVisibilityPublic), call(select(this, readFully!2dcfcbf77da22bb3290a2dcf338b4c85), [fileName]), call(select(ensure_not_nil(select(select(this, current), entry)), setName!8f2f13f100e0a1e9c951cc81155845b2), [call(select(ensure_not_nil(entryEncoding), decode!2dcfcbf77da22bb3290a2dcf338b4c85), [fileName]), fileName]), declaration([extraData], [array(primitive(int, 8, false), primitive(int, 32, false), 0)], [make(array(primitive(int, 8, false), primitive(int, 32, false), 0), extraLen)], ModifierVisibilityPublic), call(select(this, readFully!2dcfcbf77da22bb3290a2dcf338b4c85), [extraData]), call(select(ensure_not_nil(select(select(this, current), entry)), setExtra!2dcfcbf77da22bb3290a2dcf338b4c85), [extraData]), if(&&(!(hasUTF8Flag), select(this, useUnicodeExtraFields)), block([call(org/apache/commons/compress/archivers/zip/ZipUtil//setNameAndCommentFromExtraFields!40fcd8887e86a6eba8ca78aa5fa6b268, [select(select(this, current), entry), fileName, nil])]), %!s(<nil>)), call(select(this, processZip64Extra!fa4083cf276c813f9dd1c84c2d31a712), [size, cSize]), return([select(select(this, current), entry)])])) return([call(select(this, getNextZipEntry!d41d8cd98f00b204e9800998ecf8427e), [])])]
src/main/java/org/apache/commons/compress/archivers/zip/ZipArchiveInputStream.java: error: unknown function
	data: [<nil> count [] [select(select(this, buf), lengthOfLastRead)]]
src/main/java/org/apache/commons/compress/archivers/zip/ZipArchiveInputStream.java: error: unknown function
	data: [struct(org/apache/commons/compress/archivers/zip/ZipArchiveEntry, [], [unsupported(java/util/zip/ZipEntry)], [unsupported(org/apache/commons/compress/archivers/ArchiveEntry), reference(java/lang/Cloneable)]) org/apache/commons/compress/archivers/zip/ZipArchiveEntry//setCrc [] [call(select(ensure_not_nil(val), getValue!d41d8cd98f00b204e9800998ecf8427e), [])]]
src/main/java/org/apache/commons/compress/archivers/zip/ZipArchiveInputStream.java: error: unknown function
	data: [struct(org/apache/commons/compress/archivers/zip/ZipArchiveEntry, [], [unsupported(java/util/zip/ZipEntry)], [unsupported(org/apache/commons/compress/archivers/ArchiveEntry), reference(java/lang/Cloneable)]) org/apache/commons/compress/archivers/zip/ZipArchiveEntry//setCompressedSize [] [call(org/apache/commons/compress/archivers/zip/ZipEightByteInteger//getLongValue!2dcfcbf77da22bb3290a2dcf338b4c85, [b])]]
src/main/java/org/apache/commons/compress/archivers/zip/ZipArchiveInputStream.java: error: unknown field
	data: [ZipArchiveEntry struct(org/apache/commons/compress/archivers/zip/ZipArchiveEntry, [], [unsupported(java/util/zip/ZipEntry)], [unsupported(org/apache/commons/compress/archivers/ArchiveEntry), reference(java/lang/Cloneable)]) DEFLATED]
src/main/java/org/apache/commons/compress/archivers/zip/ZipArchiveInputStream.java: error: unknown import
	data: java/util/zip/CRC32
src/main/java/org/apache/commons/compress/archivers/zip/ZipArchiveInputStream.java: error: unknown function
	data: [struct(org/apache/commons/compress/archivers/zip/ZipArchiveEntry, [], [unsupported(java/util/zip/ZipEntry)], [unsupported(org/apache/commons/compress/archivers/ArchiveEntry), reference(java/lang/Cloneable)]) org/apache/commons/compress/archivers/zip/ZipArchiveEntry//setCompressedSize [] [call(select(ensure_not_nil(cSize), getValue!d41d8cd98f00b204e9800998ecf8427e), [])]]
src/main/java/org/apache/commons/compress/archivers/zip/ZipArchiveInputStream.java: error: unknown function
	data: [struct(java/lang/System, [], [pointer(reference(java/lang/Object))], []) java/lang/System//arraycopy [] [select(select(this, buf), buf) select(select(this, buf), offsetInBuffer) buffer start toRead]]
src/main/java/org/apache/commons/compress/archivers/zip/ZipArchiveInputStream.java: error: unknown function
	data: [struct(org/apache/commons/compress/archivers/zip/ZipArchiveEntry, [], [unsupported(java/util/zip/ZipEntry)], [unsupported(org/apache/commons/compress/archivers/ArchiveEntry), reference(java/lang/Cloneable)]) org/apache/commons/compress/archivers/zip/ZipArchiveEntry//getCompressedSize [] []]
src/main/java/org/apache/commons/compress/archivers/zip/ZipArchiveInputStream.java: error: unknown function
	data: [<nil> count [] [n]]
src/main/java/org/apache/commons/compress/archivers/zip/ZipArchiveInputStream.java: error: unknown function
	data: [struct(java/lang/System, [], [pointer(reference(java/lang/Object))], []) java/lang/System//arraycopy [] [select(select(this, buf), buf) cacheable select(select(this, buf), buf) 0 +(expecteDDLen, 3)]]
src/main/java/org/apache/commons/compress/archivers/zip/ZipArchiveInputStream.java: error: unknown import
	data: java/io/ByteArrayOutputStream
src/main/java/org/apache/commons/compress/archivers/zip/ZipArchiveInputStream.java: error: unknown import
	data: java/io/EOFException
src/main/java/org/apache/commons/compress/archivers/zip/ZipArchiveOutputStream.java: error: unknown function
	data: [struct(org/apache/commons/compress/archivers/zip/ZipArchiveEntry, [], [unsupported(java/util/zip/ZipEntry)], [unsupported(org/apache/commons/compress/archivers/ArchiveEntry), reference(java/lang/Cloneable)]) org/apache/commons/compress/archivers/zip/ZipArchiveEntry//setCompressedSize [] [call(select(ensure_not_nil(select(select(this, entry), entry)), getSize!d41d8cd98f00b204e9800998ecf8427e), [])]]
src/main/java/org/apache/commons/compress/archivers/zip/ZipArchiveOutputStream.java: error: unknown import
	data: java/io/File
src/main/java/org/apache/commons/compress/archivers/zip/ZipArchiveOutputStream.java: error: unknown import
	data: org/apache/commons/compress/archivers/ArchiveEntry
src/main/java/org/apache/commons/compress/archivers/zip/ZipArchiveOutputStream.java: error: unknown function
	data: [struct(java/lang/System, [], [pointer(reference(java/lang/Object))], []) java/lang/System//currentTimeMillis [] []]
src/main/java/org/apache/commons/compress/archivers/zip/ZipArchiveOutputStream.java: error: unknown import
	data: java/nio/ByteBuffer
src/main/java/org/apache/commons/compress/archivers/zip/ZipArchiveOutputStream.java: error: unknown import
	data: org/apache/commons/compress/archivers/ArchiveOutputStream
src/main/java/org/apache/commons/compress/archivers/zip/ZipArchiveOutputStream.java: error: unknown function
	data: [struct(org/apache/commons/compress/archivers/zip/ZipArchiveEntry, [], [unsupported(java/util/zip/ZipEntry)], [unsupported(org/apache/commons/compress/archivers/ArchiveEntry), reference(java/lang/Cloneable)]) org/apache/commons/compress/archivers/zip/ZipArchiveEntry//setCrc [] [crc]]
src/main/java/org/apache/commons/compress/archivers/zip/ZipArchiveOutputStream.java: error: unknown field
	data: [this struct(org/apache/commons/compress/archivers/zip/ZipArchiveOutputStream, [], [unsupported(org/apache/commons/compress/archivers/ArchiveOutputStream)], []) java]
src/main/java/org/apache/commons/compress/archivers/zip/ZipArchiveOutputStream.java: error: unknown function
	data: [struct(org/apache/commons/compress/archivers/zip/ZipArchiveEntry, [], [unsupported(java/util/zip/ZipEntry)], [unsupported(org/apache/commons/compress/archivers/ArchiveEntry), reference(java/lang/Cloneable)]) org/apache/commons/compress/archivers/zip/ZipArchiveEntry//setCompressedSize [] [bytesWritten]]
src/main/java/org/apache/commons/compress/archivers/zip/ZipArchiveOutputStream.java: error: unknown function
	data: [pointer(reference(org/apache/commons/compress/archivers/zip/ZipArchiveEntry)) org/apache/commons/compress/archivers/zip/ZipArchiveEntry//getTime [] []]
src/main/java/org/apache/commons/compress/archivers/zip/ZipArchiveOutputStream.java: error: unknown function
	data: [<nil> count [] [length]]
src/main/java/org/apache/commons/compress/archivers/zip/ZipArchiveOutputStream.java: error: unknown function
	data: [pointer(reference(org/apache/commons/compress/archivers/zip/ZipArchiveEntry)) org/apache/commons/compress/archivers/zip/ZipArchiveEntry//getComment [] []]
src/main/java/org/apache/commons/compress/archivers/zip/ZipArchiveOutputStream.java: error: unknown import
	data: java/util/HashMap
src/main/java/org/apache/commons/compress/archivers/zip/ZipArchiveOutputStream.java: error: unknown function
	data: [struct(org/apache/commons/compress/archivers/zip/ZipArchiveEntry, [], [unsupported(java/util/zip/ZipEntry)], [unsupported(org/apache/commons/compress/archivers/ArchiveEntry), reference(java/lang/Cloneable)]) org/apache/commons/compress/archivers/zip/ZipArchiveEntry//setCompressedSize [] [bytesWritten]]
src/main/java/org/apache/commons/compress/archivers/zip/ZipArchiveOutputStream.java: error: unknown function
	data: [struct(org/apache/commons/compress/archivers/zip/ZipArchiveEntry, [], [unsupported(java/util/zip/ZipEntry)], [unsupported(org/apache/commons/compress/archivers/ArchiveEntry), reference(java/lang/Cloneable)]) org/apache/commons/compress/archivers/zip/ZipArchiveEntry//setCrc [] [crc]]
src/main/java/org/apache/commons/compress/archivers/zip/ZipArchiveOutputStream.java: error: unknown function
	data: [pointer(reference(org/apache/commons/compress/archivers/zip/ZipArchiveEntry)) org/apache/commons/compress/archivers/zip/ZipArchiveEntry//getCompressedSize [] []]
src/main/java/org/apache/commons/compress/archivers/zip/ZipArchiveOutputStream.java: error: unknown import
	data: java/util/zip/Deflater
src/main/java/org/apache/commons/compress/archivers/zip/ZipArchiveOutputStream.java: error: unknown field
	data: [this struct(org/apache/commons/compress/archivers/zip/ZipArchiveOutputStream, [], [unsupported(org/apache/commons/compress/archivers/ArchiveOutputStream)], []) java]
src/main/java/org/apache/commons/compress/archivers/zip/ZipArchiveOutputStream.java: error: unknown function
	data: [struct(org/apache/commons/compress/archivers/zip/ZipArchiveEntry, [], [unsupported(java/util/zip/ZipEntry)], [unsupported(org/apache/commons/compress/archivers/ArchiveEntry), reference(java/lang/Cloneable)]) org/apache/commons/compress/archivers/zip/ZipArchiveEntry//getCompressedSize [] []]
src/main/java/org/apache/commons/compress/archivers/zip/ZipArchiveOutputStream.java: error: unknown function
	data: [pointer(reference(org/apache/commons/compress/archivers/zip/ZipArchiveEntry)) org/apache/commons/compress/archivers/zip/ZipArchiveEntry//setTime [] [unsupported]]
src/main/java/org/apache/commons/compress/archivers/zip/ZipArchiveOutputStream.java: error: unknown function
	data: [struct(org/apache/commons/compress/archivers/zip/ZipArchiveEntry, [], [unsupported(java/util/zip/ZipEntry)], [unsupported(org/apache/commons/compress/archivers/ArchiveEntry), reference(java/lang/Cloneable)]) org/apache/commons/compress/archivers/zip/ZipArchiveEntry//getCrc [] []]
src/main/java/org/apache/commons/compress/archivers/zip/ZipArchiveOutputStream.java: error: unknown function
	data: [genericInstance(reference(java/util/Map), [pointer(reference(org/apache/commons/compress/archivers/zip/ZipArchiveEntry)), pointer(reference(java/lang/Long))]) java/util/Map<org/apache/commons/compress/archivers/zip/ZipArchiveEntry,java/lang/Long>//get [] [ze]]
src/main/java/org/apache/commons/compress/archivers/zip/ZipArchiveOutputStream.java: error: unknown import
	data: java/io/RandomAccessFile
src/main/java/org/apache/commons/compress/archivers/zip/ZipArchiveOutputStream.java: error: unknown import
	data: java/util/zip/CRC32
src/main/java/org/apache/commons/compress/archivers/zip/ZipArchiveOutputStream.java: error: unknown field
	data: [this struct(org/apache/commons/compress/archivers/zip/ZipArchiveOutputStream, [], [unsupported(org/apache/commons/compress/archivers/ArchiveOutputStream)], []) java]
src/main/java/org/apache/commons/compress/archivers/zip/ZipArchiveOutputStream.java: error: unknown function
	data: [pointer(reference(org/apache/commons/compress/archivers/zip/ZipArchiveEntry)) org/apache/commons/compress/archivers/zip/ZipArchiveEntry//getCrc [] []]
src/main/java/org/apache/commons/compress/archivers/zip/ZipArchiveOutputStream.java: error: unknown import
	data: java/io/FileOutputStream
src/main/java/org/apache/commons/compress/archivers/zip/ZipArchiveOutputStream.java: error: unknown import
	data: java/util/LinkedList
src/main/java/org/apache/commons/compress/archivers/zip/ZipArchiveOutputStream.java: error: unknown import
	data: java/util/zip/ZipException
src/main/java/org/apache/commons/compress/archivers/zip/ZipEightByteInteger.java: error: unknown import
	data: java/math/BigInteger
src/main/java/org/apache/commons/compress/archivers/zip/ZipEncoding.java: error: unknown import
	data: java/nio/ByteBuffer
src/main/java/org/apache/commons/compress/archivers/zip/ZipEncodingHelper.java: error: unknown import
	data: java/nio/ByteBuffer
src/main/java/org/apache/commons/compress/archivers/zip/ZipEncodingHelper.java: error: unknown import
	data: java/nio/charset/Charset
src/main/java/org/apache/commons/compress/archivers/zip/ZipEncodingHelper.java: error: unknown import
	data: java/nio/charset/UnsupportedCharsetException
src/main/java/org/apache/commons/compress/archivers/zip/ZipEncodingHelper.java: error: unknown import
	data: java/util/HashMap
src/main/java/org/apache/commons/compress/archivers/zip/ZipEncodingHelper.java: error: unknown function
	data: [struct(java/lang/System, [], [pointer(reference(java/lang/Object))], []) java/lang/System//getProperty [] ["file.encoding"]]
src/main/java/org/apache/commons/compress/archivers/zip/ZipExtraField.java: error: unknown import
	data: java/util/zip/ZipException
src/main/java/org/apache/commons/compress/archivers/zip/ZipFile.java: error: unknown import
	data: java/util/Collections
src/main/java/org/apache/commons/compress/archivers/zip/ZipFile.java: error: unknown import
	data: java/util/LinkedHashMap
src/main/java/org/apache/commons/compress/archivers/zip/ZipFile.java: error: unknown import
	data: java/util/zip/InflaterInputStream
src/main/java/org/apache/commons/compress/archivers/zip/ZipFile.java: error: unknown import
	data: java/util/zip/ZipException
src/main/java/org/apache/commons/compress/archivers/zip/ZipFile.java: error: unknown field
	data: [this struct(org/apache/commons/compress/archivers/zip/ZipFile//@@localComparator0, [], [pointer(reference(java/lang/Object))], [pointer(genericInstance(reference(java/util/Comparator), [pointer(reference(org/apache/commons/compress/archivers/zip/ZipArchiveEntry))]))]) entries]
src/main/java/org/apache/commons/compress/archivers/zip/ZipFile.java: error: unknown field
	data: [ZipArchiveEntry struct(org/apache/commons/compress/archivers/zip/ZipArchiveEntry, [], [unsupported(java/util/zip/ZipEntry)], [unsupported(org/apache/commons/compress/archivers/ArchiveEntry), reference(java/lang/Cloneable)]) DEFLATED]
src/main/java/org/apache/commons/compress/archivers/zip/ZipFile.java: error: unknown function
	data: [struct(java/lang/Object, [], [], []) java/lang/Object//finalize [] []]
src/main/java/org/apache/commons/compress/archivers/zip/ZipFile.java: error: unknown import
	data: java/io/EOFException
src/main/java/org/apache/commons/compress/archivers/zip/ZipFile.java: error: unknown identifier
	data: noUTF8Flag
src/main/java/org/apache/commons/compress/archivers/zip/ZipFile.java: error: unknown function
	data: [pointer(reference(org/apache/commons/compress/archivers/zip/ZipArchiveEntry)) org/apache/commons/compress/archivers/zip/ZipArchiveEntry//setTime [] [time]]
src/main/java/org/apache/commons/compress/archivers/zip/ZipFile.java: error: unknown function
	data: [pointer(reference(org/apache/commons/compress/archivers/zip/ZipArchiveEntry)) org/apache/commons/compress/archivers/zip/ZipArchiveEntry//setComment [] [call(select(ensure_not_nil(entryEncoding), decode!2dcfcbf77da22bb3290a2dcf338b4c85), [comment])]]
src/main/java/org/apache/commons/compress/archivers/zip/ZipFile.java: unsupported: unsupported AST node
	data: &{0xc0006d82c0 <nil> [] 0xc0006e4700 0xc0006e8000 {None [] [] None}}
src/main/java/org/apache/commons/compress/archivers/zip/ZipFile.java: error: unknown import
	data: java/io/File
src/main/java/org/apache/commons/compress/archivers/zip/ZipFile.java: error: unknown import
	data: java/util/zip/Inflater
src/main/java/org/apache/commons/compress/archivers/zip/ZipFile.java: error: unknown function
	data: [genericInstance(reference(java/util/Map), [pointer(reference(org/apache/commons/compress/archivers/zip/ZipArchiveEntry)), pointer(reference(org/apache/commons/compress/archivers/zip/ZipFile//OffsetEntry))]) java/util/Map<org/apache/commons/compress/archivers/zip/ZipArchiveEntry,org/apache/commons/compress/archivers/zip/ZipFile//OffsetEntry>//get [] [ze]]
src/main/java/org/apache/commons/compress/archivers/zip/ZipFile.java: error: unknown function
	data: [<nil> readCentralDirectoryEntry [] [noUTF8Flag]]
src/main/java/org/apache/commons/compress/archivers/zip/ZipFile.java: error: unknown function
	data: [pointer(reference(org/apache/commons/compress/archivers/zip/ZipArchiveEntry)) org/apache/commons/compress/archivers/zip/ZipArchiveEntry//setCrc [] [call(org/apache/commons/compress/archivers/zip/ZipLong//getValue!b88fafa2b0b36aed4d82151230ff9ae6, [cfh, off])]]
src/main/java/org/apache/commons/compress/archivers/zip/ZipFile.java: error: unknown function
	data: [pointer(reference(org/apache/commons/compress/archivers/zip/ZipArchiveEntry)) org/apache/commons/compress/archivers/zip/ZipArchiveEntry//setCompressedSize [] [call(org/apache/commons/compress/archivers/zip/ZipLong//getValue!b88fafa2b0b36aed4d82151230ff9ae6, [cfh, off])]]
src/main/java/org/apache/commons/compress/archivers/zip/ZipFile.java: unsupported: unsupported AST node
	data: &{0xc0006b9980 <nil> [] 0xc0006d6600 0xc0005618c0 {None [] [] None}}
src/main/java/org/apache/commons/compress/archivers/zip/ZipFile.java: error: unknown import
	data: java/io/RandomAccessFile
src/main/java/org/apache/commons/compress/archivers/zip/ZipFile.java: error: unknown import
	data: java/util/Enumeration
src/main/java/org/apache/commons/compress/archivers/zip/ZipFile.java: error: unknown import
	data: java/util/HashMap
src/main/java/org/apache/commons/compress/archivers/zip/ZipFile.java: error: unknown function
	data: [genericInstance(reference(java/util/Map), [pointer(reference(org/apache/commons/compress/archivers/zip/ZipArchiveEntry)), pointer(reference(org/apache/commons/compress/archivers/zip/ZipFile//OffsetEntry))]) java/util/Map<org/apache/commons/compress/archivers/zip/ZipArchiveEntry,org/apache/commons/compress/archivers/zip/ZipFile//OffsetEntry>//keySet [] []]
src/main/java/org/apache/commons/compress/archivers/zip/ZipFile.java: unsupported: not an array type
	data: unsupported(@@unsupported)
src/main/java/org/apache/commons/compress/archivers/zip/ZipFile.java: error: unknown function
	data: [pointer(reference(org/apache/commons/compress/archivers/zip/ZipArchiveEntry)) org/apache/commons/compress/archivers/zip/ZipArchiveEntry//getCompressedSize [] []]
src/main/java/org/apache/commons/compress/archivers/zip/ZipFile.java: error: unknown field
	data: [ZipArchiveEntry struct(org/apache/commons/compress/archivers/zip/ZipArchiveEntry, [], [unsupported(java/util/zip/ZipEntry)], [unsupported(org/apache/commons/compress/archivers/ArchiveEntry), reference(java/lang/Cloneable)]) STORED]
src/main/java/org/apache/commons/compress/archivers/zip/ZipFile.java: error: unknown function
	data: [pointer(reference(org/apache/commons/compress/archivers/zip/ZipArchiveEntry)) org/apache/commons/compress/archivers/zip/ZipArchiveEntry//setCompressedSize [] [call(select(ensure_not_nil(call(select(ensure_not_nil(z64), getCompressedSize!d41d8cd98f00b204e9800998ecf8427e), [])), getLongValue!d41d8cd98f00b204e9800998ecf8427e), [])]]
src/main/java/org/apache/commons/compress/archivers/zip/ZipFile.java: error: unknown import
	data: java/util/Arrays
src/main/java/org/apache/commons/compress/archivers/zip/ZipLong.java: error: unknown function
	data: [struct(java/lang/Object, [], [], []) java/lang/Object//clone [] []]
src/main/java/org/apache/commons/compress/archivers/zip/ZipShort.java: error: unknown function
	data: [struct(java/lang/Object, [], [], []) java/lang/Object//clone [] []]
src/main/java/org/apache/commons/compress/archivers/zip/ZipUtil.java: error: unknown field
	data: [ZipArchiveEntry struct(org/apache/commons/compress/archivers/zip/ZipArchiveEntry, [], [unsupported(java/util/zip/ZipEntry)], [unsupported(org/apache/commons/compress/archivers/ArchiveEntry), reference(java/lang/Cloneable)]) DEFLATED]
src/main/java/org/apache/commons/compress/archivers/zip/ZipUtil.java: error: unknown import
	data: java/util/Calendar
src/main/java/org/apache/commons/compress/archivers/zip/ZipUtil.java: error: unknown function
	data: [struct(java/lang/System, [], [pointer(reference(java/lang/Object))], []) java/lang/System//arraycopy [] [from 0 to 0 len(ensure_not_nil(to))]]
src/main/java/org/apache/commons/compress/archivers/zip/ZipUtil.java: error: unknown field
	data: [ZipArchiveEntry struct(org/apache/commons/compress/archivers/zip/ZipArchiveEntry, [], [unsupported(java/util/zip/ZipEntry)], [unsupported(org/apache/commons/compress/archivers/ArchiveEntry), reference(java/lang/Cloneable)]) STORED]
src/main/java/org/apache/commons/compress/archivers/zip/ZipUtil.java: error: unknown import
	data: java/util/Date
src/main/java/org/apache/commons/compress/archivers/zip/ZipUtil.java: error: unknown import
	data: java/util/zip/CRC32
src/main/java/org/apache/commons/compress/archivers/zip/ZipUtil.java: error: unknown function
	data: [pointer(reference(org/apache/commons/compress/archivers/zip/ZipArchiveEntry)) org/apache/commons/compress/archivers/zip/ZipArchiveEntry//setComment [] [newComment]]
Found 1 Java files
Found 186 problems in Java files
src/main/java/org/apache/commons/compress/archivers/zip/ZipFile.java: found 14 symbols
src/main/java/org/apache/commons/compress/archivers/zip/ZipFile.java: org.apache.commons.compress.archivers.zip.ZipFile.closeQuietly: computing test cases
src/main/java/org/apache/commons/compress/archivers/zip/ZipFile.java: org.apache.commons.compress.archivers.zip.ZipFile.closeQuietly: found 1 problems
src/main/java/org/apache/commons/compress/archivers/zip/ZipFile.java: internal error: org.apache.commons.compress.archivers.zip.ZipFile.closeQuietly: unknown type kind
	data: unsupported(java/io/RandomAccessFile)
src/main/java/org/apache/commons/compress/archivers/zip/ZipFile.java: org.apache.commons.compress.archivers.zip.ZipFile.finalize: computing test cases
src/main/java/org/apache/commons/compress/archivers/zip/ZipFile.java: org.apache.commons.compress.archivers.zip.ZipFile.finalize: found 1 problems
src/main/java/org/apache/commons/compress/archivers/zip/ZipFile.java: internal error: org.apache.commons.compress.archivers.zip.ZipFile.finalize: unknown type kind
	data: unsupported(java/io/RandomAccessFile)
src/main/java/org/apache/commons/compress/archivers/zip/ZipFile.java: org.apache.commons.compress.archivers.zip.ZipFile.canReadEntryData: computing test cases
src/main/java/org/apache/commons/compress/archivers/zip/ZipFile.java: org.apache.commons.compress.archivers.zip.ZipFile.canReadEntryData: found 1 problems
src/main/java/org/apache/commons/compress/archivers/zip/ZipFile.java: internal error: org.apache.commons.compress.archivers.zip.ZipFile.canReadEntryData: unknown type kind
	data: unsupported(java/io/RandomAccessFile)
src/main/java/org/apache/commons/compress/archivers/zip/ZipFile.java: org.apache.commons.compress.archivers.zip.ZipFile.ZipFile: computing test cases
src/main/java/org/apache/commons/compress/archivers/zip/ZipFile.java: org.apache.commons.compress.archivers.zip.ZipFile.ZipFile: found 1 problems
src/main/java/org/apache/commons/compress/archivers/zip/ZipFile.java: internal error: org.apache.commons.compress.archivers.zip.ZipFile.ZipFile: unknown type kind
	data: unsupported(java/io/RandomAccessFile)
src/main/java/org/apache/commons/compress/archivers/zip/ZipFile.java: org.apache.commons.compress.archivers.zip.ZipFile.ZipFile: computing test cases
src/main/java/org/apache/commons/compress/archivers/zip/ZipFile.java: org.apache.commons.compress.archivers.zip.ZipFile.ZipFile: found 1 problems
src/main/java/org/apache/commons/compress/archivers/zip/ZipFile.java: internal error: org.apache.commons.compress.archivers.zip.ZipFile.ZipFile: unknown type kind
	data: unsupported(java/io/RandomAccessFile)
src/main/java/org/apache/commons/compress/archivers/zip/ZipFile.java: org.apache.commons.compress.archivers.zip.ZipFile.getEncoding: computing test cases
src/main/java/org/apache/commons/compress/archivers/zip/ZipFile.java: org.apache.commons.compress.archivers.zip.ZipFile.getEncoding: found 1 problems
src/main/java/org/apache/commons/compress/archivers/zip/ZipFile.java: internal error: org.apache.commons.compress.archivers.zip.ZipFile.getEncoding: unknown type kind
	data: unsupported(java/io/RandomAccessFile)
src/main/java/org/apache/commons/compress/archivers/zip/ZipFile.java: org.apache.commons.compress.archivers.zip.ZipFile.ZipFile: computing test cases
src/main/java/org/apache/commons/compress/archivers/zip/ZipFile.java: org.apache.commons.compress.archivers.zip.ZipFile.ZipFile: found 1 problems
src/main/java/org/apache/commons/compress/archivers/zip/ZipFile.java: internal error: org.apache.commons.compress.archivers.zip.ZipFile.ZipFile: unknown type kind
	data: unsupported(java/io/RandomAccessFile)
src/main/java/org/apache/commons/compress/archivers/zip/ZipFile.java: org.apache.commons.compress.archivers.zip.ZipFile.getEntry: computing test cases
src/main/java/org/apache/commons/compress/archivers/zip/ZipFile.java: org.apache.commons.compress.archivers.zip.ZipFile.getEntry: found 1 problems
src/main/java/org/apache/commons/compress/archivers/zip/ZipFile.java: internal error: org.apache.commons.compress.archivers.zip.ZipFile.getEntry: unknown type kind
	data: unsupported(java/io/RandomAccessFile)
src/main/java/org/apache/commons/compress/archivers/zip/ZipFile.java: org.apache.commons.compress.archivers.zip.ZipFile.getInputStream: computing test cases
src/main/java/org/apache/commons/compress/archivers/zip/ZipFile.java: org.apache.commons.compress.archivers.zip.ZipFile.getInputStream: found 1 problems
src/main/java/org/apache/commons/compress/archivers/zip/ZipFile.java: internal error: org.apache.commons.compress.archivers.zip.ZipFile.getInputStream: unknown type kind
	data: unsupported(java/io/RandomAccessFile)
src/main/java/org/apache/commons/compress/archivers/zip/ZipFile.java: org.apache.commons.compress.archivers.zip.ZipFile.ZipFile: computing test cases
src/main/java/org/apache/commons/compress/archivers/zip/ZipFile.java: org.apache.commons.compress.archivers.zip.ZipFile.ZipFile: found 1 problems
src/main/java/org/apache/commons/compress/archivers/zip/ZipFile.java: internal error: org.apache.commons.compress.archivers.zip.ZipFile.ZipFile: unknown type kind
	data: unsupported(java/io/RandomAccessFile)
src/main/java/org/apache/commons/compress/archivers/zip/ZipFile.java: org.apache.commons.compress.archivers.zip.ZipFile.ZipFile: computing test cases
src/main/java/org/apache/commons/compress/archivers/zip/ZipFile.java: org.apache.commons.compress.archivers.zip.ZipFile.ZipFile: found 1 problems
src/main/java/org/apache/commons/compress/archivers/zip/ZipFile.java: internal error: org.apache.commons.compress.archivers.zip.ZipFile.ZipFile: unknown type kind
	data: unsupported(java/io/RandomAccessFile)
src/main/java/org/apache/commons/compress/archivers/zip/ZipFile.java: org.apache.commons.compress.archivers.zip.ZipFile.getEntries: computing test cases
src/main/java/org/apache/commons/compress/archivers/zip/ZipFile.java: org.apache.commons.compress.archivers.zip.ZipFile.getEntries: found 1 problems
src/main/java/org/apache/commons/compress/archivers/zip/ZipFile.java: internal error: org.apache.commons.compress.archivers.zip.ZipFile.getEntries: unknown type kind
	data: unsupported(java/io/RandomAccessFile)
src/main/java/org/apache/commons/compress/archivers/zip/ZipFile.java: org.apache.commons.compress.archivers.zip.ZipFile.close: computing test cases
src/main/java/org/apache/commons/compress/archivers/zip/ZipFile.java: org.apache.commons.compress.archivers.zip.ZipFile.close: found 1 problems
src/main/java/org/apache/commons/compress/archivers/zip/ZipFile.java: internal error: org.apache.commons.compress.archivers.zip.ZipFile.close: unknown type kind
	data: unsupported(java/io/RandomAccessFile)
src/main/java/org/apache/commons/compress/archivers/zip/ZipFile.java: org.apache.commons.compress.archivers.zip.ZipFile.getEntriesInPhysicalOrder: computing test cases
src/main/java/org/apache/commons/compress/archivers/zip/ZipFile.java: org.apache.commons.compress.archivers.zip.ZipFile.getEntriesInPhysicalOrder: found 1 problems
src/main/java/org/apache/commons/compress/archivers/zip/ZipFile.java: internal error: org.apache.commons.compress.archivers.zip.ZipFile.getEntriesInPhysicalOrder: unknown type kind
	data: unsupported(java/io/RandomAccessFile)
Analyzed 1 out of 23 source files
Had 12 errors that block a full analysis
Generated 0 tests
Found 0 potential problems
The following issues prevent a full analysis:

* 101 cases of "unknown function"
	Description: Functions could not be resolved. This occurs due to missing dependencies,
  or if a called function is removed due to some other problem.

* 67 cases of "unknown import"
	Description: Imports could not be resolved. This is likely due to missing dependencies.

* 16 cases of "unknown type"
	Description: Types could not be resolved. This could be because of missing dependencies
  or a consequence of some other problem.

* 1 case of "not all elements have the same type"
	Description: Arguments of a function call do not match the parameter types. This usually
  occurs if a called method is removed due to some other problem, and another
  method with the same name is selected to be called.

* 3 cases of "other issues"
	Description: Uncategorized problems.

