Analyzing workspace /home/ph7/sqa-project/workspaces/jacksondatabind_4b/
Search for Java files
Load dependency stdlib:@dev
src/main/java/com/fasterxml/jackson/databind/deser/std/StringArrayDeserializer.java: com.fasterxml.jackson.databind.deser.std.StringArrayDeserializer.handleNonArray: function is private and therefore inaccessible for tests
src/main/java/com/fasterxml/jackson/databind/deser/std/ArrayBlockingQueueDeserializer.java: error: unknown import
	data: com/fasterxml/jackson/core/JsonParser
src/main/java/com/fasterxml/jackson/databind/deser/std/ArrayBlockingQueueDeserializer.java: error: unknown import
	data: com/fasterxml/jackson/databind/deser/ValueInstantiator
src/main/java/com/fasterxml/jackson/databind/deser/std/ArrayBlockingQueueDeserializer.java: error: unknown import
	data: com/fasterxml/jackson/databind/jsontype/TypeDeserializer
src/main/java/com/fasterxml/jackson/databind/deser/std/ArrayBlockingQueueDeserializer.java: error: unknown type
	data: JavaType
src/main/java/com/fasterxml/jackson/databind/deser/std/ArrayBlockingQueueDeserializer.java: error: unknown type
	data: JsonDeserializer
src/main/java/com/fasterxml/jackson/databind/deser/std/ArrayBlockingQueueDeserializer.java: error: unknown function
	data: [pointer(genericInstance(reference(java/util/Collection), [pointer(reference(java/lang/Object))])) java/util/Collection<java/lang/Object>//addAll [] [tmp]]
src/main/java/com/fasterxml/jackson/databind/deser/std/ArrayBlockingQueueDeserializer.java: error: unknown import
	data: com/fasterxml/jackson/core/JsonToken
src/main/java/com/fasterxml/jackson/databind/deser/std/ArrayBlockingQueueDeserializer.java: error: unknown type
	data: SuppressWarnings
src/main/java/com/fasterxml/jackson/databind/deser/std/ArrayBlockingQueueDeserializer.java: error: unknown type
	data: DeserializationContext
src/main/java/com/fasterxml/jackson/databind/deser/std/ArrayBlockingQueueDeserializer.java: error: unknown import
	data: java/util/concurrent/ArrayBlockingQueue
src/main/java/com/fasterxml/jackson/databind/deser/std/AtomicBooleanDeserializer.java: error: unknown import
	data: java/util/concurrent/atomic/AtomicBoolean
src/main/java/com/fasterxml/jackson/databind/deser/std/AtomicBooleanDeserializer.java: error: unknown import
	data: com/fasterxml/jackson/core/JsonParser
src/main/java/com/fasterxml/jackson/databind/deser/std/AtomicBooleanDeserializer.java: error: unknown import
	data: com/fasterxml/jackson/databind/DeserializationContext
src/main/java/com/fasterxml/jackson/databind/deser/std/AtomicReferenceDeserializer.java: error: unknown import
	data: com/fasterxml/jackson/databind/jsontype/TypeDeserializer
src/main/java/com/fasterxml/jackson/databind/deser/std/AtomicReferenceDeserializer.java: error: unknown type
	data: JavaType
src/main/java/com/fasterxml/jackson/databind/deser/std/AtomicReferenceDeserializer.java: error: unknown type
	data: DeserializationContext
src/main/java/com/fasterxml/jackson/databind/deser/std/AtomicReferenceDeserializer.java: error: unknown type
	data: JsonMappingException
src/main/java/com/fasterxml/jackson/databind/deser/std/AtomicReferenceDeserializer.java: error: unknown type
	data: JsonParser
src/main/java/com/fasterxml/jackson/databind/deser/std/AtomicReferenceDeserializer.java: error: unknown import
	data: com/fasterxml/jackson/core
src/main/java/com/fasterxml/jackson/databind/deser/std/AtomicReferenceDeserializer.java: error: unknown type
	data: JsonDeserializer
src/main/java/com/fasterxml/jackson/databind/deser/std/AtomicReferenceDeserializer.java: error: unknown type
	data: BeanProperty
src/main/java/com/fasterxml/jackson/databind/deser/std/AtomicReferenceDeserializer.java: error: unknown import
	data: java/util/concurrent/atomic/AtomicReference
src/main/java/com/fasterxml/jackson/databind/deser/std/AtomicReferenceDeserializer.java: error: unknown import
	data: com/fasterxml/jackson/databind/deser/ContextualDeserializer
src/main/java/com/fasterxml/jackson/databind/deser/std/ByteBufferDeserializer.java: error: unknown import
	data: java/nio/ByteBuffer
src/main/java/com/fasterxml/jackson/databind/deser/std/ByteBufferDeserializer.java: error: unknown import
	data: com/fasterxml/jackson/databind/util/ByteBufferBackedOutputStream
src/main/java/com/fasterxml/jackson/databind/deser/std/ByteBufferDeserializer.java: error: unknown import
	data: com/fasterxml/jackson/core
src/main/java/com/fasterxml/jackson/databind/deser/std/ByteBufferDeserializer.java: error: unknown type
	data: JsonParser
src/main/java/com/fasterxml/jackson/databind/deser/std/ByteBufferDeserializer.java: error: unknown type
	data: DeserializationContext
src/main/java/com/fasterxml/jackson/databind/deser/std/CollectionDeserializer.java: error: unknown import
	data: com/fasterxml/jackson/databind/deser/impl/ReadableObjectId/Referring
src/main/java/com/fasterxml/jackson/databind/deser/std/CollectionDeserializer.java: error: unknown import
	data: com/fasterxml/jackson/databind/jsontype/TypeDeserializer
src/main/java/com/fasterxml/jackson/databind/deser/std/CollectionDeserializer.java: error: unknown type
	data: SuppressWarnings
src/main/java/com/fasterxml/jackson/databind/deser/std/CollectionDeserializer.java: error: unknown type
	data: BeanProperty
src/main/java/com/fasterxml/jackson/databind/deser/std/CollectionDeserializer.java: error: unknown type
	data: JsonParser
src/main/java/com/fasterxml/jackson/databind/deser/std/CollectionDeserializer.java: error: unknown type
	data: JsonProcessingException
src/main/java/com/fasterxml/jackson/databind/deser/std/CollectionDeserializer.java: error: unknown import
	data: com/fasterxml/jackson/databind/deser/ContextualDeserializer
src/main/java/com/fasterxml/jackson/databind/deser/std/CollectionDeserializer.java: error: unknown type
	data: JavaType
src/main/java/com/fasterxml/jackson/databind/deser/std/CollectionDeserializer.java: error: unknown type
	data: JsonDeserializer
src/main/java/com/fasterxml/jackson/databind/deser/std/CollectionDeserializer.java: error: unknown type
	data: JsonMappingException
src/main/java/com/fasterxml/jackson/databind/deser/std/CollectionDeserializer.java: error: unknown identifier
	data: referringAccumulator
src/main/java/com/fasterxml/jackson/databind/deser/std/CollectionDeserializer.java: error: unknown import
	data: com/fasterxml/jackson/databind/annotation/JacksonStdImpl
src/main/java/com/fasterxml/jackson/databind/deser/std/CollectionDeserializer.java: error: unknown type
	data: DeserializationContext
src/main/java/com/fasterxml/jackson/databind/deser/std/CollectionDeserializer.java: error: unknown type
	data: T
src/main/java/com/fasterxml/jackson/databind/deser/std/CollectionDeserializer.java: error: unknown function
	data: [pointer(genericInstance(reference(java/util/Collection), [pointer(reference(java/lang/Object))])) java/util/Collection<java/lang/Object>//addAll [] [select(ref, next)]]
src/main/java/com/fasterxml/jackson/databind/deser/std/CollectionDeserializer.java: error: unknown import
	data: com/fasterxml/jackson/databind/deser/ValueInstantiator
src/main/java/com/fasterxml/jackson/databind/deser/std/CollectionDeserializer.java: error: unknown import
	data: com/fasterxml/jackson/core
src/main/java/com/fasterxml/jackson/databind/deser/std/CollectionDeserializer.java: error: unknown type
	data: JsonToken
src/main/java/com/fasterxml/jackson/databind/deser/std/CollectionDeserializer.java: error: unknown function
	data: [pointer(reference(com/fasterxml/jackson/databind/deser/std/CollectionDeserializer//CollectionReferring)) com/fasterxml/jackson/databind/deser/std/CollectionDeserializer//CollectionReferring//hasId [] [id]]
src/main/java/com/fasterxml/jackson/databind/deser/std/CollectionDeserializer.java: error: unknown import
	data: com/fasterxml/jackson/databind/deser/UnresolvedForwardReference
src/main/java/com/fasterxml/jackson/databind/deser/std/ContainerDeserializerBase.java: error: unknown import
	data: com/fasterxml/jackson/databind/JavaType
src/main/java/com/fasterxml/jackson/databind/deser/std/ContainerDeserializerBase.java: error: unknown import
	data: com/fasterxml/jackson/databind/JsonDeserializer
src/main/java/com/fasterxml/jackson/databind/deser/std/ContainerDeserializerBase.java: error: unknown import
	data: com/fasterxml/jackson/databind/deser/SettableBeanProperty
src/main/java/com/fasterxml/jackson/databind/deser/std/ContainerDeserializerBase.java: error: unknown type
	data: SuppressWarnings
src/main/java/com/fasterxml/jackson/databind/deser/std/ContainerDeserializerBase.java: error: unknown type
	data: Deprecated
src/main/java/com/fasterxml/jackson/databind/deser/std/ContainerDeserializerBase.java: error: unknown function
	data: [<nil> getClass [] []]
src/main/java/com/fasterxml/jackson/databind/deser/std/DateDeserializers.java: error: unknown import
	data: com/fasterxml/jackson/databind/DeserializationFeature
src/main/java/com/fasterxml/jackson/databind/deser/std/DateDeserializers.java: error: unknown import
	data: com/fasterxml/jackson/databind/JsonDeserializer
src/main/java/com/fasterxml/jackson/databind/deser/std/DateDeserializers.java: error: unknown import
	data: com/fasterxml/jackson/databind/deser/ContextualDeserializer
src/main/java/com/fasterxml/jackson/databind/deser/std/DateDeserializers.java: error: unknown function
	data: [<nil> getEmptyValue [] []]
src/main/java/com/fasterxml/jackson/databind/deser/std/DateDeserializers.java: error: unknown import
	data: com/fasterxml/jackson/core/JsonToken
src/main/java/com/fasterxml/jackson/databind/deser/std/DateDeserializers.java: error: unknown import
	data: com/fasterxml/jackson/databind/BeanProperty
src/main/java/com/fasterxml/jackson/databind/deser/std/DateDeserializers.java: error: unknown type
	data: SimpleDateFormat
src/main/java/com/fasterxml/jackson/databind/deser/std/DateDeserializers.java: error: unknown import
	data: com/fasterxml/jackson/core/JsonProcessingException
src/main/java/com/fasterxml/jackson/databind/deser/std/DateDeserializers.java: error: unknown import
	data: com/fasterxml/jackson/databind/annotation/JacksonStdImpl
src/main/java/com/fasterxml/jackson/databind/deser/std/DateDeserializers.java: error: unknown type
	data: DateFormat
src/main/java/com/fasterxml/jackson/databind/deser/std/DateDeserializers.java: error: unknown import
	data: java/sql/Timestamp
src/main/java/com/fasterxml/jackson/databind/deser/std/DateDeserializers.java: error: unknown import
	data: com/fasterxml/jackson/databind/introspect/Annotated
src/main/java/com/fasterxml/jackson/databind/deser/std/DateDeserializers.java: error: unknown type
	data: java/sql/Date
src/main/java/com/fasterxml/jackson/databind/deser/std/DateDeserializers.java: error: unknown type
	data: HashSet
src/main/java/com/fasterxml/jackson/databind/deser/std/DateDeserializers.java: error: unknown type
	data: Locale
src/main/java/com/fasterxml/jackson/databind/deser/std/DateDeserializers.java: error: unknown function
	data: [<nil> _parseDate [] [jp ctxt]]
src/main/java/com/fasterxml/jackson/databind/deser/std/DateDeserializers.java: error: unknown import
	data: com/fasterxml/jackson/annotation/JsonFormat
src/main/java/com/fasterxml/jackson/databind/deser/std/DateDeserializers.java: error: unknown import
	data: com/fasterxml/jackson/databind/DeserializationContext
src/main/java/com/fasterxml/jackson/databind/deser/std/DateDeserializers.java: error: unknown type
	data: SuppressWarnings
src/main/java/com/fasterxml/jackson/databind/deser/std/DateDeserializers.java: error: unknown type
	data: Calendar
src/main/java/com/fasterxml/jackson/databind/deser/std/DateDeserializers.java: error: unknown type
	data: java/util/Date
src/main/java/com/fasterxml/jackson/databind/deser/std/DateDeserializers.java: error: unknown type
	data: java/sql/Timestamp
src/main/java/com/fasterxml/jackson/databind/deser/std/DateDeserializers.java: error: unknown import
	data: com/fasterxml/jackson/databind/util/StdDateFormat
src/main/java/com/fasterxml/jackson/databind/deser/std/DateDeserializers.java: error: unknown type
	data: Date
src/main/java/com/fasterxml/jackson/databind/deser/std/DateDeserializers.java: error: unknown type
	data: TimeZone
src/main/java/com/fasterxml/jackson/databind/deser/std/DateDeserializers.java: error: unknown import
	data: com/fasterxml/jackson/core/JsonParser
src/main/java/com/fasterxml/jackson/databind/deser/std/DateDeserializers.java: error: unknown import
	data: com/fasterxml/jackson/databind/JsonMappingException
src/main/java/com/fasterxml/jackson/databind/deser/std/DateDeserializers.java: error: unknown import
	data: java/text
src/main/java/com/fasterxml/jackson/databind/deser/std/DelegatingDeserializer.java: error: unknown type
	data: SuppressWarnings
src/main/java/com/fasterxml/jackson/databind/deser/std/DelegatingDeserializer.java: error: unknown import
	data: com/fasterxml/jackson/core/JsonParser
src/main/java/com/fasterxml/jackson/databind/deser/std/DelegatingDeserializer.java: error: unknown import
	data: com/fasterxml/jackson/databind/deser/impl/ObjectIdReader
src/main/java/com/fasterxml/jackson/databind/deser/std/DelegatingDeserializer.java: error: unknown import
	data: com/fasterxml/jackson/databind/jsontype/TypeDeserializer
src/main/java/com/fasterxml/jackson/databind/deser/std/DelegatingDeserializer.java: error: unknown type
	data: ResolvableDeserializer
src/main/java/com/fasterxml/jackson/databind/deser/std/DelegatingDeserializer.java: error: unknown type
	data: DeserializationContext
src/main/java/com/fasterxml/jackson/databind/deser/std/DelegatingDeserializer.java: error: unknown type
	data: BeanProperty
src/main/java/com/fasterxml/jackson/databind/deser/std/DelegatingDeserializer.java: error: unknown identifier
	data: del
src/main/java/com/fasterxml/jackson/databind/deser/std/DelegatingDeserializer.java: error: unknown type
	data: JsonMappingException
src/main/java/com/fasterxml/jackson/databind/deser/std/DelegatingDeserializer.java: error: unknown type
	data: Deprecated
src/main/java/com/fasterxml/jackson/databind/deser/std/DelegatingDeserializer.java: error: unknown type
	data: SettableBeanProperty
src/main/java/com/fasterxml/jackson/databind/deser/std/DelegatingDeserializer.java: error: unknown import
	data: com/fasterxml/jackson/core/JsonProcessingException
src/main/java/com/fasterxml/jackson/databind/deser/std/DelegatingDeserializer.java: error: unknown type
	data: ContextualDeserializer
src/main/java/com/fasterxml/jackson/databind/deser/std/DelegatingDeserializer.java: error: unknown type
	data: JsonDeserializer
src/main/java/com/fasterxml/jackson/databind/deser/std/DelegatingDeserializer.java: internal error: type does not support nil values
	data: unsupported(ResolvableDeserializer)
src/main/java/com/fasterxml/jackson/databind/deser/std/EnumDeserializer.java: error: unknown import
	data: com/fasterxml/jackson/databind/util/ClassUtil
src/main/java/com/fasterxml/jackson/databind/deser/std/EnumDeserializer.java: error: unknown field
	data: [Long struct(java/lang/Long, [], [pointer(reference(java/lang/Object))], []) TYPE]
src/main/java/com/fasterxml/jackson/databind/deser/std/EnumDeserializer.java: error: unknown type
	data: JsonToken
src/main/java/com/fasterxml/jackson/databind/deser/std/EnumDeserializer.java: error: unknown import
	data: com/fasterxml/jackson/databind/util/EnumResolver
src/main/java/com/fasterxml/jackson/databind/deser/std/EnumDeserializer.java: error: unknown type
	data: JsonDeserializer
src/main/java/com/fasterxml/jackson/databind/deser/std/EnumDeserializer.java: error: unknown type
	data: JsonParser
src/main/java/com/fasterxml/jackson/databind/deser/std/EnumDeserializer.java: error: unknown type
	data: JsonProcessingException
src/main/java/com/fasterxml/jackson/databind/deser/std/EnumDeserializer.java: error: unknown field
	data: [Integer struct(java/lang/Integer, [], [pointer(reference(java/lang/Object))], []) TYPE]
src/main/java/com/fasterxml/jackson/databind/deser/std/EnumDeserializer.java: error: unknown import
	data: java/lang/reflect/Method
src/main/java/com/fasterxml/jackson/databind/deser/std/EnumDeserializer.java: error: unknown import
	data: com/fasterxml/jackson/core
src/main/java/com/fasterxml/jackson/databind/deser/std/EnumDeserializer.java: error: unknown type
	data: DeserializationConfig
src/main/java/com/fasterxml/jackson/databind/deser/std/EnumDeserializer.java: error: unknown type
	data: DeserializationContext
src/main/java/com/fasterxml/jackson/databind/deser/std/EnumDeserializer.java: error: unknown import
	data: com/fasterxml/jackson/databind/introspect/AnnotatedMethod
src/main/java/com/fasterxml/jackson/databind/deser/std/EnumMapDeserializer.java: error: unknown type
	data: JsonParser
src/main/java/com/fasterxml/jackson/databind/deser/std/EnumMapDeserializer.java: error: unknown type
	data: JsonProcessingException
src/main/java/com/fasterxml/jackson/databind/deser/std/EnumMapDeserializer.java: error: unknown identifier
	data: kd
src/main/java/com/fasterxml/jackson/databind/deser/std/EnumMapDeserializer.java: error: unknown type
	data: EnumMap
src/main/java/com/fasterxml/jackson/databind/deser/std/EnumMapDeserializer.java: error: unknown type
	data: JavaType
src/main/java/com/fasterxml/jackson/databind/deser/std/EnumMapDeserializer.java: error: unknown type
	data: BeanProperty
src/main/java/com/fasterxml/jackson/databind/deser/std/EnumMapDeserializer.java: error: unknown type
	data: JsonMappingException
src/main/java/com/fasterxml/jackson/databind/deser/std/EnumMapDeserializer.java: error: unknown type
	data: JsonToken
src/main/java/com/fasterxml/jackson/databind/deser/std/EnumMapDeserializer.java: error: unknown type
	data: SuppressWarnings
src/main/java/com/fasterxml/jackson/databind/deser/std/EnumMapDeserializer.java: error: unknown import
	data: com/fasterxml/jackson/databind/jsontype/TypeDeserializer
src/main/java/com/fasterxml/jackson/databind/deser/std/EnumMapDeserializer.java: error: unknown type
	data: JsonDeserializer
src/main/java/com/fasterxml/jackson/databind/deser/std/EnumMapDeserializer.java: error: unknown import
	data: com/fasterxml/jackson/databind/deser/ContextualDeserializer
src/main/java/com/fasterxml/jackson/databind/deser/std/EnumMapDeserializer.java: error: unknown import
	data: com/fasterxml/jackson/core
src/main/java/com/fasterxml/jackson/databind/deser/std/EnumMapDeserializer.java: error: unknown type
	data: DeserializationContext
src/main/java/com/fasterxml/jackson/databind/deser/std/EnumSetDeserializer.java: error: unknown type
	data: EnumSet
src/main/java/com/fasterxml/jackson/databind/deser/std/EnumSetDeserializer.java: error: unknown type
	data: JavaType
src/main/java/com/fasterxml/jackson/databind/deser/std/EnumSetDeserializer.java: error: unknown type
	data: JsonDeserializer
src/main/java/com/fasterxml/jackson/databind/deser/std/EnumSetDeserializer.java: error: unknown type
	data: DeserializationContext
src/main/java/com/fasterxml/jackson/databind/deser/std/EnumSetDeserializer.java: error: unknown type
	data: JsonMappingException
src/main/java/com/fasterxml/jackson/databind/deser/std/EnumSetDeserializer.java: error: unknown import
	data: com/fasterxml/jackson/databind/deser/ContextualDeserializer
src/main/java/com/fasterxml/jackson/databind/deser/std/EnumSetDeserializer.java: error: unknown import
	data: com/fasterxml/jackson/databind/jsontype/TypeDeserializer
src/main/java/com/fasterxml/jackson/databind/deser/std/EnumSetDeserializer.java: error: unknown type
	data: SuppressWarnings
src/main/java/com/fasterxml/jackson/databind/deser/std/EnumSetDeserializer.java: error: unknown type
	data: BeanProperty
src/main/java/com/fasterxml/jackson/databind/deser/std/EnumSetDeserializer.java: error: unknown type
	data: JsonProcessingException
src/main/java/com/fasterxml/jackson/databind/deser/std/EnumSetDeserializer.java: error: unknown identifier
	data: deser
src/main/java/com/fasterxml/jackson/databind/deser/std/EnumSetDeserializer.java: error: unknown type
	data: JsonToken
src/main/java/com/fasterxml/jackson/databind/deser/std/EnumSetDeserializer.java: error: unknown import
	data: com/fasterxml/jackson/core
src/main/java/com/fasterxml/jackson/databind/deser/std/EnumSetDeserializer.java: error: unknown type
	data: JsonParser
src/main/java/com/fasterxml/jackson/databind/deser/std/FromStringDeserializer.java: error: unknown import
	data: com/fasterxml/jackson/databind/util/ClassUtil
src/main/java/com/fasterxml/jackson/databind/deser/std/FromStringDeserializer.java: error: unknown function
	data: [pointer(reference(java/lang/Object)) java/lang/Object//getClass [] []]
src/main/java/com/fasterxml/jackson/databind/deser/std/FromStringDeserializer.java: error: unknown import
	data: java/net/InetSocketAddress
src/main/java/com/fasterxml/jackson/databind/deser/std/FromStringDeserializer.java: error: unknown import
	data: java/nio/charset/Charset
src/main/java/com/fasterxml/jackson/databind/deser/std/FromStringDeserializer.java: error: unknown import
	data: com/fasterxml/jackson/databind/DeserializationFeature
src/main/java/com/fasterxml/jackson/databind/deser/std/FromStringDeserializer.java: error: unknown import
	data: com/fasterxml/jackson/databind/JsonMappingException
src/main/java/com/fasterxml/jackson/databind/deser/std/FromStringDeserializer.java: error: unknown type
	data: SuppressWarnings
src/main/java/com/fasterxml/jackson/databind/deser/std/FromStringDeserializer.java: error: unknown function
	data: [genericInstance(reference(java/lang/Class), [wildcard(, pointer(reference(java/lang/Object)))]) java/lang/Class<descendant of java/lang/Object>//isAssignableFrom [] [unsupported]]
src/main/java/com/fasterxml/jackson/databind/deser/std/FromStringDeserializer.java: error: unknown import
	data: java/net/URL
src/main/java/com/fasterxml/jackson/databind/deser/std/FromStringDeserializer.java: error: unknown import
	data: java/util/Currency
src/main/java/com/fasterxml/jackson/databind/deser/std/FromStringDeserializer.java: error: unknown import
	data: com/fasterxml/jackson/databind/JavaType
src/main/java/com/fasterxml/jackson/databind/deser/std/FromStringDeserializer.java: error: unknown type
	data: JsonParser
src/main/java/com/fasterxml/jackson/databind/deser/std/FromStringDeserializer.java: error: unknown type
	data: File
src/main/java/com/fasterxml/jackson/databind/deser/std/FromStringDeserializer.java: error: unknown import
	data: java/util/TimeZone
src/main/java/com/fasterxml/jackson/databind/deser/std/FromStringDeserializer.java: error: unknown import
	data: com/fasterxml/jackson/databind/exc/InvalidFormatException
src/main/java/com/fasterxml/jackson/databind/deser/std/FromStringDeserializer.java: error: unknown import
	data: java/net/InetAddress
src/main/java/com/fasterxml/jackson/databind/deser/std/FromStringDeserializer.java: error: unknown import
	data: java/util/Locale
src/main/java/com/fasterxml/jackson/databind/deser/std/FromStringDeserializer.java: error: unknown import
	data: java/util/regex/Pattern
src/main/java/com/fasterxml/jackson/databind/deser/std/FromStringDeserializer.java: error: unknown import
	data: com/fasterxml/jackson/databind/DeserializationContext
src/main/java/com/fasterxml/jackson/databind/deser/std/FromStringDeserializer.java: error: unknown import
	data: com/fasterxml/jackson/core
src/main/java/com/fasterxml/jackson/databind/deser/std/FromStringDeserializer.java: error: unknown import
	data: java/net/URI
src/main/java/com/fasterxml/jackson/databind/deser/std/JdkDeserializers.java: error: unknown identifier
	data: d
src/main/java/com/fasterxml/jackson/databind/deser/std/JdkDeserializers.java: error: unknown import
	data: java/nio/ByteBuffer
src/main/java/com/fasterxml/jackson/databind/deser/std/JdkDeserializers.java: error: unknown import
	data: java/util/concurrent/atomic/AtomicBoolean
src/main/java/com/fasterxml/jackson/databind/deser/std/JdkDeserializers.java: error: unknown type
	data: HashSet
src/main/java/com/fasterxml/jackson/databind/deser/std/JdkDeserializers.java: error: unknown type
	data: JsonDeserializer
src/main/java/com/fasterxml/jackson/databind/deser/std/JsonLocationInstantiator.java: error: unknown import
	data: com/fasterxml/jackson/core/JsonLocation
src/main/java/com/fasterxml/jackson/databind/deser/std/JsonLocationInstantiator.java: error: unknown import
	data: com/fasterxml/jackson/databind/DeserializationConfig
src/main/java/com/fasterxml/jackson/databind/deser/std/JsonLocationInstantiator.java: error: unknown import
	data: com/fasterxml/jackson/databind/DeserializationContext
src/main/java/com/fasterxml/jackson/databind/deser/std/JsonLocationInstantiator.java: error: unknown import
	data: com/fasterxml/jackson/databind/PropertyName
src/main/java/com/fasterxml/jackson/databind/deser/std/JsonLocationInstantiator.java: error: unknown import
	data: com/fasterxml/jackson/databind/deser/ValueInstantiator
src/main/java/com/fasterxml/jackson/databind/deser/std/JsonLocationInstantiator.java: error: unknown import
	data: com/fasterxml/jackson/databind/JavaType
src/main/java/com/fasterxml/jackson/databind/deser/std/JsonLocationInstantiator.java: error: unknown import
	data: com/fasterxml/jackson/databind/PropertyMetadata
src/main/java/com/fasterxml/jackson/databind/deser/std/JsonLocationInstantiator.java: error: unknown import
	data: com/fasterxml/jackson/databind/deser/CreatorProperty
src/main/java/com/fasterxml/jackson/databind/deser/std/JsonNodeDeserializer.java: error: unknown function
	data: [<nil> deserializeAny [] [jp ctxt unsupported]]
src/main/java/com/fasterxml/jackson/databind/deser/std/JsonNodeDeserializer.java: error: unknown import
	data: com/fasterxml/jackson/databind/node
src/main/java/com/fasterxml/jackson/databind/deser/std/JsonNodeDeserializer.java: error: unknown type
	data: JsonNode
src/main/java/com/fasterxml/jackson/databind/deser/std/JsonNodeDeserializer.java: error: unknown type
	data: ObjectNode
src/main/java/com/fasterxml/jackson/databind/deser/std/JsonNodeDeserializer.java: error: unknown type
	data: JsonProcessingException
src/main/java/com/fasterxml/jackson/databind/deser/std/JsonNodeDeserializer.java: error: unknown type
	data: JsonMappingException
src/main/java/com/fasterxml/jackson/databind/deser/std/JsonNodeDeserializer.java: error: unknown type
	data: JsonNodeFactory
src/main/java/com/fasterxml/jackson/databind/deser/std/JsonNodeDeserializer.java: error: unknown function
	data: [<nil> deserializeObject [] [jp ctxt unsupported]]
src/main/java/com/fasterxml/jackson/databind/deser/std/JsonNodeDeserializer.java: error: unknown function
	data: [<nil> deserializeObject [] [jp ctxt unsupported]]
src/main/java/com/fasterxml/jackson/databind/deser/std/JsonNodeDeserializer.java: error: unknown import
	data: com/fasterxml/jackson/databind/jsontype/TypeDeserializer
src/main/java/com/fasterxml/jackson/databind/deser/std/JsonNodeDeserializer.java: error: unknown type
	data: JsonParser
src/main/java/com/fasterxml/jackson/databind/deser/std/JsonNodeDeserializer.java: error: unknown type
	data: DeserializationContext
src/main/java/com/fasterxml/jackson/databind/deser/std/JsonNodeDeserializer.java: error: unknown function
	data: [<nil> deserializeObject [] [jp ctxt unsupported]]
src/main/java/com/fasterxml/jackson/databind/deser/std/JsonNodeDeserializer.java: error: unknown function
	data: [<nil> deserializeArray [] [jp ctxt unsupported]]
src/main/java/com/fasterxml/jackson/databind/deser/std/JsonNodeDeserializer.java: error: unknown type
	data: JsonParser/NumberType
src/main/java/com/fasterxml/jackson/databind/deser/std/JsonNodeDeserializer.java: error: unknown function
	data: [pointer(reference(java/lang/Object)) java/lang/Object//getClass [] []]
src/main/java/com/fasterxml/jackson/databind/deser/std/JsonNodeDeserializer.java: error: unknown type
	data: ArrayNode
src/main/java/com/fasterxml/jackson/databind/deser/std/JsonNodeDeserializer.java: error: unknown type
	data: JsonToken
src/main/java/com/fasterxml/jackson/databind/deser/std/JsonNodeDeserializer.java: error: unknown import
	data: com/fasterxml/jackson/core
src/main/java/com/fasterxml/jackson/databind/deser/std/JsonNodeDeserializer.java: error: unknown type
	data: SuppressWarnings
src/main/java/com/fasterxml/jackson/databind/deser/std/JsonNodeDeserializer.java: error: unknown type
	data: JsonDeserializer
src/main/java/com/fasterxml/jackson/databind/deser/std/JsonNodeDeserializer.java: error: unknown type
	data: Deprecated
src/main/java/com/fasterxml/jackson/databind/deser/std/JsonNodeDeserializer.java: error: unknown function
	data: [<nil> deserializeArray [] [jp ctxt unsupported]]
src/main/java/com/fasterxml/jackson/databind/deser/std/MapDeserializer.java: error: unknown type
	data: JsonToken
src/main/java/com/fasterxml/jackson/databind/deser/std/MapDeserializer.java: error: unknown import
	data: com/fasterxml/jackson/databind/util/ArrayBuilders
src/main/java/com/fasterxml/jackson/databind/deser/std/MapDeserializer.java: error: unknown type
	data: ContextualDeserializer
src/main/java/com/fasterxml/jackson/databind/deser/std/MapDeserializer.java: error: unknown type
	data: JsonParser
src/main/java/com/fasterxml/jackson/databind/deser/std/MapDeserializer.java: error: unknown type
	data: JsonProcessingException
src/main/java/com/fasterxml/jackson/databind/deser/std/MapDeserializer.java: error: unknown type
	data: ContextualKeyDeserializer
src/main/java/com/fasterxml/jackson/databind/deser/std/MapDeserializer.java: internal error: type does not support nil values
	data: unsupported(java/lang/reflect/InvocationTargetException)
src/main/java/com/fasterxml/jackson/databind/deser/std/MapDeserializer.java: error: unknown type
	data: JsonMappingException
src/main/java/com/fasterxml/jackson/databind/deser/std/MapDeserializer.java: error: unknown type
	data: BeanProperty
src/main/java/com/fasterxml/jackson/databind/deser/std/MapDeserializer.java: error: unknown type
	data: AnnotationIntrospector
src/main/java/com/fasterxml/jackson/databind/deser/std/MapDeserializer.java: error: unknown function
	data: [pointer(reference(com/fasterxml/jackson/databind/deser/std/MapDeserializer//MapReferring)) com/fasterxml/jackson/databind/deser/std/MapDeserializer//MapReferring//hasId [] [id]]
src/main/java/com/fasterxml/jackson/databind/deser/std/MapDeserializer.java: error: unknown type
	data: KeyDeserializer
src/main/java/com/fasterxml/jackson/databind/deser/std/MapDeserializer.java: error: unknown type
	data: SuppressWarnings
src/main/java/com/fasterxml/jackson/databind/deser/std/MapDeserializer.java: error: unknown type
	data: LinkedHashMap
src/main/java/com/fasterxml/jackson/databind/deser/std/MapDeserializer.java: error: unknown import
	data: com/fasterxml/jackson/databind/deser/impl/PropertyBasedCreator
src/main/java/com/fasterxml/jackson/databind/deser/std/MapDeserializer.java: error: unknown identifier
	data: moreToIgnore
src/main/java/com/fasterxml/jackson/databind/deser/std/MapDeserializer.java: error: unknown function
	data: [pointer(reference(java/lang/Throwable)) java/lang/Throwable//getCause [] []]
src/main/java/com/fasterxml/jackson/databind/deser/std/MapDeserializer.java: error: unknown function
	data: [pointer(genericInstance(reference(java/util/Map), [pointer(reference(java/lang/Object)), pointer(reference(java/lang/Object))])) java/util/Map<java/lang/Object,java/lang/Object>//putAll [] [select(ref, next)]]
src/main/java/com/fasterxml/jackson/databind/deser/std/MapDeserializer.java: error: unknown import
	data: java/lang/reflect/InvocationTargetException
src/main/java/com/fasterxml/jackson/databind/deser/std/MapDeserializer.java: error: unknown type
	data: ResolvableDeserializer
src/main/java/com/fasterxml/jackson/databind/deser/std/MapDeserializer.java: error: unknown type
	data: UnresolvedForwardReference
src/main/java/com/fasterxml/jackson/databind/deser/std/MapDeserializer.java: error: unknown import
	data: com/fasterxml/jackson/core
src/main/java/com/fasterxml/jackson/databind/deser/std/MapDeserializer.java: error: unknown type
	data: JavaType
src/main/java/com/fasterxml/jackson/databind/deser/std/MapDeserializer.java: error: unknown type
	data: JsonDeserializer
src/main/java/com/fasterxml/jackson/databind/deser/std/MapDeserializer.java: error: unknown type
	data: ValueInstantiator
src/main/java/com/fasterxml/jackson/databind/deser/std/MapDeserializer.java: error: unknown type
	data: HashSet
src/main/java/com/fasterxml/jackson/databind/deser/std/MapDeserializer.java: error: unknown type
	data: SettableBeanProperty
src/main/java/com/fasterxml/jackson/databind/deser/std/MapDeserializer.java: error: unknown import
	data: com/fasterxml/jackson/databind/deser/impl/PropertyValueBuffer
src/main/java/com/fasterxml/jackson/databind/deser/std/MapDeserializer.java: error: unknown import
	data: com/fasterxml/jackson/databind/jsontype/TypeDeserializer
src/main/java/com/fasterxml/jackson/databind/deser/std/MapDeserializer.java: error: unknown import
	data: com/fasterxml/jackson/databind/annotation/JacksonStdImpl
src/main/java/com/fasterxml/jackson/databind/deser/std/MapDeserializer.java: error: unknown import
	data: com/fasterxml/jackson/databind/deser/impl/ReadableObjectId/Referring
src/main/java/com/fasterxml/jackson/databind/deser/std/MapDeserializer.java: error: unknown type
	data: DeserializationContext
src/main/java/com/fasterxml/jackson/databind/deser/std/MapDeserializer.java: error: unknown type
	data: T
src/main/java/com/fasterxml/jackson/databind/deser/std/NullifyingDeserializer.java: error: unknown type
	data: JsonToken
src/main/java/com/fasterxml/jackson/databind/deser/std/NullifyingDeserializer.java: error: unknown import
	data: com/fasterxml/jackson/databind/jsontype/TypeDeserializer
src/main/java/com/fasterxml/jackson/databind/deser/std/NullifyingDeserializer.java: error: unknown import
	data: com/fasterxml/jackson/core
src/main/java/com/fasterxml/jackson/databind/deser/std/NullifyingDeserializer.java: error: unknown type
	data: JsonParser
src/main/java/com/fasterxml/jackson/databind/deser/std/NullifyingDeserializer.java: error: unknown type
	data: DeserializationContext
src/main/java/com/fasterxml/jackson/databind/deser/std/NullifyingDeserializer.java: error: unknown type
	data: JsonProcessingException
src/main/java/com/fasterxml/jackson/databind/deser/std/NumberDeserializers.java: error: unknown field
	data: [Float struct(java/lang/Float, [], [pointer(reference(java/lang/Object))], []) TYPE]
src/main/java/com/fasterxml/jackson/databind/deser/std/NumberDeserializers.java: error: unknown import
	data: com/fasterxml/jackson/core/JsonParser
src/main/java/com/fasterxml/jackson/databind/deser/std/NumberDeserializers.java: error: unknown import
	data: com/fasterxml/jackson/databind/DeserializationFeature
src/main/java/com/fasterxml/jackson/databind/deser/std/NumberDeserializers.java: error: unknown field
	data: [Integer struct(java/lang/Integer, [], [pointer(reference(java/lang/Object))], []) TYPE]
src/main/java/com/fasterxml/jackson/databind/deser/std/NumberDeserializers.java: error: unknown function
	data: [<nil> getNullValue [] []]
src/main/java/com/fasterxml/jackson/databind/deser/std/NumberDeserializers.java: error: unknown import
	data: com/fasterxml/jackson/databind/jsontype/TypeDeserializer
src/main/java/com/fasterxml/jackson/databind/deser/std/NumberDeserializers.java: error: unknown field
	data: [Short struct(java/lang/Short, [], [pointer(reference(java/lang/Object))], []) TYPE]
src/main/java/com/fasterxml/jackson/databind/deser/std/NumberDeserializers.java: error: unknown import
	data: com/fasterxml/jackson/core/JsonProcessingException
src/main/java/com/fasterxml/jackson/databind/deser/std/NumberDeserializers.java: error: unknown import
	data: com/fasterxml/jackson/databind/JsonDeserializer
src/main/java/com/fasterxml/jackson/databind/deser/std/NumberDeserializers.java: error: unknown import
	data: java/util/HashSet
src/main/java/com/fasterxml/jackson/databind/deser/std/NumberDeserializers.java: error: unknown import
	data: com/fasterxml/jackson/databind/annotation/JacksonStdImpl
src/main/java/com/fasterxml/jackson/databind/deser/std/NumberDeserializers.java: error: unknown function
	data: [pointer(genericInstance(reference(java/lang/Class), [wildcard(, pointer(reference(java/lang/Object)))])) java/lang/Class<descendant of java/lang/Object>//isPrimitive [] []]
src/main/java/com/fasterxml/jackson/databind/deser/std/NumberDeserializers.java: error: unknown field
	data: [Long struct(java/lang/Long, [], [pointer(reference(java/lang/Object))], []) TYPE]
src/main/java/com/fasterxml/jackson/databind/deser/std/NumberDeserializers.java: error: unknown import
	data: java/math/BigDecimal
src/main/java/com/fasterxml/jackson/databind/deser/std/NumberDeserializers.java: error: unknown import
	data: com/fasterxml/jackson/databind/DeserializationContext
src/main/java/com/fasterxml/jackson/databind/deser/std/NumberDeserializers.java: error: unknown field
	data: [Boolean struct(java/lang/Boolean, [], [pointer(reference(java/lang/Object))], []) TYPE]
src/main/java/com/fasterxml/jackson/databind/deser/std/NumberDeserializers.java: error: unknown field
	data: [Character struct(java/lang/Character, [], [pointer(reference(java/lang/Object))], []) TYPE]
src/main/java/com/fasterxml/jackson/databind/deser/std/NumberDeserializers.java: error: unknown type
	data: SuppressWarnings
src/main/java/com/fasterxml/jackson/databind/deser/std/NumberDeserializers.java: error: unknown field
	data: [Byte struct(java/lang/Byte, [], [pointer(reference(java/lang/Object))], []) TYPE]
src/main/java/com/fasterxml/jackson/databind/deser/std/NumberDeserializers.java: error: unknown type
	data: T
src/main/java/com/fasterxml/jackson/databind/deser/std/NumberDeserializers.java: error: unknown function
	data: [<nil> getEmptyValue [] []]
src/main/java/com/fasterxml/jackson/databind/deser/std/NumberDeserializers.java: internal error: not all elements have the same type
	data: [function(<nil>, java/lang/Double//Double!efbb7192f0412fb225b1065a0117385c, [variable(s, pointer(reference(java/lang/String)))], [variable(, pointer(reference(java/lang/Double)))], block([declaration([this], [pointer(reference(java/lang/Double))], [new(pointer(reference(java/lang/Double)))], ModifierNone), =(this, call(select(this, @@constructor!efbb7192f0412fb225b1065a0117385c), [s])), return([this])])) return([call(java/lang/Double//Double!efbb7192f0412fb225b1065a0117385c, [text])])]
src/main/java/com/fasterxml/jackson/databind/deser/std/NumberDeserializers.java: error: unknown import
	data: java/math/BigInteger
src/main/java/com/fasterxml/jackson/databind/deser/std/NumberDeserializers.java: error: unknown import
	data: com/fasterxml/jackson/core/JsonToken
src/main/java/com/fasterxml/jackson/databind/deser/std/NumberDeserializers.java: error: unknown field
	data: [Double struct(java/lang/Double, [], [pointer(reference(java/lang/Object))], []) TYPE]
src/main/java/com/fasterxml/jackson/databind/deser/std/ObjectArrayDeserializer.java: error: unknown type
	data: T
src/main/java/com/fasterxml/jackson/databind/deser/std/ObjectArrayDeserializer.java: error: unknown type
	data: JsonToken
src/main/java/com/fasterxml/jackson/databind/deser/std/ObjectArrayDeserializer.java: error: unknown type
	data: JsonParser
src/main/java/com/fasterxml/jackson/databind/deser/std/ObjectArrayDeserializer.java: error: unknown import
	data: com/fasterxml/jackson/databind/jsontype/TypeDeserializer
src/main/java/com/fasterxml/jackson/databind/deser/std/ObjectArrayDeserializer.java: error: unknown type
	data: JsonDeserializer
src/main/java/com/fasterxml/jackson/databind/deser/std/ObjectArrayDeserializer.java: error: unknown type
	data: SuppressWarnings
src/main/java/com/fasterxml/jackson/databind/deser/std/ObjectArrayDeserializer.java: error: unknown type
	data: JsonProcessingException
src/main/java/com/fasterxml/jackson/databind/deser/std/ObjectArrayDeserializer.java: error: unknown import
	data: com/fasterxml/jackson/databind/deser/ContextualDeserializer
src/main/java/com/fasterxml/jackson/databind/deser/std/ObjectArrayDeserializer.java: error: unknown identifier
	data: chunk
src/main/java/com/fasterxml/jackson/databind/deser/std/ObjectArrayDeserializer.java: error: unknown import
	data: java/lang/reflect/Array
src/main/java/com/fasterxml/jackson/databind/deser/std/ObjectArrayDeserializer.java: error: unknown import
	data: com/fasterxml/jackson/databind/type/ArrayType
src/main/java/com/fasterxml/jackson/databind/deser/std/ObjectArrayDeserializer.java: error: unknown import
	data: com/fasterxml/jackson/databind/util/ObjectBuffer
src/main/java/com/fasterxml/jackson/databind/deser/std/ObjectArrayDeserializer.java: error: unknown import
	data: com/fasterxml/jackson/core
src/main/java/com/fasterxml/jackson/databind/deser/std/ObjectArrayDeserializer.java: error: unknown type
	data: BeanProperty
src/main/java/com/fasterxml/jackson/databind/deser/std/ObjectArrayDeserializer.java: error: unknown import
	data: com/fasterxml/jackson/databind/annotation/JacksonStdImpl
src/main/java/com/fasterxml/jackson/databind/deser/std/ObjectArrayDeserializer.java: error: unknown type
	data: DeserializationContext
src/main/java/com/fasterxml/jackson/databind/deser/std/ObjectArrayDeserializer.java: error: unknown type
	data: JsonMappingException
src/main/java/com/fasterxml/jackson/databind/deser/std/ObjectArrayDeserializer.java: error: unknown type
	data: JavaType
src/main/java/com/fasterxml/jackson/databind/deser/std/PrimitiveArrayDeserializers.java: error: unknown import
	data: com/fasterxml/jackson/databind/util/ArrayBuilders
src/main/java/com/fasterxml/jackson/databind/deser/std/PrimitiveArrayDeserializers.java: error: unknown import
	data: com/fasterxml/jackson/core
src/main/java/com/fasterxml/jackson/databind/deser/std/PrimitiveArrayDeserializers.java: error: unknown field
	data: [Byte struct(java/lang/Byte, [], [pointer(reference(java/lang/Object))], []) TYPE]
src/main/java/com/fasterxml/jackson/databind/deser/std/PrimitiveArrayDeserializers.java: error: unknown field
	data: [Float struct(java/lang/Float, [], [pointer(reference(java/lang/Object))], []) TYPE]
src/main/java/com/fasterxml/jackson/databind/deser/std/PrimitiveArrayDeserializers.java: error: unknown import
	data: com/fasterxml/jackson/databind/annotation/JacksonStdImpl
src/main/java/com/fasterxml/jackson/databind/deser/std/PrimitiveArrayDeserializers.java: error: unknown type
	data: JsonParser
src/main/java/com/fasterxml/jackson/databind/deser/std/PrimitiveArrayDeserializers.java: error: unknown function
	data: [genericInstance(reference(java/lang/Class), [wildcard(, pointer(reference(java/lang/Object)))]) java/lang/Class<descendant of java/lang/Object>//getComponentType [] []]
src/main/java/com/fasterxml/jackson/databind/deser/std/PrimitiveArrayDeserializers.java: error: unknown type
	data: SuppressWarnings
src/main/java/com/fasterxml/jackson/databind/deser/std/PrimitiveArrayDeserializers.java: error: unknown type
	data: JsonToken
src/main/java/com/fasterxml/jackson/databind/deser/std/PrimitiveArrayDeserializers.java: error: unknown type
	data: T
src/main/java/com/fasterxml/jackson/databind/deser/std/PrimitiveArrayDeserializers.java: error: unknown type
	data: DeserializationContext
src/main/java/com/fasterxml/jackson/databind/deser/std/PrimitiveArrayDeserializers.java: error: unknown field
	data: [Long struct(java/lang/Long, [], [pointer(reference(java/lang/Object))], []) TYPE]
src/main/java/com/fasterxml/jackson/databind/deser/std/PrimitiveArrayDeserializers.java: error: unknown field
	data: [Boolean struct(java/lang/Boolean, [], [pointer(reference(java/lang/Object))], []) TYPE]
src/main/java/com/fasterxml/jackson/databind/deser/std/PrimitiveArrayDeserializers.java: error: unknown field
	data: [Character struct(java/lang/Character, [], [pointer(reference(java/lang/Object))], []) TYPE]
src/main/java/com/fasterxml/jackson/databind/deser/std/PrimitiveArrayDeserializers.java: error: unknown field
	data: [Short struct(java/lang/Short, [], [pointer(reference(java/lang/Object))], []) TYPE]
src/main/java/com/fasterxml/jackson/databind/deser/std/PrimitiveArrayDeserializers.java: error: unknown field
	data: [Double struct(java/lang/Double, [], [pointer(reference(java/lang/Object))], []) TYPE]
src/main/java/com/fasterxml/jackson/databind/deser/std/PrimitiveArrayDeserializers.java: error: unknown import
	data: com/fasterxml/jackson/databind/jsontype/TypeDeserializer
src/main/java/com/fasterxml/jackson/databind/deser/std/PrimitiveArrayDeserializers.java: error: unknown type
	data: JsonDeserializer
src/main/java/com/fasterxml/jackson/databind/deser/std/PrimitiveArrayDeserializers.java: error: unknown type
	data: JsonProcessingException
src/main/java/com/fasterxml/jackson/databind/deser/std/PrimitiveArrayDeserializers.java: error: unknown field
	data: [Integer struct(java/lang/Integer, [], [pointer(reference(java/lang/Object))], []) TYPE]
src/main/java/com/fasterxml/jackson/databind/deser/std/StackTraceElementDeserializer.java: error: unknown type
	data: StackTraceElement
src/main/java/com/fasterxml/jackson/databind/deser/std/StackTraceElementDeserializer.java: error: unknown function
	data: [<nil> handleUnknownProperty [] [jp ctxt unsupported propName]]
src/main/java/com/fasterxml/jackson/databind/deser/std/StackTraceElementDeserializer.java: error: unknown import
	data: com/fasterxml/jackson/core/JsonParser
src/main/java/com/fasterxml/jackson/databind/deser/std/StackTraceElementDeserializer.java: error: unknown import
	data: com/fasterxml/jackson/core/JsonToken
src/main/java/com/fasterxml/jackson/databind/deser/std/StackTraceElementDeserializer.java: error: unknown import
	data: com/fasterxml/jackson/databind/DeserializationContext
src/main/java/com/fasterxml/jackson/databind/deser/std/StackTraceElementDeserializer.java: error: unknown import
	data: com/fasterxml/jackson/databind/DeserializationFeature
src/main/java/com/fasterxml/jackson/databind/deser/std/StackTraceElementDeserializer.java: error: unknown import
	data: com/fasterxml/jackson/databind/JsonMappingException
src/main/java/com/fasterxml/jackson/databind/deser/std/StdDelegatingDeserializer.java: error: unknown type
	data: SuppressWarnings
src/main/java/com/fasterxml/jackson/databind/deser/std/StdDelegatingDeserializer.java: error: unknown identifier
	data: deser
src/main/java/com/fasterxml/jackson/databind/deser/std/StdDelegatingDeserializer.java: error: unknown type
	data: DeserializationContext
src/main/java/com/fasterxml/jackson/databind/deser/std/StdDelegatingDeserializer.java: error: unknown import
	data: com/fasterxml/jackson/core/JsonParser
src/main/java/com/fasterxml/jackson/databind/deser/std/StdDelegatingDeserializer.java: error: unknown import
	data: com/fasterxml/jackson/core/JsonProcessingException
src/main/java/com/fasterxml/jackson/databind/deser/std/StdDelegatingDeserializer.java: error: unknown import
	data: com/fasterxml/jackson/databind/deser/ContextualDeserializer
src/main/java/com/fasterxml/jackson/databind/deser/std/StdDelegatingDeserializer.java: error: unknown import
	data: com/fasterxml/jackson/databind/jsontype/TypeDeserializer
src/main/java/com/fasterxml/jackson/databind/deser/std/StdDelegatingDeserializer.java: error: unknown type
	data: JavaType
src/main/java/com/fasterxml/jackson/databind/deser/std/StdDelegatingDeserializer.java: error: unknown import
	data: com/fasterxml/jackson/databind/deser/ResolvableDeserializer
src/main/java/com/fasterxml/jackson/databind/deser/std/StdDelegatingDeserializer.java: error: unknown type
	data: JsonMappingException
src/main/java/com/fasterxml/jackson/databind/deser/std/StdDelegatingDeserializer.java: error: unknown function
	data: [<nil> getClass [] []]
src/main/java/com/fasterxml/jackson/databind/deser/std/StdDelegatingDeserializer.java: error: unknown type
	data: BeanProperty
src/main/java/com/fasterxml/jackson/databind/deser/std/StdDelegatingDeserializer.java: error: unknown import
	data: com/fasterxml/jackson/databind/util/Converter
src/main/java/com/fasterxml/jackson/databind/deser/std/StdDelegatingDeserializer.java: error: unknown type
	data: JsonDeserializer
src/main/java/com/fasterxml/jackson/databind/deser/std/StdDeserializer.java: error: unknown type
	data: JavaType
src/main/java/com/fasterxml/jackson/databind/deser/std/StdDeserializer.java: error: unknown type
	data: JsonParser
src/main/java/com/fasterxml/jackson/databind/deser/std/StdDeserializer.java: error: unknown function
	data: [<nil> getNullValue [] []]
src/main/java/com/fasterxml/jackson/databind/deser/std/StdDeserializer.java: error: unknown function
	data: [<nil> getEmptyValue [] []]
src/main/java/com/fasterxml/jackson/databind/deser/std/StdDeserializer.java: error: unknown type
	data: Date
src/main/java/com/fasterxml/jackson/databind/deser/std/StdDeserializer.java: error: unknown import
	data: com/fasterxml/jackson/databind/jsontype/TypeDeserializer
src/main/java/com/fasterxml/jackson/databind/deser/std/StdDeserializer.java: error: unknown type
	data: KeyDeserializer
src/main/java/com/fasterxml/jackson/databind/deser/std/StdDeserializer.java: error: unknown type
	data: DeserializationContext
src/main/java/com/fasterxml/jackson/databind/deser/std/StdDeserializer.java: error: unknown type
	data: BeanProperty
src/main/java/com/fasterxml/jackson/databind/deser/std/StdDeserializer.java: error: unknown type
	data: JsonToken
src/main/java/com/fasterxml/jackson/databind/deser/std/StdDeserializer.java: error: unknown type
	data: AnnotationIntrospector
src/main/java/com/fasterxml/jackson/databind/deser/std/StdDeserializer.java: error: unknown type
	data: java/util/Date
src/main/java/com/fasterxml/jackson/databind/deser/std/StdDeserializer.java: error: unknown import
	data: com/fasterxml/jackson/core/io/NumberInput
src/main/java/com/fasterxml/jackson/databind/deser/std/StdDeserializer.java: error: unknown import
	data: com/fasterxml/jackson/databind/util/Converter
src/main/java/com/fasterxml/jackson/databind/deser/std/StdDeserializer.java: error: unknown type
	data: JsonDeserializer
src/main/java/com/fasterxml/jackson/databind/deser/std/StdDeserializer.java: error: unknown type
	data: JsonMappingException
src/main/java/com/fasterxml/jackson/databind/deser/std/StdDeserializer.java: error: unknown import
	data: com/fasterxml/jackson/databind/annotation/JacksonStdImpl
src/main/java/com/fasterxml/jackson/databind/deser/std/StdDeserializer.java: error: unknown type
	data: Deprecated
src/main/java/com/fasterxml/jackson/databind/deser/std/StdDeserializer.java: error: unknown field
	data: [Double struct(java/lang/Double, [], [pointer(reference(java/lang/Object))], []) MIN_VALUE]
src/main/java/com/fasterxml/jackson/databind/deser/std/StdDeserializer.java: error: unknown import
	data: com/fasterxml/jackson/core/JsonParser/NumberType
src/main/java/com/fasterxml/jackson/databind/deser/std/StdDeserializer.java: error: unknown import
	data: com/fasterxml/jackson/databind/util/ClassUtil
src/main/java/com/fasterxml/jackson/databind/deser/std/StdDeserializer.java: error: unknown import
	data: com/fasterxml/jackson/core
src/main/java/com/fasterxml/jackson/databind/deser/std/StdKeyDeserializer.java: error: unknown function
	data: [genericInstance(reference(java/lang/Class), [wildcard(, pointer(reference(java/lang/Object)))]) java/lang/Class<descendant of java/lang/Object>//isEnum [] []]
src/main/java/com/fasterxml/jackson/databind/deser/std/StdKeyDeserializer.java: error: unknown function
	data: [struct(com/fasterxml/jackson/databind/deser/std/StdKeyDeserializer, [], [unsupported(KeyDeserializer)], [reference(java/io/Serializable)]) com/fasterxml/jackson/databind/deser/std/StdKeyDeserializer//@@constructor [] []]
src/main/java/com/fasterxml/jackson/databind/deser/std/StdKeyDeserializer.java: error: unknown import
	data: java/lang/reflect/Constructor
src/main/java/com/fasterxml/jackson/databind/deser/std/StdKeyDeserializer.java: error: unknown import
	data: java/util/UUID
src/main/java/com/fasterxml/jackson/databind/deser/std/StdKeyDeserializer.java: error: unknown import
	data: com/fasterxml/jackson/core/io/NumberInput
src/main/java/com/fasterxml/jackson/databind/deser/std/StdKeyDeserializer.java: error: unknown field
	data: [Byte struct(java/lang/Byte, [], [pointer(reference(java/lang/Object))], []) MIN_VALUE]
src/main/java/com/fasterxml/jackson/databind/deser/std/StdKeyDeserializer.java: error: unknown field
	data: [Short struct(java/lang/Short, [], [pointer(reference(java/lang/Object))], []) MAX_VALUE]
src/main/java/com/fasterxml/jackson/databind/deser/std/StdKeyDeserializer.java: error: unknown function
	data: [struct(com/fasterxml/jackson/databind/deser/std/StdKeyDeserializer, [], [unsupported(KeyDeserializer)], [reference(java/io/Serializable)]) com/fasterxml/jackson/databind/deser/std/StdKeyDeserializer//@@constructor [] []]
src/main/java/com/fasterxml/jackson/databind/deser/std/StdKeyDeserializer.java: error: unknown field
	data: [this struct(com/fasterxml/jackson/databind/deser/std/StdKeyDeserializer//EnumKD, [], [pointer(reference(com/fasterxml/jackson/databind/deser/std/StdKeyDeserializer))], []) DeserializationFeature]
src/main/java/com/fasterxml/jackson/databind/deser/std/StdKeyDeserializer.java: error: unknown import
	data: java/lang/reflect/Method
src/main/java/com/fasterxml/jackson/databind/deser/std/StdKeyDeserializer.java: error: unknown import
	data: java/util/Date
src/main/java/com/fasterxml/jackson/databind/deser/std/StdKeyDeserializer.java: error: unknown import
	data: com/fasterxml/jackson/databind/util/EnumResolver
src/main/java/com/fasterxml/jackson/databind/deser/std/StdKeyDeserializer.java: error: unknown type
	data: KeyDeserializer
src/main/java/com/fasterxml/jackson/databind/deser/std/StdKeyDeserializer.java: error: unknown field
	data: [this struct(com/fasterxml/jackson/databind/deser/std/StdKeyDeserializer, [], [unsupported(KeyDeserializer)], [reference(java/io/Serializable)]) DeserializationFeature]
src/main/java/com/fasterxml/jackson/databind/deser/std/StdKeyDeserializer.java: error: unknown field
	data: [Short struct(java/lang/Short, [], [pointer(reference(java/lang/Object))], []) MIN_VALUE]
src/main/java/com/fasterxml/jackson/databind/deser/std/StdKeyDeserializer.java: error: unknown import
	data: com/fasterxml/jackson/core/JsonProcessingException
src/main/java/com/fasterxml/jackson/databind/deser/std/StdKeyDeserializer.java: error: unknown import
	data: com/fasterxml/jackson/databind/util/ClassUtil
src/main/java/com/fasterxml/jackson/databind/deser/std/StdKeyDeserializer.java: error: unknown import
	data: java/util/Calendar
src/main/java/com/fasterxml/jackson/databind/deser/std/StdKeyDeserializer.java: error: unknown type
	data: JsonDeserializer
src/main/java/com/fasterxml/jackson/databind/deser/std/StdKeyDeserializer.java: error: unknown type
	data: java/util/Date
src/main/java/com/fasterxml/jackson/databind/deser/std/StdKeyDeserializer.java: error: unknown import
	data: com/fasterxml/jackson/databind/annotation/JacksonStdImpl
src/main/java/com/fasterxml/jackson/databind/deser/std/StdKeyDeserializer.java: error: unknown type
	data: JsonMappingException
src/main/java/com/fasterxml/jackson/databind/deser/std/StdKeyDeserializer.java: error: unknown import
	data: java/util/Locale
src/main/java/com/fasterxml/jackson/databind/deser/std/StdKeyDeserializer.java: error: unknown import
	data: com/fasterxml/jackson/databind/introspect/AnnotatedMethod
src/main/java/com/fasterxml/jackson/databind/deser/std/StdKeyDeserializer.java: error: unknown function
	data: [struct(com/fasterxml/jackson/databind/deser/std/StdKeyDeserializer, [], [unsupported(KeyDeserializer)], [reference(java/io/Serializable)]) com/fasterxml/jackson/databind/deser/std/StdKeyDeserializer//@@constructor [] []]
src/main/java/com/fasterxml/jackson/databind/deser/std/StdKeyDeserializer.java: error: unknown type
	data: DeserializationContext
src/main/java/com/fasterxml/jackson/databind/deser/std/StdKeyDeserializers.java: error: unknown identifier
	data: ctor
src/main/java/com/fasterxml/jackson/databind/deser/std/StdKeyDeserializers.java: error: unknown import
	data: java/lang/reflect/Method
src/main/java/com/fasterxml/jackson/databind/deser/std/StdKeyDeserializers.java: error: unknown import
	data: com/fasterxml/jackson/databind/util/ClassUtil
src/main/java/com/fasterxml/jackson/databind/deser/std/StdKeyDeserializers.java: error: unknown import
	data: com/fasterxml/jackson/databind/util/EnumResolver
src/main/java/com/fasterxml/jackson/databind/deser/std/StdKeyDeserializers.java: error: unknown type
	data: KeyDeserializer
src/main/java/com/fasterxml/jackson/databind/deser/std/StdKeyDeserializers.java: error: unknown type
	data: DeserializationConfig
src/main/java/com/fasterxml/jackson/databind/deser/std/StdKeyDeserializers.java: internal error: not all elements have the same type
	data: [function(<nil>, com/fasterxml/jackson/databind/deser/std/StdKeyDeserializer//forType!5a065a63ea68e7f2ca0df36b62fe3e49, [variable(raw, pointer(genericInstance(reference(java/lang/Class), [wildcard(, pointer(reference(java/lang/Object)))])))], [variable(, pointer(reference(com/fasterxml/jackson/databind/deser/std/StdKeyDeserializer)))], block([unsupported])) return([call(com/fasterxml/jackson/databind/deser/std/StdKeyDeserializer//forType!5a065a63ea68e7f2ca0df36b62fe3e49, [raw])])]
src/main/java/com/fasterxml/jackson/databind/deser/std/StdKeyDeserializers.java: error: unknown import
	data: java/lang/reflect/Constructor
src/main/java/com/fasterxml/jackson/databind/deser/std/StdKeyDeserializers.java: error: unknown type
	data: JavaType
src/main/java/com/fasterxml/jackson/databind/deser/std/StdKeyDeserializers.java: error: unknown type
	data: BeanDescription
src/main/java/com/fasterxml/jackson/databind/deser/std/StdKeyDeserializers.java: error: unknown import
	data: com/fasterxml/jackson/databind/deser/KeyDeserializers
src/main/java/com/fasterxml/jackson/databind/deser/std/StdKeyDeserializers.java: error: unknown type
	data: JsonDeserializer
src/main/java/com/fasterxml/jackson/databind/deser/std/StdKeyDeserializers.java: error: unknown function
	data: [pointer(genericInstance(reference(java/lang/Class), [wildcard(, pointer(reference(java/lang/Object)))])) java/lang/Class<descendant of java/lang/Object>//isPrimitive [] []]
src/main/java/com/fasterxml/jackson/databind/deser/std/StdKeyDeserializers.java: error: unknown import
	data: com/fasterxml/jackson/databind/introspect/AnnotatedMethod
src/main/java/com/fasterxml/jackson/databind/deser/std/StdKeyDeserializers.java: error: unknown type
	data: JsonMappingException
src/main/java/com/fasterxml/jackson/databind/deser/std/StdKeyDeserializers.java: error: unknown function
	data: [<nil> com/fasterxml/jackson/databind/deser/std/StdKeyDeserializer//EnumKD//EnumKD [] [enumResolver nil]]
src/main/java/com/fasterxml/jackson/databind/deser/std/StdScalarDeserializer.java: error: unknown import
	data: com/fasterxml/jackson/databind/DeserializationContext
src/main/java/com/fasterxml/jackson/databind/deser/std/StdScalarDeserializer.java: error: unknown import
	data: com/fasterxml/jackson/databind/JavaType
src/main/java/com/fasterxml/jackson/databind/deser/std/StdScalarDeserializer.java: error: unknown import
	data: com/fasterxml/jackson/databind/jsontype/TypeDeserializer
src/main/java/com/fasterxml/jackson/databind/deser/std/StdScalarDeserializer.java: error: unknown import
	data: com/fasterxml/jackson/core
src/main/java/com/fasterxml/jackson/databind/deser/std/StdScalarDeserializer.java: error: unknown type
	data: JsonParser
src/main/java/com/fasterxml/jackson/databind/deser/std/StdValueInstantiator.java: error: unknown type
	data: DeserializationConfig
src/main/java/com/fasterxml/jackson/databind/deser/std/StdValueInstantiator.java: error: unknown type
	data: SettableBeanProperty
src/main/java/com/fasterxml/jackson/databind/deser/std/StdValueInstantiator.java: error: unknown type
	data: ExceptionInInitializerError
src/main/java/com/fasterxml/jackson/databind/deser/std/StdValueInstantiator.java: error: unknown function
	data: [struct(java/lang/String, [], [pointer(reference(java/lang/Object))], [reference(java/lang/CharSequence)]) java/lang/String//internalConcat [] [value]]
src/main/java/com/fasterxml/jackson/databind/deser/std/StdValueInstantiator.java: error: unknown function
	data: [pointer(reference(java/lang/Throwable)) java/lang/Throwable//getCause [] []]
src/main/java/com/fasterxml/jackson/databind/deser/std/StdValueInstantiator.java: error: unknown import
	data: com/fasterxml/jackson/core/JsonProcessingException
src/main/java/com/fasterxml/jackson/databind/deser/std/StdValueInstantiator.java: error: unknown import
	data: com/fasterxml/jackson/databind/annotation/JacksonStdImpl
src/main/java/com/fasterxml/jackson/databind/deser/std/StdValueInstantiator.java: error: unknown import
	data: com/fasterxml/jackson/databind/introspect/AnnotatedParameter
src/main/java/com/fasterxml/jackson/databind/deser/std/StdValueInstantiator.java: error: unknown type
	data: ValueInstantiator
src/main/java/com/fasterxml/jackson/databind/deser/std/StdValueInstantiator.java: error: unknown type
	data: JavaType
src/main/java/com/fasterxml/jackson/databind/deser/std/StdValueInstantiator.java: error: unknown function
	data: [<nil> _createFromStringFallbacks [] [ctxt value]]
src/main/java/com/fasterxml/jackson/databind/deser/std/StdValueInstantiator.java: error: unknown import
	data: com/fasterxml/jackson/databind/introspect/AnnotatedWithParams
src/main/java/com/fasterxml/jackson/databind/deser/std/StdValueInstantiator.java: error: unknown type
	data: JsonMappingException
src/main/java/com/fasterxml/jackson/databind/deser/std/StdValueInstantiator.java: error: unknown type
	data: CreatorProperty
src/main/java/com/fasterxml/jackson/databind/deser/std/StdValueInstantiator.java: error: unknown type
	data: DeserializationContext
src/main/java/com/fasterxml/jackson/databind/deser/std/StdValueInstantiator.java: internal error: type does not support nil values
	data: unsupported(JsonMappingException)
src/main/java/com/fasterxml/jackson/databind/deser/std/StringArrayDeserializer.java: error: unknown import
	data: com/fasterxml/jackson/databind/util/ObjectBuffer
src/main/java/com/fasterxml/jackson/databind/deser/std/StringArrayDeserializer.java: error: unknown import
	data: com/fasterxml/jackson/core
src/main/java/com/fasterxml/jackson/databind/deser/std/StringArrayDeserializer.java: error: unknown type
	data: JsonDeserializer
src/main/java/com/fasterxml/jackson/databind/deser/std/StringArrayDeserializer.java: error: unknown type
	data: DeserializationContext
src/main/java/com/fasterxml/jackson/databind/deser/std/StringArrayDeserializer.java: error: unknown type
	data: BeanProperty
src/main/java/com/fasterxml/jackson/databind/deser/std/StringArrayDeserializer.java: unsupported: unsupported type
	data: &{0xc000bd3800 <nil> [] 0xc000bd0d10 {None [] [] None}}
src/main/java/com/fasterxml/jackson/databind/deser/std/StringArrayDeserializer.java: unsupported: not an array type
	data: unsupported(@@unsupported)
src/main/java/com/fasterxml/jackson/databind/deser/std/StringArrayDeserializer.java: error: unknown type
	data: JsonMappingException
src/main/java/com/fasterxml/jackson/databind/deser/std/StringArrayDeserializer.java: error: unknown type
	data: JsonToken
src/main/java/com/fasterxml/jackson/databind/deser/std/StringArrayDeserializer.java: unsupported: not an array type
	data: unsupported(@@unsupported)
src/main/java/com/fasterxml/jackson/databind/deser/std/StringArrayDeserializer.java: error: unknown identifier
	data: chunk
src/main/java/com/fasterxml/jackson/databind/deser/std/StringArrayDeserializer.java: unsupported: unsupported AST node
	data: genericInstance(unsupported(JsonDeserializer), [pointer(reference(java/lang/String))])
src/main/java/com/fasterxml/jackson/databind/deser/std/StringArrayDeserializer.java: unsupported: not an array type
	data: unsupported(@@unsupported)
src/main/java/com/fasterxml/jackson/databind/deser/std/StringArrayDeserializer.java: error: unknown import
	data: com/fasterxml/jackson/databind/annotation/JacksonStdImpl
src/main/java/com/fasterxml/jackson/databind/deser/std/StringArrayDeserializer.java: error: unknown import
	data: com/fasterxml/jackson/databind/deser/ContextualDeserializer
src/main/java/com/fasterxml/jackson/databind/deser/std/StringArrayDeserializer.java: error: unknown type
	data: SuppressWarnings
src/main/java/com/fasterxml/jackson/databind/deser/std/StringArrayDeserializer.java: unsupported: unsupported type
	data: &{0xc000bd3660 <nil> [] 0xc000bd0bb0 {None [] [] None}}
src/main/java/com/fasterxml/jackson/databind/deser/std/StringArrayDeserializer.java: unsupported: not an array type
	data: unsupported(@@unsupported)
src/main/java/com/fasterxml/jackson/databind/deser/std/StringArrayDeserializer.java: unsupported: not an array type
	data: unsupported(@@unsupported)
src/main/java/com/fasterxml/jackson/databind/deser/std/StringArrayDeserializer.java: error: unknown type
	data: T
src/main/java/com/fasterxml/jackson/databind/deser/std/StringArrayDeserializer.java: unsupported: not an array type
	data: unsupported(@@unsupported)
src/main/java/com/fasterxml/jackson/databind/deser/std/StringArrayDeserializer.java: error: unknown import
	data: com/fasterxml/jackson/databind/jsontype/TypeDeserializer
src/main/java/com/fasterxml/jackson/databind/deser/std/StringArrayDeserializer.java: error: unknown type
	data: JsonParser
src/main/java/com/fasterxml/jackson/databind/deser/std/StringArrayDeserializer.java: unsupported: not an array type
	data: unsupported(@@unsupported)
src/main/java/com/fasterxml/jackson/databind/deser/std/StringArrayDeserializer.java: unsupported: not an array type
	data: unsupported(@@unsupported)
src/main/java/com/fasterxml/jackson/databind/deser/std/StringArrayDeserializer.java: unsupported: not an array type
	data: unsupported(@@unsupported)
src/main/java/com/fasterxml/jackson/databind/deser/std/StringArrayDeserializer.java: unsupported: unsupported type
	data: genericInstance(unsupported(JsonDeserializer), [pointer(reference(java/lang/String))]) vs genericInstance(unsupported(JsonDeserializer), [wildcard(, pointer(reference(java/lang/Object)))])
src/main/java/com/fasterxml/jackson/databind/deser/std/StringCollectionDeserializer.java: error: unknown import
	data: com/fasterxml/jackson/databind/deser/ContextualDeserializer
src/main/java/com/fasterxml/jackson/databind/deser/std/StringCollectionDeserializer.java: error: unknown import
	data: com/fasterxml/jackson/databind/jsontype/TypeDeserializer
src/main/java/com/fasterxml/jackson/databind/deser/std/StringCollectionDeserializer.java: error: unknown type
	data: JsonDeserializer
src/main/java/com/fasterxml/jackson/databind/deser/std/StringCollectionDeserializer.java: error: unknown type
	data: SuppressWarnings
src/main/java/com/fasterxml/jackson/databind/deser/std/StringCollectionDeserializer.java: error: unknown type
	data: DeserializationContext
src/main/java/com/fasterxml/jackson/databind/deser/std/StringCollectionDeserializer.java: error: unknown type
	data: JsonParser
src/main/java/com/fasterxml/jackson/databind/deser/std/StringCollectionDeserializer.java: error: unknown import
	data: com/fasterxml/jackson/databind/deser/ValueInstantiator
src/main/java/com/fasterxml/jackson/databind/deser/std/StringCollectionDeserializer.java: error: unknown import
	data: com/fasterxml/jackson/core
src/main/java/com/fasterxml/jackson/databind/deser/std/StringCollectionDeserializer.java: error: unknown type
	data: JavaType
src/main/java/com/fasterxml/jackson/databind/deser/std/StringCollectionDeserializer.java: error: unknown type
	data: JsonMappingException
src/main/java/com/fasterxml/jackson/databind/deser/std/StringCollectionDeserializer.java: error: unknown import
	data: com/fasterxml/jackson/databind/introspect/AnnotatedWithParams
src/main/java/com/fasterxml/jackson/databind/deser/std/StringCollectionDeserializer.java: error: unknown type
	data: BeanProperty
src/main/java/com/fasterxml/jackson/databind/deser/std/StringCollectionDeserializer.java: error: unknown type
	data: T
src/main/java/com/fasterxml/jackson/databind/deser/std/StringCollectionDeserializer.java: error: unknown type
	data: JsonToken
src/main/java/com/fasterxml/jackson/databind/deser/std/StringCollectionDeserializer.java: error: unknown import
	data: com/fasterxml/jackson/databind/annotation/JacksonStdImpl
src/main/java/com/fasterxml/jackson/databind/deser/std/StringDeserializer.java: error: unknown import
	data: com/fasterxml/jackson/databind/DeserializationContext
src/main/java/com/fasterxml/jackson/databind/deser/std/StringDeserializer.java: error: unknown import
	data: com/fasterxml/jackson/databind/annotation/JacksonStdImpl
src/main/java/com/fasterxml/jackson/databind/deser/std/StringDeserializer.java: error: unknown import
	data: com/fasterxml/jackson/databind/jsontype/TypeDeserializer
src/main/java/com/fasterxml/jackson/databind/deser/std/StringDeserializer.java: error: unknown import
	data: com/fasterxml/jackson/core
src/main/java/com/fasterxml/jackson/databind/deser/std/StringDeserializer.java: error: unknown type
	data: JsonParser
src/main/java/com/fasterxml/jackson/databind/deser/std/StringDeserializer.java: error: unknown import
	data: com/fasterxml/jackson/databind/DeserializationFeature
src/main/java/com/fasterxml/jackson/databind/deser/std/StringDeserializer.java: error: unknown type
	data: JsonToken
src/main/java/com/fasterxml/jackson/databind/deser/std/StringDeserializer.java: error: unknown type
	data: T
src/main/java/com/fasterxml/jackson/databind/deser/std/ThrowableDeserializer.java: error: unknown field
	data: [this struct(com/fasterxml/jackson/databind/deser/std/ThrowableDeserializer, [], [unsupported(com/fasterxml/jackson/databind/deser/BeanDeserializer)], []) _beanProperties]
src/main/java/com/fasterxml/jackson/databind/deser/std/ThrowableDeserializer.java: error: unknown field
	data: [this struct(com/fasterxml/jackson/databind/deser/std/ThrowableDeserializer, [], [unsupported(com/fasterxml/jackson/databind/deser/BeanDeserializer)], []) _anySetter]
src/main/java/com/fasterxml/jackson/databind/deser/std/ThrowableDeserializer.java: error: unknown function
	data: [<nil> handleUnknownProperty [] [jp ctxt throwable propName]]
src/main/java/com/fasterxml/jackson/databind/deser/std/ThrowableDeserializer.java: error: unknown import
	data: com/fasterxml/jackson/databind/util/NameTransformer
src/main/java/com/fasterxml/jackson/databind/deser/std/ThrowableDeserializer.java: error: unknown field
	data: [this struct(com/fasterxml/jackson/databind/deser/std/ThrowableDeserializer, [], [unsupported(com/fasterxml/jackson/databind/deser/BeanDeserializer)], []) _delegateDeserializer]
src/main/java/com/fasterxml/jackson/databind/deser/std/ThrowableDeserializer.java: error: unknown type
	data: JsonMappingException
src/main/java/com/fasterxml/jackson/databind/deser/std/ThrowableDeserializer.java: error: unknown import
	data: com/fasterxml/jackson/databind/deser/BeanDeserializer
src/main/java/com/fasterxml/jackson/databind/deser/std/ThrowableDeserializer.java: error: unknown import
	data: com/fasterxml/jackson/core
src/main/java/com/fasterxml/jackson/databind/deser/std/ThrowableDeserializer.java: error: unknown type
	data: JsonDeserializer
src/main/java/com/fasterxml/jackson/databind/deser/std/ThrowableDeserializer.java: error: unknown type
	data: JsonParser
src/main/java/com/fasterxml/jackson/databind/deser/std/ThrowableDeserializer.java: error: unknown type
	data: DeserializationContext
src/main/java/com/fasterxml/jackson/databind/deser/std/ThrowableDeserializer.java: error: unknown field
	data: [this struct(com/fasterxml/jackson/databind/deser/std/ThrowableDeserializer, [], [unsupported(com/fasterxml/jackson/databind/deser/BeanDeserializer)], []) _vanillaProcessing]
src/main/java/com/fasterxml/jackson/databind/deser/std/ThrowableDeserializer.java: error: unknown function
	data: [<nil> _deserializeUsingPropertyBased [] [jp ctxt]]
src/main/java/com/fasterxml/jackson/databind/deser/std/ThrowableDeserializer.java: error: unknown field
	data: [this struct(com/fasterxml/jackson/databind/deser/std/ThrowableDeserializer, [], [unsupported(com/fasterxml/jackson/databind/deser/BeanDeserializer)], []) _valueInstantiator]
src/main/java/com/fasterxml/jackson/databind/deser/std/ThrowableDeserializer.java: error: unknown import
	data: com/fasterxml/jackson/databind/deser/SettableBeanProperty
src/main/java/com/fasterxml/jackson/databind/deser/std/ThrowableDeserializer.java: error: unknown function
	data: [<nil> getClass [] []]
src/main/java/com/fasterxml/jackson/databind/deser/std/ThrowableDeserializer.java: error: unknown field
	data: [this struct(com/fasterxml/jackson/databind/deser/std/ThrowableDeserializer, [], [unsupported(com/fasterxml/jackson/databind/deser/BeanDeserializer)], []) _beanType]
src/main/java/com/fasterxml/jackson/databind/deser/std/ThrowableDeserializer.java: error: unknown field
	data: [this struct(com/fasterxml/jackson/databind/deser/std/ThrowableDeserializer, [], [unsupported(com/fasterxml/jackson/databind/deser/BeanDeserializer)], []) JsonToken]
src/main/java/com/fasterxml/jackson/databind/deser/std/ThrowableDeserializer.java: error: unknown field
	data: [this struct(com/fasterxml/jackson/databind/deser/std/ThrowableDeserializer, [], [unsupported(com/fasterxml/jackson/databind/deser/BeanDeserializer)], []) _ignorableProps]
src/main/java/com/fasterxml/jackson/databind/deser/std/ThrowableDeserializer.java: error: unknown function
	data: [<nil> com/fasterxml/jackson/databind/deser/std/ThrowableDeserializer//ThrowableDeserializer [] [this unwrapper]]
src/main/java/com/fasterxml/jackson/databind/deser/std/ThrowableDeserializer.java: error: unknown field
	data: [this struct(com/fasterxml/jackson/databind/deser/std/ThrowableDeserializer, [], [unsupported(com/fasterxml/jackson/databind/deser/BeanDeserializer)], []) _propertyBasedCreator]
src/main/java/com/fasterxml/jackson/databind/deser/std/ThrowableDeserializer.java: error: unknown field
	data: [this struct(com/fasterxml/jackson/databind/deser/std/ThrowableDeserializer, [], [unsupported(com/fasterxml/jackson/databind/deser/BeanDeserializer)], []) JsonMappingException]
src/main/java/com/fasterxml/jackson/databind/deser/std/TokenBufferDeserializer.java: error: unknown import
	data: com/fasterxml/jackson/core/JsonParser
src/main/java/com/fasterxml/jackson/databind/deser/std/TokenBufferDeserializer.java: error: unknown import
	data: com/fasterxml/jackson/databind/DeserializationContext
src/main/java/com/fasterxml/jackson/databind/deser/std/TokenBufferDeserializer.java: error: unknown import
	data: com/fasterxml/jackson/databind/annotation/JacksonStdImpl
src/main/java/com/fasterxml/jackson/databind/deser/std/TokenBufferDeserializer.java: error: unknown import
	data: com/fasterxml/jackson/databind/util/TokenBuffer
src/main/java/com/fasterxml/jackson/databind/deser/std/UUIDDeserializer.java: error: unknown import
	data: java/util/Arrays
src/main/java/com/fasterxml/jackson/databind/deser/std/UUIDDeserializer.java: error: unknown import
	data: java/util/UUID
src/main/java/com/fasterxml/jackson/databind/deser/std/UUIDDeserializer.java: error: unknown import
	data: com/fasterxml/jackson/core/Base64Variants
src/main/java/com/fasterxml/jackson/databind/deser/std/UUIDDeserializer.java: error: unknown import
	data: com/fasterxml/jackson/databind/DeserializationContext
src/main/java/com/fasterxml/jackson/databind/deser/std/UntypedObjectDeserializer.java: error: unknown function
	data: [<nil> java/util/ArrayList//ArrayList [pointer(reference(java/lang/Object))] [2]]
src/main/java/com/fasterxml/jackson/databind/deser/std/UntypedObjectDeserializer.java: error: unknown function
	data: [<nil> java/util/ArrayList//ArrayList [pointer(reference(java/lang/Object))] [totalSize]]
src/main/java/com/fasterxml/jackson/databind/deser/std/UntypedObjectDeserializer.java: error: unknown import
	data: com/fasterxml/jackson/databind/DeserializationFeature
src/main/java/com/fasterxml/jackson/databind/deser/std/UntypedObjectDeserializer.java: error: unknown import
	data: com/fasterxml/jackson/databind/deser/ResolvableDeserializer
src/main/java/com/fasterxml/jackson/databind/deser/std/UntypedObjectDeserializer.java: error: unknown function
	data: [<nil> getClass [] []]
src/main/java/com/fasterxml/jackson/databind/deser/std/UntypedObjectDeserializer.java: error: unknown type
	data: JsonToken
src/main/java/com/fasterxml/jackson/databind/deser/std/UntypedObjectDeserializer.java: error: unknown import
	data: com/fasterxml/jackson/databind/deser/ContextualDeserializer
src/main/java/com/fasterxml/jackson/databind/deser/std/UntypedObjectDeserializer.java: error: unknown import
	data: com/fasterxml/jackson/databind/jsontype/TypeDeserializer
src/main/java/com/fasterxml/jackson/databind/deser/std/UntypedObjectDeserializer.java: error: unknown import
	data: com/fasterxml/jackson/databind/type/TypeFactory
src/main/java/com/fasterxml/jackson/databind/deser/std/UntypedObjectDeserializer.java: error: unknown import
	data: com/fasterxml/jackson/core
src/main/java/com/fasterxml/jackson/databind/deser/std/UntypedObjectDeserializer.java: error: unknown function
	data: [<nil> java/util/ArrayList//ArrayList [pointer(reference(java/lang/Object))] [2]]
src/main/java/com/fasterxml/jackson/databind/deser/std/UntypedObjectDeserializer.java: error: unknown import
	data: com/fasterxml/jackson/databind/JsonDeserializer
src/main/java/com/fasterxml/jackson/databind/deser/std/UntypedObjectDeserializer.java: error: unknown import
	data: com/fasterxml/jackson/databind/util/ClassUtil
src/main/java/com/fasterxml/jackson/databind/deser/std/UntypedObjectDeserializer.java: error: unknown type
	data: SuppressWarnings
src/main/java/com/fasterxml/jackson/databind/deser/std/UntypedObjectDeserializer.java: error: unknown function
	data: [<nil> java/util/ArrayList//ArrayList [pointer(reference(java/lang/Object))] [2]]
src/main/java/com/fasterxml/jackson/databind/deser/std/UntypedObjectDeserializer.java: error: unknown function
	data: [<nil> java/util/ArrayList//ArrayList [pointer(reference(java/lang/Object))] [2]]
src/main/java/com/fasterxml/jackson/databind/deser/std/UntypedObjectDeserializer.java: error: unknown function
	data: [<nil> java/util/ArrayList//ArrayList [pointer(reference(java/lang/Object))] [totalSize]]
src/main/java/com/fasterxml/jackson/databind/deser/std/UntypedObjectDeserializer.java: error: unknown identifier
	data: values
src/main/java/com/fasterxml/jackson/databind/deser/std/UntypedObjectDeserializer.java: error: unknown import
	data: com/fasterxml/jackson/databind/JavaType
src/main/java/com/fasterxml/jackson/databind/deser/std/UntypedObjectDeserializer.java: error: unknown type
	data: JsonParser
src/main/java/com/fasterxml/jackson/databind/deser/std/UntypedObjectDeserializer.java: error: unknown function
	data: [<nil> java/util/ArrayList//ArrayList [pointer(reference(java/lang/Object))] [2]]
src/main/java/com/fasterxml/jackson/databind/deser/std/UntypedObjectDeserializer.java: error: unknown import
	data: com/fasterxml/jackson/databind/annotation/JacksonStdImpl
src/main/java/com/fasterxml/jackson/databind/deser/std/UntypedObjectDeserializer.java: error: unknown function
	data: [<nil> java/util/ArrayList//ArrayList [pointer(reference(java/lang/Object))] [2]]
src/main/java/com/fasterxml/jackson/databind/deser/std/UntypedObjectDeserializer.java: error: unknown import
	data: com/fasterxml/jackson/databind/BeanProperty
src/main/java/com/fasterxml/jackson/databind/deser/std/UntypedObjectDeserializer.java: error: unknown import
	data: com/fasterxml/jackson/databind/DeserializationContext
src/main/java/com/fasterxml/jackson/databind/deser/std/UntypedObjectDeserializer.java: error: unknown import
	data: com/fasterxml/jackson/databind/util/ObjectBuffer
src/main/java/com/fasterxml/jackson/databind/deser/std/UntypedObjectDeserializer.java: error: unknown type
	data: LinkedHashMap
src/main/java/com/fasterxml/jackson/databind/deser/std/UntypedObjectDeserializer.java: error: unknown import
	data: com/fasterxml/jackson/databind/JsonMappingException
src/main/java/com/fasterxml/jackson/databind/deser/std/UntypedObjectDeserializer.java: error: Internal error: unknown identifier:
		"deser"
		Stacktrace: goroutine 1 [running]:
		gitlab.nethead.at/symflower/symflower/model/errors.NewInternalError({0x21de060, 0x2d25970}, {0x12473e0, 0xc00075a690})
			gitlab.nethead.at/symflower/symflower/model/errors/error.go:852 +0x4e
		gitlab.nethead.at/symflower/symflower/model/ast.(*Identifier).ExpressionType(0xc00117f9c0, 0xc00019cd80)
			gitlab.nethead.at/symflower/symflower/model/ast/parameters.go:70 +0x186
		gitlab.nethead.at/symflower/symflower/model/ast.ResolveExpressionType(0xc00019cd80, {0x2208640?, 0xc00117f9c0?})
			gitlab.nethead.at/symflower/symflower/model/ast/type-resolve.go:533 +0x29
		gitlab.nethead.at/symflower/symflower/model/ast.ExpressionPrimitiveType(0xc5d35e6075caedc9?, {0x2208640?, 0xc00117f9c0?})
			gitlab.nethead.at/symflower/symflower/model/ast/type-resolve.go:562 +0x1d
		gitlab.nethead.at/symflower/symflower/model/ast.(*ExpressionCast).InferType(0xc0019a3f20, 0xc00019cd80, 0x2088c68)
			gitlab.nethead.at/symflower/symflower/model/ast/expression.go:2649 +0x34
		gitlab.nethead.at/symflower/symflower/model/ast.WalkInferTypes.func2(0xc00019cd80, {0x2203c70, 0xc0019a3f20})
			gitlab.nethead.at/symflower/symflower/model/ast/walk.go:23 +0x7c
		gitlab.nethead.at/symflower/symflower/model/ast.(*ExpressionCast).Walk(0xc0019a3f20, 0xc00019cd80, 0x1, 0xc002d91890)
			gitlab.nethead.at/symflower/symflower/model/ast/walk_gen.go:331 +0x20e
		gitlab.nethead.at/symflower/symflower/model/ast.(*StatementReturn).Walk(0xc0019a3e00, 0xc00019cd80, 0x1, 0xc002d91890)
			gitlab.nethead.at/symflower/symflower/model/ast/walk_gen.go:1586 +0x175
		gitlab.nethead.at/symflower/symflower/model/ast.(*StatementBlock).Walk(0xc001a7c090, 0xc00019cd80, 0x1, 0xc002d91890)
			gitlab.nethead.at/symflower/symflower/model/ast/walk_gen.go:1379 +0x36b
		gitlab.nethead.at/symflower/symflower/model/ast.WalkInferTypes(0xc00019cd80, {0x2203830, 0xc001a7c090}, 0x2088c68)
			gitlab.nethead.at/symflower/symflower/model/ast/walk.go:17 +0xd9
		gitlab.nethead.at/symflower/symflower/language/java/symbol.(*transpiler).inferBodyTypes(0xc000528280, {0x2203830, 0xc001a7c090})
			gitlab.nethead.at/symflower/symflower/language/java/symbol/handle.go:2850 +0x31
		gitlab.nethead.at/symflower/symflower/language/java/symbol.(*transpiler).completeFunctionAndVerify(0xc000528280, 0xc0009193e0, 0xc0008d5400)
			gitlab.nethead.at/symflower/symflower/language/java/symbol/handle.go:2777 +0x107
		gitlab.nethead.at/symflower/symflower/language/java/symbol.(*transpiler).handleMethodDeclarationBody(0xc000528280, 0xc0009193e0, {0x2208170, 0xc0008ce840}, 0xc0008d5400, 0x0)
			gitlab.nethead.at/symflower/symflower/language/java/symbol/handle.go:2540 +0x7b5
		gitlab.nethead.at/symflower/symflower/language/java/symbol.(*transpiler).handleClassAndInterfaceDeclarationBodies(0xc000528280, 0xc0009193e0, 0xc0008ce840)
			gitlab.nethead.at/symflower/symflower/language/java/symbol/handle.go:1534 +0x2f7
		gitlab.nethead.at/symflower/symflower/language/java/symbol.(*transpiler).handleClassDeclarationBodies(0xc000528280, 0xc0009193e0, 0xc0008ce840)
			gitlab.nethead.at/symflower/symflower/language/java/symbol/handle.go:1419 +0x106
		gitlab.nethead.at/symflower/symflower/language/java/symbol.(*transpiler).handleBodies.func1(0xc0009193e0, {0x2207578, 0xc0008ce840})
			gitlab.nethead.at/symflower/symflower/language/java/symbol/symbols.go:532 +0x1ff
		gitlab.nethead.at/symflower/symflower/language/java/symbol.(*transpiler).walkSubDeclarations(0xc000528280, 0xc0009193e0, 0xc002f71760, 0xc001194f60, 0xc000144f40, {0x2207578, 0xc0008ce840})
			gitlab.nethead.at/symflower/symflower/language/java/symbol/symbols.go:869 +0x1ee
		gitlab.nethead.at/symflower/symflower/language/java/symbol.(*transpiler).walkFile(0xc000528280, 0x1, 0x2088c58, 0xc002f71760, 0xc001194f60, 0xc000144f40)
			gitlab.nethead.at/symflower/symflower/language/java/symbol/symbols.go:625 +0x3c5
		gitlab.nethead.at/symflower/symflower/language/java/symbol.(*transpiler).walkPackage(0xc000528280, 0x1, 0x2088c58, 0xc002f71760, 0xc001194f60)
			gitlab.nethead.at/symflower/symflower/language/java/symbol/symbols.go:583 +0x225
		gitlab.nethead.at/symflower/symflower/language/java/symbol.(*transpiler).walkFilesAndDeclarations(0xc000528280, 0x1, 0x2088c58, 0xc002f71760)
			gitlab.nethead.at/symflower/symflower/language/java/symbol/symbols.go:566 +0xa5
		gitlab.nethead.at/symflower/symflower/language/java/symbol.(*transpiler).handleBodies(0xc000528280)
			gitlab.nethead.at/symflower/symflower/language/java/symbol/symbols.go:513 +0x65
		gitlab.nethead.at/symflower/symflower/language/java/symbol.symbolsWithDependencies(0xc000182780, {0x0?, 0x41aa94?, 0x13e43a0?}, 0x1)
			gitlab.nethead.at/symflower/symflower/language/java/symbol/symbols.go:486 +0x147
		gitlab.nethead.at/symflower/symflower/language/java/symbol.Symbols(0xc000182780, 0x1)
			gitlab.nethead.at/symflower/symflower/language/java/symbol/symbols.go:457 +0xf2
		gitlab.nethead.at/symflower/symflower/language/java.Adapter.Symbols(...)
			gitlab.nethead.at/symflower/symflower/language/java/symbols.go:29
		gitlab.nethead.at/symflower/symflower/cmd/symflower-local/generate.(*Generator).transpileLanguage(0xc0005970e0, 0x0, 0x0, {0x220c620, 0x2e6b360})
			gitlab.nethead.at/symflower/symflower/cmd/symflower-local/generate/generate.go:136 +0x373
		gitlab.nethead.at/symflower/symflower/cmd/symflower-local/generate.(*Generator).Symbols(0xc0005970e0, 0x0, 0x0)
			gitlab.nethead.at/symflower/symflower/cmd/symflower-local/generate/generate.go:94 +0x136
		gitlab.nethead.at/symflower/symflower/cmd/symflower-local/generate.(*AnalyzeEngineDefault).UnitTests(0x33?, 0x124bba0?, {0x21eb890?, 0xc00004c9d0?}, {0xc0?, 0x2?, 0x52?, 0x0?}, 0x33?, {0xc000596660, ...})
			gitlab.nethead.at/symflower/symflower/cmd/symflower-local/generate/analyze.go:153 +0x77
		gitlab.nethead.at/symflower/symflower/cmd/symflower-local/cmd.(*commandUnitTests).Execute(0xc0000b28d8, {0xc0000b2508?, 0x79497d0889f8?, 0xc0000b28d8?})
			gitlab.nethead.at/symflower/symflower/cmd/symflower-local/cmd/unit-tests.go:85 +0x2a6
		gitlab.nethead.at/symflower/symflower/cmd.ExecuteNoExit({0x21de020, 0xc0000b2508}, {0xc00019e000?, 0x0?, 0x0?})
			gitlab.nethead.at/symflower/symflower/cmd/execute.go:59 +0x2ad
		gitlab.nethead.at/symflower/symflower/cmd.Execute({0x21de020?, 0xc0000b2508?}, {0xc00019e000?, 0xc00011c118?, 0xc000051f10?})
			gitlab.nethead.at/symflower/symflower/cmd/execute.go:17 +0x26
		gitlab.nethead.at/symflower/symflower/cmd.ExecuteWithOSArguments(...)
			gitlab.nethead.at/symflower/symflower/cmd/execute.go:78
		main.main.func1()
			gitlab.nethead.at/symflower/symflower/cmd/symflower-demo/main.go:39 +0x34
		gitlab.nethead.at/symflower/symflower/cmd/symflower-local/cmd.(*Command).WithPanicReporter(0xc000110060?, 0x0?)
			gitlab.nethead.at/symflower/symflower/cmd/symflower-local/cmd/cmd.go:151 +0x33
		main.main()
			gitlab.nethead.at/symflower/symflower/cmd/symflower-demo/main.go:38 +0x7f
	
	data: cast(deser, genericInstance(unsupported(com/fasterxml/jackson/databind/JsonDeserializer), [pointer(reference(java/lang/Object))]))
src/main/java/com/fasterxml/jackson/databind/deser/std/UntypedObjectDeserializer.java: error: unknown identifier
	data: result
internal error: scope leak
	data: map[handledNode:struct(com/fasterxml/jackson/databind/deser/std/DateDeserializers, [], [pointer(reference(java/lang/Object))], []) scopeLevelAtEntry:20 scopeLevelAtExit:27]
internal error: scope leak
	data: map[handledNode:struct(com/fasterxml/jackson/databind/deser/std/EnumDeserializer, [], [pointer(genericInstance(reference(com/fasterxml/jackson/databind/deser/std/StdScalarDeserializer), [pointer(genericInstance(reference(java/lang/Enum), [wildcard(, pointer(reference(java/lang/Object)))]))]))], []) scopeLevelAtEntry:20 scopeLevelAtExit:23]
internal error: scope leak
	data: map[handledNode:struct(com/fasterxml/jackson/databind/deser/std/FromStringDeserializer, [], [pointer(genericInstance(reference(com/fasterxml/jackson/databind/deser/std/StdScalarDeserializer), [reference(T)]))], []) scopeLevelAtEntry:25 scopeLevelAtExit:29]
internal error: scope leak
	data: map[handledNode:struct(com/fasterxml/jackson/databind/deser/std/JsonNodeDeserializer, [], [genericInstance(unsupported(BaseNodeDeserializer), [unsupported(JsonNode)])], []) scopeLevelAtEntry:25 scopeLevelAtExit:27]
internal error: scope leak
	data: map[handledNode:struct(com/fasterxml/jackson/databind/deser/std/NumberDeserializers, [], [pointer(reference(java/lang/Object))], []) scopeLevelAtEntry:31 scopeLevelAtExit:72]
internal error: scope leak
	data: map[handledNode:struct(com/fasterxml/jackson/databind/deser/std/PrimitiveArrayDeserializers, [], [pointer(genericInstance(reference(com/fasterxml/jackson/databind/deser/std/StdDeserializer), [reference(T)]))], []) scopeLevelAtEntry:34 scopeLevelAtExit:58]
internal error: scope leak
	data: map[handledNode:struct(com/fasterxml/jackson/databind/deser/std/UntypedObjectDeserializer, [], [pointer(genericInstance(reference(com/fasterxml/jackson/databind/deser/std/StdDeserializer), [pointer(reference(java/lang/Object))]))], [unsupported(com/fasterxml/jackson/databind/deser/ResolvableDeserializer), unsupported(com/fasterxml/jackson/databind/deser/ContextualDeserializer)]) scopeLevelAtEntry:52 scopeLevelAtExit:54]
Found 1 Java files
Found 520 problems in Java files
src/main/java/com/fasterxml/jackson/databind/deser/std/StringArrayDeserializer.java: found 6 symbols
src/main/java/com/fasterxml/jackson/databind/deser/std/StringArrayDeserializer.java: com.fasterxml.jackson.databind.deser.std.StringArrayDeserializer.StringArrayDeserializer: computing test cases
src/main/java/com/fasterxml/jackson/databind/deser/std/StringArrayDeserializer.java: com.fasterxml.jackson.databind.deser.std.StringArrayDeserializer.StringArrayDeserializer: computed 0 unit tests
src/main/java/com/fasterxml/jackson/databind/deser/std/StringArrayDeserializer.java: com.fasterxml.jackson.databind.deser.std.StringArrayDeserializer.StringArrayDeserializer: found 1 problems
src/main/java/com/fasterxml/jackson/databind/deser/std/StringArrayDeserializer.java: internal error: com.fasterxml.jackson.databind.deser.std.StringArrayDeserializer.StringArrayDeserializer: unknown type kind
	data: unsupported
src/main/java/com/fasterxml/jackson/databind/deser/std/StringArrayDeserializer.java: com.fasterxml.jackson.databind.deser.std.StringArrayDeserializer.deserialize: computing test cases
src/main/java/com/fasterxml/jackson/databind/deser/std/StringArrayDeserializer.java: com.fasterxml.jackson.databind.deser.std.StringArrayDeserializer.deserialize: computed 0 unit tests
src/main/java/com/fasterxml/jackson/databind/deser/std/StringArrayDeserializer.java: com.fasterxml.jackson.databind.deser.std.StringArrayDeserializer.deserializeWithType: computing test cases
src/main/java/com/fasterxml/jackson/databind/deser/std/StringArrayDeserializer.java: com.fasterxml.jackson.databind.deser.std.StringArrayDeserializer.deserializeWithType: computed 0 unit tests
src/main/java/com/fasterxml/jackson/databind/deser/std/StringArrayDeserializer.java: com.fasterxml.jackson.databind.deser.std.StringArrayDeserializer.deserializeWithType: found 1 problems
src/main/java/com/fasterxml/jackson/databind/deser/std/StringArrayDeserializer.java: internal error: com.fasterxml.jackson.databind.deser.std.StringArrayDeserializer.deserializeWithType: unknown type kind
	data: unsupported
src/main/java/com/fasterxml/jackson/databind/deser/std/StringArrayDeserializer.java: com.fasterxml.jackson.databind.deser.std.StringArrayDeserializer._deserializeCustom: computing test cases
src/main/java/com/fasterxml/jackson/databind/deser/std/StringArrayDeserializer.java: com.fasterxml.jackson.databind.deser.std.StringArrayDeserializer._deserializeCustom: computed 0 unit tests
src/main/java/com/fasterxml/jackson/databind/deser/std/StringArrayDeserializer.java: com.fasterxml.jackson.databind.deser.std.StringArrayDeserializer.createContextual: computing test cases
src/main/java/com/fasterxml/jackson/databind/deser/std/StringArrayDeserializer.java: com.fasterxml.jackson.databind.deser.std.StringArrayDeserializer.createContextual: computed 0 unit tests
src/main/java/com/fasterxml/jackson/databind/deser/std/StringArrayDeserializer.java: com.fasterxml.jackson.databind.deser.std.StringArrayDeserializer.StringArrayDeserializer: computing test cases
src/main/java/com/fasterxml/jackson/databind/deser/std/StringArrayDeserializer.java: com.fasterxml.jackson.databind.deser.std.StringArrayDeserializer.StringArrayDeserializer: computed 0 unit tests
src/main/java/com/fasterxml/jackson/databind/deser/std/StringArrayDeserializer.java: com.fasterxml.jackson.databind.deser.std.StringArrayDeserializer.StringArrayDeserializer: found 1 problems
src/main/java/com/fasterxml/jackson/databind/deser/std/StringArrayDeserializer.java: internal error: com.fasterxml.jackson.databind.deser.std.StringArrayDeserializer.StringArrayDeserializer: unknown type kind
	data: unsupported
Analyzed 1 out of 34 source files
Had 47 errors that block a full analysis
Generated 0 tests
Found 0 potential problems
The following issues prevent a full analysis:

* 202 cases of "unknown import"
	Description: Imports could not be resolved. This is likely due to missing dependencies.

* 201 cases of "unknown type"
	Description: Types could not be resolved. This could be because of missing dependencies
  or a consequence of some other problem.

* 48 cases of "unknown function"
	Description: Functions could not be resolved. This occurs due to missing dependencies,
  or if a called function is removed due to some other problem.

* 3 cases of "unsupported type"
	Description: Types required for analysis are not supported. This can include raw generics,
  or reflection types like "java.lang.Class".

* 2 cases of "not all elements have the same type"
	Description: Arguments of a function call do not match the parameter types. This usually
  occurs if a called method is removed due to some other problem, and another
  method with the same name is selected to be called.

* 20 cases of "other issues"
	Description: Uncategorized problems.

