Analyzing workspace /home/ph7/sqa-project/workspaces/jacksondatabind_44b/
Search for Java files
Load dependency stdlib:@dev
src/main/java/com/fasterxml/jackson/databind/type/SimpleType.java: com.fasterxml.jackson.databind.type.SimpleType._buildSuperClass: function is private and therefore inaccessible for tests
src/main/java/com/fasterxml/jackson/databind/type/ArrayType.java: error: unknown type
	data: Deprecated
src/main/java/com/fasterxml/jackson/databind/type/ArrayType.java: error: unknown function
	data: [struct(com/fasterxml/jackson/databind/type/TypeBase, [], [unsupported(JavaType)], [unsupported(JsonSerializable)]) com/fasterxml/jackson/databind/type/TypeBase//@@constructor [] []]
src/main/java/com/fasterxml/jackson/databind/type/ArrayType.java: error: unknown field
	data: [this struct(com/fasterxml/jackson/databind/type/ArrayType, [], [pointer(reference(com/fasterxml/jackson/databind/type/TypeBase))], []) _asStatic]
src/main/java/com/fasterxml/jackson/databind/type/ArrayType.java: error: unknown field
	data: [this struct(com/fasterxml/jackson/databind/type/ArrayType, [], [pointer(reference(com/fasterxml/jackson/databind/type/TypeBase))], []) _asStatic]
src/main/java/com/fasterxml/jackson/databind/type/ArrayType.java: error: unknown field
	data: [this struct(com/fasterxml/jackson/databind/type/ArrayType, [], [pointer(reference(com/fasterxml/jackson/databind/type/TypeBase))], []) _typeHandler]
src/main/java/com/fasterxml/jackson/databind/type/ArrayType.java: error: unknown import
	data: java/lang/reflect/Array
src/main/java/com/fasterxml/jackson/databind/type/ArrayType.java: error: unknown function
	data: [pointer(reference(java/lang/Object)) java/lang/Object//getClass [] []]
src/main/java/com/fasterxml/jackson/databind/type/ArrayType.java: error: unknown field
	data: [this struct(com/fasterxml/jackson/databind/type/ArrayType, [], [pointer(reference(com/fasterxml/jackson/databind/type/TypeBase))], []) _typeHandler]
src/main/java/com/fasterxml/jackson/databind/type/ArrayType.java: error: unknown field
	data: [this struct(com/fasterxml/jackson/databind/type/ArrayType, [], [pointer(reference(com/fasterxml/jackson/databind/type/TypeBase))], []) _typeHandler]
src/main/java/com/fasterxml/jackson/databind/type/ArrayType.java: error: unknown field
	data: [this struct(com/fasterxml/jackson/databind/type/ArrayType, [], [pointer(reference(com/fasterxml/jackson/databind/type/TypeBase))], []) _valueHandler]
src/main/java/com/fasterxml/jackson/databind/type/ArrayType.java: error: unknown field
	data: [this struct(com/fasterxml/jackson/databind/type/ArrayType, [], [pointer(reference(com/fasterxml/jackson/databind/type/TypeBase))], []) _valueHandler]
src/main/java/com/fasterxml/jackson/databind/type/ArrayType.java: error: unknown field
	data: [this struct(com/fasterxml/jackson/databind/type/ArrayType, [], [pointer(reference(com/fasterxml/jackson/databind/type/TypeBase))], []) _valueHandler]
src/main/java/com/fasterxml/jackson/databind/type/ArrayType.java: error: unknown field
	data: [this struct(com/fasterxml/jackson/databind/type/ArrayType, [], [pointer(reference(com/fasterxml/jackson/databind/type/TypeBase))], []) _typeHandler]
src/main/java/com/fasterxml/jackson/databind/type/ArrayType.java: error: unknown field
	data: [this struct(com/fasterxml/jackson/databind/type/ArrayType, [], [pointer(reference(com/fasterxml/jackson/databind/type/TypeBase))], []) _valueHandler]
src/main/java/com/fasterxml/jackson/databind/type/ArrayType.java: error: unknown field
	data: [this struct(com/fasterxml/jackson/databind/type/ArrayType, [], [pointer(reference(com/fasterxml/jackson/databind/type/TypeBase))], []) _asStatic]
src/main/java/com/fasterxml/jackson/databind/type/ArrayType.java: error: unknown field
	data: [this struct(com/fasterxml/jackson/databind/type/ArrayType, [], [pointer(reference(com/fasterxml/jackson/databind/type/TypeBase))], []) _valueHandler]
src/main/java/com/fasterxml/jackson/databind/type/ArrayType.java: error: unknown field
	data: [this struct(com/fasterxml/jackson/databind/type/ArrayType, [], [pointer(reference(com/fasterxml/jackson/databind/type/TypeBase))], []) _typeHandler]
src/main/java/com/fasterxml/jackson/databind/type/ArrayType.java: error: unknown field
	data: [this struct(com/fasterxml/jackson/databind/type/ArrayType, [], [pointer(reference(com/fasterxml/jackson/databind/type/TypeBase))], []) _asStatic]
src/main/java/com/fasterxml/jackson/databind/type/ArrayType.java: error: unknown function
	data: [<nil> getClass [] []]
src/main/java/com/fasterxml/jackson/databind/type/ArrayType.java: error: unknown field
	data: [this struct(com/fasterxml/jackson/databind/type/ArrayType, [], [pointer(reference(com/fasterxml/jackson/databind/type/TypeBase))], []) _asStatic]
src/main/java/com/fasterxml/jackson/databind/type/ArrayType.java: error: unknown import
	data: com/fasterxml/jackson/databind/JavaType
src/main/java/com/fasterxml/jackson/databind/type/ArrayType.java: error: unknown field
	data: [this struct(com/fasterxml/jackson/databind/type/ArrayType, [], [pointer(reference(com/fasterxml/jackson/databind/type/TypeBase))], []) _typeHandler]
src/main/java/com/fasterxml/jackson/databind/type/ArrayType.java: error: unknown field
	data: [this struct(com/fasterxml/jackson/databind/type/ArrayType, [], [pointer(reference(com/fasterxml/jackson/databind/type/TypeBase))], []) _asStatic]
src/main/java/com/fasterxml/jackson/databind/type/ArrayType.java: error: unknown field
	data: [this struct(com/fasterxml/jackson/databind/type/ArrayType, [], [pointer(reference(com/fasterxml/jackson/databind/type/TypeBase))], []) _valueHandler]
src/main/java/com/fasterxml/jackson/databind/type/ClassKey.java: error: unknown function
	data: [pointer(reference(java/lang/Object)) java/lang/Object//getClass [] []]
src/main/java/com/fasterxml/jackson/databind/type/ClassKey.java: error: unknown function
	data: [<nil> getClass [] []]
src/main/java/com/fasterxml/jackson/databind/type/ClassStack.java: error: unknown import
	data: com/fasterxml/jackson/databind/JavaType
src/main/java/com/fasterxml/jackson/databind/type/CollectionLikeType.java: error: unknown field
	data: [this struct(com/fasterxml/jackson/databind/type/CollectionLikeType, [], [pointer(reference(com/fasterxml/jackson/databind/type/TypeBase))], []) _valueHandler]
src/main/java/com/fasterxml/jackson/databind/type/CollectionLikeType.java: error: unknown field
	data: [this struct(com/fasterxml/jackson/databind/type/CollectionLikeType, [], [pointer(reference(com/fasterxml/jackson/databind/type/TypeBase))], []) _typeHandler]
src/main/java/com/fasterxml/jackson/databind/type/CollectionLikeType.java: error: unknown field
	data: [this struct(com/fasterxml/jackson/databind/type/CollectionLikeType, [], [pointer(reference(com/fasterxml/jackson/databind/type/TypeBase))], []) _asStatic]
src/main/java/com/fasterxml/jackson/databind/type/CollectionLikeType.java: error: unknown field
	data: [this struct(com/fasterxml/jackson/databind/type/CollectionLikeType, [], [pointer(reference(com/fasterxml/jackson/databind/type/TypeBase))], []) _valueHandler]
src/main/java/com/fasterxml/jackson/databind/type/CollectionLikeType.java: error: unknown field
	data: [this struct(com/fasterxml/jackson/databind/type/CollectionLikeType, [], [pointer(reference(com/fasterxml/jackson/databind/type/TypeBase))], []) _valueHandler]
src/main/java/com/fasterxml/jackson/databind/type/CollectionLikeType.java: error: unknown field
	data: [this struct(com/fasterxml/jackson/databind/type/CollectionLikeType, [], [pointer(reference(com/fasterxml/jackson/databind/type/TypeBase))], []) _asStatic]
src/main/java/com/fasterxml/jackson/databind/type/CollectionLikeType.java: error: unknown field
	data: [this struct(com/fasterxml/jackson/databind/type/CollectionLikeType, [], [pointer(reference(com/fasterxml/jackson/databind/type/TypeBase))], []) _class]
src/main/java/com/fasterxml/jackson/databind/type/CollectionLikeType.java: error: unknown field
	data: [this struct(com/fasterxml/jackson/databind/type/CollectionLikeType, [], [pointer(reference(com/fasterxml/jackson/databind/type/TypeBase))], []) _typeHandler]
src/main/java/com/fasterxml/jackson/databind/type/CollectionLikeType.java: error: unknown field
	data: [this struct(com/fasterxml/jackson/databind/type/CollectionLikeType, [], [pointer(reference(com/fasterxml/jackson/databind/type/TypeBase))], []) _class]
src/main/java/com/fasterxml/jackson/databind/type/CollectionLikeType.java: error: unknown field
	data: [this struct(com/fasterxml/jackson/databind/type/CollectionLikeType, [], [pointer(reference(com/fasterxml/jackson/databind/type/TypeBase))], []) _class]
src/main/java/com/fasterxml/jackson/databind/type/CollectionLikeType.java: error: unknown field
	data: [this struct(com/fasterxml/jackson/databind/type/CollectionLikeType, [], [pointer(reference(com/fasterxml/jackson/databind/type/TypeBase))], []) _typeHandler]
src/main/java/com/fasterxml/jackson/databind/type/CollectionLikeType.java: error: unknown function
	data: [<nil> getClass [] []]
src/main/java/com/fasterxml/jackson/databind/type/CollectionLikeType.java: error: unknown field
	data: [this struct(com/fasterxml/jackson/databind/type/CollectionLikeType, [], [pointer(reference(com/fasterxml/jackson/databind/type/TypeBase))], []) _class]
src/main/java/com/fasterxml/jackson/databind/type/CollectionLikeType.java: error: unknown function
	data: [pointer(genericInstance(reference(java/lang/Class), [wildcard(, pointer(reference(java/lang/Object)))])) java/lang/Class<descendant of java/lang/Object>//getTypeParameters [] []]
src/main/java/com/fasterxml/jackson/databind/type/CollectionLikeType.java: error: unknown field
	data: [this struct(com/fasterxml/jackson/databind/type/CollectionLikeType, [], [pointer(reference(com/fasterxml/jackson/databind/type/TypeBase))], []) _asStatic]
src/main/java/com/fasterxml/jackson/databind/type/CollectionLikeType.java: error: unknown field
	data: [this struct(com/fasterxml/jackson/databind/type/CollectionLikeType, [], [pointer(reference(com/fasterxml/jackson/databind/type/TypeBase))], []) _valueHandler]
src/main/java/com/fasterxml/jackson/databind/type/CollectionLikeType.java: error: unknown field
	data: [this struct(com/fasterxml/jackson/databind/type/CollectionLikeType, [], [pointer(reference(com/fasterxml/jackson/databind/type/TypeBase))], []) _typeHandler]
src/main/java/com/fasterxml/jackson/databind/type/CollectionLikeType.java: error: unknown field
	data: [this struct(com/fasterxml/jackson/databind/type/CollectionLikeType, [], [pointer(reference(com/fasterxml/jackson/databind/type/TypeBase))], []) _valueHandler]
src/main/java/com/fasterxml/jackson/databind/type/CollectionLikeType.java: error: unknown import
	data: com/fasterxml/jackson/databind/JavaType
src/main/java/com/fasterxml/jackson/databind/type/CollectionLikeType.java: error: unknown field
	data: [this struct(com/fasterxml/jackson/databind/type/CollectionLikeType, [], [pointer(reference(com/fasterxml/jackson/databind/type/TypeBase))], []) _valueHandler]
src/main/java/com/fasterxml/jackson/databind/type/CollectionLikeType.java: error: unknown field
	data: [this struct(com/fasterxml/jackson/databind/type/CollectionLikeType, [], [pointer(reference(com/fasterxml/jackson/databind/type/TypeBase))], []) _class]
src/main/java/com/fasterxml/jackson/databind/type/CollectionLikeType.java: error: unknown field
	data: [this struct(com/fasterxml/jackson/databind/type/CollectionLikeType, [], [pointer(reference(com/fasterxml/jackson/databind/type/TypeBase))], []) _typeHandler]
src/main/java/com/fasterxml/jackson/databind/type/CollectionLikeType.java: error: unknown field
	data: [this struct(com/fasterxml/jackson/databind/type/CollectionLikeType, [], [pointer(reference(com/fasterxml/jackson/databind/type/TypeBase))], []) _class]
src/main/java/com/fasterxml/jackson/databind/type/CollectionLikeType.java: error: unknown field
	data: [this struct(com/fasterxml/jackson/databind/type/CollectionLikeType, [], [pointer(reference(com/fasterxml/jackson/databind/type/TypeBase))], []) _asStatic]
src/main/java/com/fasterxml/jackson/databind/type/CollectionLikeType.java: error: unknown field
	data: [this struct(com/fasterxml/jackson/databind/type/CollectionLikeType, [], [pointer(reference(com/fasterxml/jackson/databind/type/TypeBase))], []) _asStatic]
src/main/java/com/fasterxml/jackson/databind/type/CollectionLikeType.java: error: unknown field
	data: [this struct(com/fasterxml/jackson/databind/type/CollectionLikeType, [], [pointer(reference(com/fasterxml/jackson/databind/type/TypeBase))], []) _valueHandler]
src/main/java/com/fasterxml/jackson/databind/type/CollectionLikeType.java: error: unknown field
	data: [this struct(com/fasterxml/jackson/databind/type/CollectionLikeType, [], [pointer(reference(com/fasterxml/jackson/databind/type/TypeBase))], []) _asStatic]
src/main/java/com/fasterxml/jackson/databind/type/CollectionLikeType.java: error: unknown field
	data: [this struct(com/fasterxml/jackson/databind/type/CollectionLikeType, [], [pointer(reference(com/fasterxml/jackson/databind/type/TypeBase))], []) _class]
src/main/java/com/fasterxml/jackson/databind/type/CollectionLikeType.java: error: unknown field
	data: [this struct(com/fasterxml/jackson/databind/type/CollectionLikeType, [], [pointer(reference(com/fasterxml/jackson/databind/type/TypeBase))], []) _class]
src/main/java/com/fasterxml/jackson/databind/type/CollectionLikeType.java: error: unknown type
	data: Deprecated
src/main/java/com/fasterxml/jackson/databind/type/CollectionLikeType.java: error: unknown field
	data: [this struct(com/fasterxml/jackson/databind/type/CollectionLikeType, [], [pointer(reference(com/fasterxml/jackson/databind/type/TypeBase))], []) _typeHandler]
src/main/java/com/fasterxml/jackson/databind/type/CollectionLikeType.java: error: unknown field
	data: [this struct(com/fasterxml/jackson/databind/type/CollectionLikeType, [], [pointer(reference(com/fasterxml/jackson/databind/type/TypeBase))], []) _asStatic]
src/main/java/com/fasterxml/jackson/databind/type/CollectionLikeType.java: error: unknown field
	data: [this struct(com/fasterxml/jackson/databind/type/CollectionLikeType, [], [pointer(reference(com/fasterxml/jackson/databind/type/TypeBase))], []) _asStatic]
src/main/java/com/fasterxml/jackson/databind/type/CollectionLikeType.java: error: unknown function
	data: [pointer(reference(java/lang/Object)) java/lang/Object//getClass [] []]
src/main/java/com/fasterxml/jackson/databind/type/CollectionLikeType.java: error: unknown import
	data: java/lang/reflect/TypeVariable
src/main/java/com/fasterxml/jackson/databind/type/CollectionLikeType.java: error: unknown function
	data: [struct(com/fasterxml/jackson/databind/type/TypeBase, [], [unsupported(JavaType)], [unsupported(JsonSerializable)]) com/fasterxml/jackson/databind/type/TypeBase//@@constructor [] []]
src/main/java/com/fasterxml/jackson/databind/type/CollectionLikeType.java: error: unknown field
	data: [this struct(com/fasterxml/jackson/databind/type/CollectionLikeType, [], [pointer(reference(com/fasterxml/jackson/databind/type/TypeBase))], []) _typeHandler]
src/main/java/com/fasterxml/jackson/databind/type/CollectionLikeType.java: error: unknown field
	data: [this struct(com/fasterxml/jackson/databind/type/CollectionLikeType, [], [pointer(reference(com/fasterxml/jackson/databind/type/TypeBase))], []) _class]
src/main/java/com/fasterxml/jackson/databind/type/CollectionLikeType.java: error: unknown function
	data: [genericInstance(reference(java/lang/Class), [pointer(reference(java/lang/Object))]) java/lang/Class<java/lang/Object>//isAssignableFrom [] [unsupported]]
src/main/java/com/fasterxml/jackson/databind/type/CollectionLikeType.java: error: unknown field
	data: [other struct(com/fasterxml/jackson/databind/type/CollectionLikeType, [], [pointer(reference(com/fasterxml/jackson/databind/type/TypeBase))], []) _class]
src/main/java/com/fasterxml/jackson/databind/type/CollectionLikeType.java: error: unknown field
	data: [this struct(com/fasterxml/jackson/databind/type/CollectionLikeType, [], [pointer(reference(com/fasterxml/jackson/databind/type/TypeBase))], []) _class]
src/main/java/com/fasterxml/jackson/databind/type/CollectionLikeType.java: error: unknown field
	data: [this struct(com/fasterxml/jackson/databind/type/CollectionLikeType, [], [pointer(reference(com/fasterxml/jackson/databind/type/TypeBase))], []) _class]
src/main/java/com/fasterxml/jackson/databind/type/CollectionLikeType.java: error: unknown field
	data: [this struct(com/fasterxml/jackson/databind/type/CollectionLikeType, [], [pointer(reference(com/fasterxml/jackson/databind/type/TypeBase))], []) _class]
src/main/java/com/fasterxml/jackson/databind/type/CollectionType.java: error: unknown field
	data: [this struct(com/fasterxml/jackson/databind/type/CollectionType, [], [pointer(reference(com/fasterxml/jackson/databind/type/CollectionLikeType))], []) _class]
src/main/java/com/fasterxml/jackson/databind/type/CollectionType.java: error: unknown field
	data: [this struct(com/fasterxml/jackson/databind/type/CollectionType, [], [pointer(reference(com/fasterxml/jackson/databind/type/CollectionLikeType))], []) _valueHandler]
src/main/java/com/fasterxml/jackson/databind/type/CollectionType.java: error: unknown field
	data: [this struct(com/fasterxml/jackson/databind/type/CollectionType, [], [pointer(reference(com/fasterxml/jackson/databind/type/CollectionLikeType))], []) _asStatic]
src/main/java/com/fasterxml/jackson/databind/type/CollectionType.java: error: unknown field
	data: [this struct(com/fasterxml/jackson/databind/type/CollectionType, [], [pointer(reference(com/fasterxml/jackson/databind/type/CollectionLikeType))], []) _asStatic]
src/main/java/com/fasterxml/jackson/databind/type/CollectionType.java: error: unknown type
	data: Deprecated
src/main/java/com/fasterxml/jackson/databind/type/CollectionType.java: error: unknown field
	data: [this struct(com/fasterxml/jackson/databind/type/CollectionType, [], [pointer(reference(com/fasterxml/jackson/databind/type/CollectionLikeType))], []) _asStatic]
src/main/java/com/fasterxml/jackson/databind/type/CollectionType.java: error: unknown field
	data: [this struct(com/fasterxml/jackson/databind/type/CollectionType, [], [pointer(reference(com/fasterxml/jackson/databind/type/CollectionLikeType))], []) _class]
src/main/java/com/fasterxml/jackson/databind/type/CollectionType.java: error: unknown field
	data: [this struct(com/fasterxml/jackson/databind/type/CollectionType, [], [pointer(reference(com/fasterxml/jackson/databind/type/CollectionLikeType))], []) _typeHandler]
src/main/java/com/fasterxml/jackson/databind/type/CollectionType.java: error: unknown field
	data: [this struct(com/fasterxml/jackson/databind/type/CollectionType, [], [pointer(reference(com/fasterxml/jackson/databind/type/CollectionLikeType))], []) _class]
src/main/java/com/fasterxml/jackson/databind/type/CollectionType.java: error: unknown field
	data: [this struct(com/fasterxml/jackson/databind/type/CollectionType, [], [pointer(reference(com/fasterxml/jackson/databind/type/CollectionLikeType))], []) _asStatic]
src/main/java/com/fasterxml/jackson/databind/type/CollectionType.java: error: unknown field
	data: [this struct(com/fasterxml/jackson/databind/type/CollectionType, [], [pointer(reference(com/fasterxml/jackson/databind/type/CollectionLikeType))], []) _class]
src/main/java/com/fasterxml/jackson/databind/type/CollectionType.java: error: unknown field
	data: [this struct(com/fasterxml/jackson/databind/type/CollectionType, [], [pointer(reference(com/fasterxml/jackson/databind/type/CollectionLikeType))], []) _typeHandler]
src/main/java/com/fasterxml/jackson/databind/type/CollectionType.java: error: unknown field
	data: [this struct(com/fasterxml/jackson/databind/type/CollectionType, [], [pointer(reference(com/fasterxml/jackson/databind/type/CollectionLikeType))], []) _typeHandler]
src/main/java/com/fasterxml/jackson/databind/type/CollectionType.java: error: unknown field
	data: [this struct(com/fasterxml/jackson/databind/type/CollectionType, [], [pointer(reference(com/fasterxml/jackson/databind/type/CollectionLikeType))], []) _typeHandler]
src/main/java/com/fasterxml/jackson/databind/type/CollectionType.java: error: unknown field
	data: [this struct(com/fasterxml/jackson/databind/type/CollectionType, [], [pointer(reference(com/fasterxml/jackson/databind/type/CollectionLikeType))], []) _valueHandler]
src/main/java/com/fasterxml/jackson/databind/type/CollectionType.java: error: unknown field
	data: [this struct(com/fasterxml/jackson/databind/type/CollectionType, [], [pointer(reference(com/fasterxml/jackson/databind/type/CollectionLikeType))], []) _typeHandler]
src/main/java/com/fasterxml/jackson/databind/type/CollectionType.java: error: unknown function
	data: [struct(com/fasterxml/jackson/databind/type/CollectionLikeType, [], [pointer(reference(com/fasterxml/jackson/databind/type/TypeBase))], []) com/fasterxml/jackson/databind/type/CollectionLikeType//@@constructor [] []]
src/main/java/com/fasterxml/jackson/databind/type/CollectionType.java: error: unknown field
	data: [this struct(com/fasterxml/jackson/databind/type/CollectionType, [], [pointer(reference(com/fasterxml/jackson/databind/type/CollectionLikeType))], []) _valueHandler]
src/main/java/com/fasterxml/jackson/databind/type/CollectionType.java: error: unknown field
	data: [this struct(com/fasterxml/jackson/databind/type/CollectionType, [], [pointer(reference(com/fasterxml/jackson/databind/type/CollectionLikeType))], []) _class]
src/main/java/com/fasterxml/jackson/databind/type/CollectionType.java: error: unknown field
	data: [this struct(com/fasterxml/jackson/databind/type/CollectionType, [], [pointer(reference(com/fasterxml/jackson/databind/type/CollectionLikeType))], []) _valueHandler]
src/main/java/com/fasterxml/jackson/databind/type/CollectionType.java: error: unknown import
	data: com/fasterxml/jackson/databind/JavaType
src/main/java/com/fasterxml/jackson/databind/type/CollectionType.java: error: unknown field
	data: [this struct(com/fasterxml/jackson/databind/type/CollectionType, [], [pointer(reference(com/fasterxml/jackson/databind/type/CollectionLikeType))], []) _class]
src/main/java/com/fasterxml/jackson/databind/type/CollectionType.java: error: unknown field
	data: [this struct(com/fasterxml/jackson/databind/type/CollectionType, [], [pointer(reference(com/fasterxml/jackson/databind/type/CollectionLikeType))], []) _asStatic]
src/main/java/com/fasterxml/jackson/databind/type/CollectionType.java: error: unknown field
	data: [this struct(com/fasterxml/jackson/databind/type/CollectionType, [], [pointer(reference(com/fasterxml/jackson/databind/type/CollectionLikeType))], []) _valueHandler]
src/main/java/com/fasterxml/jackson/databind/type/CollectionType.java: error: unknown field
	data: [this struct(com/fasterxml/jackson/databind/type/CollectionType, [], [pointer(reference(com/fasterxml/jackson/databind/type/CollectionLikeType))], []) _class]
src/main/java/com/fasterxml/jackson/databind/type/CollectionType.java: error: unknown field
	data: [this struct(com/fasterxml/jackson/databind/type/CollectionType, [], [pointer(reference(com/fasterxml/jackson/databind/type/CollectionLikeType))], []) _typeHandler]
src/main/java/com/fasterxml/jackson/databind/type/CollectionType.java: error: unknown field
	data: [this struct(com/fasterxml/jackson/databind/type/CollectionType, [], [pointer(reference(com/fasterxml/jackson/databind/type/CollectionLikeType))], []) _asStatic]
src/main/java/com/fasterxml/jackson/databind/type/CollectionType.java: error: unknown field
	data: [this struct(com/fasterxml/jackson/databind/type/CollectionType, [], [pointer(reference(com/fasterxml/jackson/databind/type/CollectionLikeType))], []) _valueHandler]
src/main/java/com/fasterxml/jackson/databind/type/CollectionType.java: error: unknown function
	data: [pointer(genericInstance(reference(java/lang/Class), [wildcard(, pointer(reference(java/lang/Object)))])) java/lang/Class<descendant of java/lang/Object>//getTypeParameters [] []]
src/main/java/com/fasterxml/jackson/databind/type/CollectionType.java: error: unknown field
	data: [this struct(com/fasterxml/jackson/databind/type/CollectionType, [], [pointer(reference(com/fasterxml/jackson/databind/type/CollectionLikeType))], []) _asStatic]
src/main/java/com/fasterxml/jackson/databind/type/CollectionType.java: error: unknown field
	data: [this struct(com/fasterxml/jackson/databind/type/CollectionType, [], [pointer(reference(com/fasterxml/jackson/databind/type/CollectionLikeType))], []) _asStatic]
src/main/java/com/fasterxml/jackson/databind/type/CollectionType.java: error: unknown import
	data: java/lang/reflect/TypeVariable
src/main/java/com/fasterxml/jackson/databind/type/MapLikeType.java: error: unknown field
	data: [this struct(com/fasterxml/jackson/databind/type/MapLikeType, [], [pointer(reference(com/fasterxml/jackson/databind/type/TypeBase))], []) _valueHandler]
src/main/java/com/fasterxml/jackson/databind/type/MapLikeType.java: error: unknown field
	data: [this struct(com/fasterxml/jackson/databind/type/MapLikeType, [], [pointer(reference(com/fasterxml/jackson/databind/type/TypeBase))], []) _typeHandler]
src/main/java/com/fasterxml/jackson/databind/type/MapLikeType.java: error: unknown field
	data: [this struct(com/fasterxml/jackson/databind/type/MapLikeType, [], [pointer(reference(com/fasterxml/jackson/databind/type/TypeBase))], []) _asStatic]
src/main/java/com/fasterxml/jackson/databind/type/MapLikeType.java: error: unknown field
	data: [this struct(com/fasterxml/jackson/databind/type/MapLikeType, [], [pointer(reference(com/fasterxml/jackson/databind/type/TypeBase))], []) _valueHandler]
src/main/java/com/fasterxml/jackson/databind/type/MapLikeType.java: error: unknown field
	data: [this struct(com/fasterxml/jackson/databind/type/MapLikeType, [], [pointer(reference(com/fasterxml/jackson/databind/type/TypeBase))], []) _class]
src/main/java/com/fasterxml/jackson/databind/type/MapLikeType.java: error: unknown field
	data: [this struct(com/fasterxml/jackson/databind/type/MapLikeType, [], [pointer(reference(com/fasterxml/jackson/databind/type/TypeBase))], []) _typeHandler]
src/main/java/com/fasterxml/jackson/databind/type/MapLikeType.java: error: unknown function
	data: [pointer(genericInstance(reference(java/lang/Class), [wildcard(, pointer(reference(java/lang/Object)))])) java/lang/Class<descendant of java/lang/Object>//getTypeParameters [] []]
src/main/java/com/fasterxml/jackson/databind/type/MapLikeType.java: error: unknown field
	data: [this struct(com/fasterxml/jackson/databind/type/MapLikeType, [], [pointer(reference(com/fasterxml/jackson/databind/type/TypeBase))], []) _class]
src/main/java/com/fasterxml/jackson/databind/type/MapLikeType.java: error: unknown field
	data: [this struct(com/fasterxml/jackson/databind/type/MapLikeType, [], [pointer(reference(com/fasterxml/jackson/databind/type/TypeBase))], []) _valueHandler]
src/main/java/com/fasterxml/jackson/databind/type/MapLikeType.java: error: unknown field
	data: [this struct(com/fasterxml/jackson/databind/type/MapLikeType, [], [pointer(reference(com/fasterxml/jackson/databind/type/TypeBase))], []) _asStatic]
src/main/java/com/fasterxml/jackson/databind/type/MapLikeType.java: error: unknown field
	data: [this struct(com/fasterxml/jackson/databind/type/MapLikeType, [], [pointer(reference(com/fasterxml/jackson/databind/type/TypeBase))], []) _class]
src/main/java/com/fasterxml/jackson/databind/type/MapLikeType.java: error: unknown field
	data: [this struct(com/fasterxml/jackson/databind/type/MapLikeType, [], [pointer(reference(com/fasterxml/jackson/databind/type/TypeBase))], []) _class]
src/main/java/com/fasterxml/jackson/databind/type/MapLikeType.java: error: unknown field
	data: [this struct(com/fasterxml/jackson/databind/type/MapLikeType, [], [pointer(reference(com/fasterxml/jackson/databind/type/TypeBase))], []) _asStatic]
src/main/java/com/fasterxml/jackson/databind/type/MapLikeType.java: error: unknown function
	data: [<nil> getClass [] []]
src/main/java/com/fasterxml/jackson/databind/type/MapLikeType.java: error: unknown field
	data: [this struct(com/fasterxml/jackson/databind/type/MapLikeType, [], [pointer(reference(com/fasterxml/jackson/databind/type/TypeBase))], []) _valueHandler]
src/main/java/com/fasterxml/jackson/databind/type/MapLikeType.java: error: unknown function
	data: [genericInstance(reference(java/lang/Class), [pointer(reference(java/lang/Object))]) java/lang/Class<java/lang/Object>//isAssignableFrom [] [unsupported]]
src/main/java/com/fasterxml/jackson/databind/type/MapLikeType.java: error: unknown field
	data: [this struct(com/fasterxml/jackson/databind/type/MapLikeType, [], [pointer(reference(com/fasterxml/jackson/databind/type/TypeBase))], []) _class]
src/main/java/com/fasterxml/jackson/databind/type/MapLikeType.java: error: unknown field
	data: [this struct(com/fasterxml/jackson/databind/type/MapLikeType, [], [pointer(reference(com/fasterxml/jackson/databind/type/TypeBase))], []) _asStatic]
src/main/java/com/fasterxml/jackson/databind/type/MapLikeType.java: error: unknown field
	data: [this struct(com/fasterxml/jackson/databind/type/MapLikeType, [], [pointer(reference(com/fasterxml/jackson/databind/type/TypeBase))], []) _asStatic]
src/main/java/com/fasterxml/jackson/databind/type/MapLikeType.java: error: unknown field
	data: [this struct(com/fasterxml/jackson/databind/type/MapLikeType, [], [pointer(reference(com/fasterxml/jackson/databind/type/TypeBase))], []) _class]
src/main/java/com/fasterxml/jackson/databind/type/MapLikeType.java: error: unknown field
	data: [this struct(com/fasterxml/jackson/databind/type/MapLikeType, [], [pointer(reference(com/fasterxml/jackson/databind/type/TypeBase))], []) _asStatic]
src/main/java/com/fasterxml/jackson/databind/type/MapLikeType.java: error: unknown field
	data: [this struct(com/fasterxml/jackson/databind/type/MapLikeType, [], [pointer(reference(com/fasterxml/jackson/databind/type/TypeBase))], []) _typeHandler]
src/main/java/com/fasterxml/jackson/databind/type/MapLikeType.java: error: unknown field
	data: [this struct(com/fasterxml/jackson/databind/type/MapLikeType, [], [pointer(reference(com/fasterxml/jackson/databind/type/TypeBase))], []) _asStatic]
src/main/java/com/fasterxml/jackson/databind/type/MapLikeType.java: error: unknown field
	data: [this struct(com/fasterxml/jackson/databind/type/MapLikeType, [], [pointer(reference(com/fasterxml/jackson/databind/type/TypeBase))], []) _valueHandler]
src/main/java/com/fasterxml/jackson/databind/type/MapLikeType.java: error: unknown import
	data: com/fasterxml/jackson/databind/JavaType
src/main/java/com/fasterxml/jackson/databind/type/MapLikeType.java: error: unknown function
	data: [struct(com/fasterxml/jackson/databind/type/TypeBase, [], [unsupported(JavaType)], [unsupported(JsonSerializable)]) com/fasterxml/jackson/databind/type/TypeBase//@@constructor [] []]
src/main/java/com/fasterxml/jackson/databind/type/MapLikeType.java: error: unknown field
	data: [this struct(com/fasterxml/jackson/databind/type/MapLikeType, [], [pointer(reference(com/fasterxml/jackson/databind/type/TypeBase))], []) _class]
src/main/java/com/fasterxml/jackson/databind/type/MapLikeType.java: error: unknown field
	data: [this struct(com/fasterxml/jackson/databind/type/MapLikeType, [], [pointer(reference(com/fasterxml/jackson/databind/type/TypeBase))], []) _class]
src/main/java/com/fasterxml/jackson/databind/type/MapLikeType.java: error: unknown field
	data: [this struct(com/fasterxml/jackson/databind/type/MapLikeType, [], [pointer(reference(com/fasterxml/jackson/databind/type/TypeBase))], []) _typeHandler]
src/main/java/com/fasterxml/jackson/databind/type/MapLikeType.java: error: unknown field
	data: [this struct(com/fasterxml/jackson/databind/type/MapLikeType, [], [pointer(reference(com/fasterxml/jackson/databind/type/TypeBase))], []) _valueHandler]
src/main/java/com/fasterxml/jackson/databind/type/MapLikeType.java: error: unknown field
	data: [this struct(com/fasterxml/jackson/databind/type/MapLikeType, [], [pointer(reference(com/fasterxml/jackson/databind/type/TypeBase))], []) _typeHandler]
src/main/java/com/fasterxml/jackson/databind/type/MapLikeType.java: error: unknown field
	data: [this struct(com/fasterxml/jackson/databind/type/MapLikeType, [], [pointer(reference(com/fasterxml/jackson/databind/type/TypeBase))], []) _typeHandler]
src/main/java/com/fasterxml/jackson/databind/type/MapLikeType.java: error: unknown field
	data: [this struct(com/fasterxml/jackson/databind/type/MapLikeType, [], [pointer(reference(com/fasterxml/jackson/databind/type/TypeBase))], []) _valueHandler]
src/main/java/com/fasterxml/jackson/databind/type/MapLikeType.java: error: unknown field
	data: [this struct(com/fasterxml/jackson/databind/type/MapLikeType, [], [pointer(reference(com/fasterxml/jackson/databind/type/TypeBase))], []) _asStatic]
src/main/java/com/fasterxml/jackson/databind/type/MapLikeType.java: error: unknown field
	data: [this struct(com/fasterxml/jackson/databind/type/MapLikeType, [], [pointer(reference(com/fasterxml/jackson/databind/type/TypeBase))], []) _class]
src/main/java/com/fasterxml/jackson/databind/type/MapLikeType.java: error: unknown field
	data: [this struct(com/fasterxml/jackson/databind/type/MapLikeType, [], [pointer(reference(com/fasterxml/jackson/databind/type/TypeBase))], []) _class]
src/main/java/com/fasterxml/jackson/databind/type/MapLikeType.java: error: unknown field
	data: [this struct(com/fasterxml/jackson/databind/type/MapLikeType, [], [pointer(reference(com/fasterxml/jackson/databind/type/TypeBase))], []) _class]
src/main/java/com/fasterxml/jackson/databind/type/MapLikeType.java: error: unknown field
	data: [this struct(com/fasterxml/jackson/databind/type/MapLikeType, [], [pointer(reference(com/fasterxml/jackson/databind/type/TypeBase))], []) _class]
src/main/java/com/fasterxml/jackson/databind/type/MapLikeType.java: error: unknown field
	data: [other struct(com/fasterxml/jackson/databind/type/MapLikeType, [], [pointer(reference(com/fasterxml/jackson/databind/type/TypeBase))], []) _class]
src/main/java/com/fasterxml/jackson/databind/type/MapLikeType.java: error: unknown import
	data: java/lang/reflect/TypeVariable
src/main/java/com/fasterxml/jackson/databind/type/MapLikeType.java: error: unknown field
	data: [this struct(com/fasterxml/jackson/databind/type/MapLikeType, [], [pointer(reference(com/fasterxml/jackson/databind/type/TypeBase))], []) _class]
src/main/java/com/fasterxml/jackson/databind/type/MapLikeType.java: error: unknown field
	data: [this struct(com/fasterxml/jackson/databind/type/MapLikeType, [], [pointer(reference(com/fasterxml/jackson/databind/type/TypeBase))], []) _typeHandler]
src/main/java/com/fasterxml/jackson/databind/type/MapLikeType.java: error: unknown field
	data: [this struct(com/fasterxml/jackson/databind/type/MapLikeType, [], [pointer(reference(com/fasterxml/jackson/databind/type/TypeBase))], []) _asStatic]
src/main/java/com/fasterxml/jackson/databind/type/MapLikeType.java: error: unknown field
	data: [this struct(com/fasterxml/jackson/databind/type/MapLikeType, [], [pointer(reference(com/fasterxml/jackson/databind/type/TypeBase))], []) _typeHandler]
src/main/java/com/fasterxml/jackson/databind/type/MapLikeType.java: error: unknown field
	data: [this struct(com/fasterxml/jackson/databind/type/MapLikeType, [], [pointer(reference(com/fasterxml/jackson/databind/type/TypeBase))], []) _class]
src/main/java/com/fasterxml/jackson/databind/type/MapLikeType.java: error: unknown field
	data: [this struct(com/fasterxml/jackson/databind/type/MapLikeType, [], [pointer(reference(com/fasterxml/jackson/databind/type/TypeBase))], []) _valueHandler]
src/main/java/com/fasterxml/jackson/databind/type/MapLikeType.java: error: unknown type
	data: Deprecated
src/main/java/com/fasterxml/jackson/databind/type/MapLikeType.java: error: unknown field
	data: [this struct(com/fasterxml/jackson/databind/type/MapLikeType, [], [pointer(reference(com/fasterxml/jackson/databind/type/TypeBase))], []) _asStatic]
src/main/java/com/fasterxml/jackson/databind/type/MapLikeType.java: error: unknown field
	data: [this struct(com/fasterxml/jackson/databind/type/MapLikeType, [], [pointer(reference(com/fasterxml/jackson/databind/type/TypeBase))], []) _typeHandler]
src/main/java/com/fasterxml/jackson/databind/type/MapLikeType.java: error: unknown field
	data: [this struct(com/fasterxml/jackson/databind/type/MapLikeType, [], [pointer(reference(com/fasterxml/jackson/databind/type/TypeBase))], []) _class]
src/main/java/com/fasterxml/jackson/databind/type/MapLikeType.java: error: unknown field
	data: [this struct(com/fasterxml/jackson/databind/type/MapLikeType, [], [pointer(reference(com/fasterxml/jackson/databind/type/TypeBase))], []) _valueHandler]
src/main/java/com/fasterxml/jackson/databind/type/MapLikeType.java: error: unknown field
	data: [this struct(com/fasterxml/jackson/databind/type/MapLikeType, [], [pointer(reference(com/fasterxml/jackson/databind/type/TypeBase))], []) _asStatic]
src/main/java/com/fasterxml/jackson/databind/type/MapLikeType.java: error: unknown function
	data: [pointer(reference(java/lang/Object)) java/lang/Object//getClass [] []]
src/main/java/com/fasterxml/jackson/databind/type/MapLikeType.java: error: unknown field
	data: [this struct(com/fasterxml/jackson/databind/type/MapLikeType, [], [pointer(reference(com/fasterxml/jackson/databind/type/TypeBase))], []) _valueHandler]
src/main/java/com/fasterxml/jackson/databind/type/MapLikeType.java: error: unknown field
	data: [this struct(com/fasterxml/jackson/databind/type/MapLikeType, [], [pointer(reference(com/fasterxml/jackson/databind/type/TypeBase))], []) _typeHandler]
src/main/java/com/fasterxml/jackson/databind/type/MapType.java: error: unknown field
	data: [this struct(com/fasterxml/jackson/databind/type/MapType, [], [pointer(reference(com/fasterxml/jackson/databind/type/MapLikeType))], []) _asStatic]
src/main/java/com/fasterxml/jackson/databind/type/MapType.java: error: unknown field
	data: [this struct(com/fasterxml/jackson/databind/type/MapType, [], [pointer(reference(com/fasterxml/jackson/databind/type/MapLikeType))], []) _typeHandler]
src/main/java/com/fasterxml/jackson/databind/type/MapType.java: error: unknown field
	data: [this struct(com/fasterxml/jackson/databind/type/MapType, [], [pointer(reference(com/fasterxml/jackson/databind/type/MapLikeType))], []) _typeHandler]
src/main/java/com/fasterxml/jackson/databind/type/MapType.java: error: unknown field
	data: [this struct(com/fasterxml/jackson/databind/type/MapType, [], [pointer(reference(com/fasterxml/jackson/databind/type/MapLikeType))], []) _asStatic]
src/main/java/com/fasterxml/jackson/databind/type/MapType.java: error: unknown field
	data: [this struct(com/fasterxml/jackson/databind/type/MapType, [], [pointer(reference(com/fasterxml/jackson/databind/type/MapLikeType))], []) _valueHandler]
src/main/java/com/fasterxml/jackson/databind/type/MapType.java: error: unknown field
	data: [this struct(com/fasterxml/jackson/databind/type/MapType, [], [pointer(reference(com/fasterxml/jackson/databind/type/MapLikeType))], []) _asStatic]
src/main/java/com/fasterxml/jackson/databind/type/MapType.java: error: unknown field
	data: [this struct(com/fasterxml/jackson/databind/type/MapType, [], [pointer(reference(com/fasterxml/jackson/databind/type/MapLikeType))], []) _class]
src/main/java/com/fasterxml/jackson/databind/type/MapType.java: error: unknown field
	data: [this struct(com/fasterxml/jackson/databind/type/MapType, [], [pointer(reference(com/fasterxml/jackson/databind/type/MapLikeType))], []) _valueHandler]
src/main/java/com/fasterxml/jackson/databind/type/MapType.java: error: unknown field
	data: [this struct(com/fasterxml/jackson/databind/type/MapType, [], [pointer(reference(com/fasterxml/jackson/databind/type/MapLikeType))], []) _asStatic]
src/main/java/com/fasterxml/jackson/databind/type/MapType.java: error: unknown field
	data: [this struct(com/fasterxml/jackson/databind/type/MapType, [], [pointer(reference(com/fasterxml/jackson/databind/type/MapLikeType))], []) _asStatic]
src/main/java/com/fasterxml/jackson/databind/type/MapType.java: error: unknown field
	data: [this struct(com/fasterxml/jackson/databind/type/MapType, [], [pointer(reference(com/fasterxml/jackson/databind/type/MapLikeType))], []) _class]
src/main/java/com/fasterxml/jackson/databind/type/MapType.java: error: unknown field
	data: [this struct(com/fasterxml/jackson/databind/type/MapType, [], [pointer(reference(com/fasterxml/jackson/databind/type/MapLikeType))], []) _asStatic]
src/main/java/com/fasterxml/jackson/databind/type/MapType.java: error: unknown type
	data: Deprecated
src/main/java/com/fasterxml/jackson/databind/type/MapType.java: error: unknown function
	data: [struct(com/fasterxml/jackson/databind/type/MapLikeType, [], [pointer(reference(com/fasterxml/jackson/databind/type/TypeBase))], []) com/fasterxml/jackson/databind/type/MapLikeType//@@constructor [] []]
src/main/java/com/fasterxml/jackson/databind/type/MapType.java: error: unknown field
	data: [this struct(com/fasterxml/jackson/databind/type/MapType, [], [pointer(reference(com/fasterxml/jackson/databind/type/MapLikeType))], []) _valueHandler]
src/main/java/com/fasterxml/jackson/databind/type/MapType.java: error: unknown field
	data: [this struct(com/fasterxml/jackson/databind/type/MapType, [], [pointer(reference(com/fasterxml/jackson/databind/type/MapLikeType))], []) _valueHandler]
src/main/java/com/fasterxml/jackson/databind/type/MapType.java: error: unknown field
	data: [this struct(com/fasterxml/jackson/databind/type/MapType, [], [pointer(reference(com/fasterxml/jackson/databind/type/MapLikeType))], []) _class]
src/main/java/com/fasterxml/jackson/databind/type/MapType.java: error: unknown field
	data: [this struct(com/fasterxml/jackson/databind/type/MapType, [], [pointer(reference(com/fasterxml/jackson/databind/type/MapLikeType))], []) _valueHandler]
src/main/java/com/fasterxml/jackson/databind/type/MapType.java: error: unknown field
	data: [this struct(com/fasterxml/jackson/databind/type/MapType, [], [pointer(reference(com/fasterxml/jackson/databind/type/MapLikeType))], []) _typeHandler]
src/main/java/com/fasterxml/jackson/databind/type/MapType.java: error: unknown field
	data: [this struct(com/fasterxml/jackson/databind/type/MapType, [], [pointer(reference(com/fasterxml/jackson/databind/type/MapLikeType))], []) _class]
src/main/java/com/fasterxml/jackson/databind/type/MapType.java: error: unknown import
	data: java/lang/reflect/TypeVariable
src/main/java/com/fasterxml/jackson/databind/type/MapType.java: error: unknown import
	data: com/fasterxml/jackson/databind/JavaType
src/main/java/com/fasterxml/jackson/databind/type/MapType.java: error: unknown field
	data: [this struct(com/fasterxml/jackson/databind/type/MapType, [], [pointer(reference(com/fasterxml/jackson/databind/type/MapLikeType))], []) _class]
src/main/java/com/fasterxml/jackson/databind/type/MapType.java: error: unknown field
	data: [this struct(com/fasterxml/jackson/databind/type/MapType, [], [pointer(reference(com/fasterxml/jackson/databind/type/MapLikeType))], []) _valueHandler]
src/main/java/com/fasterxml/jackson/databind/type/MapType.java: error: unknown field
	data: [this struct(com/fasterxml/jackson/databind/type/MapType, [], [pointer(reference(com/fasterxml/jackson/databind/type/MapLikeType))], []) _typeHandler]
src/main/java/com/fasterxml/jackson/databind/type/MapType.java: error: unknown field
	data: [this struct(com/fasterxml/jackson/databind/type/MapType, [], [pointer(reference(com/fasterxml/jackson/databind/type/MapLikeType))], []) _typeHandler]
src/main/java/com/fasterxml/jackson/databind/type/MapType.java: error: unknown field
	data: [this struct(com/fasterxml/jackson/databind/type/MapType, [], [pointer(reference(com/fasterxml/jackson/databind/type/MapLikeType))], []) _class]
src/main/java/com/fasterxml/jackson/databind/type/MapType.java: error: unknown function
	data: [pointer(genericInstance(reference(java/lang/Class), [wildcard(, pointer(reference(java/lang/Object)))])) java/lang/Class<descendant of java/lang/Object>//getTypeParameters [] []]
src/main/java/com/fasterxml/jackson/databind/type/MapType.java: error: unknown field
	data: [this struct(com/fasterxml/jackson/databind/type/MapType, [], [pointer(reference(com/fasterxml/jackson/databind/type/MapLikeType))], []) _class]
src/main/java/com/fasterxml/jackson/databind/type/MapType.java: error: unknown field
	data: [this struct(com/fasterxml/jackson/databind/type/MapType, [], [pointer(reference(com/fasterxml/jackson/databind/type/MapLikeType))], []) _class]
src/main/java/com/fasterxml/jackson/databind/type/MapType.java: error: unknown field
	data: [this struct(com/fasterxml/jackson/databind/type/MapType, [], [pointer(reference(com/fasterxml/jackson/databind/type/MapLikeType))], []) _typeHandler]
src/main/java/com/fasterxml/jackson/databind/type/MapType.java: error: unknown field
	data: [this struct(com/fasterxml/jackson/databind/type/MapType, [], [pointer(reference(com/fasterxml/jackson/databind/type/MapLikeType))], []) _class]
src/main/java/com/fasterxml/jackson/databind/type/MapType.java: error: unknown field
	data: [this struct(com/fasterxml/jackson/databind/type/MapType, [], [pointer(reference(com/fasterxml/jackson/databind/type/MapLikeType))], []) _class]
src/main/java/com/fasterxml/jackson/databind/type/MapType.java: error: unknown field
	data: [this struct(com/fasterxml/jackson/databind/type/MapType, [], [pointer(reference(com/fasterxml/jackson/databind/type/MapLikeType))], []) _typeHandler]
src/main/java/com/fasterxml/jackson/databind/type/MapType.java: error: unknown field
	data: [this struct(com/fasterxml/jackson/databind/type/MapType, [], [pointer(reference(com/fasterxml/jackson/databind/type/MapLikeType))], []) _typeHandler]
src/main/java/com/fasterxml/jackson/databind/type/MapType.java: error: unknown field
	data: [this struct(com/fasterxml/jackson/databind/type/MapType, [], [pointer(reference(com/fasterxml/jackson/databind/type/MapLikeType))], []) _asStatic]
src/main/java/com/fasterxml/jackson/databind/type/MapType.java: error: unknown field
	data: [this struct(com/fasterxml/jackson/databind/type/MapType, [], [pointer(reference(com/fasterxml/jackson/databind/type/MapLikeType))], []) _typeHandler]
src/main/java/com/fasterxml/jackson/databind/type/MapType.java: error: unknown field
	data: [this struct(com/fasterxml/jackson/databind/type/MapType, [], [pointer(reference(com/fasterxml/jackson/databind/type/MapLikeType))], []) _asStatic]
src/main/java/com/fasterxml/jackson/databind/type/MapType.java: error: unknown field
	data: [this struct(com/fasterxml/jackson/databind/type/MapType, [], [pointer(reference(com/fasterxml/jackson/databind/type/MapLikeType))], []) _valueHandler]
src/main/java/com/fasterxml/jackson/databind/type/MapType.java: error: unknown field
	data: [this struct(com/fasterxml/jackson/databind/type/MapType, [], [pointer(reference(com/fasterxml/jackson/databind/type/MapLikeType))], []) _valueHandler]
src/main/java/com/fasterxml/jackson/databind/type/MapType.java: error: unknown field
	data: [this struct(com/fasterxml/jackson/databind/type/MapType, [], [pointer(reference(com/fasterxml/jackson/databind/type/MapLikeType))], []) _asStatic]
src/main/java/com/fasterxml/jackson/databind/type/MapType.java: error: unknown field
	data: [this struct(com/fasterxml/jackson/databind/type/MapType, [], [pointer(reference(com/fasterxml/jackson/databind/type/MapLikeType))], []) _asStatic]
src/main/java/com/fasterxml/jackson/databind/type/MapType.java: error: unknown field
	data: [this struct(com/fasterxml/jackson/databind/type/MapType, [], [pointer(reference(com/fasterxml/jackson/databind/type/MapLikeType))], []) _typeHandler]
src/main/java/com/fasterxml/jackson/databind/type/MapType.java: error: unknown field
	data: [this struct(com/fasterxml/jackson/databind/type/MapType, [], [pointer(reference(com/fasterxml/jackson/databind/type/MapLikeType))], []) _valueHandler]
src/main/java/com/fasterxml/jackson/databind/type/MapType.java: error: unknown field
	data: [this struct(com/fasterxml/jackson/databind/type/MapType, [], [pointer(reference(com/fasterxml/jackson/databind/type/MapLikeType))], []) _asStatic]
src/main/java/com/fasterxml/jackson/databind/type/MapType.java: error: unknown field
	data: [this struct(com/fasterxml/jackson/databind/type/MapType, [], [pointer(reference(com/fasterxml/jackson/databind/type/MapLikeType))], []) _valueHandler]
src/main/java/com/fasterxml/jackson/databind/type/ReferenceType.java: error: unknown function
	data: [<nil> com/fasterxml/jackson/databind/type/ReferenceType//ReferenceType [] [cls call(com/fasterxml/jackson/databind/type/TypeBindings//emptyBindings!d41d8cd98f00b204e9800998ecf8427e, []) nil nil refType nil nil false]]
src/main/java/com/fasterxml/jackson/databind/type/ReferenceType.java: error: unknown field
	data: [this struct(com/fasterxml/jackson/databind/type/ReferenceType, [], [pointer(reference(com/fasterxml/jackson/databind/type/SimpleType))], []) _class]
src/main/java/com/fasterxml/jackson/databind/type/ReferenceType.java: error: unknown field
	data: [this struct(com/fasterxml/jackson/databind/type/ReferenceType, [], [pointer(reference(com/fasterxml/jackson/databind/type/SimpleType))], []) _typeHandler]
src/main/java/com/fasterxml/jackson/databind/type/ReferenceType.java: error: unknown field
	data: [this struct(com/fasterxml/jackson/databind/type/ReferenceType, [], [pointer(reference(com/fasterxml/jackson/databind/type/SimpleType))], []) _typeHandler]
src/main/java/com/fasterxml/jackson/databind/type/ReferenceType.java: error: unknown field
	data: [this struct(com/fasterxml/jackson/databind/type/ReferenceType, [], [pointer(reference(com/fasterxml/jackson/databind/type/SimpleType))], []) _valueHandler]
src/main/java/com/fasterxml/jackson/databind/type/ReferenceType.java: error: unknown field
	data: [this struct(com/fasterxml/jackson/databind/type/ReferenceType, [], [pointer(reference(com/fasterxml/jackson/databind/type/SimpleType))], []) _class]
src/main/java/com/fasterxml/jackson/databind/type/ReferenceType.java: error: unknown field
	data: [this struct(com/fasterxml/jackson/databind/type/ReferenceType, [], [pointer(reference(com/fasterxml/jackson/databind/type/SimpleType))], []) _valueHandler]
src/main/java/com/fasterxml/jackson/databind/type/ReferenceType.java: error: unknown field
	data: [other struct(com/fasterxml/jackson/databind/type/ReferenceType, [], [pointer(reference(com/fasterxml/jackson/databind/type/SimpleType))], []) _class]
src/main/java/com/fasterxml/jackson/databind/type/ReferenceType.java: error: unknown function
	data: [struct(com/fasterxml/jackson/databind/type/SimpleType, [], [pointer(reference(com/fasterxml/jackson/databind/type/TypeBase))], []) com/fasterxml/jackson/databind/type/SimpleType//@@constructor [] []]
src/main/java/com/fasterxml/jackson/databind/type/ReferenceType.java: error: unknown field
	data: [this struct(com/fasterxml/jackson/databind/type/ReferenceType, [], [pointer(reference(com/fasterxml/jackson/databind/type/SimpleType))], []) _valueHandler]
src/main/java/com/fasterxml/jackson/databind/type/ReferenceType.java: error: unknown field
	data: [this struct(com/fasterxml/jackson/databind/type/ReferenceType, [], [pointer(reference(com/fasterxml/jackson/databind/type/SimpleType))], []) _asStatic]
src/main/java/com/fasterxml/jackson/databind/type/ReferenceType.java: error: unknown field
	data: [this struct(com/fasterxml/jackson/databind/type/ReferenceType, [], [pointer(reference(com/fasterxml/jackson/databind/type/SimpleType))], []) _asStatic]
src/main/java/com/fasterxml/jackson/databind/type/ReferenceType.java: error: unknown field
	data: [this struct(com/fasterxml/jackson/databind/type/ReferenceType, [], [pointer(reference(com/fasterxml/jackson/databind/type/SimpleType))], []) _typeHandler]
src/main/java/com/fasterxml/jackson/databind/type/ReferenceType.java: error: unknown field
	data: [this struct(com/fasterxml/jackson/databind/type/ReferenceType, [], [pointer(reference(com/fasterxml/jackson/databind/type/SimpleType))], []) _class]
src/main/java/com/fasterxml/jackson/databind/type/ReferenceType.java: error: unknown field
	data: [this struct(com/fasterxml/jackson/databind/type/ReferenceType, [], [pointer(reference(com/fasterxml/jackson/databind/type/SimpleType))], []) _typeHandler]
src/main/java/com/fasterxml/jackson/databind/type/ReferenceType.java: error: unknown field
	data: [this struct(com/fasterxml/jackson/databind/type/ReferenceType, [], [pointer(reference(com/fasterxml/jackson/databind/type/SimpleType))], []) _class]
src/main/java/com/fasterxml/jackson/databind/type/ReferenceType.java: error: unknown function
	data: [<nil> getClass [] []]
src/main/java/com/fasterxml/jackson/databind/type/ReferenceType.java: error: unknown field
	data: [this struct(com/fasterxml/jackson/databind/type/ReferenceType, [], [pointer(reference(com/fasterxml/jackson/databind/type/SimpleType))], []) _class]
src/main/java/com/fasterxml/jackson/databind/type/ReferenceType.java: error: unknown field
	data: [this struct(com/fasterxml/jackson/databind/type/ReferenceType, [], [pointer(reference(com/fasterxml/jackson/databind/type/SimpleType))], []) _asStatic]
src/main/java/com/fasterxml/jackson/databind/type/ReferenceType.java: error: unknown field
	data: [this struct(com/fasterxml/jackson/databind/type/ReferenceType, [], [pointer(reference(com/fasterxml/jackson/databind/type/SimpleType))], []) _typeHandler]
src/main/java/com/fasterxml/jackson/databind/type/ReferenceType.java: error: unknown field
	data: [this struct(com/fasterxml/jackson/databind/type/ReferenceType, [], [pointer(reference(com/fasterxml/jackson/databind/type/SimpleType))], []) _class]
src/main/java/com/fasterxml/jackson/databind/type/ReferenceType.java: error: unknown field
	data: [this struct(com/fasterxml/jackson/databind/type/ReferenceType, [], [pointer(reference(com/fasterxml/jackson/databind/type/SimpleType))], []) _asStatic]
src/main/java/com/fasterxml/jackson/databind/type/ReferenceType.java: error: unknown field
	data: [this struct(com/fasterxml/jackson/databind/type/ReferenceType, [], [pointer(reference(com/fasterxml/jackson/databind/type/SimpleType))], []) _class]
src/main/java/com/fasterxml/jackson/databind/type/ReferenceType.java: error: unknown field
	data: [this struct(com/fasterxml/jackson/databind/type/ReferenceType, [], [pointer(reference(com/fasterxml/jackson/databind/type/SimpleType))], []) _valueHandler]
src/main/java/com/fasterxml/jackson/databind/type/ReferenceType.java: error: unknown field
	data: [this struct(com/fasterxml/jackson/databind/type/ReferenceType, [], [pointer(reference(com/fasterxml/jackson/databind/type/SimpleType))], []) _asStatic]
src/main/java/com/fasterxml/jackson/databind/type/ReferenceType.java: error: unknown function
	data: [pointer(reference(java/lang/Object)) java/lang/Object//getClass [] []]
src/main/java/com/fasterxml/jackson/databind/type/ReferenceType.java: error: unknown field
	data: [this struct(com/fasterxml/jackson/databind/type/ReferenceType, [], [pointer(reference(com/fasterxml/jackson/databind/type/SimpleType))], []) _class]
src/main/java/com/fasterxml/jackson/databind/type/ReferenceType.java: error: unknown field
	data: [this struct(com/fasterxml/jackson/databind/type/ReferenceType, [], [pointer(reference(com/fasterxml/jackson/databind/type/SimpleType))], []) _typeHandler]
src/main/java/com/fasterxml/jackson/databind/type/ReferenceType.java: error: unknown field
	data: [this struct(com/fasterxml/jackson/databind/type/ReferenceType, [], [pointer(reference(com/fasterxml/jackson/databind/type/SimpleType))], []) _valueHandler]
src/main/java/com/fasterxml/jackson/databind/type/ReferenceType.java: error: unknown field
	data: [this struct(com/fasterxml/jackson/databind/type/ReferenceType, [], [pointer(reference(com/fasterxml/jackson/databind/type/SimpleType))], []) _valueHandler]
src/main/java/com/fasterxml/jackson/databind/type/ReferenceType.java: error: unknown field
	data: [this struct(com/fasterxml/jackson/databind/type/ReferenceType, [], [pointer(reference(com/fasterxml/jackson/databind/type/SimpleType))], []) _class]
src/main/java/com/fasterxml/jackson/databind/type/ReferenceType.java: error: unknown field
	data: [this struct(com/fasterxml/jackson/databind/type/ReferenceType, [], [pointer(reference(com/fasterxml/jackson/databind/type/SimpleType))], []) _asStatic]
src/main/java/com/fasterxml/jackson/databind/type/ReferenceType.java: error: unknown field
	data: [this struct(com/fasterxml/jackson/databind/type/ReferenceType, [], [pointer(reference(com/fasterxml/jackson/databind/type/SimpleType))], []) _asStatic]
src/main/java/com/fasterxml/jackson/databind/type/ReferenceType.java: error: unknown type
	data: Deprecated
src/main/java/com/fasterxml/jackson/databind/type/ReferenceType.java: error: unknown field
	data: [this struct(com/fasterxml/jackson/databind/type/ReferenceType, [], [pointer(reference(com/fasterxml/jackson/databind/type/SimpleType))], []) _asStatic]
src/main/java/com/fasterxml/jackson/databind/type/ReferenceType.java: error: unknown field
	data: [this struct(com/fasterxml/jackson/databind/type/ReferenceType, [], [pointer(reference(com/fasterxml/jackson/databind/type/SimpleType))], []) _valueHandler]
src/main/java/com/fasterxml/jackson/databind/type/ReferenceType.java: error: unknown field
	data: [this struct(com/fasterxml/jackson/databind/type/ReferenceType, [], [pointer(reference(com/fasterxml/jackson/databind/type/SimpleType))], []) _typeHandler]
src/main/java/com/fasterxml/jackson/databind/type/ReferenceType.java: error: unknown import
	data: com/fasterxml/jackson/databind/JavaType
src/main/java/com/fasterxml/jackson/databind/type/ReferenceType.java: error: unknown field
	data: [this struct(com/fasterxml/jackson/databind/type/ReferenceType, [], [pointer(reference(com/fasterxml/jackson/databind/type/SimpleType))], []) _valueHandler]
src/main/java/com/fasterxml/jackson/databind/type/ReferenceType.java: error: unknown field
	data: [this struct(com/fasterxml/jackson/databind/type/ReferenceType, [], [pointer(reference(com/fasterxml/jackson/databind/type/SimpleType))], []) _typeHandler]
src/main/java/com/fasterxml/jackson/databind/type/ReferenceType.java: error: unknown field
	data: [this struct(com/fasterxml/jackson/databind/type/ReferenceType, [], [pointer(reference(com/fasterxml/jackson/databind/type/SimpleType))], []) _class]
src/main/java/com/fasterxml/jackson/databind/type/ResolvedRecursiveType.java: error: unknown function
	data: [<nil> getClass [] []]
src/main/java/com/fasterxml/jackson/databind/type/ResolvedRecursiveType.java: error: unknown import
	data: com/fasterxml/jackson/databind/JavaType
src/main/java/com/fasterxml/jackson/databind/type/ResolvedRecursiveType.java: error: unknown type
	data: Deprecated
src/main/java/com/fasterxml/jackson/databind/type/ResolvedRecursiveType.java: error: unknown function
	data: [struct(com/fasterxml/jackson/databind/type/TypeBase, [], [unsupported(JavaType)], [unsupported(JsonSerializable)]) com/fasterxml/jackson/databind/type/TypeBase//@@constructor [] [erasedType bindings nil nil 0 nil nil false]]
src/main/java/com/fasterxml/jackson/databind/type/ResolvedRecursiveType.java: error: unknown function
	data: [struct(com/fasterxml/jackson/databind/type/TypeBase, [], [unsupported(JavaType)], [unsupported(JsonSerializable)]) com/fasterxml/jackson/databind/type/TypeBase//@@constructor [] []]
src/main/java/com/fasterxml/jackson/databind/type/ResolvedRecursiveType.java: error: unknown function
	data: [pointer(reference(java/lang/Object)) java/lang/Object//getClass [] []]
src/main/java/com/fasterxml/jackson/databind/type/SimpleType.java: error: unknown field
	data: [other struct(com/fasterxml/jackson/databind/type/SimpleType, [], [pointer(reference(com/fasterxml/jackson/databind/type/TypeBase))], []) _class]
src/main/java/com/fasterxml/jackson/databind/type/SimpleType.java: error: unknown function
	data: [struct(com/fasterxml/jackson/databind/type/TypeBase, [], [unsupported(JavaType)], [unsupported(JsonSerializable)]) com/fasterxml/jackson/databind/type/TypeBase//@@constructor [] []]
src/main/java/com/fasterxml/jackson/databind/type/SimpleType.java: error: unknown function
	data: [genericInstance(reference(java/lang/Class), [pointer(reference(java/lang/Object))]) java/lang/Class<java/lang/Object>//isAssignableFrom [] [cls]]
src/main/java/com/fasterxml/jackson/databind/type/SimpleType.java: error: unknown field
	data: [this struct(com/fasterxml/jackson/databind/type/SimpleType, [], [pointer(reference(com/fasterxml/jackson/databind/type/TypeBase))], []) _class]
src/main/java/com/fasterxml/jackson/databind/type/SimpleType.java: error: unknown function
	data: [<nil> com/fasterxml/jackson/databind/type/SimpleType//SimpleType [] [subclass select(select(this, @com/fasterxml/jackson/databind/type/TypeBase), _bindings) this select(select(this, @com/fasterxml/jackson/databind/type/TypeBase), _superInterfaces) unsupported unsupported unsupported]]
src/main/java/com/fasterxml/jackson/databind/type/SimpleType.java: error: unknown field
	data: [this struct(com/fasterxml/jackson/databind/type/SimpleType, [], [pointer(reference(com/fasterxml/jackson/databind/type/TypeBase))], []) _typeHandler]
src/main/java/com/fasterxml/jackson/databind/type/SimpleType.java: error: unknown field
	data: [this struct(com/fasterxml/jackson/databind/type/SimpleType, [], [pointer(reference(com/fasterxml/jackson/databind/type/TypeBase))], []) _valueHandler]
src/main/java/com/fasterxml/jackson/databind/type/SimpleType.java: error: unknown field
	data: [this struct(com/fasterxml/jackson/databind/type/SimpleType, [], [pointer(reference(com/fasterxml/jackson/databind/type/TypeBase))], []) _valueHandler]
src/main/java/com/fasterxml/jackson/databind/type/SimpleType.java: error: unknown field
	data: [this struct(com/fasterxml/jackson/databind/type/SimpleType, [], [pointer(reference(com/fasterxml/jackson/databind/type/TypeBase))], []) _typeHandler]
src/main/java/com/fasterxml/jackson/databind/type/SimpleType.java: error: unknown field
	data: [this struct(com/fasterxml/jackson/databind/type/SimpleType, [], [pointer(reference(com/fasterxml/jackson/databind/type/TypeBase))], []) _class]
src/main/java/com/fasterxml/jackson/databind/type/SimpleType.java: error: unknown field
	data: [this struct(com/fasterxml/jackson/databind/type/SimpleType, [], [pointer(reference(com/fasterxml/jackson/databind/type/TypeBase))], []) _asStatic]
src/main/java/com/fasterxml/jackson/databind/type/SimpleType.java: error: not a boolean type
	data: unsupported
src/main/java/com/fasterxml/jackson/databind/type/SimpleType.java: error: unknown function
	data: [struct(com/fasterxml/jackson/databind/type/SimpleType, [], [pointer(reference(com/fasterxml/jackson/databind/type/TypeBase))], []) com/fasterxml/jackson/databind/type/SimpleType//@@constructor [] [cls call(com/fasterxml/jackson/databind/type/TypeBindings//emptyBindings!d41d8cd98f00b204e9800998ecf8427e, []) nil nil]]
src/main/java/com/fasterxml/jackson/databind/type/SimpleType.java: error: unknown function
	data: [pointer(genericInstance(reference(java/lang/Class), [wildcard(, pointer(reference(java/lang/Object)))])) java/lang/Class<descendant of java/lang/Object>//isArray [] []]
src/main/java/com/fasterxml/jackson/databind/type/SimpleType.java: error: unknown function
	data: [pointer(reference(java/lang/Object)) java/lang/Object//getClass [] []]
src/main/java/com/fasterxml/jackson/databind/type/SimpleType.java: error: unknown field
	data: [this struct(com/fasterxml/jackson/databind/type/SimpleType, [], [pointer(reference(com/fasterxml/jackson/databind/type/TypeBase))], []) _typeHandler]
src/main/java/com/fasterxml/jackson/databind/type/SimpleType.java: error: unknown field
	data: [this struct(com/fasterxml/jackson/databind/type/SimpleType, [], [pointer(reference(com/fasterxml/jackson/databind/type/TypeBase))], []) _asStatic]
src/main/java/com/fasterxml/jackson/databind/type/SimpleType.java: unsupported: unsupported type
	data: pointer(genericInstance(reference(java/lang/Class), [wildcard(, pointer(reference(java/lang/Object)))])) vs pointer(genericInstance(reference(java/lang/Class), [pointer(reference(java/lang/Object))]))
src/main/java/com/fasterxml/jackson/databind/type/SimpleType.java: error: unknown field
	data: [this struct(com/fasterxml/jackson/databind/type/SimpleType, [], [pointer(reference(com/fasterxml/jackson/databind/type/TypeBase))], []) _asStatic]
src/main/java/com/fasterxml/jackson/databind/type/SimpleType.java: error: unknown field
	data: [this struct(com/fasterxml/jackson/databind/type/SimpleType, [], [pointer(reference(com/fasterxml/jackson/databind/type/TypeBase))], []) _class]
src/main/java/com/fasterxml/jackson/databind/type/SimpleType.java: error: unknown field
	data: [this struct(com/fasterxml/jackson/databind/type/SimpleType, [], [pointer(reference(com/fasterxml/jackson/databind/type/TypeBase))], []) _class]
src/main/java/com/fasterxml/jackson/databind/type/SimpleType.java: error: unknown type
	data: Deprecated
src/main/java/com/fasterxml/jackson/databind/type/SimpleType.java: error: unknown function
	data: [<nil> com/fasterxml/jackson/databind/type/SimpleType//SimpleType [] [raw nil nil nil nil nil false]]
src/main/java/com/fasterxml/jackson/databind/type/SimpleType.java: error: unknown function
	data: [genericInstance(reference(java/lang/Class), [pointer(reference(java/lang/Object))]) java/lang/Class<java/lang/Object>//isAssignableFrom [] [cls]]
src/main/java/com/fasterxml/jackson/databind/type/SimpleType.java: error: unknown function
	data: [pointer(genericInstance(reference(java/lang/Class), [wildcard(, pointer(reference(java/lang/Object)))])) java/lang/Class<descendant of java/lang/Object>//getSuperclass [] []]
src/main/java/com/fasterxml/jackson/databind/type/SimpleType.java: error: unknown field
	data: [this struct(com/fasterxml/jackson/databind/type/SimpleType, [], [pointer(reference(com/fasterxml/jackson/databind/type/TypeBase))], []) _class]
src/main/java/com/fasterxml/jackson/databind/type/SimpleType.java: error: unknown field
	data: [this struct(com/fasterxml/jackson/databind/type/SimpleType, [], [pointer(reference(com/fasterxml/jackson/databind/type/TypeBase))], []) _class]
src/main/java/com/fasterxml/jackson/databind/type/SimpleType.java: error: unknown field
	data: [this struct(com/fasterxml/jackson/databind/type/SimpleType, [], [pointer(reference(com/fasterxml/jackson/databind/type/TypeBase))], []) _asStatic]
src/main/java/com/fasterxml/jackson/databind/type/SimpleType.java: error: unknown function
	data: [<nil> getClass [] []]
src/main/java/com/fasterxml/jackson/databind/type/SimpleType.java: unsupported: unsupported type
	data: pointer(reference(java/lang/Object)) vs pointer(reference(com/fasterxml/jackson/databind/type/SimpleType))
src/main/java/com/fasterxml/jackson/databind/type/SimpleType.java: error: unknown import
	data: com/fasterxml/jackson/databind/JavaType
src/main/java/com/fasterxml/jackson/databind/type/SimpleType.java: error: unknown field
	data: [this struct(com/fasterxml/jackson/databind/type/SimpleType, [], [pointer(reference(com/fasterxml/jackson/databind/type/TypeBase))], []) _valueHandler]
src/main/java/com/fasterxml/jackson/databind/type/SimpleType.java: error: unknown field
	data: [this struct(com/fasterxml/jackson/databind/type/SimpleType, [], [pointer(reference(com/fasterxml/jackson/databind/type/TypeBase))], []) _class]
src/main/java/com/fasterxml/jackson/databind/type/TypeBase.java: error: unknown field
	data: [this struct(com/fasterxml/jackson/databind/type/TypeBase, [], [unsupported(JavaType)], [unsupported(JsonSerializable)]) _class]
src/main/java/com/fasterxml/jackson/databind/type/TypeBase.java: error: unknown field
	data: [this struct(com/fasterxml/jackson/databind/type/TypeBase, [], [unsupported(JavaType)], [unsupported(JsonSerializable)]) _class]
src/main/java/com/fasterxml/jackson/databind/type/TypeBase.java: error: unknown function
	data: [pointer(genericInstance(reference(java/lang/Class), [wildcard(, pointer(reference(java/lang/Object)))])) java/lang/Class<descendant of java/lang/Object>//isInterface [] []]
src/main/java/com/fasterxml/jackson/databind/type/TypeBase.java: error: unknown field
	data: [Character struct(java/lang/Character, [], [pointer(reference(java/lang/Object))], []) TYPE]
src/main/java/com/fasterxml/jackson/databind/type/TypeBase.java: error: unknown field
	data: [Float struct(java/lang/Float, [], [pointer(reference(java/lang/Object))], []) TYPE]
src/main/java/com/fasterxml/jackson/databind/type/TypeBase.java: error: unknown import
	data: com/fasterxml/jackson/core/JsonProcessingException
src/main/java/com/fasterxml/jackson/databind/type/TypeBase.java: error: unknown field
	data: [this struct(com/fasterxml/jackson/databind/type/TypeBase, [], [unsupported(JavaType)], [unsupported(JsonSerializable)]) Arrays]
src/main/java/com/fasterxml/jackson/databind/type/TypeBase.java: error: unknown field
	data: [Boolean struct(java/lang/Boolean, [], [pointer(reference(java/lang/Object))], []) TYPE]
src/main/java/com/fasterxml/jackson/databind/type/TypeBase.java: error: unknown field
	data: [Byte struct(java/lang/Byte, [], [pointer(reference(java/lang/Object))], []) TYPE]
src/main/java/com/fasterxml/jackson/databind/type/TypeBase.java: error: unknown field
	data: [Integer struct(java/lang/Integer, [], [pointer(reference(java/lang/Object))], []) TYPE]
src/main/java/com/fasterxml/jackson/databind/type/TypeBase.java: error: unknown field
	data: [Long struct(java/lang/Long, [], [pointer(reference(java/lang/Object))], []) TYPE]
src/main/java/com/fasterxml/jackson/databind/type/TypeBase.java: error: unknown identifier
	data: Void
src/main/java/com/fasterxml/jackson/databind/type/TypeBase.java: error: unknown type
	data: Deprecated
src/main/java/com/fasterxml/jackson/databind/type/TypeBase.java: error: unknown field
	data: [this struct(com/fasterxml/jackson/databind/type/TypeBase, [], [unsupported(JavaType)], [unsupported(JsonSerializable)]) Collections]
src/main/java/com/fasterxml/jackson/databind/type/TypeBase.java: error: unknown field
	data: [Double struct(java/lang/Double, [], [pointer(reference(java/lang/Object))], []) TYPE]
src/main/java/com/fasterxml/jackson/databind/type/TypeBase.java: error: unknown function
	data: [pointer(genericInstance(reference(java/lang/Class), [wildcard(, pointer(reference(java/lang/Object)))])) java/lang/Class<descendant of java/lang/Object>//getSuperclass [] []]
src/main/java/com/fasterxml/jackson/databind/type/TypeBase.java: error: unknown import
	data: com/fasterxml/jackson/core/JsonGenerator
src/main/java/com/fasterxml/jackson/databind/type/TypeBase.java: error: unknown type
	data: SuppressWarnings
src/main/java/com/fasterxml/jackson/databind/type/TypeBase.java: error: unknown type
	data: SerializerProvider
src/main/java/com/fasterxml/jackson/databind/type/TypeBase.java: error: unknown field
	data: [this struct(com/fasterxml/jackson/databind/type/TypeBase, [], [unsupported(JavaType)], [unsupported(JsonSerializable)]) _valueHandler]
src/main/java/com/fasterxml/jackson/databind/type/TypeBase.java: error: unknown field
	data: [this struct(com/fasterxml/jackson/databind/type/TypeBase, [], [unsupported(JavaType)], [unsupported(JsonSerializable)]) _typeHandler]
src/main/java/com/fasterxml/jackson/databind/type/TypeBase.java: error: unknown function
	data: [pointer(genericInstance(reference(java/lang/Class), [wildcard(, pointer(reference(java/lang/Object)))])) java/lang/Class<descendant of java/lang/Object>//isPrimitive [] []]
src/main/java/com/fasterxml/jackson/databind/type/TypeBase.java: error: unknown field
	data: [Short struct(java/lang/Short, [], [pointer(reference(java/lang/Object))], []) TYPE]
src/main/java/com/fasterxml/jackson/databind/type/TypeBase.java: error: unknown import
	data: com/fasterxml/jackson/databind/jsontype/TypeSerializer
src/main/java/com/fasterxml/jackson/databind/type/TypeBase.java: error: unknown type
	data: JavaType
src/main/java/com/fasterxml/jackson/databind/type/TypeBase.java: error: unknown type
	data: JsonSerializable
src/main/java/com/fasterxml/jackson/databind/type/TypeBindings.java: error: unknown function
	data: [pointer(genericInstance(reference(java/lang/Class), [wildcard(, pointer(reference(java/lang/Object)))])) java/lang/Class<descendant of java/lang/Object>//getTypeParameters [] []]
src/main/java/com/fasterxml/jackson/databind/type/TypeBindings.java: error: unknown function
	data: [pointer(genericInstance(reference(java/lang/Class), [wildcard(, pointer(reference(java/lang/Object)))])) java/lang/Class<descendant of java/lang/Object>//getTypeParameters [] []]
src/main/java/com/fasterxml/jackson/databind/type/TypeBindings.java: error: unknown identifier
	data: names
src/main/java/com/fasterxml/jackson/databind/type/TypeBindings.java: error: unknown field
	data: [this struct(com/fasterxml/jackson/databind/type/TypeBindings, [], [pointer(reference(java/lang/Object))], [reference(java/io/Serializable)]) Collections]
src/main/java/com/fasterxml/jackson/databind/type/TypeBindings.java: error: unknown field
	data: [this struct(com/fasterxml/jackson/databind/type/TypeBindings, [], [pointer(reference(java/lang/Object))], [reference(java/io/Serializable)]) Arrays]
src/main/java/com/fasterxml/jackson/databind/type/TypeBindings.java: error: unknown function
	data: [<nil> getClass [] []]
src/main/java/com/fasterxml/jackson/databind/type/TypeBindings.java: error: unknown function
	data: [genericInstance(reference(java/lang/Class), [pointer(reference(java/lang/Object))]) java/lang/Class<java/lang/Object>//getTypeParameters [] []]
src/main/java/com/fasterxml/jackson/databind/type/TypeBindings.java: error: unknown function
	data: [pointer(genericInstance(reference(java/lang/Class), [wildcard(, pointer(reference(java/lang/Object)))])) java/lang/Class<descendant of java/lang/Object>//getTypeParameters [] []]
src/main/java/com/fasterxml/jackson/databind/type/TypeBindings.java: error: unknown type
	data: TypeVariable
src/main/java/com/fasterxml/jackson/databind/type/TypeBindings.java: error: unknown function
	data: [pointer(genericInstance(reference(java/lang/Class), [wildcard(, pointer(reference(java/lang/Object)))])) java/lang/Class<descendant of java/lang/Object>//getTypeParameters [] []]
src/main/java/com/fasterxml/jackson/databind/type/TypeBindings.java: error: unknown field
	data: [this struct(com/fasterxml/jackson/databind/type/TypeBindings, [], [pointer(reference(java/lang/Object))], [reference(java/io/Serializable)]) Arrays]
src/main/java/com/fasterxml/jackson/databind/type/TypeBindings.java: error: unknown import
	data: com/fasterxml/jackson/databind/JavaType
src/main/java/com/fasterxml/jackson/databind/type/TypeBindings.java: error: unknown function
	data: [pointer(genericInstance(reference(java/util/List), [unsupported(com/fasterxml/jackson/databind/JavaType)])) java/util/List<com/fasterxml/jackson/databind/JavaType>//toArray [] [make(array(unsupported(com/fasterxml/jackson/databind/JavaType), primitive(int, 32, false), 0), call(select(ensure_not_nil(typeList), size!d41d8cd98f00b204e9800998ecf8427e), []))]]
src/main/java/com/fasterxml/jackson/databind/type/TypeBindings.java: error: unknown function
	data: [pointer(genericInstance(reference(java/lang/Class), [wildcard(, pointer(reference(java/lang/Object)))])) java/lang/Class<descendant of java/lang/Object>//getTypeParameters [] []]
src/main/java/com/fasterxml/jackson/databind/type/TypeBindings.java: error: unknown function
	data: [pointer(reference(java/lang/Object)) java/lang/Object//getClass [] []]
src/main/java/com/fasterxml/jackson/databind/type/TypeBindings.java: error: unknown import
	data: java/lang/reflect
src/main/java/com/fasterxml/jackson/databind/type/TypeFactory.java: error: unknown function
	data: [struct(com/fasterxml/jackson/databind/type/ReferenceType, [], [pointer(reference(com/fasterxml/jackson/databind/type/SimpleType))], []) com/fasterxml/jackson/databind/type/ReferenceType//construct [] [rawType nil nil nil referredType]]
src/main/java/com/fasterxml/jackson/databind/type/TypeFactory.java: error: unknown function
	data: [pointer(genericInstance(reference(java/lang/Class), [wildcard(, pointer(reference(java/lang/Object)))])) java/lang/Class<descendant of java/lang/Object>//isInterface [] []]
src/main/java/com/fasterxml/jackson/databind/type/TypeFactory.java: error: unknown import
	data: com/fasterxml/jackson/databind/util/LRUMap
src/main/java/com/fasterxml/jackson/databind/type/TypeFactory.java: error: unknown type
	data: ParameterizedType
src/main/java/com/fasterxml/jackson/databind/type/TypeFactory.java: error: unknown field
	data: [Integer struct(java/lang/Integer, [], [pointer(reference(java/lang/Object))], []) TYPE]
src/main/java/com/fasterxml/jackson/databind/type/TypeFactory.java: error: unknown field
	data: [Float struct(java/lang/Float, [], [pointer(reference(java/lang/Object))], []) TYPE]
src/main/java/com/fasterxml/jackson/databind/type/TypeFactory.java: error: unknown function
	data: [pointer(genericInstance(reference(java/lang/Class), [wildcard(, pointer(reference(java/lang/Object)))])) java/lang/Class<descendant of java/lang/Object>//isAssignableFrom [] [subclass]]
src/main/java/com/fasterxml/jackson/databind/type/TypeFactory.java: error: unknown function
	data: [<nil> _constructSimple [] [cls com/fasterxml/jackson/databind/type/TypeFactory//EMPTY_BINDINGS nil nil]]
src/main/java/com/fasterxml/jackson/databind/type/TypeFactory.java: error: unknown function
	data: [pointer(genericInstance(reference(java/lang/Class), [wildcard(, pointer(reference(java/lang/Object)))])) java/lang/Class<descendant of java/lang/Object>//isArray [] []]
src/main/java/com/fasterxml/jackson/databind/type/TypeFactory.java: error: unknown import
	data: com/fasterxml/jackson/core/type/TypeReference
src/main/java/com/fasterxml/jackson/databind/type/TypeFactory.java: error: unknown type
	data: Type
src/main/java/com/fasterxml/jackson/databind/type/TypeFactory.java: error: unknown field
	data: [Long struct(java/lang/Long, [], [pointer(reference(java/lang/Object))], []) TYPE]
src/main/java/com/fasterxml/jackson/databind/type/TypeFactory.java: error: unknown function
	data: [struct(java/lang/Class, [], [pointer(reference(java/lang/Object))], []) java/lang/Class//forName [] [name]]
src/main/java/com/fasterxml/jackson/databind/type/TypeFactory.java: error: unknown field
	data: [Long struct(java/lang/Long, [], [pointer(reference(java/lang/Object))], []) TYPE]
src/main/java/com/fasterxml/jackson/databind/type/TypeFactory.java: error: unknown field
	data: [Boolean struct(java/lang/Boolean, [], [pointer(reference(java/lang/Object))], []) TYPE]
src/main/java/com/fasterxml/jackson/databind/type/TypeFactory.java: error: unknown field
	data: [Byte struct(java/lang/Byte, [], [pointer(reference(java/lang/Object))], []) TYPE]
src/main/java/com/fasterxml/jackson/databind/type/TypeFactory.java: error: unknown import
	data: java/util/concurrent/atomic/AtomicReference
src/main/java/com/fasterxml/jackson/databind/type/TypeFactory.java: error: unknown type
	data: ClassLoader
src/main/java/com/fasterxml/jackson/databind/type/TypeFactory.java: error: unknown type
	data: TypeVariable
src/main/java/com/fasterxml/jackson/databind/type/TypeFactory.java: error: unknown field
	data: [this struct(com/fasterxml/jackson/databind/type/TypeFactory, [], [pointer(reference(java/lang/Object))], [reference(java/io/Serializable)]) Thread]
src/main/java/com/fasterxml/jackson/databind/type/TypeFactory.java: error: unknown function
	data: [<nil> _fromAny [] [nil elementType nil]]
src/main/java/com/fasterxml/jackson/databind/type/TypeFactory.java: error: unknown function
	data: [struct(com/fasterxml/jackson/databind/type/TypeBindings, [], [pointer(reference(java/lang/Object))], [reference(java/io/Serializable)]) com/fasterxml/jackson/databind/type/TypeBindings//create [] [collectionClass elementType]]
src/main/java/com/fasterxml/jackson/databind/type/TypeFactory.java: error: unknown import
	data: com/fasterxml/jackson/databind/JavaType
src/main/java/com/fasterxml/jackson/databind/type/TypeFactory.java: error: unknown import
	data: com/fasterxml/jackson/databind/util/ClassUtil
src/main/java/com/fasterxml/jackson/databind/type/TypeFactory.java: error: unknown import
	data: java/lang/reflect
src/main/java/com/fasterxml/jackson/databind/type/TypeFactory.java: error: unknown field
	data: [Boolean struct(java/lang/Boolean, [], [pointer(reference(java/lang/Object))], []) TYPE]
src/main/java/com/fasterxml/jackson/databind/type/TypeFactory.java: error: unknown field
	data: [Integer struct(java/lang/Integer, [], [pointer(reference(java/lang/Object))], []) TYPE]
src/main/java/com/fasterxml/jackson/databind/type/TypeFactory.java: internal error: type does not support nil values
	data: unsupported(ParameterizedType)
src/main/java/com/fasterxml/jackson/databind/type/TypeFactory.java: error: unknown import
	data: com/fasterxml/jackson/databind/util/ArrayBuilders
src/main/java/com/fasterxml/jackson/databind/type/TypeFactory.java: error: unknown function
	data: [struct(com/fasterxml/jackson/databind/type/TypeFactory, [], [pointer(reference(java/lang/Object))], [reference(java/io/Serializable)]) com/fasterxml/jackson/databind/type/TypeFactory//@@constructor [] [p mods nil]]
src/main/java/com/fasterxml/jackson/databind/type/TypeFactory.java: error: unknown field
	data: [Double struct(java/lang/Double, [], [pointer(reference(java/lang/Object))], []) TYPE]
src/main/java/com/fasterxml/jackson/databind/type/TypeFactory.java: error: unknown field
	data: [Character struct(java/lang/Character, [], [pointer(reference(java/lang/Object))], []) TYPE]
src/main/java/com/fasterxml/jackson/databind/type/TypeFactory.java: error: unknown function
	data: [<nil> _fromClass [] [nil collectionClass unsupported]]
src/main/java/com/fasterxml/jackson/databind/type/TypeFactory.java: error: unknown function
	data: [pointer(genericInstance(reference(java/lang/Class), [wildcard(, pointer(reference(java/lang/Object)))])) java/lang/Class<descendant of java/lang/Object>//isPrimitive [] []]
src/main/java/com/fasterxml/jackson/databind/type/TypeFactory.java: error: unknown function
	data: [pointer(reference(com/fasterxml/jackson/databind/type/TypeModifier)) com/fasterxml/jackson/databind/type/TypeModifier//getClass [] []]
src/main/java/com/fasterxml/jackson/databind/type/TypeFactory.java: error: unknown type
	data: Deprecated
src/main/java/com/fasterxml/jackson/databind/type/TypeFactory.java: error: unknown type
	data: GenericArrayType
src/main/java/com/fasterxml/jackson/databind/type/TypeFactory.java: error: unknown type
	data: WildcardType
src/main/java/com/fasterxml/jackson/databind/type/TypeFactory.java: error: unknown function
	data: [pointer(genericInstance(reference(java/lang/Class), [wildcard(, pointer(reference(java/lang/Object)))])) java/lang/Class<descendant of java/lang/Object>//getComponentType [] []]
src/main/java/com/fasterxml/jackson/databind/type/TypeFactory.java: error: unknown type
	data: SuppressWarnings
src/main/java/com/fasterxml/jackson/databind/type/TypeFactory.java: error: unknown function
	data: [struct(java/lang/Class, [], [pointer(reference(java/lang/Object))], []) java/lang/Class//forName [] [name true loader]]
src/main/java/com/fasterxml/jackson/databind/type/TypeFactory.java: error: unknown field
	data: [Short struct(java/lang/Short, [], [pointer(reference(java/lang/Object))], []) TYPE]
src/main/java/com/fasterxml/jackson/databind/type/TypeFactory.java: error: unknown function
	data: [pointer(genericInstance(reference(java/lang/Class), [wildcard(, pointer(reference(java/lang/Object)))])) java/lang/Class<descendant of java/lang/Object>//getTypeParameters [] []]
src/main/java/com/fasterxml/jackson/databind/type/TypeFactory.java: error: unknown function
	data: [pointer(genericInstance(reference(java/lang/Class), [wildcard(, pointer(reference(java/lang/Object)))])) java/lang/Class<descendant of java/lang/Object>//isAssignableFrom [] [rawBase]]
src/main/java/com/fasterxml/jackson/databind/type/TypeFactory.java: error: unknown function
	data: [<nil> constructType [] [clz bindings]]
src/main/java/com/fasterxml/jackson/databind/type/TypeFactory.java: error: unknown function
	data: [struct(com/fasterxml/jackson/databind/type/TypeBindings, [], [pointer(reference(java/lang/Object))], [reference(java/io/Serializable)]) com/fasterxml/jackson/databind/type/TypeBindings//create [] [mapClass composite(array(unsupported(com/fasterxml/jackson/databind/JavaType), primitive(int, 32, false), 0), [keyType, valueType])]]
src/main/java/com/fasterxml/jackson/databind/type/TypeFactory.java: error: unknown field
	data: [this struct(com/fasterxml/jackson/databind/type/TypeFactory, [], [pointer(reference(java/lang/Object))], [reference(java/io/Serializable)]) Void]
src/main/java/com/fasterxml/jackson/databind/type/TypeFactory.java: error: unknown function
	data: [pointer(genericInstance(reference(java/lang/Class), [wildcard(, pointer(reference(java/lang/Object)))])) java/lang/Class<descendant of java/lang/Object>//isAssignableFrom [] [raw2]]
src/main/java/com/fasterxml/jackson/databind/type/TypeFactory.java: error: unknown function
	data: [<nil> _fromClass [] [nil mapClass unsupported]]
src/main/java/com/fasterxml/jackson/databind/type/TypeModifier.java: error: unknown import
	data: java/lang/reflect/Type
src/main/java/com/fasterxml/jackson/databind/type/TypeModifier.java: error: unknown import
	data: com/fasterxml/jackson/databind/JavaType
src/main/java/com/fasterxml/jackson/databind/type/TypeParser.java: error: unknown type
	data: StringTokenizer
src/main/java/com/fasterxml/jackson/databind/type/TypeParser.java: error: unknown import
	data: com/fasterxml/jackson/databind/JavaType
Found 1 Java files
Found 378 problems in Java files
src/main/java/com/fasterxml/jackson/databind/type/SimpleType.java: found 21 symbols
src/main/java/com/fasterxml/jackson/databind/type/SimpleType.java: com.fasterxml.jackson.databind.type.SimpleType._narrow: computing test cases
src/main/java/com/fasterxml/jackson/databind/type/SimpleType.java: com.fasterxml.jackson.databind.type.SimpleType._narrow: found 1 problems
src/main/java/com/fasterxml/jackson/databind/type/SimpleType.java: internal error: com.fasterxml.jackson.databind.type.SimpleType._narrow: unknown type kind
	data: unsupported(JavaType)
src/main/java/com/fasterxml/jackson/databind/type/SimpleType.java: com.fasterxml.jackson.databind.type.SimpleType.equals: computing test cases
src/main/java/com/fasterxml/jackson/databind/type/SimpleType.java: com.fasterxml.jackson.databind.type.SimpleType.equals: computed 0 unit tests
src/main/java/com/fasterxml/jackson/databind/type/SimpleType.java: com.fasterxml.jackson.databind.type.SimpleType.construct: computing test cases
src/main/java/com/fasterxml/jackson/databind/type/SimpleType.java: com.fasterxml.jackson.databind.type.SimpleType.construct: found 1 problems
src/main/java/com/fasterxml/jackson/databind/type/SimpleType.java: internal error: com.fasterxml.jackson.databind.type.SimpleType.construct: unknown type kind
	data: unsupported(JavaType)
src/main/java/com/fasterxml/jackson/databind/type/SimpleType.java: com.fasterxml.jackson.databind.type.SimpleType.withContentType: computing test cases
src/main/java/com/fasterxml/jackson/databind/type/SimpleType.java: com.fasterxml.jackson.databind.type.SimpleType.withContentType: found 1 problems
src/main/java/com/fasterxml/jackson/databind/type/SimpleType.java: internal error: com.fasterxml.jackson.databind.type.SimpleType.withContentType: unknown type kind
	data: unsupported(JavaType)
src/main/java/com/fasterxml/jackson/databind/type/SimpleType.java: com.fasterxml.jackson.databind.type.SimpleType.SimpleType: computing test cases
src/main/java/com/fasterxml/jackson/databind/type/SimpleType.java: com.fasterxml.jackson.databind.type.SimpleType.SimpleType: computed 0 unit tests
src/main/java/com/fasterxml/jackson/databind/type/SimpleType.java: com.fasterxml.jackson.databind.type.SimpleType.toString: computing test cases
src/main/java/com/fasterxml/jackson/databind/type/SimpleType.java: com.fasterxml.jackson.databind.type.SimpleType.toString: found 1 problems
src/main/java/com/fasterxml/jackson/databind/type/SimpleType.java: internal error: com.fasterxml.jackson.databind.type.SimpleType.toString: unknown type kind
	data: unsupported(JavaType)
src/main/java/com/fasterxml/jackson/databind/type/SimpleType.java: com.fasterxml.jackson.databind.type.SimpleType.withStaticTyping: computing test cases
src/main/java/com/fasterxml/jackson/databind/type/SimpleType.java: com.fasterxml.jackson.databind.type.SimpleType.withStaticTyping: found 1 problems
src/main/java/com/fasterxml/jackson/databind/type/SimpleType.java: internal error: com.fasterxml.jackson.databind.type.SimpleType.withStaticTyping: unknown type kind
	data: unsupported(JavaType)
src/main/java/com/fasterxml/jackson/databind/type/SimpleType.java: com.fasterxml.jackson.databind.type.SimpleType.withTypeHandler: computing test cases
src/main/java/com/fasterxml/jackson/databind/type/SimpleType.java: com.fasterxml.jackson.databind.type.SimpleType.withTypeHandler: found 1 problems
src/main/java/com/fasterxml/jackson/databind/type/SimpleType.java: internal error: com.fasterxml.jackson.databind.type.SimpleType.withTypeHandler: unknown type kind
	data: unsupported(JavaType)
src/main/java/com/fasterxml/jackson/databind/type/SimpleType.java: com.fasterxml.jackson.databind.type.SimpleType.constructUnsafe: computing test cases
src/main/java/com/fasterxml/jackson/databind/type/SimpleType.java: com.fasterxml.jackson.databind.type.SimpleType.constructUnsafe: found 1 problems
src/main/java/com/fasterxml/jackson/databind/type/SimpleType.java: internal error: com.fasterxml.jackson.databind.type.SimpleType.constructUnsafe: unknown type kind
	data: unsupported(JavaType)
src/main/java/com/fasterxml/jackson/databind/type/SimpleType.java: com.fasterxml.jackson.databind.type.SimpleType.getGenericSignature: computing test cases
src/main/java/com/fasterxml/jackson/databind/type/SimpleType.java: com.fasterxml.jackson.databind.type.SimpleType.getGenericSignature: found 1 problems
src/main/java/com/fasterxml/jackson/databind/type/SimpleType.java: internal error: com.fasterxml.jackson.databind.type.SimpleType.getGenericSignature: unknown type kind
	data: unsupported(JavaType)
src/main/java/com/fasterxml/jackson/databind/type/SimpleType.java: com.fasterxml.jackson.databind.type.SimpleType.SimpleType: computing test cases
src/main/java/com/fasterxml/jackson/databind/type/SimpleType.java: com.fasterxml.jackson.databind.type.SimpleType.SimpleType: found 1 problems
src/main/java/com/fasterxml/jackson/databind/type/SimpleType.java: internal error: com.fasterxml.jackson.databind.type.SimpleType.SimpleType: unknown type kind
	data: unsupported(JavaType)
src/main/java/com/fasterxml/jackson/databind/type/SimpleType.java: com.fasterxml.jackson.databind.type.SimpleType.refine: computing test cases
src/main/java/com/fasterxml/jackson/databind/type/SimpleType.java: com.fasterxml.jackson.databind.type.SimpleType.refine: found 1 problems
src/main/java/com/fasterxml/jackson/databind/type/SimpleType.java: internal error: com.fasterxml.jackson.databind.type.SimpleType.refine: unknown type kind
	data: unsupported(JavaType)
src/main/java/com/fasterxml/jackson/databind/type/SimpleType.java: com.fasterxml.jackson.databind.type.SimpleType.SimpleType: computing test cases
src/main/java/com/fasterxml/jackson/databind/type/SimpleType.java: com.fasterxml.jackson.databind.type.SimpleType.SimpleType: computed 0 unit tests
src/main/java/com/fasterxml/jackson/databind/type/SimpleType.java: com.fasterxml.jackson.databind.type.SimpleType.withValueHandler: computing test cases
src/main/java/com/fasterxml/jackson/databind/type/SimpleType.java: com.fasterxml.jackson.databind.type.SimpleType.withValueHandler: found 1 problems
src/main/java/com/fasterxml/jackson/databind/type/SimpleType.java: internal error: com.fasterxml.jackson.databind.type.SimpleType.withValueHandler: unknown type kind
	data: unsupported(JavaType)
src/main/java/com/fasterxml/jackson/databind/type/SimpleType.java: com.fasterxml.jackson.databind.type.SimpleType.withContentValueHandler: computing test cases
src/main/java/com/fasterxml/jackson/databind/type/SimpleType.java: com.fasterxml.jackson.databind.type.SimpleType.withContentValueHandler: found 1 problems
src/main/java/com/fasterxml/jackson/databind/type/SimpleType.java: internal error: com.fasterxml.jackson.databind.type.SimpleType.withContentValueHandler: unknown type kind
	data: unsupported(JavaType)
src/main/java/com/fasterxml/jackson/databind/type/SimpleType.java: com.fasterxml.jackson.databind.type.SimpleType.getErasedSignature: computing test cases
src/main/java/com/fasterxml/jackson/databind/type/SimpleType.java: com.fasterxml.jackson.databind.type.SimpleType.getErasedSignature: found 1 problems
src/main/java/com/fasterxml/jackson/databind/type/SimpleType.java: internal error: com.fasterxml.jackson.databind.type.SimpleType.getErasedSignature: unknown type kind
	data: unsupported(JavaType)
src/main/java/com/fasterxml/jackson/databind/type/SimpleType.java: com.fasterxml.jackson.databind.type.SimpleType.withContentTypeHandler: computing test cases
src/main/java/com/fasterxml/jackson/databind/type/SimpleType.java: com.fasterxml.jackson.databind.type.SimpleType.withContentTypeHandler: found 1 problems
src/main/java/com/fasterxml/jackson/databind/type/SimpleType.java: internal error: com.fasterxml.jackson.databind.type.SimpleType.withContentTypeHandler: unknown type kind
	data: unsupported(JavaType)
src/main/java/com/fasterxml/jackson/databind/type/SimpleType.java: com.fasterxml.jackson.databind.type.SimpleType.isContainerType: computing test cases
src/main/java/com/fasterxml/jackson/databind/type/SimpleType.java: com.fasterxml.jackson.databind.type.SimpleType.isContainerType: found 1 problems
src/main/java/com/fasterxml/jackson/databind/type/SimpleType.java: internal error: com.fasterxml.jackson.databind.type.SimpleType.isContainerType: unknown type kind
	data: unsupported(JavaType)
src/main/java/com/fasterxml/jackson/databind/type/SimpleType.java: com.fasterxml.jackson.databind.type.SimpleType.buildCanonicalName: computing test cases
src/main/java/com/fasterxml/jackson/databind/type/SimpleType.java: com.fasterxml.jackson.databind.type.SimpleType.buildCanonicalName: found 1 problems
src/main/java/com/fasterxml/jackson/databind/type/SimpleType.java: internal error: com.fasterxml.jackson.databind.type.SimpleType.buildCanonicalName: unknown type kind
	data: unsupported(JavaType)
src/main/java/com/fasterxml/jackson/databind/type/SimpleType.java: com.fasterxml.jackson.databind.type.SimpleType.SimpleType: computing test cases
src/main/java/com/fasterxml/jackson/databind/type/SimpleType.java: com.fasterxml.jackson.databind.type.SimpleType.SimpleType: computed 0 unit tests
src/main/java/com/fasterxml/jackson/databind/type/SimpleType.java: com.fasterxml.jackson.databind.type.SimpleType.SimpleType: computing test cases
src/main/java/com/fasterxml/jackson/databind/type/SimpleType.java: com.fasterxml.jackson.databind.type.SimpleType.SimpleType: computed 0 unit tests
Analyzed 1 out of 15 source files
Had 254 errors that block a full analysis
Generated 0 tests
Found 0 potential problems
The following issues prevent a full analysis:

* 69 cases of "unknown function"
	Description: Functions could not be resolved. This occurs due to missing dependencies,
  or if a called function is removed due to some other problem.

* 39 cases of "unknown type"
	Description: Types could not be resolved. This could be because of missing dependencies
  or a consequence of some other problem.

* 29 cases of "unknown import"
	Description: Imports could not be resolved. This is likely due to missing dependencies.

* 2 cases of "unsupported type"
	Description: Types required for analysis are not supported. This can include raw generics,
  or reflection types like "java.lang.Class".

* 1 case of "other issues"
	Description: Uncategorized problems.

