Analyzing workspace /home/ph7/sqa-project/workspaces/jsoup_37b/
Search for Java files
Load dependency stdlib:@dev
src/main/java/org/jsoup/nodes/Element.java: org.jsoup.nodes.Element.accumulateParents: function is private and therefore inaccessible for tests
src/main/java/org/jsoup/nodes/Element.java: org.jsoup.nodes.Element.indexInList: function is private and therefore inaccessible for tests
src/main/java/org/jsoup/nodes/Element.java: org.jsoup.nodes.Element.ownText: function is private and therefore inaccessible for tests
src/main/java/org/jsoup/nodes/Element.java: org.jsoup.nodes.Element.appendNormalisedText: function is private and therefore inaccessible for tests
src/main/java/org/jsoup/nodes/Element.java: org.jsoup.nodes.Element.appendWhitespaceIfBr: function is private and therefore inaccessible for tests
src/main/java/org/jsoup/nodes/Element.java: org.jsoup.nodes.Element.html: function is private and therefore inaccessible for tests
src/main/java/org/jsoup/nodes/Attribute.java: error: unknown import
	data: org/jsoup/helper/Validate
src/main/java/org/jsoup/nodes/Attribute.java: error: unknown function
	data: [struct(java/lang/Object, [], [], []) java/lang/Object//clone [] []]
src/main/java/org/jsoup/nodes/Attributes.java: error: unknown type
	data: Entry
src/main/java/org/jsoup/nodes/Attributes.java: error: unknown function
	data: [<nil> java/util/ArrayList//ArrayList [pointer(reference(org/jsoup/nodes/Attribute))] [unsupported]]
src/main/java/org/jsoup/nodes/Attributes.java: error: unknown type
	data: AbstractSet
src/main/java/org/jsoup/nodes/Attributes.java: error: unknown import
	data: org/jsoup/helper/Validate
src/main/java/org/jsoup/nodes/Attributes.java: error: unknown type
	data: AbstractMap
src/main/java/org/jsoup/nodes/Attributes.java: error: unknown type
	data: Set
src/main/java/org/jsoup/nodes/Attributes.java: error: unknown field
	data: [this struct(org/jsoup/nodes/Attributes, [], [pointer(reference(java/lang/Object))], [pointer(genericInstance(reference(java/lang/Iterable), [pointer(reference(org/jsoup/nodes/Attribute))])), reference(java/lang/Cloneable)]) Collections]
src/main/java/org/jsoup/nodes/Attributes.java: error: unknown function
	data: [struct(java/lang/Object, [], [], []) java/lang/Object//clone [] []]
src/main/java/org/jsoup/nodes/Attributes.java: error: not a boolean type
	data: unsupported
src/main/java/org/jsoup/nodes/Attributes.java: error: unknown type
	data: LinkedHashMap
src/main/java/org/jsoup/nodes/Document.java: error: unknown import
	data: org/jsoup/select/Elements
src/main/java/org/jsoup/nodes/Document.java: error: unknown import
	data: java/nio/charset/Charset
src/main/java/org/jsoup/nodes/Document.java: error: unknown import
	data: java/nio/charset/CharsetEncoder
src/main/java/org/jsoup/nodes/Document.java: internal error: no supported constructor available
	data: [struct(org/jsoup/nodes/Element, [], [pointer(reference(org/jsoup/nodes/Node))], []) function(variable(this, pointer(reference(org/jsoup/nodes/Node))), org/jsoup/nodes/Node//@@constructor!d41d8cd98f00b204e9800998ecf8427e, [], [variable(, pointer(reference(org/jsoup/nodes/Node)))], block([=(select(this, @java/lang/Object), call(select(&(composite(reference(java/lang/Object), [])), @@constructor!d41d8cd98f00b204e9800998ecf8427e), [])), unsupported, =(select(this, attributes), nil), return([this])]))]
src/main/java/org/jsoup/nodes/Document.java: error: unknown function
	data: [struct(java/lang/Object, [], [], []) java/lang/Object//clone [] []]
src/main/java/org/jsoup/nodes/Document.java: error: unknown import
	data: org/jsoup/helper/StringUtil
src/main/java/org/jsoup/nodes/Document.java: error: unknown import
	data: org/jsoup/helper/Validate
src/main/java/org/jsoup/nodes/Document.java: error: unknown import
	data: org/jsoup/parser/Tag
src/main/java/org/jsoup/nodes/DocumentType.java: error: unknown import
	data: org/jsoup/helper/StringUtil
src/main/java/org/jsoup/nodes/DocumentType.java: error: unknown import
	data: org/jsoup/helper/Validate
src/main/java/org/jsoup/nodes/Element.java: error: unknown field
	data: [this struct(org/jsoup/nodes/Element, [], [pointer(reference(org/jsoup/nodes/Node))], []) Collector]
src/main/java/org/jsoup/nodes/Element.java: error: unknown field
	data: [this struct(org/jsoup/nodes/Element, [], [pointer(reference(org/jsoup/nodes/Node))], []) Collections]
src/main/java/org/jsoup/nodes/Element.java: error: unknown field
	data: [this struct(org/jsoup/nodes/Element, [], [pointer(reference(org/jsoup/nodes/Node))], []) Collector]
src/main/java/org/jsoup/nodes/Element.java: internal error: not all elements have the same type
	data: declaration([siblings], [pointer(genericInstance(reference(java/util/List), [pointer(reference(org/jsoup/nodes/Element))]))], [call(select(ensure_not_nil(call(select(this, parent!d41d8cd98f00b204e9800998ecf8427e), [])), children!d41d8cd98f00b204e9800998ecf8427e), [])], ModifierVisibilityPublic)
src/main/java/org/jsoup/nodes/Element.java: error: unknown type
	data: Evaluator/AttributeWithValueEnding
src/main/java/org/jsoup/nodes/Element.java: error: unknown field
	data: [this struct(org/jsoup/nodes/Element, [], [pointer(reference(org/jsoup/nodes/Node))], []) Collector]
src/main/java/org/jsoup/nodes/Element.java: error: unknown type
	data: Evaluator/ContainsOwnText
src/main/java/org/jsoup/nodes/Element.java: error: unknown type
	data: LinkedHashSet
src/main/java/org/jsoup/nodes/Element.java: error: unknown field
	data: [this struct(org/jsoup/nodes/Element, [], [pointer(reference(org/jsoup/nodes/Node))], []) Collector]
src/main/java/org/jsoup/nodes/Element.java: error: unknown type
	data: Evaluator/AttributeWithValueContaining
src/main/java/org/jsoup/nodes/Element.java: error: unknown type
	data: Evaluator/IndexEquals
src/main/java/org/jsoup/nodes/Element.java: error: unknown type
	data: Evaluator/ContainsText
src/main/java/org/jsoup/nodes/Element.java: error: unknown field
	data: [this struct(org/jsoup/nodes/Element, [], [pointer(reference(org/jsoup/nodes/Node))], []) Collector]
src/main/java/org/jsoup/nodes/Element.java: unsupported: unsupported node
	data: [==(select(this, classNames), nil) genericInstance(unsupported(Set), [pointer(struct(java/lang/String, [], [pointer(reference(java/lang/Object))], [reference(java/lang/CharSequence)]))])]
src/main/java/org/jsoup/nodes/Element.java: error: unknown field
	data: [this struct(org/jsoup/nodes/Element, [], [pointer(reference(org/jsoup/nodes/Node))], []) Selector]
src/main/java/org/jsoup/nodes/Element.java: error: unknown type
	data: Evaluator/AttributeStarting
src/main/java/org/jsoup/nodes/Element.java: unsupported: unsupported AST node
	data: genericInstance(unsupported(Set), [pointer(reference(java/lang/String))])
src/main/java/org/jsoup/nodes/Element.java: internal error: not all elements have the same type
	data: declaration([elements], [pointer(genericInstance(reference(java/util/List), [pointer(reference(org/jsoup/nodes/Element))]))], [call(select(ensure_not_nil(call(select(this, parent!d41d8cd98f00b204e9800998ecf8427e), [])), children!d41d8cd98f00b204e9800998ecf8427e), [])], ModifierVisibilityPublic)
src/main/java/org/jsoup/nodes/Element.java: internal error: not all elements have the same type
	data: declaration([siblings], [pointer(genericInstance(reference(java/util/List), [pointer(reference(org/jsoup/nodes/Element))]))], [call(select(ensure_not_nil(call(select(this, parent!d41d8cd98f00b204e9800998ecf8427e), [])), children!d41d8cd98f00b204e9800998ecf8427e), [])], ModifierVisibilityPublic)
src/main/java/org/jsoup/nodes/Element.java: error: unknown type
	data: Evaluator/AttributeWithValue
src/main/java/org/jsoup/nodes/Element.java: error: unknown type
	data: Evaluator/AttributeWithValueStarting
src/main/java/org/jsoup/nodes/Element.java: error: unknown field
	data: [this struct(org/jsoup/nodes/Element, [], [pointer(reference(org/jsoup/nodes/Node))], []) Collector]
src/main/java/org/jsoup/nodes/Element.java: error: unknown type
	data: Evaluator/MatchesOwn
src/main/java/org/jsoup/nodes/Element.java: internal error: not all elements have the same type
	data: declaration([nodeArray], [array(pointer(reference(org/jsoup/nodes/Node)), primitive(int, 32, false), 0)], [call(select(ensure_not_nil(nodes), toArray!4ca58e31cd2242105fd0ef5028975b56), [cast(make(array(pointer(reference(org/jsoup/nodes/Node)), primitive(int, 32, false), 0), call(select(ensure_not_nil(nodes), size!d41d8cd98f00b204e9800998ecf8427e), [])), array(pointer(reference(java/lang/Object)), primitive(int, 32, false), 0))])], ModifierVisibilityPublic)
src/main/java/org/jsoup/nodes/Element.java: error: unknown function
	data: [<nil> addChildren [] [call(select(ensure_not_nil(nodes), toArray!4ca58e31cd2242105fd0ef5028975b56), [cast(make(array(pointer(reference(org/jsoup/nodes/Node)), primitive(int, 32, false), 0), call(select(ensure_not_nil(nodes), size!d41d8cd98f00b204e9800998ecf8427e), [])), array(pointer(reference(java/lang/Object)), primitive(int, 32, false), 0))])]]
src/main/java/org/jsoup/nodes/Element.java: error: error: unresolved type
	data: reference(E)
	child error: (error) Internal error: unknown type:
		"E"
		Stacktrace: goroutine 1 [running]:
		gitlab.nethead.at/symflower/symflower/model/errors.NewInternalError({0x21de060, 0x2d25a00}, {0x12473e0, 0xc000f99790})
			gitlab.nethead.at/symflower/symflower/model/errors/error.go:852 +0x4e
		gitlab.nethead.at/symflower/symflower/model/errors.NewProblemWithErrorSeverity(...)
			gitlab.nethead.at/symflower/symflower/model/errors/problem.go:321
		gitlab.nethead.at/symflower/symflower/model/ast.(*Scope).GetType(0xc001b960a8?, {0x2221be8, 0x1})
			gitlab.nethead.at/symflower/symflower/model/ast/scope.go:986 +0x85
		gitlab.nethead.at/symflower/symflower/model/ast.resolve(0xc00051c540, {0x2205848?, 0xc00106ada0}, 0xe0)
			gitlab.nethead.at/symflower/symflower/model/ast/type-resolve.go:362 +0x78
		gitlab.nethead.at/symflower/symflower/model/ast.ResolveWithPointers(...)
			gitlab.nethead.at/symflower/symflower/model/ast/type-resolve.go:326
		gitlab.nethead.at/symflower/symflower/model/ast.(*TypeGenericInstance).IsCompatibleType(0xc000835980, 0xc00051c540, {0x2205728?, 0xc0015b63e0?})
			gitlab.nethead.at/symflower/symflower/model/ast/type.go:3369 +0x230
		gitlab.nethead.at/symflower/symflower/language/java/symbol.(*transpiler).checkFunctionApplicability(0xc00040a140, 0xc000a75d00, {0x0?, 0x0?}, {0x0?, 0x43f908?, 0xc0005083c0?}, {0xc0015b61a0, 0x2, 0x2})
			gitlab.nethead.at/symflower/symflower/language/java/symbol/overloading.go:406 +0x66b
		gitlab.nethead.at/symflower/symflower/language/java/symbol.(*transpiler).matchOverloadingFunction(0xc00040a140, {0xc000632b38, 0x1, 0x1}, {0x0, 0x0}, {0x0, 0x0, 0x0}, {0xc0015b61a0, ...})
			gitlab.nethead.at/symflower/symflower/language/java/symbol/overloading.go:451 +0x217
		gitlab.nethead.at/symflower/symflower/language/java/symbol.(*transpiler).getFunction(0xc00040a140, {0x0, 0x0}, {0xc0005083c0, 0xb}, {0x0, 0x0, 0x0}, {0xc0015b61a0, 0x2, ...})
			gitlab.nethead.at/symflower/symflower/language/java/symbol/overloading.go:224 +0xd2
		gitlab.nethead.at/symflower/symflower/language/java/symbol.(*transpiler).handleMethodCallResolveOverloads(0xc00040a140, {0xc0005083c0, 0xb}, {0x0?, 0x0?}, {0x0?, 0xc001b96948?, 0xe3d0b8?}, {0xc0015b61a0, 0x2, ...})
			gitlab.nethead.at/symflower/symflower/language/java/symbol/handle.go:5426 +0x87
		gitlab.nethead.at/symflower/symflower/language/java/symbol.(*transpiler).handleExpressionMethodCall(0xc00040a140, 0xc000a66d50, 0xc0006d4f00)
			gitlab.nethead.at/symflower/symflower/language/java/symbol/handle.go:5568 +0x68b
		gitlab.nethead.at/symflower/symflower/language/java/symbol.(*transpiler).handleExpression(0xc00040a140, 0xc000a66d50, {0x21f7d38, 0xc0006d4f00})
			gitlab.nethead.at/symflower/symflower/language/java/symbol/handle.go:6903 +0x785
		gitlab.nethead.at/symflower/symflower/language/java/symbol.(*transpiler).handleExpressionVariableDeclaration(0xc00040a140, 0xc000a66d50, 0xc0006d4fc0)
			gitlab.nethead.at/symflower/symflower/language/java/symbol/handle.go:6477 +0x72f
		gitlab.nethead.at/symflower/symflower/language/java/symbol.(*transpiler).handleStatementExpression(0xc00040a140?, 0xc000a66d50?, {0x21f8100?, 0xc0006d4fc0?})
			gitlab.nethead.at/symflower/symflower/language/java/symbol/handle.go:3976 +0xc5
		gitlab.nethead.at/symflower/symflower/language/java/symbol.(*transpiler).handleStatement(0xc00040a140, 0xc000a66d50, {0x21f7238, 0xc0006db980})
			gitlab.nethead.at/symflower/symflower/language/java/symbol/handle.go:4415 +0x8aa
		gitlab.nethead.at/symflower/symflower/language/java/symbol.(*transpiler).handleStatements(0xc00040a140, 0xc000a66d50, {0xc0006ae550, 0x5, 0xc000500008?})
			gitlab.nethead.at/symflower/symflower/language/java/symbol/handle.go:3731 +0x85
		gitlab.nethead.at/symflower/symflower/language/java/symbol.(*transpiler).handleBlock.func1()
			gitlab.nethead.at/symflower/symflower/language/java/symbol/handle.go:3712 +0x45
		gitlab.nethead.at/symflower/symflower/model/ast.(*Scope).Scoped(0xc00051c540, 0xc001b96d50)
			gitlab.nethead.at/symflower/symflower/model/ast/scope.go:297 +0x162
		gitlab.nethead.at/symflower/symflower/language/java/symbol.(*transpiler).handleBlock(0xc00040a140, 0xc000a66d50, 0xc0006b7c20)
			gitlab.nethead.at/symflower/symflower/language/java/symbol/handle.go:3711 +0x9e
		gitlab.nethead.at/symflower/symflower/language/java/symbol.(*transpiler).handleMethodDeclarationBody.(*transpiler).handleScopedBlockStatement.func2()
			gitlab.nethead.at/symflower/symflower/language/java/symbol/handle.go:2716 +0x205
		gitlab.nethead.at/symflower/symflower/model/ast.(*Scope).Scoped(0xc00051c540, 0xc001b97160)
			gitlab.nethead.at/symflower/symflower/model/ast/scope.go:297 +0x162
		gitlab.nethead.at/symflower/symflower/language/java/symbol.(*transpiler).handleScopedBlockStatement(...)
			gitlab.nethead.at/symflower/symflower/language/java/symbol/handle.go:2693
		gitlab.nethead.at/symflower/symflower/language/java/symbol.(*transpiler).handleMethodDeclarationBody(0xc00040a140, 0xc000a66d50, {0x2208170, 0xc000a60840}, 0xc000a75800, 0x0)
			gitlab.nethead.at/symflower/symflower/language/java/symbol/handle.go:2523 +0x61b
		gitlab.nethead.at/symflower/symflower/language/java/symbol.(*transpiler).handleClassAndInterfaceDeclarationBodies(0xc00040a140, 0xc000a66d50, 0xc000a60840)
			gitlab.nethead.at/symflower/symflower/language/java/symbol/handle.go:1534 +0x2f7
		gitlab.nethead.at/symflower/symflower/language/java/symbol.(*transpiler).handleClassDeclarationBodies(0xc00040a140, 0xc000a66d50, 0xc000a60840)
			gitlab.nethead.at/symflower/symflower/language/java/symbol/handle.go:1419 +0x106
		gitlab.nethead.at/symflower/symflower/language/java/symbol.(*transpiler).handleBodies.func1(0xc000a66d50, {0x2207578, 0xc000a60840})
			gitlab.nethead.at/symflower/symflower/language/java/symbol/symbols.go:532 +0x1ff
		gitlab.nethead.at/symflower/symflower/language/java/symbol.(*transpiler).walkSubDeclarations(0xc00040a140, 0xc000a66d50, 0xc001b97760, 0xc000a4db60, 0xc000a695c0, {0x2207578, 0xc000a60840})
			gitlab.nethead.at/symflower/symflower/language/java/symbol/symbols.go:869 +0x1ee
		gitlab.nethead.at/symflower/symflower/language/java/symbol.(*transpiler).walkFile(0xc00040a140, 0x1, 0x2088c58, 0xc001b97760, 0xc000a4db60, 0xc000a695c0)
			gitlab.nethead.at/symflower/symflower/language/java/symbol/symbols.go:625 +0x3c5
		gitlab.nethead.at/symflower/symflower/language/java/symbol.(*transpiler).walkPackage(0xc00040a140, 0x1, 0x2088c58, 0xc001b97760, 0xc000a4db60)
			gitlab.nethead.at/symflower/symflower/language/java/symbol/symbols.go:583 +0x225
		gitlab.nethead.at/symflower/symflower/language/java/symbol.(*transpiler).walkFilesAndDeclarations(0xc00040a140, 0x1, 0x2088c58, 0xc001b97760)
			gitlab.nethead.at/symflower/symflower/language/java/symbol/symbols.go:566 +0xa5
		gitlab.nethead.at/symflower/symflower/language/java/symbol.(*transpiler).handleBodies(0xc00040a140)
			gitlab.nethead.at/symflower/symflower/language/java/symbol/symbols.go:513 +0x65
		gitlab.nethead.at/symflower/symflower/language/java/symbol.symbolsWithDependencies(0xc000182858, {0x0?, 0x41aa94?, 0x13e43a0?}, 0x1)
			gitlab.nethead.at/symflower/symflower/language/java/symbol/symbols.go:486 +0x147
		gitlab.nethead.at/symflower/symflower/language/java/symbol.Symbols(0xc000182858, 0x1)
			gitlab.nethead.at/symflower/symflower/language/java/symbol/symbols.go:457 +0xf2
		gitlab.nethead.at/symflower/symflower/language/java.Adapter.Symbols(...)
			gitlab.nethead.at/symflower/symflower/language/java/symbols.go:29
		gitlab.nethead.at/symflower/symflower/cmd/symflower-local/generate.(*Generator).transpileLanguage(0xc0000d91a0, 0x0, 0x0, {0x220c620, 0x2e6b360})
			gitlab.nethead.at/symflower/symflower/cmd/symflower-local/generate/generate.go:136 +0x373
		gitlab.nethead.at/symflower/symflower/cmd/symflower-local/generate.(*Generator).Symbols(0xc0000d91a0, 0x0, 0x0)
			gitlab.nethead.at/symflower/symflower/cmd/symflower-local/generate/generate.go:94 +0x136
		gitlab.nethead.at/symflower/symflower/cmd/symflower-local/generate.(*AnalyzeEngineDefault).UnitTests(0x2a?, 0x124bba0?, {0x21eb890?, 0xc000516300?}, {0x80?, 0xa?, 0x1c?, 0x0?}, 0x2a?, {0xc0001df320, ...})
			gitlab.nethead.at/symflower/symflower/cmd/symflower-local/generate/analyze.go:153 +0x77
		gitlab.nethead.at/symflower/symflower/cmd/symflower-local/cmd.(*commandUnitTests).Execute(0xc0001143d8, {0xc000114008?, 0x7c1c80cef1f8?, 0xc0001143d8?})
			gitlab.nethead.at/symflower/symflower/cmd/symflower-local/cmd/unit-tests.go:85 +0x2a6
		gitlab.nethead.at/symflower/symflower/cmd.ExecuteNoExit({0x21de020, 0xc000114008}, {0xc00019e000?, 0x44?, 0x0?})
			gitlab.nethead.at/symflower/symflower/cmd/execute.go:59 +0x2ad
		gitlab.nethead.at/symflower/symflower/cmd.Execute({0x21de020?, 0xc000114008?}, {0xc00019e000?, 0xc000146018?, 0xc000129f10?})
			gitlab.nethead.at/symflower/symflower/cmd/execute.go:17 +0x26
		gitlab.nethead.at/symflower/symflower/cmd.ExecuteWithOSArguments(...)
			gitlab.nethead.at/symflower/symflower/cmd/execute.go:78
		main.main.func1()
			gitlab.nethead.at/symflower/symflower/cmd/symflower-demo/main.go:39 +0x34
		gitlab.nethead.at/symflower/symflower/cmd/symflower-local/cmd.(*Command).WithPanicReporter(0xc0000b2060?, 0x0?)
			gitlab.nethead.at/symflower/symflower/cmd/symflower-local/cmd/cmd.go:151 +0x33
		main.main()
			gitlab.nethead.at/symflower/symflower/cmd/symflower-demo/main.go:38 +0x7f
src/main/java/org/jsoup/nodes/Element.java: internal error: not all elements have the same type
	data: declaration([siblings], [pointer(genericInstance(reference(java/util/List), [pointer(reference(org/jsoup/nodes/Element))]))], [call(select(ensure_not_nil(call(select(this, parent!d41d8cd98f00b204e9800998ecf8427e), [])), children!d41d8cd98f00b204e9800998ecf8427e), [])], ModifierVisibilityPublic)
src/main/java/org/jsoup/nodes/Element.java: error: unknown field
	data: [this struct(org/jsoup/nodes/Element, [], [pointer(reference(org/jsoup/nodes/Node))], []) Collector]
src/main/java/org/jsoup/nodes/Element.java: error: unknown import
	data: org/jsoup/helper/Validate
src/main/java/org/jsoup/nodes/Element.java: error: unknown import
	data: java/util/regex/PatternSyntaxException
src/main/java/org/jsoup/nodes/Element.java: unsupported: unsupported AST node
	data: reference(E)
src/main/java/org/jsoup/nodes/Element.java: error: unknown field
	data: [this struct(org/jsoup/nodes/Element, [], [pointer(reference(org/jsoup/nodes/Node))], []) Collector]
src/main/java/org/jsoup/nodes/Element.java: error: unknown field
	data: [this struct(org/jsoup/nodes/Element, [], [pointer(reference(org/jsoup/nodes/Node))], []) Collector]
src/main/java/org/jsoup/nodes/Element.java: error: unknown field
	data: [this struct(org/jsoup/nodes/Element, [], [pointer(reference(org/jsoup/nodes/Node))], []) Collections]
src/main/java/org/jsoup/nodes/Element.java: internal error: not all elements have the same type
	data: declaration([siblings], [pointer(genericInstance(reference(java/util/List), [pointer(reference(org/jsoup/nodes/Element))]))], [call(select(ensure_not_nil(call(select(this, parent!d41d8cd98f00b204e9800998ecf8427e), [])), children!d41d8cd98f00b204e9800998ecf8427e), [])], ModifierVisibilityPublic)
src/main/java/org/jsoup/nodes/Element.java: error: unknown field
	data: [this struct(org/jsoup/nodes/Element, [], [pointer(reference(org/jsoup/nodes/Node))], []) Collector]
src/main/java/org/jsoup/nodes/Element.java: error: unknown field
	data: [this struct(org/jsoup/nodes/Element, [], [pointer(reference(org/jsoup/nodes/Node))], []) Collector]
src/main/java/org/jsoup/nodes/Element.java: error: unknown field
	data: [this struct(org/jsoup/nodes/Element, [], [pointer(reference(org/jsoup/nodes/Node))], []) Collector]
src/main/java/org/jsoup/nodes/Element.java: error: unknown field
	data: [this struct(org/jsoup/nodes/Element, [], [pointer(reference(org/jsoup/nodes/Node))], []) Collector]
src/main/java/org/jsoup/nodes/Element.java: error: unknown type
	data: NodeTraversor
src/main/java/org/jsoup/nodes/Element.java: error: unknown import
	data: java/util/regex/Pattern
src/main/java/org/jsoup/nodes/Element.java: error: unknown type
	data: Evaluator/AttributeWithValueNot
src/main/java/org/jsoup/nodes/Element.java: error: unknown type
	data: Evaluator/AttributeWithValueMatching
src/main/java/org/jsoup/nodes/Element.java: error: unknown field
	data: [this struct(org/jsoup/nodes/Element, [], [pointer(reference(org/jsoup/nodes/Node))], []) Collector]
src/main/java/org/jsoup/nodes/Element.java: error: unknown type
	data: Evaluator/IndexGreaterThan
src/main/java/org/jsoup/nodes/Element.java: unsupported: unsupported AST node
	data: genericInstance(unsupported(Set), [pointer(reference(java/lang/String))])
src/main/java/org/jsoup/nodes/Element.java: error: unknown import
	data: org/jsoup/select
src/main/java/org/jsoup/nodes/Element.java: error: unknown type
	data: Elements
src/main/java/org/jsoup/nodes/Element.java: error: unknown type
	data: Evaluator/Tag
src/main/java/org/jsoup/nodes/Element.java: error: unknown type
	data: Evaluator/Matches
src/main/java/org/jsoup/nodes/Element.java: error: unknown field
	data: [this struct(org/jsoup/nodes/Element, [], [pointer(reference(org/jsoup/nodes/Node))], []) Collector]
src/main/java/org/jsoup/nodes/Element.java: error: unknown import
	data: org/jsoup/helper/StringUtil
src/main/java/org/jsoup/nodes/Element.java: error: unknown type
	data: Set
src/main/java/org/jsoup/nodes/Element.java: error: unknown function
	data: [<nil> java/util/ArrayList//ArrayList [pointer(reference(org/jsoup/nodes/Node))] [children]]
src/main/java/org/jsoup/nodes/Element.java: error: unknown import
	data: org/jsoup/parser/Tag
src/main/java/org/jsoup/nodes/Element.java: error: unknown field
	data: [this struct(org/jsoup/nodes/Element, [], [pointer(reference(org/jsoup/nodes/Node))], []) Collector]
src/main/java/org/jsoup/nodes/Element.java: error: unknown type
	data: Evaluator/Class
src/main/java/org/jsoup/nodes/Element.java: error: unknown type
	data: Evaluator/Attribute
src/main/java/org/jsoup/nodes/Element.java: error: unknown field
	data: [this struct(org/jsoup/nodes/Element, [], [pointer(reference(org/jsoup/nodes/Node))], []) Collector]
src/main/java/org/jsoup/nodes/Element.java: unsupported: unsupported AST node
	data: genericInstance(unsupported(Set), [pointer(reference(java/lang/String))])
src/main/java/org/jsoup/nodes/Element.java: error: unknown import
	data: org/jsoup/parser/Parser
src/main/java/org/jsoup/nodes/Element.java: error: error: unresolved type
	data: reference(E)
	child error: (error) Internal error: unknown type:
		"E"
		Stacktrace: goroutine 1 [running]:
		gitlab.nethead.at/symflower/symflower/model/errors.NewInternalError({0x21de060, 0x2d25a00}, {0x12473e0, 0xc0013a6e10})
			gitlab.nethead.at/symflower/symflower/model/errors/error.go:852 +0x4e
		gitlab.nethead.at/symflower/symflower/model/errors.NewProblemWithErrorSeverity(...)
			gitlab.nethead.at/symflower/symflower/model/errors/problem.go:321
		gitlab.nethead.at/symflower/symflower/model/ast.(*Scope).GetType(0xc001b960a8?, {0x2221be8, 0x1})
			gitlab.nethead.at/symflower/symflower/model/ast/scope.go:986 +0x85
		gitlab.nethead.at/symflower/symflower/model/ast.resolve(0xc00051c540, {0x2205848?, 0xc00106ada0}, 0xe0)
			gitlab.nethead.at/symflower/symflower/model/ast/type-resolve.go:362 +0x78
		gitlab.nethead.at/symflower/symflower/model/ast.ResolveWithPointers(...)
			gitlab.nethead.at/symflower/symflower/model/ast/type-resolve.go:326
		gitlab.nethead.at/symflower/symflower/model/ast.(*TypeGenericInstance).IsCompatibleType(0xc000835980, 0xc00051c540, {0x2205728?, 0xc001379c60?})
			gitlab.nethead.at/symflower/symflower/model/ast/type.go:3369 +0x230
		gitlab.nethead.at/symflower/symflower/language/java/symbol.(*transpiler).checkFunctionApplicability(0xc00040a140, 0xc000a75d00, {0x0?, 0x0?}, {0x0?, 0x43f908?, 0xc000508830?}, {0xc001379a20, 0x2, 0x2})
			gitlab.nethead.at/symflower/symflower/language/java/symbol/overloading.go:406 +0x66b
		gitlab.nethead.at/symflower/symflower/language/java/symbol.(*transpiler).matchOverloadingFunction(0xc00040a140, {0xc000632b38, 0x1, 0x1}, {0x0, 0x0}, {0x0, 0x0, 0x0}, {0xc001379a20, ...})
			gitlab.nethead.at/symflower/symflower/language/java/symbol/overloading.go:451 +0x217
		gitlab.nethead.at/symflower/symflower/language/java/symbol.(*transpiler).getFunction(0xc00040a140, {0x0, 0x0}, {0xc000508830, 0xb}, {0x0, 0x0, 0x0}, {0xc001379a20, 0x2, ...})
			gitlab.nethead.at/symflower/symflower/language/java/symbol/overloading.go:224 +0xd2
		gitlab.nethead.at/symflower/symflower/language/java/symbol.(*transpiler).handleMethodCallResolveOverloads(0xc00040a140, {0xc000508830, 0xb}, {0x0?, 0x0?}, {0x0?, 0xc001b96948?, 0xe3d0b8?}, {0xc001379a20, 0x2, ...})
			gitlab.nethead.at/symflower/symflower/language/java/symbol/handle.go:5426 +0x87
		gitlab.nethead.at/symflower/symflower/language/java/symbol.(*transpiler).handleExpressionMethodCall(0xc00040a140, 0xc000a66d50, 0xc0006d5500)
			gitlab.nethead.at/symflower/symflower/language/java/symbol/handle.go:5568 +0x68b
		gitlab.nethead.at/symflower/symflower/language/java/symbol.(*transpiler).handleExpression(0xc00040a140, 0xc000a66d50, {0x21f7d38, 0xc0006d5500})
			gitlab.nethead.at/symflower/symflower/language/java/symbol/handle.go:6903 +0x785
		gitlab.nethead.at/symflower/symflower/language/java/symbol.(*transpiler).handleExpressionVariableDeclaration(0xc00040a140, 0xc000a66d50, 0xc0006d55c0)
			gitlab.nethead.at/symflower/symflower/language/java/symbol/handle.go:6477 +0x72f
		gitlab.nethead.at/symflower/symflower/language/java/symbol.(*transpiler).handleStatementExpression(0xc00040a140?, 0xc000a66d50?, {0x21f8100?, 0xc0006d55c0?})
			gitlab.nethead.at/symflower/symflower/language/java/symbol/handle.go:3976 +0xc5
		gitlab.nethead.at/symflower/symflower/language/java/symbol.(*transpiler).handleStatement(0xc00040a140, 0xc000a66d50, {0x21f7238, 0xc0006dee80})
			gitlab.nethead.at/symflower/symflower/language/java/symbol/handle.go:4415 +0x8aa
		gitlab.nethead.at/symflower/symflower/language/java/symbol.(*transpiler).handleStatements(0xc00040a140, 0xc000a66d50, {0xc0006ae5a0, 0x5, 0xc0000b4808?})
			gitlab.nethead.at/symflower/symflower/language/java/symbol/handle.go:3731 +0x85
		gitlab.nethead.at/symflower/symflower/language/java/symbol.(*transpiler).handleBlock.func1()
			gitlab.nethead.at/symflower/symflower/language/java/symbol/handle.go:3712 +0x45
		gitlab.nethead.at/symflower/symflower/model/ast.(*Scope).Scoped(0xc00051c540, 0xc001b96d50)
			gitlab.nethead.at/symflower/symflower/model/ast/scope.go:297 +0x162
		gitlab.nethead.at/symflower/symflower/language/java/symbol.(*transpiler).handleBlock(0xc00040a140, 0xc000a66d50, 0xc0006b7cb0)
			gitlab.nethead.at/symflower/symflower/language/java/symbol/handle.go:3711 +0x9e
		gitlab.nethead.at/symflower/symflower/language/java/symbol.(*transpiler).handleMethodDeclarationBody.(*transpiler).handleScopedBlockStatement.func2()
			gitlab.nethead.at/symflower/symflower/language/java/symbol/handle.go:2716 +0x205
		gitlab.nethead.at/symflower/symflower/model/ast.(*Scope).Scoped(0xc00051c540, 0xc001b97160)
			gitlab.nethead.at/symflower/symflower/model/ast/scope.go:297 +0x162
		gitlab.nethead.at/symflower/symflower/language/java/symbol.(*transpiler).handleScopedBlockStatement(...)
			gitlab.nethead.at/symflower/symflower/language/java/symbol/handle.go:2693
		gitlab.nethead.at/symflower/symflower/language/java/symbol.(*transpiler).handleMethodDeclarationBody(0xc00040a140, 0xc000a66d50, {0x2208170, 0xc000a60840}, 0xc000a75900, 0x0)
			gitlab.nethead.at/symflower/symflower/language/java/symbol/handle.go:2523 +0x61b
		gitlab.nethead.at/symflower/symflower/language/java/symbol.(*transpiler).handleClassAndInterfaceDeclarationBodies(0xc00040a140, 0xc000a66d50, 0xc000a60840)
			gitlab.nethead.at/symflower/symflower/language/java/symbol/handle.go:1534 +0x2f7
		gitlab.nethead.at/symflower/symflower/language/java/symbol.(*transpiler).handleClassDeclarationBodies(0xc00040a140, 0xc000a66d50, 0xc000a60840)
			gitlab.nethead.at/symflower/symflower/language/java/symbol/handle.go:1419 +0x106
		gitlab.nethead.at/symflower/symflower/language/java/symbol.(*transpiler).handleBodies.func1(0xc000a66d50, {0x2207578, 0xc000a60840})
			gitlab.nethead.at/symflower/symflower/language/java/symbol/symbols.go:532 +0x1ff
		gitlab.nethead.at/symflower/symflower/language/java/symbol.(*transpiler).walkSubDeclarations(0xc00040a140, 0xc000a66d50, 0xc001b97760, 0xc000a4db60, 0xc000a695c0, {0x2207578, 0xc000a60840})
			gitlab.nethead.at/symflower/symflower/language/java/symbol/symbols.go:869 +0x1ee
		gitlab.nethead.at/symflower/symflower/language/java/symbol.(*transpiler).walkFile(0xc00040a140, 0x1, 0x2088c58, 0xc001b97760, 0xc000a4db60, 0xc000a695c0)
			gitlab.nethead.at/symflower/symflower/language/java/symbol/symbols.go:625 +0x3c5
		gitlab.nethead.at/symflower/symflower/language/java/symbol.(*transpiler).walkPackage(0xc00040a140, 0x1, 0x2088c58, 0xc001b97760, 0xc000a4db60)
			gitlab.nethead.at/symflower/symflower/language/java/symbol/symbols.go:583 +0x225
		gitlab.nethead.at/symflower/symflower/language/java/symbol.(*transpiler).walkFilesAndDeclarations(0xc00040a140, 0x1, 0x2088c58, 0xc001b97760)
			gitlab.nethead.at/symflower/symflower/language/java/symbol/symbols.go:566 +0xa5
		gitlab.nethead.at/symflower/symflower/language/java/symbol.(*transpiler).handleBodies(0xc00040a140)
			gitlab.nethead.at/symflower/symflower/language/java/symbol/symbols.go:513 +0x65
		gitlab.nethead.at/symflower/symflower/language/java/symbol.symbolsWithDependencies(0xc000182858, {0x0?, 0x41aa94?, 0x13e43a0?}, 0x1)
			gitlab.nethead.at/symflower/symflower/language/java/symbol/symbols.go:486 +0x147
		gitlab.nethead.at/symflower/symflower/language/java/symbol.Symbols(0xc000182858, 0x1)
			gitlab.nethead.at/symflower/symflower/language/java/symbol/symbols.go:457 +0xf2
		gitlab.nethead.at/symflower/symflower/language/java.Adapter.Symbols(...)
			gitlab.nethead.at/symflower/symflower/language/java/symbols.go:29
		gitlab.nethead.at/symflower/symflower/cmd/symflower-local/generate.(*Generator).transpileLanguage(0xc0000d91a0, 0x0, 0x0, {0x220c620, 0x2e6b360})
			gitlab.nethead.at/symflower/symflower/cmd/symflower-local/generate/generate.go:136 +0x373
		gitlab.nethead.at/symflower/symflower/cmd/symflower-local/generate.(*Generator).Symbols(0xc0000d91a0, 0x0, 0x0)
			gitlab.nethead.at/symflower/symflower/cmd/symflower-local/generate/generate.go:94 +0x136
		gitlab.nethead.at/symflower/symflower/cmd/symflower-local/generate.(*AnalyzeEngineDefault).UnitTests(0x2a?, 0x124bba0?, {0x21eb890?, 0xc000516300?}, {0x80?, 0xa?, 0x1c?, 0x0?}, 0x2a?, {0xc0001df320, ...})
			gitlab.nethead.at/symflower/symflower/cmd/symflower-local/generate/analyze.go:153 +0x77
		gitlab.nethead.at/symflower/symflower/cmd/symflower-local/cmd.(*commandUnitTests).Execute(0xc0001143d8, {0xc000114008?, 0x7c1c80cef1f8?, 0xc0001143d8?})
			gitlab.nethead.at/symflower/symflower/cmd/symflower-local/cmd/unit-tests.go:85 +0x2a6
		gitlab.nethead.at/symflower/symflower/cmd.ExecuteNoExit({0x21de020, 0xc000114008}, {0xc00019e000?, 0x44?, 0x0?})
			gitlab.nethead.at/symflower/symflower/cmd/execute.go:59 +0x2ad
		gitlab.nethead.at/symflower/symflower/cmd.Execute({0x21de020?, 0xc000114008?}, {0xc00019e000?, 0xc000146018?, 0xc000129f10?})
			gitlab.nethead.at/symflower/symflower/cmd/execute.go:17 +0x26
		gitlab.nethead.at/symflower/symflower/cmd.ExecuteWithOSArguments(...)
			gitlab.nethead.at/symflower/symflower/cmd/execute.go:78
		main.main.func1()
			gitlab.nethead.at/symflower/symflower/cmd/symflower-demo/main.go:39 +0x34
		gitlab.nethead.at/symflower/symflower/cmd/symflower-local/cmd.(*Command).WithPanicReporter(0xc0000b2060?, 0x0?)
			gitlab.nethead.at/symflower/symflower/cmd/symflower-local/cmd/cmd.go:151 +0x33
		main.main()
			gitlab.nethead.at/symflower/symflower/cmd/symflower-demo/main.go:38 +0x7f
src/main/java/org/jsoup/nodes/Element.java: error: unknown field
	data: [this struct(org/jsoup/nodes/Element, [], [pointer(reference(org/jsoup/nodes/Node))], []) Collector]
src/main/java/org/jsoup/nodes/Element.java: error: unknown type
	data: Evaluator/AllElements
src/main/java/org/jsoup/nodes/Element.java: error: an unsupported collection type has been used for this operation
	data: genericInstance(unsupported(Set), [pointer(reference(java/lang/String))])
src/main/java/org/jsoup/nodes/Element.java: error: unknown function
	data: [<nil> addChildren [] [0 call(select(ensure_not_nil(nodes), toArray!4ca58e31cd2242105fd0ef5028975b56), [cast(make(array(pointer(reference(org/jsoup/nodes/Node)), primitive(int, 32, false), 0), call(select(ensure_not_nil(nodes), size!d41d8cd98f00b204e9800998ecf8427e), [])), array(pointer(reference(java/lang/Object)), primitive(int, 32, false), 0))])]]
src/main/java/org/jsoup/nodes/Element.java: error: unknown type
	data: Evaluator/IndexLessThan
src/main/java/org/jsoup/nodes/Entities.java: error: unknown import
	data: java/util/regex/Matcher
src/main/java/org/jsoup/nodes/Entities.java: error: unknown type
	data: HashMap
src/main/java/org/jsoup/nodes/Entities.java: error: unknown type
	data: MissingResourceException
src/main/java/org/jsoup/nodes/Entities.java: error: unknown function
	data: [pointer(genericInstance(reference(java/util/Map), [pointer(reference(java/lang/String)), pointer(reference(java/lang/Character))])) java/util/Map<java/lang/String,java/lang/Character>//entrySet [] []]
src/main/java/org/jsoup/nodes/Entities.java: error: unknown import
	data: org/jsoup/parser/Parser
src/main/java/org/jsoup/nodes/Entities.java: error: unknown import
	data: java/nio/charset/CharsetEncoder
src/main/java/org/jsoup/nodes/Entities.java: error: unknown import
	data: java/util/regex/Pattern
src/main/java/org/jsoup/nodes/Entities.java: error: unknown field
	data: [Character struct(java/lang/Character, [], [pointer(reference(java/lang/Object))], []) MIN_SUPPLEMENTARY_CODE_POINT]
src/main/java/org/jsoup/nodes/Entities.java: error: unknown type
	data: Properties
src/main/java/org/jsoup/nodes/Entities.java: error: unknown function
	data: [genericInstance(reference(java/lang/Class), [pointer(reference(java/lang/Object))]) java/lang/Class<java/lang/Object>//getResourceAsStream [] [filename]]
src/main/java/org/jsoup/nodes/FormElement.java: error: unknown import
	data: org/jsoup/Connection
src/main/java/org/jsoup/nodes/FormElement.java: error: unknown import
	data: org/jsoup/Jsoup
src/main/java/org/jsoup/nodes/FormElement.java: error: unknown import
	data: org/jsoup/helper/HttpConnection
src/main/java/org/jsoup/nodes/FormElement.java: error: unknown import
	data: org/jsoup/helper/Validate
src/main/java/org/jsoup/nodes/FormElement.java: error: unknown import
	data: org/jsoup/parser/Tag
src/main/java/org/jsoup/nodes/FormElement.java: error: unknown import
	data: org/jsoup/select/Elements
src/main/java/org/jsoup/nodes/FormElement.java: internal error: no supported constructor available
	data: [struct(org/jsoup/nodes/Element, [], [pointer(reference(org/jsoup/nodes/Node))], []) function(variable(this, pointer(reference(org/jsoup/nodes/Node))), org/jsoup/nodes/Node//@@constructor!d41d8cd98f00b204e9800998ecf8427e, [], [variable(, pointer(reference(org/jsoup/nodes/Node)))], block([=(select(this, @java/lang/Object), call(select(&(composite(reference(java/lang/Object), [])), @@constructor!d41d8cd98f00b204e9800998ecf8427e), [])), unsupported, =(select(this, attributes), nil), return([this])]))]
src/main/java/org/jsoup/nodes/Node.java: error: unknown import
	data: java/util/LinkedList
src/main/java/org/jsoup/nodes/Node.java: error: unknown function
	data: [<nil> java/util/ArrayList//ArrayList [pointer(reference(org/jsoup/nodes/Node))] [4]]
src/main/java/org/jsoup/nodes/Node.java: error: unknown function
	data: [genericInstance(reference(java/util/List), [pointer(reference(org/jsoup/nodes/Node))]) java/util/List<org/jsoup/nodes/Node>//set [] [index in]]
src/main/java/org/jsoup/nodes/Node.java: error: unknown function
	data: [<nil> java/util/ArrayList//ArrayList [pointer(reference(org/jsoup/nodes/Node))] [call(select(ensure_not_nil(select(this, childNodes)), size!d41d8cd98f00b204e9800998ecf8427e), [])]]
src/main/java/org/jsoup/nodes/Node.java: error: unknown import
	data: org/jsoup/select/NodeTraversor
src/main/java/org/jsoup/nodes/Node.java: error: unknown import
	data: java/net/MalformedURLException
src/main/java/org/jsoup/nodes/Node.java: error: unknown import
	data: java/net/URL
src/main/java/org/jsoup/nodes/Node.java: error: unknown function
	data: [<nil> java/util/ArrayList//ArrayList [pointer(reference(org/jsoup/nodes/Node))] [-(call(select(ensure_not_nil(nodes), size!d41d8cd98f00b204e9800998ecf8427e), []), 1)]]
src/main/java/org/jsoup/nodes/Node.java: error: unknown function
	data: [struct(java/lang/Object, [], [], []) java/lang/Object//clone [] []]
src/main/java/org/jsoup/nodes/Node.java: error: unknown import
	data: org/jsoup/helper/StringUtil
src/main/java/org/jsoup/nodes/Node.java: error: unknown import
	data: org/jsoup/helper/Validate
src/main/java/org/jsoup/nodes/Node.java: error: unknown function
	data: [<nil> java/util/ArrayList//ArrayList [pointer(reference(org/jsoup/nodes/Node))] [call(select(ensure_not_nil(select(this, childNodes)), size!d41d8cd98f00b204e9800998ecf8427e), [])]]
src/main/java/org/jsoup/nodes/Node.java: internal error: recovered panic
	data: runtime error: invalid memory address or nil pointer dereference
src/main/java/org/jsoup/nodes/Node.java: error: unknown import
	data: org/jsoup/parser/Parser
src/main/java/org/jsoup/nodes/Node.java: error: unknown import
	data: java/util/Collections
src/main/java/org/jsoup/nodes/Node.java: error: unknown function
	data: [struct(org/jsoup/nodes/Node, [], [pointer(reference(java/lang/Object))], [reference(java/lang/Cloneable)]) org/jsoup/nodes/Node//addChildren [] [index call(select(ensure_not_nil(nodes), toArray!4ca58e31cd2242105fd0ef5028975b56), [cast(make(array(pointer(reference(org/jsoup/nodes/Node)), primitive(int, 32, false), 0), call(select(ensure_not_nil(nodes), size!d41d8cd98f00b204e9800998ecf8427e), [])), array(pointer(reference(java/lang/Object)), primitive(int, 32, false), 0))])]]
src/main/java/org/jsoup/nodes/Node.java: internal error: not all elements have the same type
	data: declaration([children], [pointer(genericInstance(reference(java/util/List), [pointer(reference(org/jsoup/nodes/Element))]))], [call(select(ensure_not_nil(el), children!d41d8cd98f00b204e9800998ecf8427e), [])], ModifierVisibilityPublic)
src/main/java/org/jsoup/nodes/Node.java: error: unknown import
	data: org/jsoup/select/NodeVisitor
src/main/java/org/jsoup/nodes/TextNode.java: error: unknown import
	data: org/jsoup/helper/StringUtil
src/main/java/org/jsoup/nodes/TextNode.java: error: unknown import
	data: org/jsoup/helper/Validate
internal error: scope leak
	data: map[handledNode:block([unsupported]) scopeLevelAtEntry:9 scopeLevelAtExit:10]
internal error: scope leak
	data: map[handledNode:struct(org/jsoup/nodes/Attributes//Dataset, [], [genericInstance(unsupported(AbstractMap), [pointer(reference(java/lang/String)), pointer(reference(java/lang/String))])], []) scopeLevelAtEntry:7 scopeLevelAtExit:8]
internal error: scope leak
	data: map[handledNode:struct(org/jsoup/nodes/Attributes, [], [pointer(reference(java/lang/Object))], [pointer(genericInstance(reference(java/lang/Iterable), [pointer(reference(org/jsoup/nodes/Attribute))])), reference(java/lang/Cloneable)]) scopeLevelAtEntry:6 scopeLevelAtExit:7]
Found 1 Java files
Found 129 problems in Java files
src/main/java/org/jsoup/nodes/Element.java: found 83 symbols
src/main/java/org/jsoup/nodes/Element.java: org.jsoup.nodes.Element.textNodes: computing test cases
src/main/java/org/jsoup/nodes/Element.java: org.jsoup.nodes.Element.textNodes: found 1 problems
src/main/java/org/jsoup/nodes/Element.java: internal error: org.jsoup.nodes.Element.textNodes: unknown type kind
	data: unsupported(org/jsoup/parser/Tag)
src/main/java/org/jsoup/nodes/Element.java: org.jsoup.nodes.Element.previousElementSibling: computing test cases
src/main/java/org/jsoup/nodes/Element.java: org.jsoup.nodes.Element.previousElementSibling: computed 0 unit tests
src/main/java/org/jsoup/nodes/Element.java: org.jsoup.nodes.Element.firstElementSibling: computing test cases
src/main/java/org/jsoup/nodes/Element.java: org.jsoup.nodes.Element.firstElementSibling: computed 0 unit tests
src/main/java/org/jsoup/nodes/Element.java: org.jsoup.nodes.Element.hasClass: computing test cases
src/main/java/org/jsoup/nodes/Element.java: org.jsoup.nodes.Element.hasClass: found 1 problems
src/main/java/org/jsoup/nodes/Element.java: internal error: org.jsoup.nodes.Element.hasClass: unknown type kind
	data: unsupported(org/jsoup/parser/Tag)
src/main/java/org/jsoup/nodes/Element.java: org.jsoup.nodes.Element.tagName: computing test cases
src/main/java/org/jsoup/nodes/Element.java: org.jsoup.nodes.Element.tagName: found 1 problems
src/main/java/org/jsoup/nodes/Element.java: internal error: org.jsoup.nodes.Element.tagName: unknown type kind
	data: unsupported(org/jsoup/parser/Tag)
src/main/java/org/jsoup/nodes/Element.java: org.jsoup.nodes.Element.toString: computing test cases
src/main/java/org/jsoup/nodes/Element.java: org.jsoup.nodes.Element.toString: found 1 problems
src/main/java/org/jsoup/nodes/Element.java: internal error: org.jsoup.nodes.Element.toString: unknown type kind
	data: unsupported(org/jsoup/parser/Tag)
src/main/java/org/jsoup/nodes/Element.java: org.jsoup.nodes.Element.parents: computing test cases
src/main/java/org/jsoup/nodes/Element.java: org.jsoup.nodes.Element.parents: found 1 problems
src/main/java/org/jsoup/nodes/Element.java: internal error: org.jsoup.nodes.Element.parents: unknown type kind
	data: unsupported(org/jsoup/parser/Tag)
src/main/java/org/jsoup/nodes/Element.java: org.jsoup.nodes.Element.getElementsMatchingText: computing test cases
src/main/java/org/jsoup/nodes/Element.java: org.jsoup.nodes.Element.getElementsMatchingText: found 1 problems
src/main/java/org/jsoup/nodes/Element.java: internal error: org.jsoup.nodes.Element.getElementsMatchingText: unknown type kind
	data: unsupported(org/jsoup/parser/Tag)
src/main/java/org/jsoup/nodes/Element.java: org.jsoup.nodes.Element.tagName: computing test cases
src/main/java/org/jsoup/nodes/Element.java: org.jsoup.nodes.Element.tagName: found 1 problems
src/main/java/org/jsoup/nodes/Element.java: internal error: org.jsoup.nodes.Element.tagName: unknown type kind
	data: unsupported(org/jsoup/parser/Tag)
src/main/java/org/jsoup/nodes/Element.java: org.jsoup.nodes.Element.text: computing test cases
src/main/java/org/jsoup/nodes/Element.java: org.jsoup.nodes.Element.text: found 1 problems
src/main/java/org/jsoup/nodes/Element.java: internal error: org.jsoup.nodes.Element.text: unknown type kind
	data: unsupported(org/jsoup/parser/Tag)
src/main/java/org/jsoup/nodes/Element.java: org.jsoup.nodes.Element.elementSiblingIndex: computing test cases
src/main/java/org/jsoup/nodes/Element.java: org.jsoup.nodes.Element.elementSiblingIndex: found 1 problems
src/main/java/org/jsoup/nodes/Element.java: internal error: org.jsoup.nodes.Element.elementSiblingIndex: unknown type kind
	data: unsupported(org/jsoup/parser/Tag)
src/main/java/org/jsoup/nodes/Element.java: org.jsoup.nodes.Element.getElementsByIndexEquals: computing test cases
src/main/java/org/jsoup/nodes/Element.java: org.jsoup.nodes.Element.getElementsByIndexEquals: found 1 problems
src/main/java/org/jsoup/nodes/Element.java: internal error: org.jsoup.nodes.Element.getElementsByIndexEquals: unknown type kind
	data: unsupported(org/jsoup/parser/Tag)
src/main/java/org/jsoup/nodes/Element.java: org.jsoup.nodes.Element.preserveWhitespace: computing test cases
src/main/java/org/jsoup/nodes/Element.java: org.jsoup.nodes.Element.preserveWhitespace: found 1 problems
src/main/java/org/jsoup/nodes/Element.java: internal error: org.jsoup.nodes.Element.preserveWhitespace: unknown type kind
	data: unsupported(org/jsoup/parser/Tag)
src/main/java/org/jsoup/nodes/Element.java: org.jsoup.nodes.Element.getElementsByAttributeValueNot: computing test cases
src/main/java/org/jsoup/nodes/Element.java: org.jsoup.nodes.Element.getElementsByAttributeValueNot: found 1 problems
src/main/java/org/jsoup/nodes/Element.java: internal error: org.jsoup.nodes.Element.getElementsByAttributeValueNot: unknown type kind
	data: unsupported(org/jsoup/parser/Tag)
src/main/java/org/jsoup/nodes/Element.java: org.jsoup.nodes.Element.appendElement: computing test cases
src/main/java/org/jsoup/nodes/Element.java: org.jsoup.nodes.Element.appendElement: found 1 problems
src/main/java/org/jsoup/nodes/Element.java: internal error: org.jsoup.nodes.Element.appendElement: unknown type kind
	data: unsupported(org/jsoup/parser/Tag)
src/main/java/org/jsoup/nodes/Element.java: org.jsoup.nodes.Element.val: computing test cases
src/main/java/org/jsoup/nodes/Element.java: org.jsoup.nodes.Element.val: found 1 problems
src/main/java/org/jsoup/nodes/Element.java: internal error: org.jsoup.nodes.Element.val: unknown type kind
	data: unsupported(org/jsoup/parser/Tag)
src/main/java/org/jsoup/nodes/Element.java: org.jsoup.nodes.Element.children: computing test cases
src/main/java/org/jsoup/nodes/Element.java: org.jsoup.nodes.Element.children: found 1 problems
src/main/java/org/jsoup/nodes/Element.java: internal error: org.jsoup.nodes.Element.children: unknown type kind
	data: unsupported(org/jsoup/parser/Tag)
src/main/java/org/jsoup/nodes/Element.java: org.jsoup.nodes.Element.wrap: computing test cases
src/main/java/org/jsoup/nodes/Element.java: org.jsoup.nodes.Element.wrap: found 1 problems
src/main/java/org/jsoup/nodes/Element.java: internal error: org.jsoup.nodes.Element.wrap: unknown type kind
	data: unsupported(org/jsoup/parser/Tag)
src/main/java/org/jsoup/nodes/Element.java: org.jsoup.nodes.Element.appendText: computing test cases
src/main/java/org/jsoup/nodes/Element.java: org.jsoup.nodes.Element.appendText: found 1 problems
src/main/java/org/jsoup/nodes/Element.java: internal error: org.jsoup.nodes.Element.appendText: unknown type kind
	data: unsupported(org/jsoup/parser/Tag)
src/main/java/org/jsoup/nodes/Element.java: org.jsoup.nodes.Element.getElementsContainingText: computing test cases
src/main/java/org/jsoup/nodes/Element.java: org.jsoup.nodes.Element.getElementsContainingText: found 1 problems
src/main/java/org/jsoup/nodes/Element.java: internal error: org.jsoup.nodes.Element.getElementsContainingText: unknown type kind
	data: unsupported(org/jsoup/parser/Tag)
src/main/java/org/jsoup/nodes/Element.java: org.jsoup.nodes.Element.data: computing test cases
src/main/java/org/jsoup/nodes/Element.java: org.jsoup.nodes.Element.data: found 1 problems
src/main/java/org/jsoup/nodes/Element.java: internal error: org.jsoup.nodes.Element.data: unknown type kind
	data: unsupported(org/jsoup/parser/Tag)
src/main/java/org/jsoup/nodes/Element.java: org.jsoup.nodes.Element.classNames: computing test cases
src/main/java/org/jsoup/nodes/Element.java: org.jsoup.nodes.Element.classNames: found 1 problems
src/main/java/org/jsoup/nodes/Element.java: internal error: org.jsoup.nodes.Element.classNames: unknown type kind
	data: unsupported(org/jsoup/parser/Tag)
src/main/java/org/jsoup/nodes/Element.java: org.jsoup.nodes.Element.html: computing test cases
src/main/java/org/jsoup/nodes/Element.java: org.jsoup.nodes.Element.html: found 1 problems
src/main/java/org/jsoup/nodes/Element.java: internal error: org.jsoup.nodes.Element.html: unknown type kind
	data: unsupported(org/jsoup/parser/Tag)
src/main/java/org/jsoup/nodes/Element.java: org.jsoup.nodes.Element.getElementsByAttributeValueMatching: computing test cases
src/main/java/org/jsoup/nodes/Element.java: org.jsoup.nodes.Element.getElementsByAttributeValueMatching: found 1 problems
src/main/java/org/jsoup/nodes/Element.java: internal error: org.jsoup.nodes.Element.getElementsByAttributeValueMatching: unknown type kind
	data: unsupported(org/jsoup/parser/Tag)
src/main/java/org/jsoup/nodes/Element.java: org.jsoup.nodes.Element.prependElement: computing test cases
src/main/java/org/jsoup/nodes/Element.java: org.jsoup.nodes.Element.prependElement: found 1 problems
src/main/java/org/jsoup/nodes/Element.java: internal error: org.jsoup.nodes.Element.prependElement: unknown type kind
	data: unsupported(org/jsoup/parser/Tag)
src/main/java/org/jsoup/nodes/Element.java: org.jsoup.nodes.Element.getElementsByTag: computing test cases
src/main/java/org/jsoup/nodes/Element.java: org.jsoup.nodes.Element.getElementsByTag: found 1 problems
src/main/java/org/jsoup/nodes/Element.java: internal error: org.jsoup.nodes.Element.getElementsByTag: unknown type kind
	data: unsupported(org/jsoup/parser/Tag)
src/main/java/org/jsoup/nodes/Element.java: org.jsoup.nodes.Element.tag: computing test cases
src/main/java/org/jsoup/nodes/Element.java: org.jsoup.nodes.Element.tag: found 1 problems
src/main/java/org/jsoup/nodes/Element.java: internal error: org.jsoup.nodes.Element.tag: unknown type kind
	data: unsupported(org/jsoup/parser/Tag)
src/main/java/org/jsoup/nodes/Element.java: org.jsoup.nodes.Element.attr: computing test cases
src/main/java/org/jsoup/nodes/Element.java: org.jsoup.nodes.Element.attr: found 1 problems
src/main/java/org/jsoup/nodes/Element.java: internal error: org.jsoup.nodes.Element.attr: unknown type kind
	data: unsupported(org/jsoup/parser/Tag)
src/main/java/org/jsoup/nodes/Element.java: org.jsoup.nodes.Element.child: computing test cases
src/main/java/org/jsoup/nodes/Element.java: org.jsoup.nodes.Element.child: found 1 problems
src/main/java/org/jsoup/nodes/Element.java: internal error: org.jsoup.nodes.Element.child: unknown type kind
	data: unsupported(org/jsoup/parser/Tag)
src/main/java/org/jsoup/nodes/Element.java: org.jsoup.nodes.Element.getElementsByClass: computing test cases
src/main/java/org/jsoup/nodes/Element.java: org.jsoup.nodes.Element.getElementsByClass: found 1 problems
src/main/java/org/jsoup/nodes/Element.java: internal error: org.jsoup.nodes.Element.getElementsByClass: unknown type kind
	data: unsupported(org/jsoup/parser/Tag)
src/main/java/org/jsoup/nodes/Element.java: org.jsoup.nodes.Element.getElementsByAttributeStarting: computing test cases
src/main/java/org/jsoup/nodes/Element.java: org.jsoup.nodes.Element.getElementsByAttributeStarting: found 1 problems
src/main/java/org/jsoup/nodes/Element.java: internal error: org.jsoup.nodes.Element.getElementsByAttributeStarting: unknown type kind
	data: unsupported(org/jsoup/parser/Tag)
src/main/java/org/jsoup/nodes/Element.java: org.jsoup.nodes.Element.getElementsMatchingOwnText: computing test cases
src/main/java/org/jsoup/nodes/Element.java: org.jsoup.nodes.Element.getElementsMatchingOwnText: found 1 problems
src/main/java/org/jsoup/nodes/Element.java: internal error: org.jsoup.nodes.Element.getElementsMatchingOwnText: unknown type kind
	data: unsupported(org/jsoup/parser/Tag)
src/main/java/org/jsoup/nodes/Element.java: org.jsoup.nodes.Element.select: computing test cases
src/main/java/org/jsoup/nodes/Element.java: org.jsoup.nodes.Element.select: found 1 problems
src/main/java/org/jsoup/nodes/Element.java: internal error: org.jsoup.nodes.Element.select: unknown type kind
	data: unsupported(org/jsoup/parser/Tag)
src/main/java/org/jsoup/nodes/Element.java: org.jsoup.nodes.Element.hasText: computing test cases
src/main/java/org/jsoup/nodes/Element.java: org.jsoup.nodes.Element.hasText: found 1 problems
src/main/java/org/jsoup/nodes/Element.java: internal error: org.jsoup.nodes.Element.hasText: unknown type kind
	data: unsupported(org/jsoup/parser/Tag)
src/main/java/org/jsoup/nodes/Element.java: org.jsoup.nodes.Element.lastElementSibling: computing test cases
src/main/java/org/jsoup/nodes/Element.java: org.jsoup.nodes.Element.lastElementSibling: computed 0 unit tests
src/main/java/org/jsoup/nodes/Element.java: org.jsoup.nodes.Element.getElementById: computing test cases
src/main/java/org/jsoup/nodes/Element.java: org.jsoup.nodes.Element.getElementById: found 1 problems
src/main/java/org/jsoup/nodes/Element.java: internal error: org.jsoup.nodes.Element.getElementById: unknown type kind
	data: unsupported(org/jsoup/parser/Tag)
src/main/java/org/jsoup/nodes/Element.java: org.jsoup.nodes.Element.dataNodes: computing test cases
src/main/java/org/jsoup/nodes/Element.java: org.jsoup.nodes.Element.dataNodes: found 1 problems
src/main/java/org/jsoup/nodes/Element.java: internal error: org.jsoup.nodes.Element.dataNodes: unknown type kind
	data: unsupported(org/jsoup/parser/Tag)
src/main/java/org/jsoup/nodes/Element.java: org.jsoup.nodes.Element.before: computing test cases
src/main/java/org/jsoup/nodes/Element.java: org.jsoup.nodes.Element.before: found 1 problems
src/main/java/org/jsoup/nodes/Element.java: internal error: org.jsoup.nodes.Element.before: unknown type kind
	data: unsupported(org/jsoup/parser/Tag)
src/main/java/org/jsoup/nodes/Element.java: org.jsoup.nodes.Element.prependText: computing test cases
src/main/java/org/jsoup/nodes/Element.java: org.jsoup.nodes.Element.prependText: found 1 problems
src/main/java/org/jsoup/nodes/Element.java: internal error: org.jsoup.nodes.Element.prependText: unknown type kind
	data: unsupported(org/jsoup/parser/Tag)
src/main/java/org/jsoup/nodes/Element.java: org.jsoup.nodes.Element.nodeName: computing test cases
src/main/java/org/jsoup/nodes/Element.java: org.jsoup.nodes.Element.nodeName: found 1 problems
src/main/java/org/jsoup/nodes/Element.java: internal error: org.jsoup.nodes.Element.nodeName: unknown type kind
	data: unsupported(org/jsoup/parser/Tag)
src/main/java/org/jsoup/nodes/Element.java: org.jsoup.nodes.Element.getElementsMatchingOwnText: computing test cases
src/main/java/org/jsoup/nodes/Element.java: org.jsoup.nodes.Element.getElementsMatchingOwnText: found 1 problems
src/main/java/org/jsoup/nodes/Element.java: internal error: org.jsoup.nodes.Element.getElementsMatchingOwnText: unknown type kind
	data: unsupported(org/jsoup/parser/Tag)
src/main/java/org/jsoup/nodes/Element.java: org.jsoup.nodes.Element.appendChild: computing test cases
src/main/java/org/jsoup/nodes/Element.java: org.jsoup.nodes.Element.appendChild: found 1 problems
src/main/java/org/jsoup/nodes/Element.java: internal error: org.jsoup.nodes.Element.appendChild: unknown type kind
	data: unsupported(org/jsoup/parser/Tag)
src/main/java/org/jsoup/nodes/Element.java: org.jsoup.nodes.Element.parent: computing test cases
src/main/java/org/jsoup/nodes/Element.java: org.jsoup.nodes.Element.parent: found 1 problems
src/main/java/org/jsoup/nodes/Element.java: internal error: org.jsoup.nodes.Element.parent: unknown type kind
	data: unsupported(org/jsoup/parser/Tag)
src/main/java/org/jsoup/nodes/Element.java: org.jsoup.nodes.Element.outerHtmlHead: computing test cases
src/main/java/org/jsoup/nodes/Element.java: org.jsoup.nodes.Element.outerHtmlHead: found 1 problems
src/main/java/org/jsoup/nodes/Element.java: internal error: org.jsoup.nodes.Element.outerHtmlHead: unknown type kind
	data: unsupported(org/jsoup/parser/Tag)
src/main/java/org/jsoup/nodes/Element.java: org.jsoup.nodes.Element.dataset: computing test cases
src/main/java/org/jsoup/nodes/Element.java: org.jsoup.nodes.Element.dataset: found 1 problems
src/main/java/org/jsoup/nodes/Element.java: internal error: org.jsoup.nodes.Element.dataset: unknown type kind
	data: unsupported(org/jsoup/parser/Tag)
src/main/java/org/jsoup/nodes/Element.java: org.jsoup.nodes.Element.html: computing test cases
src/main/java/org/jsoup/nodes/Element.java: org.jsoup.nodes.Element.html: found 1 problems
src/main/java/org/jsoup/nodes/Element.java: internal error: org.jsoup.nodes.Element.html: unknown type kind
	data: unsupported(org/jsoup/parser/Tag)
src/main/java/org/jsoup/nodes/Element.java: org.jsoup.nodes.Element.Element: computing test cases
src/main/java/org/jsoup/nodes/Element.java: org.jsoup.nodes.Element.Element: found 1 problems
src/main/java/org/jsoup/nodes/Element.java: internal error: org.jsoup.nodes.Element.Element: unknown type kind
	data: unsupported(org/jsoup/parser/Tag)
src/main/java/org/jsoup/nodes/Element.java: org.jsoup.nodes.Element.getElementsByAttribute: computing test cases
src/main/java/org/jsoup/nodes/Element.java: org.jsoup.nodes.Element.getElementsByAttribute: found 1 problems
src/main/java/org/jsoup/nodes/Element.java: internal error: org.jsoup.nodes.Element.getElementsByAttribute: unknown type kind
	data: unsupported(org/jsoup/parser/Tag)
src/main/java/org/jsoup/nodes/Element.java: org.jsoup.nodes.Element.getAllElements: computing test cases
src/main/java/org/jsoup/nodes/Element.java: org.jsoup.nodes.Element.getAllElements: found 1 problems
src/main/java/org/jsoup/nodes/Element.java: internal error: org.jsoup.nodes.Element.getAllElements: unknown type kind
	data: unsupported(org/jsoup/parser/Tag)
src/main/java/org/jsoup/nodes/Element.java: org.jsoup.nodes.Element.hashCode: computing test cases
src/main/java/org/jsoup/nodes/Element.java: org.jsoup.nodes.Element.hashCode: found 1 problems
src/main/java/org/jsoup/nodes/Element.java: internal error: org.jsoup.nodes.Element.hashCode: unknown type kind
	data: unsupported(org/jsoup/parser/Tag)
src/main/java/org/jsoup/nodes/Element.java: org.jsoup.nodes.Element.prepend: computing test cases
src/main/java/org/jsoup/nodes/Element.java: org.jsoup.nodes.Element.prepend: found 1 problems
src/main/java/org/jsoup/nodes/Element.java: internal error: org.jsoup.nodes.Element.prepend: unknown type kind
	data: unsupported(org/jsoup/parser/Tag)
src/main/java/org/jsoup/nodes/Element.java: org.jsoup.nodes.Element.before: computing test cases
src/main/java/org/jsoup/nodes/Element.java: org.jsoup.nodes.Element.before: found 1 problems
src/main/java/org/jsoup/nodes/Element.java: internal error: org.jsoup.nodes.Element.before: unknown type kind
	data: unsupported(org/jsoup/parser/Tag)
src/main/java/org/jsoup/nodes/Element.java: org.jsoup.nodes.Element.addClass: computing test cases
src/main/java/org/jsoup/nodes/Element.java: org.jsoup.nodes.Element.addClass: found 1 problems
src/main/java/org/jsoup/nodes/Element.java: internal error: org.jsoup.nodes.Element.addClass: unknown type kind
	data: unsupported(org/jsoup/parser/Tag)
src/main/java/org/jsoup/nodes/Element.java: org.jsoup.nodes.Element.empty: computing test cases
src/main/java/org/jsoup/nodes/Element.java: org.jsoup.nodes.Element.empty: found 1 problems
src/main/java/org/jsoup/nodes/Element.java: internal error: org.jsoup.nodes.Element.empty: unknown type kind
	data: unsupported(org/jsoup/parser/Tag)
src/main/java/org/jsoup/nodes/Element.java: org.jsoup.nodes.Element.getElementsByAttributeValueMatching: computing test cases
src/main/java/org/jsoup/nodes/Element.java: org.jsoup.nodes.Element.getElementsByAttributeValueMatching: found 1 problems
src/main/java/org/jsoup/nodes/Element.java: internal error: org.jsoup.nodes.Element.getElementsByAttributeValueMatching: unknown type kind
	data: unsupported(org/jsoup/parser/Tag)
src/main/java/org/jsoup/nodes/Element.java: org.jsoup.nodes.Element.getElementsMatchingText: computing test cases
src/main/java/org/jsoup/nodes/Element.java: org.jsoup.nodes.Element.getElementsMatchingText: found 1 problems
src/main/java/org/jsoup/nodes/Element.java: internal error: org.jsoup.nodes.Element.getElementsMatchingText: unknown type kind
	data: unsupported(org/jsoup/parser/Tag)
src/main/java/org/jsoup/nodes/Element.java: org.jsoup.nodes.Element.className: computing test cases
src/main/java/org/jsoup/nodes/Element.java: org.jsoup.nodes.Element.className: found 1 problems
src/main/java/org/jsoup/nodes/Element.java: internal error: org.jsoup.nodes.Element.className: unknown type kind
	data: unsupported(org/jsoup/parser/Tag)
src/main/java/org/jsoup/nodes/Element.java: org.jsoup.nodes.Element.nextElementSibling: computing test cases
src/main/java/org/jsoup/nodes/Element.java: org.jsoup.nodes.Element.nextElementSibling: computed 0 unit tests
src/main/java/org/jsoup/nodes/Element.java: org.jsoup.nodes.Element.classNames: computing test cases
src/main/java/org/jsoup/nodes/Element.java: org.jsoup.nodes.Element.classNames: computed 0 unit tests
src/main/java/org/jsoup/nodes/Element.java: org.jsoup.nodes.Element.insertChildren: computing test cases
src/main/java/org/jsoup/nodes/Element.java: org.jsoup.nodes.Element.insertChildren: computed 0 unit tests
src/main/java/org/jsoup/nodes/Element.java: org.jsoup.nodes.Element.getElementsByAttributeValueStarting: computing test cases
src/main/java/org/jsoup/nodes/Element.java: org.jsoup.nodes.Element.getElementsByAttributeValueStarting: found 1 problems
src/main/java/org/jsoup/nodes/Element.java: internal error: org.jsoup.nodes.Element.getElementsByAttributeValueStarting: unknown type kind
	data: unsupported(org/jsoup/parser/Tag)
src/main/java/org/jsoup/nodes/Element.java: org.jsoup.nodes.Element.text: computing test cases
src/main/java/org/jsoup/nodes/Element.java: org.jsoup.nodes.Element.text: found 1 problems
src/main/java/org/jsoup/nodes/Element.java: internal error: org.jsoup.nodes.Element.text: unknown type kind
	data: unsupported(org/jsoup/parser/Tag)
src/main/java/org/jsoup/nodes/Element.java: org.jsoup.nodes.Element.clone: computing test cases
src/main/java/org/jsoup/nodes/Element.java: org.jsoup.nodes.Element.clone: found 1 problems
src/main/java/org/jsoup/nodes/Element.java: internal error: org.jsoup.nodes.Element.clone: unknown type kind
	data: unsupported(org/jsoup/parser/Tag)
src/main/java/org/jsoup/nodes/Element.java: org.jsoup.nodes.Element.after: computing test cases
src/main/java/org/jsoup/nodes/Element.java: org.jsoup.nodes.Element.after: found 1 problems
src/main/java/org/jsoup/nodes/Element.java: internal error: org.jsoup.nodes.Element.after: unknown type kind
	data: unsupported(org/jsoup/parser/Tag)
src/main/java/org/jsoup/nodes/Element.java: org.jsoup.nodes.Element.outerHtmlTail: computing test cases
src/main/java/org/jsoup/nodes/Element.java: org.jsoup.nodes.Element.outerHtmlTail: found 1 problems
src/main/java/org/jsoup/nodes/Element.java: internal error: org.jsoup.nodes.Element.outerHtmlTail: unknown type kind
	data: unsupported(org/jsoup/parser/Tag)
src/main/java/org/jsoup/nodes/Element.java: org.jsoup.nodes.Element.toggleClass: computing test cases
src/main/java/org/jsoup/nodes/Element.java: org.jsoup.nodes.Element.toggleClass: found 1 problems
src/main/java/org/jsoup/nodes/Element.java: internal error: org.jsoup.nodes.Element.toggleClass: unknown type kind
	data: unsupported(org/jsoup/parser/Tag)
src/main/java/org/jsoup/nodes/Element.java: org.jsoup.nodes.Element.getElementsByAttributeValueContaining: computing test cases
src/main/java/org/jsoup/nodes/Element.java: org.jsoup.nodes.Element.getElementsByAttributeValueContaining: found 1 problems
src/main/java/org/jsoup/nodes/Element.java: internal error: org.jsoup.nodes.Element.getElementsByAttributeValueContaining: unknown type kind
	data: unsupported(org/jsoup/parser/Tag)
src/main/java/org/jsoup/nodes/Element.java: org.jsoup.nodes.Element.id: computing test cases
src/main/java/org/jsoup/nodes/Element.java: org.jsoup.nodes.Element.id: found 1 problems
src/main/java/org/jsoup/nodes/Element.java: internal error: org.jsoup.nodes.Element.id: unknown type kind
	data: unsupported(org/jsoup/parser/Tag)
src/main/java/org/jsoup/nodes/Element.java: org.jsoup.nodes.Element.after: computing test cases
src/main/java/org/jsoup/nodes/Element.java: org.jsoup.nodes.Element.after: found 1 problems
src/main/java/org/jsoup/nodes/Element.java: internal error: org.jsoup.nodes.Element.after: unknown type kind
	data: unsupported(org/jsoup/parser/Tag)
src/main/java/org/jsoup/nodes/Element.java: org.jsoup.nodes.Element.getElementsByAttributeValue: computing test cases
src/main/java/org/jsoup/nodes/Element.java: org.jsoup.nodes.Element.getElementsByAttributeValue: found 1 problems
src/main/java/org/jsoup/nodes/Element.java: internal error: org.jsoup.nodes.Element.getElementsByAttributeValue: unknown type kind
	data: unsupported(org/jsoup/parser/Tag)
src/main/java/org/jsoup/nodes/Element.java: org.jsoup.nodes.Element.getElementsByIndexLessThan: computing test cases
src/main/java/org/jsoup/nodes/Element.java: org.jsoup.nodes.Element.getElementsByIndexLessThan: found 1 problems
src/main/java/org/jsoup/nodes/Element.java: internal error: org.jsoup.nodes.Element.getElementsByIndexLessThan: unknown type kind
	data: unsupported(org/jsoup/parser/Tag)
src/main/java/org/jsoup/nodes/Element.java: org.jsoup.nodes.Element.append: computing test cases
src/main/java/org/jsoup/nodes/Element.java: org.jsoup.nodes.Element.append: found 1 problems
src/main/java/org/jsoup/nodes/Element.java: internal error: org.jsoup.nodes.Element.append: unknown type kind
	data: unsupported(org/jsoup/parser/Tag)
src/main/java/org/jsoup/nodes/Element.java: org.jsoup.nodes.Element.getElementsByAttributeValueEnding: computing test cases
src/main/java/org/jsoup/nodes/Element.java: org.jsoup.nodes.Element.getElementsByAttributeValueEnding: found 1 problems
src/main/java/org/jsoup/nodes/Element.java: internal error: org.jsoup.nodes.Element.getElementsByAttributeValueEnding: unknown type kind
	data: unsupported(org/jsoup/parser/Tag)
src/main/java/org/jsoup/nodes/Element.java: org.jsoup.nodes.Element.ownText: computing test cases
src/main/java/org/jsoup/nodes/Element.java: org.jsoup.nodes.Element.ownText: found 1 problems
src/main/java/org/jsoup/nodes/Element.java: internal error: org.jsoup.nodes.Element.ownText: unknown type kind
	data: unsupported(org/jsoup/parser/Tag)
src/main/java/org/jsoup/nodes/Element.java: org.jsoup.nodes.Element.Element: computing test cases
src/main/java/org/jsoup/nodes/Element.java: org.jsoup.nodes.Element.Element: found 1 problems
src/main/java/org/jsoup/nodes/Element.java: internal error: org.jsoup.nodes.Element.Element: unknown type kind
	data: unsupported(org/jsoup/parser/Tag)
src/main/java/org/jsoup/nodes/Element.java: org.jsoup.nodes.Element.val: computing test cases
src/main/java/org/jsoup/nodes/Element.java: org.jsoup.nodes.Element.val: found 1 problems
src/main/java/org/jsoup/nodes/Element.java: internal error: org.jsoup.nodes.Element.val: unknown type kind
	data: unsupported(org/jsoup/parser/Tag)
src/main/java/org/jsoup/nodes/Element.java: org.jsoup.nodes.Element.equals: computing test cases
src/main/java/org/jsoup/nodes/Element.java: org.jsoup.nodes.Element.equals: found 1 problems
src/main/java/org/jsoup/nodes/Element.java: internal error: org.jsoup.nodes.Element.equals: unknown type kind
	data: unsupported(org/jsoup/parser/Tag)
src/main/java/org/jsoup/nodes/Element.java: org.jsoup.nodes.Element.getElementsByIndexGreaterThan: computing test cases
src/main/java/org/jsoup/nodes/Element.java: org.jsoup.nodes.Element.getElementsByIndexGreaterThan: found 1 problems
src/main/java/org/jsoup/nodes/Element.java: internal error: org.jsoup.nodes.Element.getElementsByIndexGreaterThan: unknown type kind
	data: unsupported(org/jsoup/parser/Tag)
src/main/java/org/jsoup/nodes/Element.java: org.jsoup.nodes.Element.removeClass: computing test cases
src/main/java/org/jsoup/nodes/Element.java: org.jsoup.nodes.Element.removeClass: found 1 problems
src/main/java/org/jsoup/nodes/Element.java: internal error: org.jsoup.nodes.Element.removeClass: unknown type kind
	data: unsupported(org/jsoup/parser/Tag)
src/main/java/org/jsoup/nodes/Element.java: org.jsoup.nodes.Element.isBlock: computing test cases
src/main/java/org/jsoup/nodes/Element.java: org.jsoup.nodes.Element.isBlock: found 1 problems
src/main/java/org/jsoup/nodes/Element.java: internal error: org.jsoup.nodes.Element.isBlock: unknown type kind
	data: unsupported(org/jsoup/parser/Tag)
src/main/java/org/jsoup/nodes/Element.java: org.jsoup.nodes.Element.siblingElements: computing test cases
src/main/java/org/jsoup/nodes/Element.java: org.jsoup.nodes.Element.siblingElements: computed 0 unit tests
src/main/java/org/jsoup/nodes/Element.java: org.jsoup.nodes.Element.prependChild: computing test cases
src/main/java/org/jsoup/nodes/Element.java: org.jsoup.nodes.Element.prependChild: found 1 problems
src/main/java/org/jsoup/nodes/Element.java: internal error: org.jsoup.nodes.Element.prependChild: unknown type kind
	data: unsupported(org/jsoup/parser/Tag)
src/main/java/org/jsoup/nodes/Element.java: org.jsoup.nodes.Element.getElementsContainingOwnText: computing test cases
src/main/java/org/jsoup/nodes/Element.java: org.jsoup.nodes.Element.getElementsContainingOwnText: found 1 problems
src/main/java/org/jsoup/nodes/Element.java: internal error: org.jsoup.nodes.Element.getElementsContainingOwnText: unknown type kind
	data: unsupported(org/jsoup/parser/Tag)
Analyzed 1 out of 9 source files
Had 25 errors that block a full analysis
Generated 0 tests
Found 0 potential problems
The following issues prevent a full analysis:

* 108 cases of "unknown type"
	Description: Types could not be resolved. This could be because of missing dependencies
  or a consequence of some other problem.

* 38 cases of "unknown import"
	Description: Imports could not be resolved. This is likely due to missing dependencies.

* 16 cases of "unknown function"
	Description: Functions could not be resolved. This occurs due to missing dependencies,
  or if a called function is removed due to some other problem.

* 7 cases of "not all elements have the same type"
	Description: Arguments of a function call do not match the parameter types. This usually
  occurs if a called method is removed due to some other problem, and another
  method with the same name is selected to be called.

* 11 cases of "other issues"
	Description: Uncategorized problems.

