Analyzing workspace /home/ph7/sqa-project/workspaces/jsoup_70b/
Search for Java files
Load dependency stdlib:@dev
src/main/java/org/jsoup/nodes/Element.java: org.jsoup.nodes.Element.accumulateParents: function is private and therefore inaccessible for tests
src/main/java/org/jsoup/nodes/Element.java: org.jsoup.nodes.Element.childElementsList: function is private and therefore inaccessible for tests
src/main/java/org/jsoup/nodes/Element.java: org.jsoup.nodes.Element.indexInList: function is private and therefore inaccessible for tests
src/main/java/org/jsoup/nodes/Element.java: org.jsoup.nodes.Element.ownText: function is private and therefore inaccessible for tests
src/main/java/org/jsoup/nodes/Element.java: org.jsoup.nodes.Element.appendNormalisedText: function is private and therefore inaccessible for tests
src/main/java/org/jsoup/nodes/Element.java: org.jsoup.nodes.Element.appendWhitespaceIfBr: function is private and therefore inaccessible for tests
src/main/java/org/jsoup/nodes/Element.java: org.jsoup.nodes.Element.html: function is private and therefore inaccessible for tests
src/main/java/org/jsoup/nodes/Element.java: org.jsoup.nodes.Element.NodeList.NodeList: function is private and therefore inaccessible for tests
src/main/java/org/jsoup/nodes/Element.java: org.jsoup.nodes.Element.NodeList.onContentsChanged: function is private and therefore inaccessible for tests
src/main/java/org/jsoup/nodes/Attribute.java: error: unknown function
	data: [struct(java/lang/Object, [], [], []) java/lang/Object//clone [] []]
src/main/java/org/jsoup/nodes/Attribute.java: error: unknown import
	data: org/jsoup/SerializationException
src/main/java/org/jsoup/nodes/Attribute.java: error: unknown import
	data: org/jsoup/helper/Validate
src/main/java/org/jsoup/nodes/Attribute.java: error: unknown import
	data: java/util/Arrays
src/main/java/org/jsoup/nodes/Attribute.java: error: unknown type
	data: Appendable
src/main/java/org/jsoup/nodes/Attribute.java: error: unknown function
	data: [<nil> html [] [accum call(select(call(org/jsoup/nodes/Document//Document!efbb7192f0412fb225b1065a0117385c, [call(java/lang/String//String!9abf27636a492e46fe858f34bef8e9eb, [""])]), outputSettings!d41d8cd98f00b204e9800998ecf8427e), [])]]
src/main/java/org/jsoup/nodes/Attribute.java: error: unknown function
	data: [<nil> getClass [] []]
src/main/java/org/jsoup/nodes/Attribute.java: error: unknown function
	data: [pointer(reference(java/lang/Object)) java/lang/Object//getClass [] []]
src/main/java/org/jsoup/nodes/Attributes.java: error: unknown import
	data: java/util/AbstractMap
src/main/java/org/jsoup/nodes/Attributes.java: error: unknown field
	data: [this struct(org/jsoup/nodes/Attributes//@@localIterator0, [], [pointer(reference(java/lang/Object))], [pointer(genericInstance(reference(java/util/Iterator), [pointer(reference(org/jsoup/nodes/Attribute))]))]) keys]
src/main/java/org/jsoup/nodes/Attributes.java: error: unknown function
	data: [<nil> lowerCase [] [index(select(this, keys), i)]]
src/main/java/org/jsoup/nodes/Attributes.java: error: unknown import
	data: org/jsoup/SerializationException
src/main/java/org/jsoup/nodes/Attributes.java: error: unknown import
	data: java/util/AbstractSet
src/main/java/org/jsoup/nodes/Attributes.java: error: unknown import
	data: java/util/Set
src/main/java/org/jsoup/nodes/Attributes.java: error: unknown import
	data: org/jsoup/internal/Normalizer/lowerCase
src/main/java/org/jsoup/nodes/Attributes.java: error: unknown field
	data: [this struct(org/jsoup/nodes/Attributes//@@localIterator0, [], [pointer(reference(java/lang/Object))], [pointer(genericInstance(reference(java/util/Iterator), [pointer(reference(org/jsoup/nodes/Attribute))]))]) vals]
src/main/java/org/jsoup/nodes/Attributes.java: internal error: not an enclosing type
	data: struct(org/jsoup/nodes/Attributes, [], [pointer(reference(java/lang/Object))], [pointer(genericInstance(reference(java/lang/Iterable), [pointer(reference(org/jsoup/nodes/Attribute))])), reference(java/lang/Cloneable)])
src/main/java/org/jsoup/nodes/Attributes.java: internal error: not all elements have the same type
	data: conditional(==(index(select(this, vals), i), nil), [call(org/jsoup/nodes/BooleanAttribute//BooleanAttribute!efbb7192f0412fb225b1065a0117385c, [index(select(this, keys), i)]), call(org/jsoup/nodes/Attribute//Attribute!83e4489bacef382ded4c885ee851334d, [index(select(this, keys), i), index(select(this, vals), i), this])])
src/main/java/org/jsoup/nodes/Attributes.java: error: unknown identifier
	data: attr
src/main/java/org/jsoup/nodes/Attributes.java: error: unknown import
	data: java/util/Arrays
src/main/java/org/jsoup/nodes/Attributes.java: error: unknown import
	data: java/util/Collections
src/main/java/org/jsoup/nodes/Attributes.java: error: unknown type
	data: Entry
src/main/java/org/jsoup/nodes/Attributes.java: error: unknown function
	data: [struct(java/lang/System, [], [pointer(reference(java/lang/Object))], []) java/lang/System//arraycopy [] [select(this, vals) +(index, 1) select(this, vals) index shifted]]
src/main/java/org/jsoup/nodes/Attributes.java: error: unknown function
	data: [<nil> java/util/ArrayList//ArrayList [] [select(this, size)]]
src/main/java/org/jsoup/nodes/Attributes.java: error: unknown function
	data: [<nil> html [] [accum call(select(call(org/jsoup/nodes/Document//Document!efbb7192f0412fb225b1065a0117385c, [call(java/lang/String//String!9abf27636a492e46fe858f34bef8e9eb, [""])]), outputSettings!d41d8cd98f00b204e9800998ecf8427e), [])]]
src/main/java/org/jsoup/nodes/Attributes.java: error: unknown function
	data: [<nil> getClass [] []]
src/main/java/org/jsoup/nodes/Attributes.java: error: unknown function
	data: [pointer(reference(java/lang/Object)) java/lang/Object//getClass [] []]
src/main/java/org/jsoup/nodes/Attributes.java: error: unknown type
	data: Appendable
src/main/java/org/jsoup/nodes/Attributes.java: error: unknown function
	data: [struct(java/lang/System, [], [pointer(reference(java/lang/Object))], []) java/lang/System//arraycopy [] [orig 0 copy 0 call(java/lang/Math//min!2ac0ebcb23011db97774191b8c6fdbe3, [len(ensure_not_nil(orig)), size])]]
src/main/java/org/jsoup/nodes/Attributes.java: error: unknown function
	data: [struct(java/lang/System, [], [pointer(reference(java/lang/Object))], []) java/lang/System//arraycopy [] [select(this, keys) +(index, 1) select(this, keys) index shifted]]
src/main/java/org/jsoup/nodes/Attributes.java: error: unknown field
	data: [this struct(org/jsoup/nodes/Attributes//@@localIterator0, [], [pointer(reference(java/lang/Object))], [pointer(genericInstance(reference(java/util/Iterator), [pointer(reference(org/jsoup/nodes/Attribute))]))]) size]
src/main/java/org/jsoup/nodes/Attributes.java: internal error: not an enclosing type
	data: struct(org/jsoup/nodes/Attributes, [], [pointer(reference(java/lang/Object))], [pointer(genericInstance(reference(java/lang/Iterable), [pointer(reference(org/jsoup/nodes/Attribute))])), reference(java/lang/Cloneable)])
src/main/java/org/jsoup/nodes/Attributes.java: error: unknown function
	data: [struct(java/lang/Object, [], [], []) java/lang/Object//clone [] []]
src/main/java/org/jsoup/nodes/Attributes.java: error: unknown import
	data: org/jsoup/helper/Validate
src/main/java/org/jsoup/nodes/Comment.java: error: unknown type
	data: Appendable
src/main/java/org/jsoup/nodes/DataNode.java: error: unknown type
	data: Appendable
src/main/java/org/jsoup/nodes/Document.java: internal error: no supported constructor available
	data: [struct(org/jsoup/nodes/Element, [], [pointer(reference(org/jsoup/nodes/Node))], []) function(variable(this, pointer(reference(org/jsoup/nodes/Node))), org/jsoup/nodes/Node//@@constructor!d41d8cd98f00b204e9800998ecf8427e, [], [variable(, pointer(reference(org/jsoup/nodes/Node)))], block([=(select(this, @java/lang/Object), call(select(&(composite(reference(java/lang/Object), [])), @@constructor!d41d8cd98f00b204e9800998ecf8427e), [])), return([this])]))]
src/main/java/org/jsoup/nodes/Document.java: error: unknown function
	data: [pointer(genericInstance(reference(java/util/List), [pointer(reference(org/jsoup/nodes/Node))])) java/util/List<org/jsoup/nodes/Node>//addAll [] [call(select(ensure_not_nil(dupe), ensureChildNodes!d41d8cd98f00b204e9800998ecf8427e), [])]]
src/main/java/org/jsoup/nodes/Document.java: error: unknown function
	data: [struct(java/lang/Object, [], [], []) java/lang/Object//clone [] []]
src/main/java/org/jsoup/nodes/Document.java: error: unknown import
	data: org/jsoup/helper/StringUtil
src/main/java/org/jsoup/nodes/Document.java: error: unknown import
	data: org/jsoup/parser/ParseSettings
src/main/java/org/jsoup/nodes/Document.java: error: unknown import
	data: org/jsoup/parser/Tag
src/main/java/org/jsoup/nodes/Document.java: error: unknown import
	data: org/jsoup/select/Elements
src/main/java/org/jsoup/nodes/Document.java: error: unknown import
	data: java/nio/charset/Charset
src/main/java/org/jsoup/nodes/Document.java: error: unknown import
	data: java/nio/charset/CharsetEncoder
src/main/java/org/jsoup/nodes/Document.java: error: unknown import
	data: org/jsoup/helper/Validate
src/main/java/org/jsoup/nodes/DocumentType.java: error: unknown type
	data: Appendable
src/main/java/org/jsoup/nodes/DocumentType.java: error: unknown import
	data: org/jsoup/helper/StringUtil
src/main/java/org/jsoup/nodes/DocumentType.java: error: unknown import
	data: org/jsoup/helper/Validate
src/main/java/org/jsoup/nodes/Element.java: error: unknown import
	data: org/jsoup/helper/ChangeNotifyingArrayList
src/main/java/org/jsoup/nodes/Element.java: error: unknown import
	data: org/jsoup/select/Selector
src/main/java/org/jsoup/nodes/Element.java: error: unknown import
	data: java/lang/ref/WeakReference
src/main/java/org/jsoup/nodes/Element.java: error: unknown import
	data: java/util/Collections
src/main/java/org/jsoup/nodes/Element.java: error: unknown import
	data: org/jsoup/internal/Normalizer/normalize
src/main/java/org/jsoup/nodes/Element.java: unsupported: unsupported AST node
	data: genericInstance(unsupported(java/lang/ref/WeakReference), [pointer(genericInstance(reference(java/util/List), [pointer(reference(org/jsoup/nodes/Element))]))])
src/main/java/org/jsoup/nodes/Element.java: error: error: unresolved type
	data: reference(E)
	child error: (error) Internal error: unknown type:
		"E"
		Stacktrace: goroutine 1 [running]:
		gitlab.nethead.at/symflower/symflower/model/errors.NewInternalError({0x21de060, 0x2d25a00}, {0x12473e0, 0xc0004f6010})
			gitlab.nethead.at/symflower/symflower/model/errors/error.go:852 +0x4e
		gitlab.nethead.at/symflower/symflower/model/errors.NewProblemWithErrorSeverity(...)
			gitlab.nethead.at/symflower/symflower/model/errors/problem.go:321
		gitlab.nethead.at/symflower/symflower/model/ast.(*Scope).GetType(0xc0011260a8?, {0x2221be8, 0x1})
			gitlab.nethead.at/symflower/symflower/model/ast/scope.go:986 +0x85
		gitlab.nethead.at/symflower/symflower/model/ast.resolve(0xc00051cf60, {0x2205848?, 0xc0007c0020}, 0xe0)
			gitlab.nethead.at/symflower/symflower/model/ast/type-resolve.go:362 +0x78
		gitlab.nethead.at/symflower/symflower/model/ast.ResolveWithPointers(...)
			gitlab.nethead.at/symflower/symflower/model/ast/type-resolve.go:326
		gitlab.nethead.at/symflower/symflower/model/ast.(*TypeGenericInstance).IsCompatibleType(0xc00071c5c0, 0xc00051cf60, {0x2205728?, 0xc000fa5da0?})
			gitlab.nethead.at/symflower/symflower/model/ast/type.go:3369 +0x230
		gitlab.nethead.at/symflower/symflower/language/java/symbol.(*transpiler).checkFunctionApplicability(0xc000516c80, 0xc000c32a00, {0x0?, 0x0?}, {0x0?, 0x43f908?, 0xc0007691e0?}, {0xc000fa5b60, 0x2, 0x2})
			gitlab.nethead.at/symflower/symflower/language/java/symbol/overloading.go:406 +0x66b
		gitlab.nethead.at/symflower/symflower/language/java/symbol.(*transpiler).matchOverloadingFunction(0xc000516c80, {0xc000c071c0, 0x1, 0x1}, {0x0, 0x0}, {0x0, 0x0, 0x0}, {0xc000fa5b60, ...})
			gitlab.nethead.at/symflower/symflower/language/java/symbol/overloading.go:451 +0x217
		gitlab.nethead.at/symflower/symflower/language/java/symbol.(*transpiler).getFunction(0xc000516c80, {0x0, 0x0}, {0xc0007691e0, 0xb}, {0x0, 0x0, 0x0}, {0xc000fa5b60, 0x2, ...})
			gitlab.nethead.at/symflower/symflower/language/java/symbol/overloading.go:224 +0xd2
		gitlab.nethead.at/symflower/symflower/language/java/symbol.(*transpiler).handleMethodCallResolveOverloads(0xc000516c80, {0xc0007691e0, 0xb}, {0x0?, 0x0?}, {0x0?, 0xc001126948?, 0xe3d0b8?}, {0xc000fa5b60, 0x2, ...})
			gitlab.nethead.at/symflower/symflower/language/java/symbol/handle.go:5426 +0x87
		gitlab.nethead.at/symflower/symflower/language/java/symbol.(*transpiler).handleExpressionMethodCall(0xc000516c80, 0xc000c80de0, 0xc00066ba40)
			gitlab.nethead.at/symflower/symflower/language/java/symbol/handle.go:5568 +0x68b
		gitlab.nethead.at/symflower/symflower/language/java/symbol.(*transpiler).handleExpression(0xc000516c80, 0xc000c80de0, {0x21f7d38, 0xc00066ba40})
			gitlab.nethead.at/symflower/symflower/language/java/symbol/handle.go:6903 +0x785
		gitlab.nethead.at/symflower/symflower/language/java/symbol.(*transpiler).handleExpressionVariableDeclaration(0xc000516c80, 0xc000c80de0, 0xc00066bb00)
			gitlab.nethead.at/symflower/symflower/language/java/symbol/handle.go:6477 +0x72f
		gitlab.nethead.at/symflower/symflower/language/java/symbol.(*transpiler).handleStatementExpression(0xc000516c80?, 0xc000c80de0?, {0x21f8100?, 0xc00066bb00?})
			gitlab.nethead.at/symflower/symflower/language/java/symbol/handle.go:3976 +0xc5
		gitlab.nethead.at/symflower/symflower/language/java/symbol.(*transpiler).handleStatement(0xc000516c80, 0xc000c80de0, {0x21f7238, 0xc000675000})
			gitlab.nethead.at/symflower/symflower/language/java/symbol/handle.go:4415 +0x8aa
		gitlab.nethead.at/symflower/symflower/language/java/symbol.(*transpiler).handleStatements(0xc000516c80, 0xc000c80de0, {0xc0004c4730, 0x5, 0x2e6e440?})
			gitlab.nethead.at/symflower/symflower/language/java/symbol/handle.go:3731 +0x85
		gitlab.nethead.at/symflower/symflower/language/java/symbol.(*transpiler).handleBlock.func1()
			gitlab.nethead.at/symflower/symflower/language/java/symbol/handle.go:3712 +0x45
		gitlab.nethead.at/symflower/symflower/model/ast.(*Scope).Scoped(0xc00051cf60, 0xc001126d50)
			gitlab.nethead.at/symflower/symflower/model/ast/scope.go:297 +0x162
		gitlab.nethead.at/symflower/symflower/language/java/symbol.(*transpiler).handleBlock(0xc000516c80, 0xc000c80de0, 0xc000647a70)
			gitlab.nethead.at/symflower/symflower/language/java/symbol/handle.go:3711 +0x9e
		gitlab.nethead.at/symflower/symflower/language/java/symbol.(*transpiler).handleMethodDeclarationBody.(*transpiler).handleScopedBlockStatement.func2()
			gitlab.nethead.at/symflower/symflower/language/java/symbol/handle.go:2716 +0x205
		gitlab.nethead.at/symflower/symflower/model/ast.(*Scope).Scoped(0xc00051cf60, 0xc001127160)
			gitlab.nethead.at/symflower/symflower/model/ast/scope.go:297 +0x162
		gitlab.nethead.at/symflower/symflower/language/java/symbol.(*transpiler).handleScopedBlockStatement(...)
			gitlab.nethead.at/symflower/symflower/language/java/symbol/handle.go:2693
		gitlab.nethead.at/symflower/symflower/language/java/symbol.(*transpiler).handleMethodDeclarationBody(0xc000516c80, 0xc000c80de0, {0x2208170, 0xc000c96540}, 0xc000c32600, 0x0)
			gitlab.nethead.at/symflower/symflower/language/java/symbol/handle.go:2523 +0x61b
		gitlab.nethead.at/symflower/symflower/language/java/symbol.(*transpiler).handleClassAndInterfaceDeclarationBodies(0xc000516c80, 0xc000c80de0, 0xc000c96540)
			gitlab.nethead.at/symflower/symflower/language/java/symbol/handle.go:1534 +0x2f7
		gitlab.nethead.at/symflower/symflower/language/java/symbol.(*transpiler).handleClassDeclarationBodies(0xc000516c80, 0xc000c80de0, 0xc000c96540)
			gitlab.nethead.at/symflower/symflower/language/java/symbol/handle.go:1419 +0x106
		gitlab.nethead.at/symflower/symflower/language/java/symbol.(*transpiler).handleBodies.func1(0xc000c80de0, {0x2207578, 0xc000c96540})
			gitlab.nethead.at/symflower/symflower/language/java/symbol/symbols.go:532 +0x1ff
		gitlab.nethead.at/symflower/symflower/language/java/symbol.(*transpiler).walkSubDeclarations(0xc000516c80, 0xc000c80de0, 0xc001127760, 0xc000c01980, 0xc000c89a40, {0x2207578, 0xc000c96540})
			gitlab.nethead.at/symflower/symflower/language/java/symbol/symbols.go:869 +0x1ee
		gitlab.nethead.at/symflower/symflower/language/java/symbol.(*transpiler).walkFile(0xc000516c80, 0x1, 0x2088c58, 0xc001127760, 0xc000c01980, 0xc000c89a40)
			gitlab.nethead.at/symflower/symflower/language/java/symbol/symbols.go:625 +0x3c5
		gitlab.nethead.at/symflower/symflower/language/java/symbol.(*transpiler).walkPackage(0xc000516c80, 0x1, 0x2088c58, 0xc001127760, 0xc000c01980)
			gitlab.nethead.at/symflower/symflower/language/java/symbol/symbols.go:583 +0x225
		gitlab.nethead.at/symflower/symflower/language/java/symbol.(*transpiler).walkFilesAndDeclarations(0xc000516c80, 0x1, 0x2088c58, 0xc001127760)
			gitlab.nethead.at/symflower/symflower/language/java/symbol/symbols.go:566 +0xa5
		gitlab.nethead.at/symflower/symflower/language/java/symbol.(*transpiler).handleBodies(0xc000516c80)
			gitlab.nethead.at/symflower/symflower/language/java/symbol/symbols.go:513 +0x65
		gitlab.nethead.at/symflower/symflower/language/java/symbol.symbolsWithDependencies(0xc0004b21e0, {0x0?, 0x41aa94?, 0x13e43a0?}, 0x1)
			gitlab.nethead.at/symflower/symflower/language/java/symbol/symbols.go:486 +0x147
		gitlab.nethead.at/symflower/symflower/language/java/symbol.Symbols(0xc0004b21e0, 0x1)
			gitlab.nethead.at/symflower/symflower/language/java/symbol/symbols.go:457 +0xf2
		gitlab.nethead.at/symflower/symflower/language/java.Adapter.Symbols(...)
			gitlab.nethead.at/symflower/symflower/language/java/symbols.go:29
		gitlab.nethead.at/symflower/symflower/cmd/symflower-local/generate.(*Generator).transpileLanguage(0xc00017b140, 0x0, 0x0, {0x220c620, 0x2e6b360})
			gitlab.nethead.at/symflower/symflower/cmd/symflower-local/generate/generate.go:136 +0x373
		gitlab.nethead.at/symflower/symflower/cmd/symflower-local/generate.(*Generator).Symbols(0xc00017b140, 0x0, 0x0)
			gitlab.nethead.at/symflower/symflower/cmd/symflower-local/generate/generate.go:94 +0x136
		gitlab.nethead.at/symflower/symflower/cmd/symflower-local/generate.(*AnalyzeEngineDefault).UnitTests(0x2a?, 0x124bba0?, {0x21eb890?, 0xc00050c350?}, {0x30?, 0x43?, 0x4?, 0x0?}, 0x2a?, {0xc0003fa3f0, ...})
			gitlab.nethead.at/symflower/symflower/cmd/symflower-local/generate/analyze.go:153 +0x77
		gitlab.nethead.at/symflower/symflower/cmd/symflower-local/cmd.(*commandUnitTests).Execute(0xc00017c8d8, {0xc00017c508?, 0x70fd3c3b2ad8?, 0xc00017c8d8?})
			gitlab.nethead.at/symflower/symflower/cmd/symflower-local/cmd/unit-tests.go:85 +0x2a6
		gitlab.nethead.at/symflower/symflower/cmd.ExecuteNoExit({0x21de020, 0xc00017c508}, {0xc00019e000?, 0x0?, 0x0?})
			gitlab.nethead.at/symflower/symflower/cmd/execute.go:59 +0x2ad
		gitlab.nethead.at/symflower/symflower/cmd.Execute({0x21de020?, 0xc00017c508?}, {0xc00019e000?, 0xc0001802e0?, 0xc0000ddf10?})
			gitlab.nethead.at/symflower/symflower/cmd/execute.go:17 +0x26
		gitlab.nethead.at/symflower/symflower/cmd.ExecuteWithOSArguments(...)
			gitlab.nethead.at/symflower/symflower/cmd/execute.go:78
		main.main.func1()
			gitlab.nethead.at/symflower/symflower/cmd/symflower-demo/main.go:39 +0x34
		gitlab.nethead.at/symflower/symflower/cmd/symflower-local/cmd.(*Command).WithPanicReporter(0xc0000b2060?, 0x0?)
			gitlab.nethead.at/symflower/symflower/cmd/symflower-local/cmd/cmd.go:151 +0x33
		main.main()
			gitlab.nethead.at/symflower/symflower/cmd/symflower-demo/main.go:38 +0x7f
src/main/java/org/jsoup/nodes/Element.java: error: unknown function
	data: [<nil> normalize [] [tagName]]
src/main/java/org/jsoup/nodes/Element.java: error: unknown import
	data: org/jsoup/parser/Parser
src/main/java/org/jsoup/nodes/Element.java: error: unknown import
	data: org/jsoup/select/QueryParser
src/main/java/org/jsoup/nodes/Element.java: error: unknown import
	data: java/util/LinkedHashSet
src/main/java/org/jsoup/nodes/Element.java: error: error: unresolved type
	data: reference(E)
	child error: (error) Internal error: unknown type:
		"E"
		Stacktrace: goroutine 1 [running]:
		gitlab.nethead.at/symflower/symflower/model/errors.NewInternalError({0x21de060, 0x2d25a00}, {0x12473e0, 0xc000c2c5d0})
			gitlab.nethead.at/symflower/symflower/model/errors/error.go:852 +0x4e
		gitlab.nethead.at/symflower/symflower/model/errors.NewProblemWithErrorSeverity(...)
			gitlab.nethead.at/symflower/symflower/model/errors/problem.go:321
		gitlab.nethead.at/symflower/symflower/model/ast.(*Scope).GetType(0xc001126210?, {0x2221be8, 0x1})
			gitlab.nethead.at/symflower/symflower/model/ast/scope.go:986 +0x85
		gitlab.nethead.at/symflower/symflower/model/ast.resolve(0xc00051cf60, {0x2205848?, 0xc0007c0020}, 0xe0)
			gitlab.nethead.at/symflower/symflower/model/ast/type-resolve.go:362 +0x78
		gitlab.nethead.at/symflower/symflower/model/ast.ResolveWithPointers(...)
			gitlab.nethead.at/symflower/symflower/model/ast/type-resolve.go:326
		gitlab.nethead.at/symflower/symflower/model/ast.(*TypeGenericInstance).IsCompatibleType(0xc00071c5c0, 0xc00051cf60, {0x2205728?, 0xc001203820?})
			gitlab.nethead.at/symflower/symflower/model/ast/type.go:3369 +0x230
		gitlab.nethead.at/symflower/symflower/language/java/symbol.(*transpiler).checkFunctionApplicability(0xc000516c80, 0xc000c32a00, {0x0?, 0x0?}, {0x0?, 0x0?, 0xc0007696c0?}, {0xc000a5f660, 0x2, 0x2})
			gitlab.nethead.at/symflower/symflower/language/java/symbol/overloading.go:406 +0x66b
		gitlab.nethead.at/symflower/symflower/language/java/symbol.(*transpiler).matchOverloadingFunction(0xc000516c80, {0xc000c071c0, 0x1, 0x1}, {0x0, 0x0}, {0x0, 0x0, 0x0}, {0xc000a5f660, ...})
			gitlab.nethead.at/symflower/symflower/language/java/symbol/overloading.go:451 +0x217
		gitlab.nethead.at/symflower/symflower/language/java/symbol.(*transpiler).getFunction(0xc000516c80, {0x0, 0x0}, {0xc0007696c0, 0xb}, {0x0, 0x0, 0x0}, {0xc000a5f660, 0x2, ...})
			gitlab.nethead.at/symflower/symflower/language/java/symbol/overloading.go:224 +0xd2
		gitlab.nethead.at/symflower/symflower/language/java/symbol.(*transpiler).handleMethodCallResolveOverloads(0xc000516c80, {0xc0007696c0, 0xb}, {0x0?, 0x0?}, {0x0?, 0xc001126948?, 0x43fe05?}, {0xc000a5f660, 0x2, ...})
			gitlab.nethead.at/symflower/symflower/language/java/symbol/handle.go:5426 +0x87
		gitlab.nethead.at/symflower/symflower/language/java/symbol.(*transpiler).handleExpressionMethodCall(0xc000516c80, 0xc000c80de0, 0xc0006763c0)
			gitlab.nethead.at/symflower/symflower/language/java/symbol/handle.go:5568 +0x68b
		gitlab.nethead.at/symflower/symflower/language/java/symbol.(*transpiler).handleExpression(0xc000516c80, 0xc000c80de0, {0x21f7d38, 0xc0006763c0})
			gitlab.nethead.at/symflower/symflower/language/java/symbol/handle.go:6903 +0x785
		gitlab.nethead.at/symflower/symflower/language/java/symbol.(*transpiler).handleStatementReturn(0xc000516c80, 0xc000c80de0, 0xc000678880)
			gitlab.nethead.at/symflower/symflower/language/java/symbol/handle.go:4352 +0x7c
		gitlab.nethead.at/symflower/symflower/language/java/symbol.(*transpiler).handleStatement(0xc000516c80, 0xc000c80de0, {0x21f74a0, 0xc000678880})
			gitlab.nethead.at/symflower/symflower/language/java/symbol/handle.go:4423 +0x745
		gitlab.nethead.at/symflower/symflower/language/java/symbol.(*transpiler).handleStatements(0xc000516c80, 0xc000c80de0, {0xc00050fca0, 0x2, 0x2e6e440?})
			gitlab.nethead.at/symflower/symflower/language/java/symbol/handle.go:3731 +0x85
		gitlab.nethead.at/symflower/symflower/language/java/symbol.(*transpiler).handleBlock.func1()
			gitlab.nethead.at/symflower/symflower/language/java/symbol/handle.go:3712 +0x45
		gitlab.nethead.at/symflower/symflower/model/ast.(*Scope).Scoped(0xc00051cf60, 0xc001126d50)
			gitlab.nethead.at/symflower/symflower/model/ast/scope.go:297 +0x162
		gitlab.nethead.at/symflower/symflower/language/java/symbol.(*transpiler).handleBlock(0xc000516c80, 0xc000c80de0, 0xc000647b90)
			gitlab.nethead.at/symflower/symflower/language/java/symbol/handle.go:3711 +0x9e
		gitlab.nethead.at/symflower/symflower/language/java/symbol.(*transpiler).handleMethodDeclarationBody.(*transpiler).handleScopedBlockStatement.func2()
			gitlab.nethead.at/symflower/symflower/language/java/symbol/handle.go:2716 +0x205
		gitlab.nethead.at/symflower/symflower/model/ast.(*Scope).Scoped(0xc00051cf60, 0xc001127160)
			gitlab.nethead.at/symflower/symflower/model/ast/scope.go:297 +0x162
		gitlab.nethead.at/symflower/symflower/language/java/symbol.(*transpiler).handleScopedBlockStatement(...)
			gitlab.nethead.at/symflower/symflower/language/java/symbol/handle.go:2693
		gitlab.nethead.at/symflower/symflower/language/java/symbol.(*transpiler).handleMethodDeclarationBody(0xc000516c80, 0xc000c80de0, {0x2208170, 0xc000c96540}, 0xc000c32800, 0x0)
			gitlab.nethead.at/symflower/symflower/language/java/symbol/handle.go:2523 +0x61b
		gitlab.nethead.at/symflower/symflower/language/java/symbol.(*transpiler).handleClassAndInterfaceDeclarationBodies(0xc000516c80, 0xc000c80de0, 0xc000c96540)
			gitlab.nethead.at/symflower/symflower/language/java/symbol/handle.go:1534 +0x2f7
		gitlab.nethead.at/symflower/symflower/language/java/symbol.(*transpiler).handleClassDeclarationBodies(0xc000516c80, 0xc000c80de0, 0xc000c96540)
			gitlab.nethead.at/symflower/symflower/language/java/symbol/handle.go:1419 +0x106
		gitlab.nethead.at/symflower/symflower/language/java/symbol.(*transpiler).handleBodies.func1(0xc000c80de0, {0x2207578, 0xc000c96540})
			gitlab.nethead.at/symflower/symflower/language/java/symbol/symbols.go:532 +0x1ff
		gitlab.nethead.at/symflower/symflower/language/java/symbol.(*transpiler).walkSubDeclarations(0xc000516c80, 0xc000c80de0, 0xc001127760, 0xc000c01980, 0xc000c89a40, {0x2207578, 0xc000c96540})
			gitlab.nethead.at/symflower/symflower/language/java/symbol/symbols.go:869 +0x1ee
		gitlab.nethead.at/symflower/symflower/language/java/symbol.(*transpiler).walkFile(0xc000516c80, 0x1, 0x2088c58, 0xc001127760, 0xc000c01980, 0xc000c89a40)
			gitlab.nethead.at/symflower/symflower/language/java/symbol/symbols.go:625 +0x3c5
		gitlab.nethead.at/symflower/symflower/language/java/symbol.(*transpiler).walkPackage(0xc000516c80, 0x1, 0x2088c58, 0xc001127760, 0xc000c01980)
			gitlab.nethead.at/symflower/symflower/language/java/symbol/symbols.go:583 +0x225
		gitlab.nethead.at/symflower/symflower/language/java/symbol.(*transpiler).walkFilesAndDeclarations(0xc000516c80, 0x1, 0x2088c58, 0xc001127760)
			gitlab.nethead.at/symflower/symflower/language/java/symbol/symbols.go:566 +0xa5
		gitlab.nethead.at/symflower/symflower/language/java/symbol.(*transpiler).handleBodies(0xc000516c80)
			gitlab.nethead.at/symflower/symflower/language/java/symbol/symbols.go:513 +0x65
		gitlab.nethead.at/symflower/symflower/language/java/symbol.symbolsWithDependencies(0xc0004b21e0, {0x0?, 0x41aa94?, 0x13e43a0?}, 0x1)
			gitlab.nethead.at/symflower/symflower/language/java/symbol/symbols.go:486 +0x147
		gitlab.nethead.at/symflower/symflower/language/java/symbol.Symbols(0xc0004b21e0, 0x1)
			gitlab.nethead.at/symflower/symflower/language/java/symbol/symbols.go:457 +0xf2
		gitlab.nethead.at/symflower/symflower/language/java.Adapter.Symbols(...)
			gitlab.nethead.at/symflower/symflower/language/java/symbols.go:29
		gitlab.nethead.at/symflower/symflower/cmd/symflower-local/generate.(*Generator).transpileLanguage(0xc00017b140, 0x0, 0x0, {0x220c620, 0x2e6b360})
			gitlab.nethead.at/symflower/symflower/cmd/symflower-local/generate/generate.go:136 +0x373
		gitlab.nethead.at/symflower/symflower/cmd/symflower-local/generate.(*Generator).Symbols(0xc00017b140, 0x0, 0x0)
			gitlab.nethead.at/symflower/symflower/cmd/symflower-local/generate/generate.go:94 +0x136
		gitlab.nethead.at/symflower/symflower/cmd/symflower-local/generate.(*AnalyzeEngineDefault).UnitTests(0x2a?, 0x124bba0?, {0x21eb890?, 0xc00050c350?}, {0x30?, 0x43?, 0x4?, 0x0?}, 0x2a?, {0xc0003fa3f0, ...})
			gitlab.nethead.at/symflower/symflower/cmd/symflower-local/generate/analyze.go:153 +0x77
		gitlab.nethead.at/symflower/symflower/cmd/symflower-local/cmd.(*commandUnitTests).Execute(0xc00017c8d8, {0xc00017c508?, 0x70fd3c3b2ad8?, 0xc00017c8d8?})
			gitlab.nethead.at/symflower/symflower/cmd/symflower-local/cmd/unit-tests.go:85 +0x2a6
		gitlab.nethead.at/symflower/symflower/cmd.ExecuteNoExit({0x21de020, 0xc00017c508}, {0xc00019e000?, 0x0?, 0x0?})
			gitlab.nethead.at/symflower/symflower/cmd/execute.go:59 +0x2ad
		gitlab.nethead.at/symflower/symflower/cmd.Execute({0x21de020?, 0xc00017c508?}, {0xc00019e000?, 0xc0001802e0?, 0xc0000ddf10?})
			gitlab.nethead.at/symflower/symflower/cmd/execute.go:17 +0x26
		gitlab.nethead.at/symflower/symflower/cmd.ExecuteWithOSArguments(...)
			gitlab.nethead.at/symflower/symflower/cmd/execute.go:78
		main.main.func1()
			gitlab.nethead.at/symflower/symflower/cmd/symflower-demo/main.go:39 +0x34
		gitlab.nethead.at/symflower/symflower/cmd/symflower-local/cmd.(*Command).WithPanicReporter(0xc0000b2060?, 0x0?)
			gitlab.nethead.at/symflower/symflower/cmd/symflower-local/cmd/cmd.go:151 +0x33
		main.main()
			gitlab.nethead.at/symflower/symflower/cmd/symflower-demo/main.go:38 +0x7f
src/main/java/org/jsoup/nodes/Element.java: error: unknown function
	data: [pointer(reference(org/jsoup/nodes/Node)) org/jsoup/nodes/Node//outerHtml [] [accum]]
src/main/java/org/jsoup/nodes/Element.java: error: unknown import
	data: org/jsoup/select/Evaluator
src/main/java/org/jsoup/nodes/Element.java: error: unknown import
	data: java/util/Arrays
src/main/java/org/jsoup/nodes/Element.java: error: unknown import
	data: java/util/regex/PatternSyntaxException
src/main/java/org/jsoup/nodes/Element.java: unsupported: unsupported node
	data: [==(select(this, shadowChildrenRef), nil) genericInstance(unsupported(java/lang/ref/WeakReference), [pointer(genericInstance(struct(java/util/List, [], [pointer(genericInstance(reference(java/util/Collection), [reference(E)]))], []), [pointer(struct(org/jsoup/nodes/Element, [], [pointer(reference(org/jsoup/nodes/Node))], []))]))])]
src/main/java/org/jsoup/nodes/Element.java: error: error: unresolved type
	data: reference(E)
	child error: (error) Internal error: unknown type:
		"E"
		Stacktrace: goroutine 1 [running]:
		gitlab.nethead.at/symflower/symflower/model/errors.NewInternalError({0x21de060, 0x2d25a00}, {0x12473e0, 0xc001329390})
			gitlab.nethead.at/symflower/symflower/model/errors/error.go:852 +0x4e
		gitlab.nethead.at/symflower/symflower/model/errors.NewProblemWithErrorSeverity(...)
			gitlab.nethead.at/symflower/symflower/model/errors/problem.go:321
		gitlab.nethead.at/symflower/symflower/model/ast.(*Scope).GetType(0xc0011260a8?, {0x2221be8, 0x1})
			gitlab.nethead.at/symflower/symflower/model/ast/scope.go:986 +0x85
		gitlab.nethead.at/symflower/symflower/model/ast.resolve(0xc00051cf60, {0x2205848?, 0xc0007c0020}, 0xe0)
			gitlab.nethead.at/symflower/symflower/model/ast/type-resolve.go:362 +0x78
		gitlab.nethead.at/symflower/symflower/model/ast.ResolveWithPointers(...)
			gitlab.nethead.at/symflower/symflower/model/ast/type-resolve.go:326
		gitlab.nethead.at/symflower/symflower/model/ast.(*TypeGenericInstance).IsCompatibleType(0xc00071c5c0, 0xc00051cf60, {0x2205728?, 0xc0007e6ee0?})
			gitlab.nethead.at/symflower/symflower/model/ast/type.go:3369 +0x230
		gitlab.nethead.at/symflower/symflower/language/java/symbol.(*transpiler).checkFunctionApplicability(0xc000516c80, 0xc000c32a00, {0x0?, 0x0?}, {0x0?, 0x43f908?, 0xc000768dd0?}, {0xc0007e6560, 0x2, 0x2})
			gitlab.nethead.at/symflower/symflower/language/java/symbol/overloading.go:406 +0x66b
		gitlab.nethead.at/symflower/symflower/language/java/symbol.(*transpiler).matchOverloadingFunction(0xc000516c80, {0xc000c071c0, 0x1, 0x1}, {0x0, 0x0}, {0x0, 0x0, 0x0}, {0xc0007e6560, ...})
			gitlab.nethead.at/symflower/symflower/language/java/symbol/overloading.go:451 +0x217
		gitlab.nethead.at/symflower/symflower/language/java/symbol.(*transpiler).getFunction(0xc000516c80, {0x0, 0x0}, {0xc000768dd0, 0xb}, {0x0, 0x0, 0x0}, {0xc0007e6560, 0x2, ...})
			gitlab.nethead.at/symflower/symflower/language/java/symbol/overloading.go:224 +0xd2
		gitlab.nethead.at/symflower/symflower/language/java/symbol.(*transpiler).handleMethodCallResolveOverloads(0xc000516c80, {0xc000768dd0, 0xb}, {0x0?, 0x0?}, {0x0?, 0xc001126948?, 0xe3d0b8?}, {0xc0007e6560, 0x2, ...})
			gitlab.nethead.at/symflower/symflower/language/java/symbol/handle.go:5426 +0x87
		gitlab.nethead.at/symflower/symflower/language/java/symbol.(*transpiler).handleExpressionMethodCall(0xc000516c80, 0xc000c80de0, 0xc00066b440)
			gitlab.nethead.at/symflower/symflower/language/java/symbol/handle.go:5568 +0x68b
		gitlab.nethead.at/symflower/symflower/language/java/symbol.(*transpiler).handleExpression(0xc000516c80, 0xc000c80de0, {0x21f7d38, 0xc00066b440})
			gitlab.nethead.at/symflower/symflower/language/java/symbol/handle.go:6903 +0x785
		gitlab.nethead.at/symflower/symflower/language/java/symbol.(*transpiler).handleExpressionVariableDeclaration(0xc000516c80, 0xc000c80de0, 0xc00066b500)
			gitlab.nethead.at/symflower/symflower/language/java/symbol/handle.go:6477 +0x72f
		gitlab.nethead.at/symflower/symflower/language/java/symbol.(*transpiler).handleStatementExpression(0xc000516c80?, 0xc000c80de0?, {0x21f8100?, 0xc00066b500?})
			gitlab.nethead.at/symflower/symflower/language/java/symbol/handle.go:3976 +0xc5
		gitlab.nethead.at/symflower/symflower/language/java/symbol.(*transpiler).handleStatement(0xc000516c80, 0xc000c80de0, {0x21f7238, 0xc000671b00})
			gitlab.nethead.at/symflower/symflower/language/java/symbol/handle.go:4415 +0x8aa
		gitlab.nethead.at/symflower/symflower/language/java/symbol.(*transpiler).handleStatements(0xc000516c80, 0xc000c80de0, {0xc0004c46e0, 0x5, 0x2e6e440?})
			gitlab.nethead.at/symflower/symflower/language/java/symbol/handle.go:3731 +0x85
		gitlab.nethead.at/symflower/symflower/language/java/symbol.(*transpiler).handleBlock.func1()
			gitlab.nethead.at/symflower/symflower/language/java/symbol/handle.go:3712 +0x45
		gitlab.nethead.at/symflower/symflower/model/ast.(*Scope).Scoped(0xc00051cf60, 0xc001126d50)
			gitlab.nethead.at/symflower/symflower/model/ast/scope.go:297 +0x162
		gitlab.nethead.at/symflower/symflower/language/java/symbol.(*transpiler).handleBlock(0xc000516c80, 0xc000c80de0, 0xc0006479e0)
			gitlab.nethead.at/symflower/symflower/language/java/symbol/handle.go:3711 +0x9e
		gitlab.nethead.at/symflower/symflower/language/java/symbol.(*transpiler).handleMethodDeclarationBody.(*transpiler).handleScopedBlockStatement.func2()
			gitlab.nethead.at/symflower/symflower/language/java/symbol/handle.go:2716 +0x205
		gitlab.nethead.at/symflower/symflower/model/ast.(*Scope).Scoped(0xc00051cf60, 0xc001127160)
			gitlab.nethead.at/symflower/symflower/model/ast/scope.go:297 +0x162
		gitlab.nethead.at/symflower/symflower/language/java/symbol.(*transpiler).handleScopedBlockStatement(...)
			gitlab.nethead.at/symflower/symflower/language/java/symbol/handle.go:2693
		gitlab.nethead.at/symflower/symflower/language/java/symbol.(*transpiler).handleMethodDeclarationBody(0xc000516c80, 0xc000c80de0, {0x2208170, 0xc000c96540}, 0xc000c32500, 0x0)
			gitlab.nethead.at/symflower/symflower/language/java/symbol/handle.go:2523 +0x61b
		gitlab.nethead.at/symflower/symflower/language/java/symbol.(*transpiler).handleClassAndInterfaceDeclarationBodies(0xc000516c80, 0xc000c80de0, 0xc000c96540)
			gitlab.nethead.at/symflower/symflower/language/java/symbol/handle.go:1534 +0x2f7
		gitlab.nethead.at/symflower/symflower/language/java/symbol.(*transpiler).handleClassDeclarationBodies(0xc000516c80, 0xc000c80de0, 0xc000c96540)
			gitlab.nethead.at/symflower/symflower/language/java/symbol/handle.go:1419 +0x106
		gitlab.nethead.at/symflower/symflower/language/java/symbol.(*transpiler).handleBodies.func1(0xc000c80de0, {0x2207578, 0xc000c96540})
			gitlab.nethead.at/symflower/symflower/language/java/symbol/symbols.go:532 +0x1ff
		gitlab.nethead.at/symflower/symflower/language/java/symbol.(*transpiler).walkSubDeclarations(0xc000516c80, 0xc000c80de0, 0xc001127760, 0xc000c01980, 0xc000c89a40, {0x2207578, 0xc000c96540})
			gitlab.nethead.at/symflower/symflower/language/java/symbol/symbols.go:869 +0x1ee
		gitlab.nethead.at/symflower/symflower/language/java/symbol.(*transpiler).walkFile(0xc000516c80, 0x1, 0x2088c58, 0xc001127760, 0xc000c01980, 0xc000c89a40)
			gitlab.nethead.at/symflower/symflower/language/java/symbol/symbols.go:625 +0x3c5
		gitlab.nethead.at/symflower/symflower/language/java/symbol.(*transpiler).walkPackage(0xc000516c80, 0x1, 0x2088c58, 0xc001127760, 0xc000c01980)
			gitlab.nethead.at/symflower/symflower/language/java/symbol/symbols.go:583 +0x225
		gitlab.nethead.at/symflower/symflower/language/java/symbol.(*transpiler).walkFilesAndDeclarations(0xc000516c80, 0x1, 0x2088c58, 0xc001127760)
			gitlab.nethead.at/symflower/symflower/language/java/symbol/symbols.go:566 +0xa5
		gitlab.nethead.at/symflower/symflower/language/java/symbol.(*transpiler).handleBodies(0xc000516c80)
			gitlab.nethead.at/symflower/symflower/language/java/symbol/symbols.go:513 +0x65
		gitlab.nethead.at/symflower/symflower/language/java/symbol.symbolsWithDependencies(0xc0004b21e0, {0x0?, 0x41aa94?, 0x13e43a0?}, 0x1)
			gitlab.nethead.at/symflower/symflower/language/java/symbol/symbols.go:486 +0x147
		gitlab.nethead.at/symflower/symflower/language/java/symbol.Symbols(0xc0004b21e0, 0x1)
			gitlab.nethead.at/symflower/symflower/language/java/symbol/symbols.go:457 +0xf2
		gitlab.nethead.at/symflower/symflower/language/java.Adapter.Symbols(...)
			gitlab.nethead.at/symflower/symflower/language/java/symbols.go:29
		gitlab.nethead.at/symflower/symflower/cmd/symflower-local/generate.(*Generator).transpileLanguage(0xc00017b140, 0x0, 0x0, {0x220c620, 0x2e6b360})
			gitlab.nethead.at/symflower/symflower/cmd/symflower-local/generate/generate.go:136 +0x373
		gitlab.nethead.at/symflower/symflower/cmd/symflower-local/generate.(*Generator).Symbols(0xc00017b140, 0x0, 0x0)
			gitlab.nethead.at/symflower/symflower/cmd/symflower-local/generate/generate.go:94 +0x136
		gitlab.nethead.at/symflower/symflower/cmd/symflower-local/generate.(*AnalyzeEngineDefault).UnitTests(0x2a?, 0x124bba0?, {0x21eb890?, 0xc00050c350?}, {0x30?, 0x43?, 0x4?, 0x0?}, 0x2a?, {0xc0003fa3f0, ...})
			gitlab.nethead.at/symflower/symflower/cmd/symflower-local/generate/analyze.go:153 +0x77
		gitlab.nethead.at/symflower/symflower/cmd/symflower-local/cmd.(*commandUnitTests).Execute(0xc00017c8d8, {0xc00017c508?, 0x70fd3c3b2ad8?, 0xc00017c8d8?})
			gitlab.nethead.at/symflower/symflower/cmd/symflower-local/cmd/unit-tests.go:85 +0x2a6
		gitlab.nethead.at/symflower/symflower/cmd.ExecuteNoExit({0x21de020, 0xc00017c508}, {0xc00019e000?, 0x0?, 0x0?})
			gitlab.nethead.at/symflower/symflower/cmd/execute.go:59 +0x2ad
		gitlab.nethead.at/symflower/symflower/cmd.Execute({0x21de020?, 0xc00017c508?}, {0xc00019e000?, 0xc0001802e0?, 0xc0000ddf10?})
			gitlab.nethead.at/symflower/symflower/cmd/execute.go:17 +0x26
		gitlab.nethead.at/symflower/symflower/cmd.ExecuteWithOSArguments(...)
			gitlab.nethead.at/symflower/symflower/cmd/execute.go:78
		main.main.func1()
			gitlab.nethead.at/symflower/symflower/cmd/symflower-demo/main.go:39 +0x34
		gitlab.nethead.at/symflower/symflower/cmd/symflower-local/cmd.(*Command).WithPanicReporter(0xc0000b2060?, 0x0?)
			gitlab.nethead.at/symflower/symflower/cmd/symflower-local/cmd/cmd.go:151 +0x33
		main.main()
			gitlab.nethead.at/symflower/symflower/cmd/symflower-demo/main.go:38 +0x7f
src/main/java/org/jsoup/nodes/Element.java: error: unknown import
	data: org/jsoup/select/Collector
src/main/java/org/jsoup/nodes/Element.java: error: unknown import
	data: org/jsoup/select/NodeTraversor
src/main/java/org/jsoup/nodes/Element.java: internal error: not all elements have the same type
	data: declaration([nodeArray], [array(pointer(reference(org/jsoup/nodes/Node)), primitive(int, 32, false), 0)], [call(select(ensure_not_nil(nodes), toArray!4ca58e31cd2242105fd0ef5028975b56), [cast(make(array(pointer(reference(org/jsoup/nodes/Node)), primitive(int, 32, false), 0), call(select(ensure_not_nil(nodes), size!d41d8cd98f00b204e9800998ecf8427e), [])), array(pointer(reference(java/lang/Object)), primitive(int, 32, false), 0))])], ModifierVisibilityPublic)
src/main/java/org/jsoup/nodes/Element.java: unsupported: unsupported type
	data: genericParameter(E, [pointer(reference(org/jsoup/nodes/Element))]) vs pointer(reference(org/jsoup/nodes/Element))
src/main/java/org/jsoup/nodes/Element.java: unsupported: unsupported AST node
	data: genericInstance(unsupported(java/util/Set), [pointer(reference(java/lang/String))])
src/main/java/org/jsoup/nodes/Element.java: unsupported: unsupported AST node
	data: genericInstance(unsupported(java/util/Set), [pointer(reference(java/lang/String))])
src/main/java/org/jsoup/nodes/Element.java: error: unknown import
	data: org/jsoup/parser/Tag
src/main/java/org/jsoup/nodes/Element.java: unsupported: not an array type
	data: unsupported(@@unsupported)
src/main/java/org/jsoup/nodes/Element.java: error: unknown identifier
	data: classNames
src/main/java/org/jsoup/nodes/Element.java: error: unknown function
	data: [pointer(reference(org/jsoup/nodes/Node)) org/jsoup/nodes/Node//outerHtml [] [appendable]]
src/main/java/org/jsoup/nodes/Element.java: error: unknown import
	data: org/jsoup/helper/StringUtil
src/main/java/org/jsoup/nodes/Element.java: error: unknown import
	data: java/util/regex/Pattern
src/main/java/org/jsoup/nodes/Element.java: error: unknown function
	data: [<nil> java/util/ArrayList//ArrayList [] [size]]
src/main/java/org/jsoup/nodes/Element.java: error: unknown import
	data: org/jsoup/parser/ParseSettings
src/main/java/org/jsoup/nodes/Element.java: error: unknown import
	data: org/jsoup/select/NodeVisitor
src/main/java/org/jsoup/nodes/Element.java: error: unknown import
	data: java/util/Set
src/main/java/org/jsoup/nodes/Element.java: error: unknown type
	data: Appendable
src/main/java/org/jsoup/nodes/Element.java: error: unknown function
	data: [<nil> addChildren [] [0 call(select(ensure_not_nil(nodes), toArray!4ca58e31cd2242105fd0ef5028975b56), [cast(make(array(pointer(reference(org/jsoup/nodes/Node)), primitive(int, 32, false), 0), call(select(ensure_not_nil(nodes), size!d41d8cd98f00b204e9800998ecf8427e), [])), array(pointer(reference(java/lang/Object)), primitive(int, 32, false), 0))])]]
src/main/java/org/jsoup/nodes/Element.java: error: unknown function
	data: [pointer(reference(java/lang/StringBuilder)) java/lang/StringBuilder//insert [] [0 " > "]]
src/main/java/org/jsoup/nodes/Element.java: unsupported: unsupported AST node
	data: genericInstance(unsupported(java/util/Set), [pointer(reference(java/lang/String))])
src/main/java/org/jsoup/nodes/Element.java: error: unknown function
	data: [genericInstance(reference(java/util/List), [pointer(reference(org/jsoup/nodes/Node))]) java/util/List<org/jsoup/nodes/Node>//addAll [] [select(this, childNodes)]]
src/main/java/org/jsoup/nodes/Element.java: error: unknown import
	data: org/jsoup/helper/Validate
src/main/java/org/jsoup/nodes/Element.java: error: unknown import
	data: org/jsoup/select/Elements
src/main/java/org/jsoup/nodes/Element.java: error: unknown function
	data: [<nil> java/util/ArrayList//ArrayList [] [children]]
src/main/java/org/jsoup/nodes/Element.java: error: unknown function
	data: [<nil> addChildren [] [call(select(ensure_not_nil(nodes), toArray!4ca58e31cd2242105fd0ef5028975b56), [cast(make(array(pointer(reference(org/jsoup/nodes/Node)), primitive(int, 32, false), 0), call(select(ensure_not_nil(nodes), size!d41d8cd98f00b204e9800998ecf8427e), [])), array(pointer(reference(java/lang/Object)), primitive(int, 32, false), 0))])]]
src/main/java/org/jsoup/nodes/Element.java: unsupported: unsupported AST node
	data: genericInstance(unsupported(java/util/Set), [pointer(reference(java/lang/String))])
src/main/java/org/jsoup/nodes/Element.java: unsupported: unsupported AST node
	data: genericInstance(unsupported(java/util/Set), [pointer(reference(java/lang/String))])
src/main/java/org/jsoup/nodes/Element.java: unsupported: unsupported AST node
	data: block([declaration([node], [pointer(reference(org/jsoup/nodes/Node))], [call(select(ensure_not_nil(@@sfl_iterator), next!d41d8cd98f00b204e9800998ecf8427e), [])], ModifierVisibilityPublic), unsupported])
src/main/java/org/jsoup/nodes/Entities.java: error: unknown import
	data: org/jsoup/helper/Validate
src/main/java/org/jsoup/nodes/Entities.java: error: unknown import
	data: org/jsoup/parser/Parser
src/main/java/org/jsoup/nodes/Entities.java: error: unknown type
	data: Appendable
src/main/java/org/jsoup/nodes/Entities.java: internal error: not all elements have the same type
	data: primitive(char, 16, true) vs primitive(int, 32, false)
src/main/java/org/jsoup/nodes/Entities.java: error: unknown field
	data: [Character struct(java/lang/Character, [], [pointer(reference(java/lang/Object))], []) MIN_SUPPLEMENTARY_CODE_POINT]
src/main/java/org/jsoup/nodes/Entities.java: error: unknown import
	data: org/jsoup/SerializationException
src/main/java/org/jsoup/nodes/Entities.java: error: unknown import
	data: org/jsoup/helper/StringUtil
src/main/java/org/jsoup/nodes/Entities.java: error: unknown import
	data: org/jsoup/parser/CharacterReader
src/main/java/org/jsoup/nodes/Entities.java: error: unknown import
	data: java/nio/charset/CharsetEncoder
src/main/java/org/jsoup/nodes/Entities.java: error: unknown import
	data: java/util/Arrays
src/main/java/org/jsoup/nodes/Entities.java: error: unknown function
	data: [<nil> load [] [this file size]]
src/main/java/org/jsoup/nodes/Entities.java: error: unknown import
	data: java/util/HashMap
src/main/java/org/jsoup/nodes/Entities.java: error: unknown function
	data: [<nil> escape [] [accum string out false false false]]
src/main/java/org/jsoup/nodes/FormElement.java: error: unknown import
	data: org/jsoup/Connection
src/main/java/org/jsoup/nodes/FormElement.java: error: unknown import
	data: org/jsoup/Jsoup
src/main/java/org/jsoup/nodes/FormElement.java: error: unknown import
	data: org/jsoup/helper/HttpConnection
src/main/java/org/jsoup/nodes/FormElement.java: error: unknown import
	data: org/jsoup/helper/Validate
src/main/java/org/jsoup/nodes/FormElement.java: error: unknown import
	data: org/jsoup/parser/Tag
src/main/java/org/jsoup/nodes/FormElement.java: error: unknown import
	data: org/jsoup/select/Elements
src/main/java/org/jsoup/nodes/FormElement.java: internal error: no supported constructor available
	data: [struct(org/jsoup/nodes/Element, [], [pointer(reference(org/jsoup/nodes/Node))], []) function(variable(this, pointer(reference(org/jsoup/nodes/Node))), org/jsoup/nodes/Node//@@constructor!d41d8cd98f00b204e9800998ecf8427e, [], [variable(, pointer(reference(org/jsoup/nodes/Node)))], block([=(select(this, @java/lang/Object), call(select(&(composite(reference(java/lang/Object), [])), @@constructor!d41d8cd98f00b204e9800998ecf8427e), [])), return([this])]))]
src/main/java/org/jsoup/nodes/LeafNode.java: error: unknown import
	data: org/jsoup/helper/Validate
src/main/java/org/jsoup/nodes/Node.java: error: unknown import
	data: org/jsoup/helper/StringUtil
src/main/java/org/jsoup/nodes/Node.java: error: unknown import
	data: org/jsoup/select/NodeFilter
src/main/java/org/jsoup/nodes/Node.java: error: unknown import
	data: org/jsoup/select/NodeTraversor
src/main/java/org/jsoup/nodes/Node.java: error: unknown import
	data: org/jsoup/select/NodeVisitor
src/main/java/org/jsoup/nodes/Node.java: error: unknown function
	data: [struct(org/jsoup/nodes/Node, [], [pointer(reference(java/lang/Object))], [reference(java/lang/Cloneable)]) org/jsoup/nodes/Node//addChildren [] [index call(select(ensure_not_nil(nodes), toArray!4ca58e31cd2242105fd0ef5028975b56), [cast(make(array(pointer(reference(org/jsoup/nodes/Node)), primitive(int, 32, false), 0), call(select(ensure_not_nil(nodes), size!d41d8cd98f00b204e9800998ecf8427e), [])), array(pointer(reference(java/lang/Object)), primitive(int, 32, false), 0))])]]
src/main/java/org/jsoup/nodes/Node.java: internal error: not all elements have the same type
	data: declaration([children], [pointer(genericInstance(reference(java/util/List), [pointer(reference(org/jsoup/nodes/Element))]))], [call(select(ensure_not_nil(el), children!d41d8cd98f00b204e9800998ecf8427e), [])], ModifierVisibilityPublic)
src/main/java/org/jsoup/nodes/Node.java: error: unknown function
	data: [<nil> java/util/ArrayList//ArrayList [] [-(call(select(ensure_not_nil(nodes), size!d41d8cd98f00b204e9800998ecf8427e), []), 1)]]
src/main/java/org/jsoup/nodes/Node.java: error: unknown function
	data: [<nil> java/util/ArrayList//ArrayList [] [call(select(ensure_not_nil(nodes), size!d41d8cd98f00b204e9800998ecf8427e), [])]]
src/main/java/org/jsoup/nodes/Node.java: error: unknown field
	data: [this struct(org/jsoup/nodes/Node, [], [pointer(reference(java/lang/Object))], [reference(java/lang/Cloneable)]) Collections]
src/main/java/org/jsoup/nodes/Node.java: error: unknown function
	data: [<nil> outerHtml [] [accum]]
src/main/java/org/jsoup/nodes/Node.java: error: unknown function
	data: [<nil> outerHtml [] [appendable]]
src/main/java/org/jsoup/nodes/Node.java: error: unknown function
	data: [<nil> getClass [] []]
src/main/java/org/jsoup/nodes/Node.java: error: unknown function
	data: [pointer(reference(java/lang/Object)) java/lang/Object//getClass [] []]
src/main/java/org/jsoup/nodes/Node.java: error: unknown type
	data: LinkedList
src/main/java/org/jsoup/nodes/Node.java: error: unknown import
	data: org/jsoup/SerializationException
src/main/java/org/jsoup/nodes/Node.java: error: unknown type
	data: Appendable
src/main/java/org/jsoup/nodes/Node.java: error: unknown function
	data: [struct(java/lang/Object, [], [], []) java/lang/Object//clone [] []]
src/main/java/org/jsoup/nodes/Node.java: error: unknown import
	data: org/jsoup/helper/Validate
src/main/java/org/jsoup/nodes/Node.java: error: unknown import
	data: org/jsoup/parser/Parser
src/main/java/org/jsoup/nodes/Node.java: error: unknown field
	data: [this struct(org/jsoup/nodes/Node, [], [pointer(reference(java/lang/Object))], [reference(java/lang/Cloneable)]) Collections]
src/main/java/org/jsoup/nodes/Node.java: error: unknown field
	data: [this struct(org/jsoup/nodes/Node, [], [pointer(reference(java/lang/Object))], [reference(java/lang/Cloneable)]) Arrays]
src/main/java/org/jsoup/nodes/Node.java: error: unknown function
	data: [pointer(genericInstance(reference(java/util/List), [pointer(reference(org/jsoup/nodes/Node))])) java/util/List<org/jsoup/nodes/Node>//addAll [] [index unsupported]]
src/main/java/org/jsoup/nodes/TextNode.java: error: unknown import
	data: org/jsoup/helper/StringUtil
src/main/java/org/jsoup/nodes/TextNode.java: error: unknown import
	data: org/jsoup/helper/Validate
src/main/java/org/jsoup/nodes/TextNode.java: error: unknown type
	data: Appendable
src/main/java/org/jsoup/nodes/XmlDeclaration.java: error: unknown import
	data: org/jsoup/helper/Validate
src/main/java/org/jsoup/nodes/XmlDeclaration.java: error: unknown type
	data: Appendable
src/main/java/org/jsoup/nodes/XmlDeclaration.java: error: unknown function
	data: [<nil> getWholeDeclaration [] [sb call(org/jsoup/nodes/Document//OutputSettings//OutputSettings!d41d8cd98f00b204e9800998ecf8427e, [])]]
src/main/java/org/jsoup/nodes/XmlDeclaration.java: error: unknown import
	data: org/jsoup/SerializationException
internal error: scope leak
	data: map[handledNode:struct(org/jsoup/nodes/Attributes//Dataset, [], [genericInstance(unsupported(java/util/AbstractMap), [pointer(reference(java/lang/String)), pointer(reference(java/lang/String))])], []) scopeLevelAtEntry:7 scopeLevelAtExit:8]
internal error: scope leak
	data: map[handledNode:struct(org/jsoup/nodes/Attributes, [], [pointer(reference(java/lang/Object))], [pointer(genericInstance(reference(java/lang/Iterable), [pointer(reference(org/jsoup/nodes/Attribute))])), reference(java/lang/Cloneable)]) scopeLevelAtEntry:6 scopeLevelAtExit:7]
internal error: scope leak
	data: map[handledNode:struct(org/jsoup/nodes/Element, [], [pointer(reference(org/jsoup/nodes/Node))], []) scopeLevelAtEntry:6 scopeLevelAtExit:7]
Found 1 Java files
Found 148 problems in Java files
src/main/java/org/jsoup/nodes/Element.java: found 99 symbols
src/main/java/org/jsoup/nodes/Element.java: org.jsoup.nodes.Element.getElementsMatchingOwnText: computing test cases
src/main/java/org/jsoup/nodes/Element.java: org.jsoup.nodes.Element.getElementsMatchingOwnText: found 1 problems
src/main/java/org/jsoup/nodes/Element.java: internal error: org.jsoup.nodes.Element.getElementsMatchingOwnText: unknown type kind
	data: unsupported(org/jsoup/parser/Tag)
src/main/java/org/jsoup/nodes/Element.java: org.jsoup.nodes.Element.preserveWhitespace: computing test cases
src/main/java/org/jsoup/nodes/Element.java: org.jsoup.nodes.Element.preserveWhitespace: found 1 problems
src/main/java/org/jsoup/nodes/Element.java: internal error: org.jsoup.nodes.Element.preserveWhitespace: unknown type kind
	data: unsupported(org/jsoup/parser/Tag)
src/main/java/org/jsoup/nodes/Element.java: org.jsoup.nodes.Element.tag: computing test cases
src/main/java/org/jsoup/nodes/Element.java: org.jsoup.nodes.Element.tag: found 1 problems
src/main/java/org/jsoup/nodes/Element.java: internal error: org.jsoup.nodes.Element.tag: unknown type kind
	data: unsupported(org/jsoup/parser/Tag)
src/main/java/org/jsoup/nodes/Element.java: org.jsoup.nodes.Element.select: computing test cases
src/main/java/org/jsoup/nodes/Element.java: org.jsoup.nodes.Element.select: found 1 problems
src/main/java/org/jsoup/nodes/Element.java: internal error: org.jsoup.nodes.Element.select: unknown type kind
	data: unsupported(org/jsoup/parser/Tag)
src/main/java/org/jsoup/nodes/Element.java: org.jsoup.nodes.Element.tagName: computing test cases
src/main/java/org/jsoup/nodes/Element.java: org.jsoup.nodes.Element.tagName: found 1 problems
src/main/java/org/jsoup/nodes/Element.java: internal error: org.jsoup.nodes.Element.tagName: unknown type kind
	data: unsupported(org/jsoup/parser/Tag)
src/main/java/org/jsoup/nodes/Element.java: org.jsoup.nodes.Element.insertChildren: computing test cases
src/main/java/org/jsoup/nodes/Element.java: org.jsoup.nodes.Element.insertChildren: computed 0 unit tests
src/main/java/org/jsoup/nodes/Element.java: org.jsoup.nodes.Element.outerHtmlHead: computing test cases
src/main/java/org/jsoup/nodes/Element.java: org.jsoup.nodes.Element.outerHtmlHead: found 1 problems
src/main/java/org/jsoup/nodes/Element.java: internal error: org.jsoup.nodes.Element.outerHtmlHead: unknown type kind
	data: unsupported(org/jsoup/parser/Tag)
src/main/java/org/jsoup/nodes/Element.java: org.jsoup.nodes.Element.previousElementSibling: computing test cases
src/main/java/org/jsoup/nodes/Element.java: org.jsoup.nodes.Element.previousElementSibling: found 1 problems
src/main/java/org/jsoup/nodes/Element.java: internal error: org.jsoup.nodes.Element.previousElementSibling: unknown type kind
	data: unsupported(org/jsoup/parser/Tag)
src/main/java/org/jsoup/nodes/Element.java: org.jsoup.nodes.Element.append: computing test cases
src/main/java/org/jsoup/nodes/Element.java: org.jsoup.nodes.Element.append: found 1 problems
src/main/java/org/jsoup/nodes/Element.java: internal error: org.jsoup.nodes.Element.append: unknown type kind
	data: unsupported(org/jsoup/parser/Tag)
src/main/java/org/jsoup/nodes/Element.java: org.jsoup.nodes.Element.ownText: computing test cases
src/main/java/org/jsoup/nodes/Element.java: org.jsoup.nodes.Element.ownText: found 1 problems
src/main/java/org/jsoup/nodes/Element.java: internal error: org.jsoup.nodes.Element.ownText: unknown type kind
	data: unsupported(org/jsoup/parser/Tag)
src/main/java/org/jsoup/nodes/Element.java: org.jsoup.nodes.Element.getElementsByTag: computing test cases
src/main/java/org/jsoup/nodes/Element.java: org.jsoup.nodes.Element.getElementsByTag: found 1 problems
src/main/java/org/jsoup/nodes/Element.java: internal error: org.jsoup.nodes.Element.getElementsByTag: unknown type kind
	data: unsupported(org/jsoup/parser/Tag)
src/main/java/org/jsoup/nodes/Element.java: org.jsoup.nodes.Element.lastElementSibling: computing test cases
src/main/java/org/jsoup/nodes/Element.java: org.jsoup.nodes.Element.lastElementSibling: found 1 problems
src/main/java/org/jsoup/nodes/Element.java: internal error: org.jsoup.nodes.Element.lastElementSibling: unknown type kind
	data: unsupported(org/jsoup/parser/Tag)
src/main/java/org/jsoup/nodes/Element.java: org.jsoup.nodes.Element.shallowClone: computing test cases
src/main/java/org/jsoup/nodes/Element.java: org.jsoup.nodes.Element.shallowClone: found 1 problems
src/main/java/org/jsoup/nodes/Element.java: internal error: org.jsoup.nodes.Element.shallowClone: unknown type kind
	data: unsupported(org/jsoup/parser/Tag)
src/main/java/org/jsoup/nodes/Element.java: org.jsoup.nodes.Element.attributes: computing test cases
src/main/java/org/jsoup/nodes/Element.java: org.jsoup.nodes.Element.attributes: found 1 problems
src/main/java/org/jsoup/nodes/Element.java: internal error: org.jsoup.nodes.Element.attributes: unknown type kind
	data: unsupported(org/jsoup/parser/Tag)
src/main/java/org/jsoup/nodes/Element.java: org.jsoup.nodes.Element.Element: computing test cases
src/main/java/org/jsoup/nodes/Element.java: org.jsoup.nodes.Element.Element: found 1 problems
src/main/java/org/jsoup/nodes/Element.java: internal error: org.jsoup.nodes.Element.Element: unknown type kind
	data: unsupported(org/jsoup/parser/Tag)
src/main/java/org/jsoup/nodes/Element.java: org.jsoup.nodes.Element.insertChildren: computing test cases
src/main/java/org/jsoup/nodes/Element.java: org.jsoup.nodes.Element.insertChildren: found 1 problems
src/main/java/org/jsoup/nodes/Element.java: internal error: org.jsoup.nodes.Element.insertChildren: unknown type kind
	data: unsupported(org/jsoup/parser/Tag)
src/main/java/org/jsoup/nodes/Element.java: org.jsoup.nodes.Element.before: computing test cases
src/main/java/org/jsoup/nodes/Element.java: org.jsoup.nodes.Element.before: found 1 problems
src/main/java/org/jsoup/nodes/Element.java: internal error: org.jsoup.nodes.Element.before: unknown type kind
	data: unsupported(org/jsoup/parser/Tag)
src/main/java/org/jsoup/nodes/Element.java: org.jsoup.nodes.Element.getElementsByClass: computing test cases
src/main/java/org/jsoup/nodes/Element.java: org.jsoup.nodes.Element.getElementsByClass: found 1 problems
src/main/java/org/jsoup/nodes/Element.java: internal error: org.jsoup.nodes.Element.getElementsByClass: unknown type kind
	data: unsupported(org/jsoup/parser/Tag)
src/main/java/org/jsoup/nodes/Element.java: org.jsoup.nodes.Element.getElementsByAttributeValue: computing test cases
src/main/java/org/jsoup/nodes/Element.java: org.jsoup.nodes.Element.getElementsByAttributeValue: found 1 problems
src/main/java/org/jsoup/nodes/Element.java: internal error: org.jsoup.nodes.Element.getElementsByAttributeValue: unknown type kind
	data: unsupported(org/jsoup/parser/Tag)
src/main/java/org/jsoup/nodes/Element.java: org.jsoup.nodes.Element.getElementsByAttributeValueEnding: computing test cases
src/main/java/org/jsoup/nodes/Element.java: org.jsoup.nodes.Element.getElementsByAttributeValueEnding: found 1 problems
src/main/java/org/jsoup/nodes/Element.java: internal error: org.jsoup.nodes.Element.getElementsByAttributeValueEnding: unknown type kind
	data: unsupported(org/jsoup/parser/Tag)
src/main/java/org/jsoup/nodes/Element.java: org.jsoup.nodes.Element.tagName: computing test cases
src/main/java/org/jsoup/nodes/Element.java: org.jsoup.nodes.Element.tagName: found 1 problems
src/main/java/org/jsoup/nodes/Element.java: internal error: org.jsoup.nodes.Element.tagName: unknown type kind
	data: unsupported(org/jsoup/parser/Tag)
src/main/java/org/jsoup/nodes/Element.java: org.jsoup.nodes.Element.html: computing test cases
src/main/java/org/jsoup/nodes/Element.java: org.jsoup.nodes.Element.html: found 1 problems
src/main/java/org/jsoup/nodes/Element.java: internal error: org.jsoup.nodes.Element.html: unknown type kind
	data: unsupported(org/jsoup/parser/Tag)
src/main/java/org/jsoup/nodes/Element.java: org.jsoup.nodes.Element.Element: computing test cases
src/main/java/org/jsoup/nodes/Element.java: org.jsoup.nodes.Element.Element: found 1 problems
src/main/java/org/jsoup/nodes/Element.java: internal error: org.jsoup.nodes.Element.Element: unknown type kind
	data: unsupported(org/jsoup/parser/Tag)
src/main/java/org/jsoup/nodes/Element.java: org.jsoup.nodes.Element.getElementsMatchingText: computing test cases
src/main/java/org/jsoup/nodes/Element.java: org.jsoup.nodes.Element.getElementsMatchingText: found 1 problems
src/main/java/org/jsoup/nodes/Element.java: internal error: org.jsoup.nodes.Element.getElementsMatchingText: unknown type kind
	data: unsupported(org/jsoup/parser/Tag)
src/main/java/org/jsoup/nodes/Element.java: org.jsoup.nodes.Element.appendText: computing test cases
src/main/java/org/jsoup/nodes/Element.java: org.jsoup.nodes.Element.appendText: found 1 problems
src/main/java/org/jsoup/nodes/Element.java: internal error: org.jsoup.nodes.Element.appendText: unknown type kind
	data: unsupported(org/jsoup/parser/Tag)
src/main/java/org/jsoup/nodes/Element.java: org.jsoup.nodes.Element.siblingElements: computing test cases
src/main/java/org/jsoup/nodes/Element.java: org.jsoup.nodes.Element.siblingElements: found 1 problems
src/main/java/org/jsoup/nodes/Element.java: internal error: org.jsoup.nodes.Element.siblingElements: unknown type kind
	data: unsupported(org/jsoup/parser/Tag)
src/main/java/org/jsoup/nodes/Element.java: org.jsoup.nodes.Element.id: computing test cases
src/main/java/org/jsoup/nodes/Element.java: org.jsoup.nodes.Element.id: found 1 problems
src/main/java/org/jsoup/nodes/Element.java: internal error: org.jsoup.nodes.Element.id: unknown type kind
	data: unsupported(org/jsoup/parser/Tag)
src/main/java/org/jsoup/nodes/Element.java: org.jsoup.nodes.Element.nodelistChanged: computing test cases
src/main/java/org/jsoup/nodes/Element.java: org.jsoup.nodes.Element.nodelistChanged: found 1 problems
src/main/java/org/jsoup/nodes/Element.java: internal error: org.jsoup.nodes.Element.nodelistChanged: unknown type kind
	data: unsupported(org/jsoup/parser/Tag)
src/main/java/org/jsoup/nodes/Element.java: org.jsoup.nodes.Element.appendElement: computing test cases
src/main/java/org/jsoup/nodes/Element.java: org.jsoup.nodes.Element.appendElement: found 1 problems
src/main/java/org/jsoup/nodes/Element.java: internal error: org.jsoup.nodes.Element.appendElement: unknown type kind
	data: unsupported(org/jsoup/parser/Tag)
src/main/java/org/jsoup/nodes/Element.java: org.jsoup.nodes.Element.getElementsByIndexEquals: computing test cases
src/main/java/org/jsoup/nodes/Element.java: org.jsoup.nodes.Element.getElementsByIndexEquals: found 1 problems
src/main/java/org/jsoup/nodes/Element.java: internal error: org.jsoup.nodes.Element.getElementsByIndexEquals: unknown type kind
	data: unsupported(org/jsoup/parser/Tag)
src/main/java/org/jsoup/nodes/Element.java: org.jsoup.nodes.Element.dataNodes: computing test cases
src/main/java/org/jsoup/nodes/Element.java: org.jsoup.nodes.Element.dataNodes: found 1 problems
src/main/java/org/jsoup/nodes/Element.java: internal error: org.jsoup.nodes.Element.dataNodes: unknown type kind
	data: unsupported(org/jsoup/parser/Tag)
src/main/java/org/jsoup/nodes/Element.java: org.jsoup.nodes.Element.children: computing test cases
src/main/java/org/jsoup/nodes/Element.java: org.jsoup.nodes.Element.children: found 1 problems
src/main/java/org/jsoup/nodes/Element.java: internal error: org.jsoup.nodes.Element.children: unknown type kind
	data: unsupported(org/jsoup/parser/Tag)
src/main/java/org/jsoup/nodes/Element.java: org.jsoup.nodes.Element.className: computing test cases
src/main/java/org/jsoup/nodes/Element.java: org.jsoup.nodes.Element.className: found 1 problems
src/main/java/org/jsoup/nodes/Element.java: internal error: org.jsoup.nodes.Element.className: unknown type kind
	data: unsupported(org/jsoup/parser/Tag)
src/main/java/org/jsoup/nodes/Element.java: org.jsoup.nodes.Element.classNames: computing test cases
src/main/java/org/jsoup/nodes/Element.java: org.jsoup.nodes.Element.classNames: found 1 problems
src/main/java/org/jsoup/nodes/Element.java: internal error: org.jsoup.nodes.Element.classNames: unknown type kind
	data: unsupported(org/jsoup/parser/Tag)
src/main/java/org/jsoup/nodes/Element.java: org.jsoup.nodes.Element.childNodeSize: computing test cases
src/main/java/org/jsoup/nodes/Element.java: org.jsoup.nodes.Element.childNodeSize: found 1 problems
src/main/java/org/jsoup/nodes/Element.java: internal error: org.jsoup.nodes.Element.childNodeSize: unknown type kind
	data: unsupported(org/jsoup/parser/Tag)
src/main/java/org/jsoup/nodes/Element.java: org.jsoup.nodes.Element.getElementsMatchingText: computing test cases
src/main/java/org/jsoup/nodes/Element.java: org.jsoup.nodes.Element.getElementsMatchingText: found 1 problems
src/main/java/org/jsoup/nodes/Element.java: internal error: org.jsoup.nodes.Element.getElementsMatchingText: unknown type kind
	data: unsupported(org/jsoup/parser/Tag)
src/main/java/org/jsoup/nodes/Element.java: org.jsoup.nodes.Element.getElementsByAttributeValueNot: computing test cases
src/main/java/org/jsoup/nodes/Element.java: org.jsoup.nodes.Element.getElementsByAttributeValueNot: found 1 problems
src/main/java/org/jsoup/nodes/Element.java: internal error: org.jsoup.nodes.Element.getElementsByAttributeValueNot: unknown type kind
	data: unsupported(org/jsoup/parser/Tag)
src/main/java/org/jsoup/nodes/Element.java: org.jsoup.nodes.Element.getAllElements: computing test cases
src/main/java/org/jsoup/nodes/Element.java: org.jsoup.nodes.Element.getAllElements: found 1 problems
src/main/java/org/jsoup/nodes/Element.java: internal error: org.jsoup.nodes.Element.getAllElements: unknown type kind
	data: unsupported(org/jsoup/parser/Tag)
src/main/java/org/jsoup/nodes/Element.java: org.jsoup.nodes.Element.is: computing test cases
src/main/java/org/jsoup/nodes/Element.java: org.jsoup.nodes.Element.is: found 1 problems
src/main/java/org/jsoup/nodes/Element.java: internal error: org.jsoup.nodes.Element.is: unknown type kind
	data: unsupported(org/jsoup/parser/Tag)
src/main/java/org/jsoup/nodes/Element.java: org.jsoup.nodes.Element.appendTo: computing test cases
src/main/java/org/jsoup/nodes/Element.java: org.jsoup.nodes.Element.appendTo: found 1 problems
src/main/java/org/jsoup/nodes/Element.java: internal error: org.jsoup.nodes.Element.appendTo: unknown type kind
	data: unsupported(org/jsoup/parser/Tag)
src/main/java/org/jsoup/nodes/Element.java: org.jsoup.nodes.Element.prependChild: computing test cases
src/main/java/org/jsoup/nodes/Element.java: org.jsoup.nodes.Element.prependChild: found 1 problems
src/main/java/org/jsoup/nodes/Element.java: internal error: org.jsoup.nodes.Element.prependChild: unknown type kind
	data: unsupported(org/jsoup/parser/Tag)
src/main/java/org/jsoup/nodes/Element.java: org.jsoup.nodes.Element.getElementsByAttributeValueMatching: computing test cases
src/main/java/org/jsoup/nodes/Element.java: org.jsoup.nodes.Element.getElementsByAttributeValueMatching: found 1 problems
src/main/java/org/jsoup/nodes/Element.java: internal error: org.jsoup.nodes.Element.getElementsByAttributeValueMatching: unknown type kind
	data: unsupported(org/jsoup/parser/Tag)
src/main/java/org/jsoup/nodes/Element.java: org.jsoup.nodes.Element.clone: computing test cases
src/main/java/org/jsoup/nodes/Element.java: org.jsoup.nodes.Element.clone: found 1 problems
src/main/java/org/jsoup/nodes/Element.java: internal error: org.jsoup.nodes.Element.clone: unknown type kind
	data: unsupported(org/jsoup/parser/Tag)
src/main/java/org/jsoup/nodes/Element.java: org.jsoup.nodes.Element.is: computing test cases
src/main/java/org/jsoup/nodes/Element.java: org.jsoup.nodes.Element.is: found 1 problems
src/main/java/org/jsoup/nodes/Element.java: internal error: org.jsoup.nodes.Element.is: unknown type kind
	data: unsupported(org/jsoup/parser/Tag)
src/main/java/org/jsoup/nodes/Element.java: org.jsoup.nodes.Element.firstElementSibling: computing test cases
src/main/java/org/jsoup/nodes/Element.java: org.jsoup.nodes.Element.firstElementSibling: found 1 problems
src/main/java/org/jsoup/nodes/Element.java: internal error: org.jsoup.nodes.Element.firstElementSibling: unknown type kind
	data: unsupported(org/jsoup/parser/Tag)
src/main/java/org/jsoup/nodes/Element.java: org.jsoup.nodes.Element.getElementsByAttributeValueStarting: computing test cases
src/main/java/org/jsoup/nodes/Element.java: org.jsoup.nodes.Element.getElementsByAttributeValueStarting: found 1 problems
src/main/java/org/jsoup/nodes/Element.java: internal error: org.jsoup.nodes.Element.getElementsByAttributeValueStarting: unknown type kind
	data: unsupported(org/jsoup/parser/Tag)
src/main/java/org/jsoup/nodes/Element.java: org.jsoup.nodes.Element.getElementsByAttributeValueContaining: computing test cases
src/main/java/org/jsoup/nodes/Element.java: org.jsoup.nodes.Element.getElementsByAttributeValueContaining: found 1 problems
src/main/java/org/jsoup/nodes/Element.java: internal error: org.jsoup.nodes.Element.getElementsByAttributeValueContaining: unknown type kind
	data: unsupported(org/jsoup/parser/Tag)
src/main/java/org/jsoup/nodes/Element.java: org.jsoup.nodes.Element.html: computing test cases
src/main/java/org/jsoup/nodes/Element.java: org.jsoup.nodes.Element.html: computed 0 unit tests
src/main/java/org/jsoup/nodes/Element.java: org.jsoup.nodes.Element.attr: computing test cases
src/main/java/org/jsoup/nodes/Element.java: org.jsoup.nodes.Element.attr: found 1 problems
src/main/java/org/jsoup/nodes/Element.java: internal error: org.jsoup.nodes.Element.attr: unknown type kind
	data: unsupported(org/jsoup/parser/Tag)
src/main/java/org/jsoup/nodes/Element.java: org.jsoup.nodes.Element.parents: computing test cases
src/main/java/org/jsoup/nodes/Element.java: org.jsoup.nodes.Element.parents: found 1 problems
src/main/java/org/jsoup/nodes/Element.java: internal error: org.jsoup.nodes.Element.parents: unknown type kind
	data: unsupported(org/jsoup/parser/Tag)
src/main/java/org/jsoup/nodes/Element.java: org.jsoup.nodes.Element.after: computing test cases
src/main/java/org/jsoup/nodes/Element.java: org.jsoup.nodes.Element.after: found 1 problems
src/main/java/org/jsoup/nodes/Element.java: internal error: org.jsoup.nodes.Element.after: unknown type kind
	data: unsupported(org/jsoup/parser/Tag)
src/main/java/org/jsoup/nodes/Element.java: org.jsoup.nodes.Element.text: computing test cases
src/main/java/org/jsoup/nodes/Element.java: org.jsoup.nodes.Element.text: found 1 problems
src/main/java/org/jsoup/nodes/Element.java: internal error: org.jsoup.nodes.Element.text: unknown type kind
	data: unsupported(org/jsoup/parser/Tag)
src/main/java/org/jsoup/nodes/Element.java: org.jsoup.nodes.Element.ensureChildNodes: computing test cases
src/main/java/org/jsoup/nodes/Element.java: org.jsoup.nodes.Element.ensureChildNodes: found 1 problems
src/main/java/org/jsoup/nodes/Element.java: internal error: org.jsoup.nodes.Element.ensureChildNodes: unknown type kind
	data: unsupported(org/jsoup/parser/Tag)
src/main/java/org/jsoup/nodes/Element.java: org.jsoup.nodes.Element.hasText: computing test cases
src/main/java/org/jsoup/nodes/Element.java: org.jsoup.nodes.Element.hasText: found 1 problems
src/main/java/org/jsoup/nodes/Element.java: internal error: org.jsoup.nodes.Element.hasText: unknown type kind
	data: unsupported(org/jsoup/parser/Tag)
src/main/java/org/jsoup/nodes/Element.java: org.jsoup.nodes.Element.data: computing test cases
src/main/java/org/jsoup/nodes/Element.java: org.jsoup.nodes.Element.data: found 1 problems
src/main/java/org/jsoup/nodes/Element.java: internal error: org.jsoup.nodes.Element.data: unknown type kind
	data: unsupported(org/jsoup/parser/Tag)
src/main/java/org/jsoup/nodes/Element.java: org.jsoup.nodes.Element.elementSiblingIndex: computing test cases
src/main/java/org/jsoup/nodes/Element.java: org.jsoup.nodes.Element.elementSiblingIndex: found 1 problems
src/main/java/org/jsoup/nodes/Element.java: internal error: org.jsoup.nodes.Element.elementSiblingIndex: unknown type kind
	data: unsupported(org/jsoup/parser/Tag)
src/main/java/org/jsoup/nodes/Element.java: org.jsoup.nodes.Element.getElementsByAttributeStarting: computing test cases
src/main/java/org/jsoup/nodes/Element.java: org.jsoup.nodes.Element.getElementsByAttributeStarting: found 1 problems
src/main/java/org/jsoup/nodes/Element.java: internal error: org.jsoup.nodes.Element.getElementsByAttributeStarting: unknown type kind
	data: unsupported(org/jsoup/parser/Tag)
src/main/java/org/jsoup/nodes/Element.java: org.jsoup.nodes.Element.empty: computing test cases
src/main/java/org/jsoup/nodes/Element.java: org.jsoup.nodes.Element.empty: found 1 problems
src/main/java/org/jsoup/nodes/Element.java: internal error: org.jsoup.nodes.Element.empty: unknown type kind
	data: unsupported(org/jsoup/parser/Tag)
src/main/java/org/jsoup/nodes/Element.java: org.jsoup.nodes.Element.getElementsMatchingOwnText: computing test cases
src/main/java/org/jsoup/nodes/Element.java: org.jsoup.nodes.Element.getElementsMatchingOwnText: found 1 problems
src/main/java/org/jsoup/nodes/Element.java: internal error: org.jsoup.nodes.Element.getElementsMatchingOwnText: unknown type kind
	data: unsupported(org/jsoup/parser/Tag)
src/main/java/org/jsoup/nodes/Element.java: org.jsoup.nodes.Element.classNames: computing test cases
src/main/java/org/jsoup/nodes/Element.java: org.jsoup.nodes.Element.classNames: computed 0 unit tests
src/main/java/org/jsoup/nodes/Element.java: org.jsoup.nodes.Element.Element: computing test cases
src/main/java/org/jsoup/nodes/Element.java: org.jsoup.nodes.Element.Element: found 1 problems
src/main/java/org/jsoup/nodes/Element.java: internal error: org.jsoup.nodes.Element.Element: unknown type kind
	data: unsupported(org/jsoup/parser/Tag)
src/main/java/org/jsoup/nodes/Element.java: org.jsoup.nodes.Element.isBlock: computing test cases
src/main/java/org/jsoup/nodes/Element.java: org.jsoup.nodes.Element.isBlock: found 1 problems
src/main/java/org/jsoup/nodes/Element.java: internal error: org.jsoup.nodes.Element.isBlock: unknown type kind
	data: unsupported(org/jsoup/parser/Tag)
src/main/java/org/jsoup/nodes/Element.java: org.jsoup.nodes.Element.nextElementSibling: computing test cases
src/main/java/org/jsoup/nodes/Element.java: org.jsoup.nodes.Element.nextElementSibling: found 1 problems
src/main/java/org/jsoup/nodes/Element.java: internal error: org.jsoup.nodes.Element.nextElementSibling: unknown type kind
	data: unsupported(org/jsoup/parser/Tag)
src/main/java/org/jsoup/nodes/Element.java: org.jsoup.nodes.Element.baseUri: computing test cases
src/main/java/org/jsoup/nodes/Element.java: org.jsoup.nodes.Element.baseUri: found 1 problems
src/main/java/org/jsoup/nodes/Element.java: internal error: org.jsoup.nodes.Element.baseUri: unknown type kind
	data: unsupported(org/jsoup/parser/Tag)
src/main/java/org/jsoup/nodes/Element.java: org.jsoup.nodes.Element.nodeName: computing test cases
src/main/java/org/jsoup/nodes/Element.java: org.jsoup.nodes.Element.nodeName: found 1 problems
src/main/java/org/jsoup/nodes/Element.java: internal error: org.jsoup.nodes.Element.nodeName: unknown type kind
	data: unsupported(org/jsoup/parser/Tag)
src/main/java/org/jsoup/nodes/Element.java: org.jsoup.nodes.Element.parent: computing test cases
src/main/java/org/jsoup/nodes/Element.java: org.jsoup.nodes.Element.parent: found 1 problems
src/main/java/org/jsoup/nodes/Element.java: internal error: org.jsoup.nodes.Element.parent: unknown type kind
	data: unsupported(org/jsoup/parser/Tag)
src/main/java/org/jsoup/nodes/Element.java: org.jsoup.nodes.Element.appendChild: computing test cases
src/main/java/org/jsoup/nodes/Element.java: org.jsoup.nodes.Element.appendChild: found 1 problems
src/main/java/org/jsoup/nodes/Element.java: internal error: org.jsoup.nodes.Element.appendChild: unknown type kind
	data: unsupported(org/jsoup/parser/Tag)
src/main/java/org/jsoup/nodes/Element.java: org.jsoup.nodes.Element.prepend: computing test cases
src/main/java/org/jsoup/nodes/Element.java: org.jsoup.nodes.Element.prepend: found 1 problems
src/main/java/org/jsoup/nodes/Element.java: internal error: org.jsoup.nodes.Element.prepend: unknown type kind
	data: unsupported(org/jsoup/parser/Tag)
src/main/java/org/jsoup/nodes/Element.java: org.jsoup.nodes.Element.prependText: computing test cases
src/main/java/org/jsoup/nodes/Element.java: org.jsoup.nodes.Element.prependText: found 1 problems
src/main/java/org/jsoup/nodes/Element.java: internal error: org.jsoup.nodes.Element.prependText: unknown type kind
	data: unsupported(org/jsoup/parser/Tag)
src/main/java/org/jsoup/nodes/Element.java: org.jsoup.nodes.Element.after: computing test cases
src/main/java/org/jsoup/nodes/Element.java: org.jsoup.nodes.Element.after: found 1 problems
src/main/java/org/jsoup/nodes/Element.java: internal error: org.jsoup.nodes.Element.after: unknown type kind
	data: unsupported(org/jsoup/parser/Tag)
src/main/java/org/jsoup/nodes/Element.java: org.jsoup.nodes.Element.getElementById: computing test cases
src/main/java/org/jsoup/nodes/Element.java: org.jsoup.nodes.Element.getElementById: found 1 problems
src/main/java/org/jsoup/nodes/Element.java: internal error: org.jsoup.nodes.Element.getElementById: unknown type kind
	data: unsupported(org/jsoup/parser/Tag)
src/main/java/org/jsoup/nodes/Element.java: org.jsoup.nodes.Element.getElementsContainingText: computing test cases
src/main/java/org/jsoup/nodes/Element.java: org.jsoup.nodes.Element.getElementsContainingText: found 1 problems
src/main/java/org/jsoup/nodes/Element.java: internal error: org.jsoup.nodes.Element.getElementsContainingText: unknown type kind
	data: unsupported(org/jsoup/parser/Tag)
src/main/java/org/jsoup/nodes/Element.java: org.jsoup.nodes.Element.wrap: computing test cases
src/main/java/org/jsoup/nodes/Element.java: org.jsoup.nodes.Element.wrap: found 1 problems
src/main/java/org/jsoup/nodes/Element.java: internal error: org.jsoup.nodes.Element.wrap: unknown type kind
	data: unsupported(org/jsoup/parser/Tag)
src/main/java/org/jsoup/nodes/Element.java: org.jsoup.nodes.Element.attr: computing test cases
src/main/java/org/jsoup/nodes/Element.java: org.jsoup.nodes.Element.attr: found 1 problems
src/main/java/org/jsoup/nodes/Element.java: internal error: org.jsoup.nodes.Element.attr: unknown type kind
	data: unsupported(org/jsoup/parser/Tag)
src/main/java/org/jsoup/nodes/Element.java: org.jsoup.nodes.Element.dataset: computing test cases
src/main/java/org/jsoup/nodes/Element.java: org.jsoup.nodes.Element.dataset: found 1 problems
src/main/java/org/jsoup/nodes/Element.java: internal error: org.jsoup.nodes.Element.dataset: unknown type kind
	data: unsupported(org/jsoup/parser/Tag)
src/main/java/org/jsoup/nodes/Element.java: org.jsoup.nodes.Element.getElementsByIndexLessThan: computing test cases
src/main/java/org/jsoup/nodes/Element.java: org.jsoup.nodes.Element.getElementsByIndexLessThan: found 1 problems
src/main/java/org/jsoup/nodes/Element.java: internal error: org.jsoup.nodes.Element.getElementsByIndexLessThan: unknown type kind
	data: unsupported(org/jsoup/parser/Tag)
src/main/java/org/jsoup/nodes/Element.java: org.jsoup.nodes.Element.toString: computing test cases
src/main/java/org/jsoup/nodes/Element.java: org.jsoup.nodes.Element.toString: found 1 problems
src/main/java/org/jsoup/nodes/Element.java: internal error: org.jsoup.nodes.Element.toString: unknown type kind
	data: unsupported(org/jsoup/parser/Tag)
src/main/java/org/jsoup/nodes/Element.java: org.jsoup.nodes.Element.getElementsContainingOwnText: computing test cases
src/main/java/org/jsoup/nodes/Element.java: org.jsoup.nodes.Element.getElementsContainingOwnText: found 1 problems
src/main/java/org/jsoup/nodes/Element.java: internal error: org.jsoup.nodes.Element.getElementsContainingOwnText: unknown type kind
	data: unsupported(org/jsoup/parser/Tag)
src/main/java/org/jsoup/nodes/Element.java: org.jsoup.nodes.Element.html: computing test cases
src/main/java/org/jsoup/nodes/Element.java: org.jsoup.nodes.Element.html: found 1 problems
src/main/java/org/jsoup/nodes/Element.java: internal error: org.jsoup.nodes.Element.html: unknown type kind
	data: unsupported(org/jsoup/parser/Tag)
src/main/java/org/jsoup/nodes/Element.java: org.jsoup.nodes.Element.removeClass: computing test cases
src/main/java/org/jsoup/nodes/Element.java: org.jsoup.nodes.Element.removeClass: found 1 problems
src/main/java/org/jsoup/nodes/Element.java: internal error: org.jsoup.nodes.Element.removeClass: unknown type kind
	data: unsupported(org/jsoup/parser/Tag)
src/main/java/org/jsoup/nodes/Element.java: org.jsoup.nodes.Element.outerHtmlTail: computing test cases
src/main/java/org/jsoup/nodes/Element.java: org.jsoup.nodes.Element.outerHtmlTail: found 1 problems
src/main/java/org/jsoup/nodes/Element.java: internal error: org.jsoup.nodes.Element.outerHtmlTail: unknown type kind
	data: unsupported(org/jsoup/parser/Tag)
src/main/java/org/jsoup/nodes/Element.java: org.jsoup.nodes.Element.child: computing test cases
src/main/java/org/jsoup/nodes/Element.java: org.jsoup.nodes.Element.child: found 1 problems
src/main/java/org/jsoup/nodes/Element.java: internal error: org.jsoup.nodes.Element.child: unknown type kind
	data: unsupported(org/jsoup/parser/Tag)
src/main/java/org/jsoup/nodes/Element.java: org.jsoup.nodes.Element.getElementsByAttributeValueMatching: computing test cases
src/main/java/org/jsoup/nodes/Element.java: org.jsoup.nodes.Element.getElementsByAttributeValueMatching: found 1 problems
src/main/java/org/jsoup/nodes/Element.java: internal error: org.jsoup.nodes.Element.getElementsByAttributeValueMatching: unknown type kind
	data: unsupported(org/jsoup/parser/Tag)
src/main/java/org/jsoup/nodes/Element.java: org.jsoup.nodes.Element.hasAttributes: computing test cases
src/main/java/org/jsoup/nodes/Element.java: org.jsoup.nodes.Element.hasAttributes: found 1 problems
src/main/java/org/jsoup/nodes/Element.java: internal error: org.jsoup.nodes.Element.hasAttributes: unknown type kind
	data: unsupported(org/jsoup/parser/Tag)
src/main/java/org/jsoup/nodes/Element.java: org.jsoup.nodes.Element.hasClass: computing test cases
src/main/java/org/jsoup/nodes/Element.java: org.jsoup.nodes.Element.hasClass: found 1 problems
src/main/java/org/jsoup/nodes/Element.java: internal error: org.jsoup.nodes.Element.hasClass: unknown type kind
	data: unsupported(org/jsoup/parser/Tag)
src/main/java/org/jsoup/nodes/Element.java: org.jsoup.nodes.Element.selectFirst: computing test cases
src/main/java/org/jsoup/nodes/Element.java: org.jsoup.nodes.Element.selectFirst: found 1 problems
src/main/java/org/jsoup/nodes/Element.java: internal error: org.jsoup.nodes.Element.selectFirst: unknown type kind
	data: unsupported(org/jsoup/parser/Tag)
src/main/java/org/jsoup/nodes/Element.java: org.jsoup.nodes.Element.val: computing test cases
src/main/java/org/jsoup/nodes/Element.java: org.jsoup.nodes.Element.val: found 1 problems
src/main/java/org/jsoup/nodes/Element.java: internal error: org.jsoup.nodes.Element.val: unknown type kind
	data: unsupported(org/jsoup/parser/Tag)
src/main/java/org/jsoup/nodes/Element.java: org.jsoup.nodes.Element.doSetBaseUri: computing test cases
src/main/java/org/jsoup/nodes/Element.java: org.jsoup.nodes.Element.doSetBaseUri: found 1 problems
src/main/java/org/jsoup/nodes/Element.java: internal error: org.jsoup.nodes.Element.doSetBaseUri: unknown type kind
	data: unsupported(org/jsoup/parser/Tag)
src/main/java/org/jsoup/nodes/Element.java: org.jsoup.nodes.Element.prependElement: computing test cases
src/main/java/org/jsoup/nodes/Element.java: org.jsoup.nodes.Element.prependElement: found 1 problems
src/main/java/org/jsoup/nodes/Element.java: internal error: org.jsoup.nodes.Element.prependElement: unknown type kind
	data: unsupported(org/jsoup/parser/Tag)
src/main/java/org/jsoup/nodes/Element.java: org.jsoup.nodes.Element.getElementsByAttribute: computing test cases
src/main/java/org/jsoup/nodes/Element.java: org.jsoup.nodes.Element.getElementsByAttribute: found 1 problems
src/main/java/org/jsoup/nodes/Element.java: internal error: org.jsoup.nodes.Element.getElementsByAttribute: unknown type kind
	data: unsupported(org/jsoup/parser/Tag)
src/main/java/org/jsoup/nodes/Element.java: org.jsoup.nodes.Element.getElementsByIndexGreaterThan: computing test cases
src/main/java/org/jsoup/nodes/Element.java: org.jsoup.nodes.Element.getElementsByIndexGreaterThan: found 1 problems
src/main/java/org/jsoup/nodes/Element.java: internal error: org.jsoup.nodes.Element.getElementsByIndexGreaterThan: unknown type kind
	data: unsupported(org/jsoup/parser/Tag)
src/main/java/org/jsoup/nodes/Element.java: org.jsoup.nodes.Element.toggleClass: computing test cases
src/main/java/org/jsoup/nodes/Element.java: org.jsoup.nodes.Element.toggleClass: found 1 problems
src/main/java/org/jsoup/nodes/Element.java: internal error: org.jsoup.nodes.Element.toggleClass: unknown type kind
	data: unsupported(org/jsoup/parser/Tag)
src/main/java/org/jsoup/nodes/Element.java: org.jsoup.nodes.Element.doClone: computing test cases
src/main/java/org/jsoup/nodes/Element.java: org.jsoup.nodes.Element.doClone: found 1 problems
src/main/java/org/jsoup/nodes/Element.java: internal error: org.jsoup.nodes.Element.doClone: unknown type kind
	data: unsupported(org/jsoup/parser/Tag)
src/main/java/org/jsoup/nodes/Element.java: org.jsoup.nodes.Element.cssSelector: computing test cases
src/main/java/org/jsoup/nodes/Element.java: org.jsoup.nodes.Element.cssSelector: found 1 problems
src/main/java/org/jsoup/nodes/Element.java: internal error: org.jsoup.nodes.Element.cssSelector: unknown type kind
	data: unsupported(org/jsoup/parser/Tag)
src/main/java/org/jsoup/nodes/Element.java: org.jsoup.nodes.Element.addClass: computing test cases
src/main/java/org/jsoup/nodes/Element.java: org.jsoup.nodes.Element.addClass: found 1 problems
src/main/java/org/jsoup/nodes/Element.java: internal error: org.jsoup.nodes.Element.addClass: unknown type kind
	data: unsupported(org/jsoup/parser/Tag)
src/main/java/org/jsoup/nodes/Element.java: org.jsoup.nodes.Element.before: computing test cases
src/main/java/org/jsoup/nodes/Element.java: org.jsoup.nodes.Element.before: found 1 problems
src/main/java/org/jsoup/nodes/Element.java: internal error: org.jsoup.nodes.Element.before: unknown type kind
	data: unsupported(org/jsoup/parser/Tag)
src/main/java/org/jsoup/nodes/Element.java: org.jsoup.nodes.Element.val: computing test cases
src/main/java/org/jsoup/nodes/Element.java: org.jsoup.nodes.Element.val: found 1 problems
src/main/java/org/jsoup/nodes/Element.java: internal error: org.jsoup.nodes.Element.val: unknown type kind
	data: unsupported(org/jsoup/parser/Tag)
src/main/java/org/jsoup/nodes/Element.java: org.jsoup.nodes.Element.textNodes: computing test cases
src/main/java/org/jsoup/nodes/Element.java: org.jsoup.nodes.Element.textNodes: found 1 problems
src/main/java/org/jsoup/nodes/Element.java: internal error: org.jsoup.nodes.Element.textNodes: unknown type kind
	data: unsupported(org/jsoup/parser/Tag)
src/main/java/org/jsoup/nodes/Element.java: org.jsoup.nodes.Element.text: computing test cases
src/main/java/org/jsoup/nodes/Element.java: org.jsoup.nodes.Element.text: found 1 problems
src/main/java/org/jsoup/nodes/Element.java: internal error: org.jsoup.nodes.Element.text: unknown type kind
	data: unsupported(org/jsoup/parser/Tag)
Analyzed 1 out of 13 source files
Had 9 errors that block a full analysis
Generated 0 tests
Found 0 potential problems
The following issues prevent a full analysis:

* 111 cases of "unknown type"
	Description: Types could not be resolved. This could be because of missing dependencies
  or a consequence of some other problem.

* 67 cases of "unknown import"
	Description: Imports could not be resolved. This is likely due to missing dependencies.

* 36 cases of "unknown function"
	Description: Functions could not be resolved. This occurs due to missing dependencies,
  or if a called function is removed due to some other problem.

* 4 cases of "not all elements have the same type"
	Description: Arguments of a function call do not match the parameter types. This usually
  occurs if a called method is removed due to some other problem, and another
  method with the same name is selected to be called.

* 1 case of "unsupported type"
	Description: Types required for analysis are not supported. This can include raw generics,
  or reflection types like "java.lang.Class".

* 16 cases of "other issues"
	Description: Uncategorized problems.

