Analyzing workspace /home/ph7/sqa-project/workspaces/jsoup_45b/
Search for Java files
Load dependency stdlib:@dev
src/main/java/org/jsoup/parser/HtmlTreeBuilder.java: org.jsoup.parser.HtmlTreeBuilder.insertNode: function is private and therefore inaccessible for tests
src/main/java/org/jsoup/parser/HtmlTreeBuilder.java: org.jsoup.parser.HtmlTreeBuilder.isElementInQueue: function is private and therefore inaccessible for tests
src/main/java/org/jsoup/parser/HtmlTreeBuilder.java: org.jsoup.parser.HtmlTreeBuilder.clearStackToContext: function is private and therefore inaccessible for tests
src/main/java/org/jsoup/parser/HtmlTreeBuilder.java: org.jsoup.parser.HtmlTreeBuilder.replaceInQueue: function is private and therefore inaccessible for tests
src/main/java/org/jsoup/parser/HtmlTreeBuilder.java: org.jsoup.parser.HtmlTreeBuilder.inSpecificScope: function is private and therefore inaccessible for tests
src/main/java/org/jsoup/parser/HtmlTreeBuilder.java: org.jsoup.parser.HtmlTreeBuilder.inSpecificScope: function is private and therefore inaccessible for tests
src/main/java/org/jsoup/parser/HtmlTreeBuilder.java: org.jsoup.parser.HtmlTreeBuilder.isSameFormattingElement: function is private and therefore inaccessible for tests
src/main/java/org/jsoup/parser/CharacterReader.java: error: unknown function
	data: [pointer(reference(java/lang/String)) java/lang/String//toLowerCase [] [unsupported]]
src/main/java/org/jsoup/parser/CharacterReader.java: error: unknown function
	data: [pointer(reference(java/lang/String)) java/lang/String//toUpperCase [] [unsupported]]
src/main/java/org/jsoup/parser/CharacterReader.java: error: unknown import
	data: org/jsoup/helper/Validate
src/main/java/org/jsoup/parser/CharacterReader.java: error: unknown import
	data: java/util/Arrays
src/main/java/org/jsoup/parser/CharacterReader.java: error: unknown import
	data: java/util/Locale
src/main/java/org/jsoup/parser/CharacterReader.java: error: unknown field
	data: [this struct(org/jsoup/parser/CharacterReader, [], [pointer(reference(java/lang/Object))], []) TokeniserState]
src/main/java/org/jsoup/parser/CharacterReader.java: error: unknown field
	data: [this struct(org/jsoup/parser/CharacterReader, [], [pointer(reference(java/lang/Object))], []) TokeniserState]
src/main/java/org/jsoup/parser/HtmlTreeBuilder.java: error: unknown import
	data: org/jsoup/select/Elements
src/main/java/org/jsoup/parser/HtmlTreeBuilder.java: error: unknown import
	data: org/jsoup/nodes
src/main/java/org/jsoup/parser/HtmlTreeBuilder.java: error: unknown type
	data: Element
src/main/java/org/jsoup/parser/HtmlTreeBuilder.java: error: unknown type
	data: TextNode
src/main/java/org/jsoup/parser/HtmlTreeBuilder.java: internal error: type does not support nil values
	data: unsupported(Element)
src/main/java/org/jsoup/parser/HtmlTreeBuilder.java: error: not a boolean type
	data: unsupported
src/main/java/org/jsoup/parser/HtmlTreeBuilder.java: error: unknown field
	data: [this struct(org/jsoup/parser/HtmlTreeBuilder, [], [pointer(reference(org/jsoup/parser/TreeBuilder))], []) HtmlTreeBuilderState]
src/main/java/org/jsoup/parser/HtmlTreeBuilder.java: error: unknown type
	data: Node
src/main/java/org/jsoup/parser/HtmlTreeBuilder.java: error: unknown field
	data: [this struct(org/jsoup/parser/HtmlTreeBuilder, [], [pointer(reference(org/jsoup/parser/TreeBuilder))], []) HtmlTreeBuilderState]
src/main/java/org/jsoup/parser/HtmlTreeBuilder.java: error: unknown field
	data: [this struct(org/jsoup/parser/HtmlTreeBuilder, [], [pointer(reference(org/jsoup/parser/TreeBuilder))], []) TokeniserState]
src/main/java/org/jsoup/parser/HtmlTreeBuilder.java: error: unknown type
	data: Comment
src/main/java/org/jsoup/parser/HtmlTreeBuilder.java: error: unknown type
	data: DataNode
src/main/java/org/jsoup/parser/HtmlTreeBuilder.java: unsupported: unsupported AST node
	data: genericInstance(unsupported(ArrayList), [unsupported(Element)])
src/main/java/org/jsoup/parser/HtmlTreeBuilder.java: unsupported: unsupported AST node
	data: genericInstance(unsupported(ArrayList), [unsupported(Element)])
src/main/java/org/jsoup/parser/HtmlTreeBuilder.java: error: unknown import
	data: org/jsoup/helper/StringUtil
src/main/java/org/jsoup/parser/HtmlTreeBuilder.java: error: unknown import
	data: org/jsoup/helper/Validate
src/main/java/org/jsoup/parser/HtmlTreeBuilder.java: error: unknown type
	data: FormElement
src/main/java/org/jsoup/parser/HtmlTreeBuilder.java: internal error: missing type
	data: %!v(PANIC=String method: Internal error: type not defined:
		&modelast.LiteralComposite{
		    CompactFileRange: location.CompactFileRange{Start:location.NewCompactFileLocationRaw(2, 432, 44), End:location.NewCompactFileLocationRaw(2, 432, 49)},
		    Values:           []modelast.Expression{
		        &modelast.Nil{
		            CompactFileRange: location.CompactFileRange{Start:location.NewCompactFileLocationRaw(2, 432, 45), End:location.NewCompactFileLocationRaw(2, 432, 48)},
		        },
		    },
		}
		Stacktrace: goroutine 1 [running]:
		gitlab.nethead.at/symflower/symflower/model/errors.NewInternalError({0x21de060, 0x2d258a0}, {0x13dc6c0, 0xc000e3d4c0})
			gitlab.nethead.at/symflower/symflower/model/errors/error.go:852 +0x4e
		gitlab.nethead.at/symflower/symflower/model/ast.(*LiteralComposite).String(0x2d28ad0?)
			gitlab.nethead.at/symflower/symflower/model/ast/literal.go:444 +0x1cc
		fmt.(*pp).handleMethods(0xc0008924e0, 0x139420a?)
			fmt/print.go:673 +0x31f
		fmt.(*pp).printArg(0xc0008924e0, {0x13dc6c0, 0xc000e3d4c0}, 0x76)
			fmt/print.go:756 +0x438
		fmt.(*pp).doPrint(0xc0008924e0, {0xc00130f570?, 0x1, 0x41b525?})
			fmt/print.go:1208 +0x45
		fmt.Sprint({0xc00130f570, 0x1, 0x1})
			fmt/print.go:279 +0x3e
		gitlab.nethead.at/symflower/symflower/language.formatErrorRecursive({0x220c620, 0x2e6b360}, {0x21de380, 0xc001758de0}, 0x1)
			gitlab.nethead.at/symflower/symflower/language/format.go:91 +0x145
		gitlab.nethead.at/symflower/symflower/language.formatErrorRecursive({0x220c620, 0x2e6b360}, {0x21de540, 0xc000b67860}, 0x1)
			gitlab.nethead.at/symflower/symflower/language/format.go:102 +0x637
		gitlab.nethead.at/symflower/symflower/language.formatErrorRecursive({0x220c620, 0x2e6b360}, {0x21de520, 0xc000b67860}, 0x1)
			gitlab.nethead.at/symflower/symflower/language/format.go:62 +0x257
		gitlab.nethead.at/symflower/symflower/language.FormatError({0x220c620, 0x2e6b360}, {0x21de520?, 0xc000b67860?}, 0x1?)
			gitlab.nethead.at/symflower/symflower/language/format.go:37 +0x2a
		gitlab.nethead.at/symflower/symflower/cmd/symflower-local/generate.addProblemToResults({0x8?, 0x10?, 0x8?, 0x0?}, {0x220c620?, 0x2e6b360?}, 0x474719?, {0x21de520?, 0xc000b67860?}, 0x0)
			gitlab.nethead.at/symflower/symflower/cmd/symflower-local/generate/analyze.go:207 +0x85
		gitlab.nethead.at/symflower/symflower/cmd/symflower-local/generate.(*Generator).transpileLanguage(0xc00042d050, 0x0, 0x0, {0x220c620, 0x2e6b360})
			gitlab.nethead.at/symflower/symflower/cmd/symflower-local/generate/generate.go:139 +0x5c5
		gitlab.nethead.at/symflower/symflower/cmd/symflower-local/generate.(*Generator).Symbols(0xc00042d050, 0x0, 0x0)
			gitlab.nethead.at/symflower/symflower/cmd/symflower-local/generate/generate.go:94 +0x136
		gitlab.nethead.at/symflower/symflower/cmd/symflower-local/generate.(*AnalyzeEngineDefault).UnitTests(0x2a?, 0x124bba0?, {0x21eb890?, 0xc0005120f0?}, {0x50?, 0x44?, 0x4?, 0x0?}, 0x2a?, {0xc0000ff1d0, ...})
			gitlab.nethead.at/symflower/symflower/cmd/symflower-local/generate/analyze.go:153 +0x77
		gitlab.nethead.at/symflower/symflower/cmd/symflower-local/cmd.(*commandUnitTests).Execute(0xc0003f72d8, {0xc0003f6f08?, 0x7652d42a4f38?, 0xc0003f72d8?})
			gitlab.nethead.at/symflower/symflower/cmd/symflower-local/cmd/unit-tests.go:85 +0x2a6
		gitlab.nethead.at/symflower/symflower/cmd.ExecuteNoExit({0x21de020, 0xc0003f6f08}, {0xc00003e050?, 0x0?, 0x0?})
			gitlab.nethead.at/symflower/symflower/cmd/execute.go:59 +0x2ad
		gitlab.nethead.at/symflower/symflower/cmd.Execute({0x21de020?, 0xc0003f6f08?}, {0xc00003e050?, 0xc000406430?, 0xc000127f10?})
			gitlab.nethead.at/symflower/symflower/cmd/execute.go:17 +0x26
		gitlab.nethead.at/symflower/symflower/cmd.ExecuteWithOSArguments(...)
			gitlab.nethead.at/symflower/symflower/cmd/execute.go:78
		main.main.func1()
			gitlab.nethead.at/symflower/symflower/cmd/symflower-demo/main.go:39 +0x34
		gitlab.nethead.at/symflower/symflower/cmd/symflower-local/cmd.(*Command).WithPanicReporter(0xc0000b2060?, 0x0?)
			gitlab.nethead.at/symflower/symflower/cmd/symflower-local/cmd/cmd.go:151 +0x33
		main.main()
			gitlab.nethead.at/symflower/symflower/cmd/symflower-demo/main.go:38 +0x7f
		)
src/main/java/org/jsoup/parser/HtmlTreeBuilder.java: error: unknown field
	data: [this struct(org/jsoup/parser/HtmlTreeBuilder, [], [pointer(reference(org/jsoup/parser/TreeBuilder))], []) HtmlTreeBuilderState]
src/main/java/org/jsoup/parser/HtmlTreeBuilder.java: unsupported: unsupported AST node
	data: genericInstance(unsupported(ArrayList), [unsupported(Element)])
src/main/java/org/jsoup/parser/HtmlTreeBuilder.java: error: unknown type
	data: HtmlTreeBuilderState
src/main/java/org/jsoup/parser/HtmlTreeBuilder.java: error: unknown type
	data: Document
src/main/java/org/jsoup/parser/HtmlTreeBuilder.java: error: unknown field
	data: [this struct(org/jsoup/parser/HtmlTreeBuilder, [], [pointer(reference(org/jsoup/parser/TreeBuilder))], []) TokeniserState]
src/main/java/org/jsoup/parser/HtmlTreeBuilderState.java: error: unknown import
	data: org/jsoup/nodes
src/main/java/org/jsoup/parser/HtmlTreeBuilderState.java: error: unknown import
	data: org/jsoup/helper/StringUtil
src/main/java/org/jsoup/parser/ParseErrorList.java: error: unknown function
	data: [genericInstance(reference(java/util/ArrayList), [pointer(reference(org/jsoup/parser/ParseError))]) java/util/ArrayList//@@constructor [] [initialCapacity]]
src/main/java/org/jsoup/parser/ParseErrorList.java: error: unknown type
	data: E
src/main/java/org/jsoup/parser/Parser.java: error: unknown import
	data: org/jsoup/nodes/Document
src/main/java/org/jsoup/parser/Parser.java: error: unknown import
	data: org/jsoup/nodes/Element
src/main/java/org/jsoup/parser/Parser.java: error: unknown import
	data: org/jsoup/nodes/Node
src/main/java/org/jsoup/parser/Parser.java: internal error: not all elements have the same type
	data: [function(variable(this, pointer(reference(org/jsoup/parser/XmlTreeBuilder))), org/jsoup/parser/XmlTreeBuilder//parseFragment!0c7e1f3d460a3ef95abf363e3f8c1aab, [variable(inputFragment, pointer(reference(java/lang/String))), variable(baseUri, pointer(reference(java/lang/String))), variable(errors, pointer(reference(org/jsoup/parser/ParseErrorList)))], [variable(, genericInstance(unsupported(List), [unsupported(Node)]))], block([never_nil(this), call(select(this, initialiseParse!0c7e1f3d460a3ef95abf363e3f8c1aab), [inputFragment, baseUri, errors]), call(select(this, runParser!d41d8cd98f00b204e9800998ecf8427e), []), unsupported])) return([call(select(ensure_not_nil(treeBuilder), parseFragment!0c7e1f3d460a3ef95abf363e3f8c1aab), [fragmentXml, baseUri, call(org/jsoup/parser/ParseErrorList//noTracking!d41d8cd98f00b204e9800998ecf8427e, [])])])]
src/main/java/org/jsoup/parser/Parser.java: error: unknown function
	data: [pointer(genericInstance(reference(java/util/List), [unsupported(org/jsoup/nodes/Node)])) java/util/List<org/jsoup/nodes/Node>//toArray [] [make(array(unsupported(org/jsoup/nodes/Node), primitive(int, 32, false), 0), call(select(ensure_not_nil(nodeList), size!d41d8cd98f00b204e9800998ecf8427e), []))]]
src/main/java/org/jsoup/parser/Tag.java: error: unknown import
	data: org/jsoup/helper/Validate
src/main/java/org/jsoup/parser/Tag.java: error: unknown import
	data: java/util/HashMap
src/main/java/org/jsoup/parser/Token.java: error: unknown import
	data: org/jsoup/nodes/Attribute
src/main/java/org/jsoup/parser/Token.java: error: unknown import
	data: org/jsoup/nodes/Attributes
src/main/java/org/jsoup/parser/Token.java: error: unknown import
	data: org/jsoup/nodes/BooleanAttribute
src/main/java/org/jsoup/parser/Token.java: error: unknown type
	data: SuppressWarnings
src/main/java/org/jsoup/parser/Token.java: error: unknown function
	data: [pointer(reference(org/jsoup/parser/Token)) org/jsoup/parser/Token//getClass [] []]
src/main/java/org/jsoup/parser/Token.java: error: unknown function
	data: [struct(java/lang/StringBuilder, [], [pointer(reference(java/lang/Object))], [reference(java/lang/CharSequence)]) java/lang/StringBuilder//append [] [append]]
src/main/java/org/jsoup/parser/Token.java: error: unknown function
	data: [pointer(reference(java/lang/StringBuilder)) java/lang/StringBuilder//delete [] [0 call(select(ensure_not_nil(sb), length!d41d8cd98f00b204e9800998ecf8427e), [])]]
src/main/java/org/jsoup/parser/Token.java: internal error: recovered panic
	data: runtime error: invalid memory address or nil pointer dereference
src/main/java/org/jsoup/parser/Token.java: error: unknown import
	data: org/jsoup/helper/Validate
src/main/java/org/jsoup/parser/TokenQueue.java: internal error: not all elements have the same type
	data: primitive(char, 16, true) vs primitive(int, 32, false)
src/main/java/org/jsoup/parser/TokenQueue.java: error: unknown import
	data: org/jsoup/helper/StringUtil
src/main/java/org/jsoup/parser/TokenQueue.java: error: unknown import
	data: org/jsoup/helper/Validate
src/main/java/org/jsoup/parser/Tokeniser.java: error: unknown type
	data: TokeniserState
src/main/java/org/jsoup/parser/Tokeniser.java: error: unknown field
	data: [this struct(org/jsoup/parser/Tokeniser, [], [pointer(reference(java/lang/Object))], []) TokeniserState]
src/main/java/org/jsoup/parser/Tokeniser.java: error: unknown function
	data: [struct(java/lang/StringBuilder, [], [pointer(reference(java/lang/Object))], [reference(java/lang/CharSequence)]) java/lang/StringBuilder//delete [] [0 call(select(ensure_not_nil(select(this, charsBuilder)), length!d41d8cd98f00b204e9800998ecf8427e), [])]]
src/main/java/org/jsoup/parser/Tokeniser.java: error: unknown field
	data: [Character struct(java/lang/Character, [], [pointer(reference(java/lang/Object))], []) MIN_SUPPLEMENTARY_CODE_POINT]
src/main/java/org/jsoup/parser/Tokeniser.java: error: unknown function
	data: [pointer(reference(java/lang/StringBuilder)) java/lang/StringBuilder//append [] [c]]
src/main/java/org/jsoup/parser/Tokeniser.java: error: unknown import
	data: org/jsoup/helper/Validate
src/main/java/org/jsoup/parser/Tokeniser.java: error: unknown import
	data: org/jsoup/nodes/Entities
src/main/java/org/jsoup/parser/Tokeniser.java: error: unknown import
	data: java/util/Arrays
src/main/java/org/jsoup/parser/TokeniserState.java: error: unknown import
	data: java/util/Arrays
src/main/java/org/jsoup/parser/TreeBuilder.java: error: unknown import
	data: org/jsoup/nodes/Document
src/main/java/org/jsoup/parser/TreeBuilder.java: error: unknown import
	data: org/jsoup/nodes/Element
src/main/java/org/jsoup/parser/TreeBuilder.java: error: unknown function
	data: [<nil> java/util/ArrayList//ArrayList [unsupported(org/jsoup/nodes/Element)] [32]]
src/main/java/org/jsoup/parser/TreeBuilder.java: error: unknown import
	data: org/jsoup/helper/Validate
src/main/java/org/jsoup/parser/TreeBuilder.java: error: unknown import
	data: org/jsoup/nodes/Attributes
src/main/java/org/jsoup/parser/XmlTreeBuilder.java: error: unknown type
	data: XmlDeclaration
src/main/java/org/jsoup/parser/XmlTreeBuilder.java: error: unknown import
	data: org/jsoup/helper/Validate
src/main/java/org/jsoup/parser/XmlTreeBuilder.java: error: unknown import
	data: org/jsoup/nodes
src/main/java/org/jsoup/parser/XmlTreeBuilder.java: error: unknown type
	data: Node
src/main/java/org/jsoup/parser/XmlTreeBuilder.java: error: unknown type
	data: Element
src/main/java/org/jsoup/parser/XmlTreeBuilder.java: error: unknown field
	data: [this struct(org/jsoup/parser/XmlTreeBuilder, [], [pointer(reference(org/jsoup/parser/TreeBuilder))], []) Document]
src/main/java/org/jsoup/parser/XmlTreeBuilder.java: error: unknown type
	data: Comment
src/main/java/org/jsoup/parser/XmlTreeBuilder.java: error: unknown type
	data: DocumentType
internal error: scope leak
	data: map[handledNode:block([unsupported]) scopeLevelAtEntry:9 scopeLevelAtExit:10]
internal error: scope leak
	data: map[handledNode:block([unsupported]) scopeLevelAtEntry:9 scopeLevelAtExit:10]
internal error: scope leak
	data: map[handledNode:block([unsupported]) scopeLevelAtEntry:9 scopeLevelAtExit:10]
internal error: scope leak
	data: map[handledNode:block([unsupported]) scopeLevelAtEntry:9 scopeLevelAtExit:10]
internal error: scope leak
	data: map[handledNode:block([unsupported]) scopeLevelAtEntry:9 scopeLevelAtExit:10]
Found 1 Java files
Found 80 problems in Java files
src/main/java/org/jsoup/parser/HtmlTreeBuilder.java: found 70 symbols
src/main/java/org/jsoup/parser/HtmlTreeBuilder.java: org.jsoup.parser.HtmlTreeBuilder.process: computing test cases
src/main/java/org/jsoup/parser/HtmlTreeBuilder.java: org.jsoup.parser.HtmlTreeBuilder.process: found 1 problems
src/main/java/org/jsoup/parser/HtmlTreeBuilder.java: internal error: org.jsoup.parser.HtmlTreeBuilder.process: unknown type kind
	data: unsupported(HtmlTreeBuilderState)
src/main/java/org/jsoup/parser/HtmlTreeBuilder.java: org.jsoup.parser.HtmlTreeBuilder.insert: computing test cases
src/main/java/org/jsoup/parser/HtmlTreeBuilder.java: org.jsoup.parser.HtmlTreeBuilder.insert: found 1 problems
src/main/java/org/jsoup/parser/HtmlTreeBuilder.java: internal error: org.jsoup.parser.HtmlTreeBuilder.insert: unknown type kind
	data: unsupported(HtmlTreeBuilderState)
src/main/java/org/jsoup/parser/HtmlTreeBuilder.java: org.jsoup.parser.HtmlTreeBuilder.push: computing test cases
src/main/java/org/jsoup/parser/HtmlTreeBuilder.java: org.jsoup.parser.HtmlTreeBuilder.push: found 1 problems
src/main/java/org/jsoup/parser/HtmlTreeBuilder.java: internal error: org.jsoup.parser.HtmlTreeBuilder.push: unknown type kind
	data: unsupported(HtmlTreeBuilderState)
src/main/java/org/jsoup/parser/HtmlTreeBuilder.java: org.jsoup.parser.HtmlTreeBuilder.transition: computing test cases
src/main/java/org/jsoup/parser/HtmlTreeBuilder.java: org.jsoup.parser.HtmlTreeBuilder.transition: found 1 problems
src/main/java/org/jsoup/parser/HtmlTreeBuilder.java: internal error: org.jsoup.parser.HtmlTreeBuilder.transition: unknown type kind
	data: unsupported(HtmlTreeBuilderState)
src/main/java/org/jsoup/parser/HtmlTreeBuilder.java: org.jsoup.parser.HtmlTreeBuilder.popStackToClose: computing test cases
src/main/java/org/jsoup/parser/HtmlTreeBuilder.java: org.jsoup.parser.HtmlTreeBuilder.popStackToClose: found 1 problems
src/main/java/org/jsoup/parser/HtmlTreeBuilder.java: internal error: org.jsoup.parser.HtmlTreeBuilder.popStackToClose: unknown type kind
	data: unsupported(HtmlTreeBuilderState)
src/main/java/org/jsoup/parser/HtmlTreeBuilder.java: org.jsoup.parser.HtmlTreeBuilder.getBaseUri: computing test cases
src/main/java/org/jsoup/parser/HtmlTreeBuilder.java: org.jsoup.parser.HtmlTreeBuilder.getBaseUri: found 1 problems
src/main/java/org/jsoup/parser/HtmlTreeBuilder.java: internal error: org.jsoup.parser.HtmlTreeBuilder.getBaseUri: unknown type kind
	data: unsupported(HtmlTreeBuilderState)
src/main/java/org/jsoup/parser/HtmlTreeBuilder.java: org.jsoup.parser.HtmlTreeBuilder.inScope: computing test cases
src/main/java/org/jsoup/parser/HtmlTreeBuilder.java: org.jsoup.parser.HtmlTreeBuilder.inScope: found 1 problems
src/main/java/org/jsoup/parser/HtmlTreeBuilder.java: internal error: org.jsoup.parser.HtmlTreeBuilder.inScope: unknown type kind
	data: unsupported(HtmlTreeBuilderState)
src/main/java/org/jsoup/parser/HtmlTreeBuilder.java: org.jsoup.parser.HtmlTreeBuilder.pushActiveFormattingElements: computing test cases
src/main/java/org/jsoup/parser/HtmlTreeBuilder.java: org.jsoup.parser.HtmlTreeBuilder.pushActiveFormattingElements: found 1 problems
src/main/java/org/jsoup/parser/HtmlTreeBuilder.java: internal error: org.jsoup.parser.HtmlTreeBuilder.pushActiveFormattingElements: unknown type kind
	data: unsupported(HtmlTreeBuilderState)
src/main/java/org/jsoup/parser/HtmlTreeBuilder.java: org.jsoup.parser.HtmlTreeBuilder.insertStartTag: computing test cases
src/main/java/org/jsoup/parser/HtmlTreeBuilder.java: org.jsoup.parser.HtmlTreeBuilder.insertStartTag: found 1 problems
src/main/java/org/jsoup/parser/HtmlTreeBuilder.java: internal error: org.jsoup.parser.HtmlTreeBuilder.insertStartTag: unknown type kind
	data: unsupported(HtmlTreeBuilderState)
src/main/java/org/jsoup/parser/HtmlTreeBuilder.java: org.jsoup.parser.HtmlTreeBuilder.isInActiveFormattingElements: computing test cases
src/main/java/org/jsoup/parser/HtmlTreeBuilder.java: org.jsoup.parser.HtmlTreeBuilder.isInActiveFormattingElements: found 1 problems
src/main/java/org/jsoup/parser/HtmlTreeBuilder.java: internal error: org.jsoup.parser.HtmlTreeBuilder.isInActiveFormattingElements: unknown type kind
	data: unsupported(HtmlTreeBuilderState)
src/main/java/org/jsoup/parser/HtmlTreeBuilder.java: org.jsoup.parser.HtmlTreeBuilder.insertMarkerToFormattingElements: computing test cases
src/main/java/org/jsoup/parser/HtmlTreeBuilder.java: org.jsoup.parser.HtmlTreeBuilder.insertMarkerToFormattingElements: found 1 problems
src/main/java/org/jsoup/parser/HtmlTreeBuilder.java: internal error: org.jsoup.parser.HtmlTreeBuilder.insertMarkerToFormattingElements: unknown type kind
	data: unsupported(HtmlTreeBuilderState)
src/main/java/org/jsoup/parser/HtmlTreeBuilder.java: org.jsoup.parser.HtmlTreeBuilder.parse: computing test cases
src/main/java/org/jsoup/parser/HtmlTreeBuilder.java: org.jsoup.parser.HtmlTreeBuilder.parse: found 1 problems
src/main/java/org/jsoup/parser/HtmlTreeBuilder.java: internal error: org.jsoup.parser.HtmlTreeBuilder.parse: unknown type kind
	data: unsupported(HtmlTreeBuilderState)
src/main/java/org/jsoup/parser/HtmlTreeBuilder.java: org.jsoup.parser.HtmlTreeBuilder.insertOnStackAfter: computing test cases
src/main/java/org/jsoup/parser/HtmlTreeBuilder.java: org.jsoup.parser.HtmlTreeBuilder.insertOnStackAfter: found 1 problems
src/main/java/org/jsoup/parser/HtmlTreeBuilder.java: internal error: org.jsoup.parser.HtmlTreeBuilder.insertOnStackAfter: unknown type kind
	data: unsupported(HtmlTreeBuilderState)
src/main/java/org/jsoup/parser/HtmlTreeBuilder.java: org.jsoup.parser.HtmlTreeBuilder.replaceActiveFormattingElement: computing test cases
src/main/java/org/jsoup/parser/HtmlTreeBuilder.java: org.jsoup.parser.HtmlTreeBuilder.replaceActiveFormattingElement: found 1 problems
src/main/java/org/jsoup/parser/HtmlTreeBuilder.java: internal error: org.jsoup.parser.HtmlTreeBuilder.replaceActiveFormattingElement: unknown type kind
	data: unsupported(HtmlTreeBuilderState)
src/main/java/org/jsoup/parser/HtmlTreeBuilder.java: org.jsoup.parser.HtmlTreeBuilder.removeFromStack: computing test cases
src/main/java/org/jsoup/parser/HtmlTreeBuilder.java: org.jsoup.parser.HtmlTreeBuilder.removeFromStack: found 1 problems
src/main/java/org/jsoup/parser/HtmlTreeBuilder.java: internal error: org.jsoup.parser.HtmlTreeBuilder.removeFromStack: unknown type kind
	data: unsupported(HtmlTreeBuilderState)
src/main/java/org/jsoup/parser/HtmlTreeBuilder.java: org.jsoup.parser.HtmlTreeBuilder.inScope: computing test cases
src/main/java/org/jsoup/parser/HtmlTreeBuilder.java: org.jsoup.parser.HtmlTreeBuilder.inScope: found 1 problems
src/main/java/org/jsoup/parser/HtmlTreeBuilder.java: internal error: org.jsoup.parser.HtmlTreeBuilder.inScope: unknown type kind
	data: unsupported(HtmlTreeBuilderState)
src/main/java/org/jsoup/parser/HtmlTreeBuilder.java: org.jsoup.parser.HtmlTreeBuilder.process: computing test cases
src/main/java/org/jsoup/parser/HtmlTreeBuilder.java: org.jsoup.parser.HtmlTreeBuilder.process: found 1 problems
src/main/java/org/jsoup/parser/HtmlTreeBuilder.java: internal error: org.jsoup.parser.HtmlTreeBuilder.process: unknown type kind
	data: unsupported(HtmlTreeBuilderState)
src/main/java/org/jsoup/parser/HtmlTreeBuilder.java: org.jsoup.parser.HtmlTreeBuilder.clearStackToTableBodyContext: computing test cases
src/main/java/org/jsoup/parser/HtmlTreeBuilder.java: org.jsoup.parser.HtmlTreeBuilder.clearStackToTableBodyContext: found 1 problems
src/main/java/org/jsoup/parser/HtmlTreeBuilder.java: internal error: org.jsoup.parser.HtmlTreeBuilder.clearStackToTableBodyContext: unknown type kind
	data: unsupported(HtmlTreeBuilderState)
src/main/java/org/jsoup/parser/HtmlTreeBuilder.java: org.jsoup.parser.HtmlTreeBuilder.getActiveFormattingElement: computing test cases
src/main/java/org/jsoup/parser/HtmlTreeBuilder.java: org.jsoup.parser.HtmlTreeBuilder.getActiveFormattingElement: found 1 problems
src/main/java/org/jsoup/parser/HtmlTreeBuilder.java: internal error: org.jsoup.parser.HtmlTreeBuilder.getActiveFormattingElement: unknown type kind
	data: unsupported(HtmlTreeBuilderState)
src/main/java/org/jsoup/parser/HtmlTreeBuilder.java: org.jsoup.parser.HtmlTreeBuilder.framesetOk: computing test cases
src/main/java/org/jsoup/parser/HtmlTreeBuilder.java: org.jsoup.parser.HtmlTreeBuilder.framesetOk: found 1 problems
src/main/java/org/jsoup/parser/HtmlTreeBuilder.java: internal error: org.jsoup.parser.HtmlTreeBuilder.framesetOk: unknown type kind
	data: unsupported(HtmlTreeBuilderState)
src/main/java/org/jsoup/parser/HtmlTreeBuilder.java: org.jsoup.parser.HtmlTreeBuilder.setHeadElement: computing test cases
src/main/java/org/jsoup/parser/HtmlTreeBuilder.java: org.jsoup.parser.HtmlTreeBuilder.setHeadElement: found 1 problems
src/main/java/org/jsoup/parser/HtmlTreeBuilder.java: internal error: org.jsoup.parser.HtmlTreeBuilder.setHeadElement: unknown type kind
	data: unsupported(HtmlTreeBuilderState)
src/main/java/org/jsoup/parser/HtmlTreeBuilder.java: org.jsoup.parser.HtmlTreeBuilder.popStackToClose: computing test cases
src/main/java/org/jsoup/parser/HtmlTreeBuilder.java: org.jsoup.parser.HtmlTreeBuilder.popStackToClose: found 1 problems
src/main/java/org/jsoup/parser/HtmlTreeBuilder.java: internal error: org.jsoup.parser.HtmlTreeBuilder.popStackToClose: unknown type kind
	data: unsupported(HtmlTreeBuilderState)
src/main/java/org/jsoup/parser/HtmlTreeBuilder.java: org.jsoup.parser.HtmlTreeBuilder.clearFormattingElementsToLastMarker: computing test cases
src/main/java/org/jsoup/parser/HtmlTreeBuilder.java: org.jsoup.parser.HtmlTreeBuilder.clearFormattingElementsToLastMarker: found 1 problems
src/main/java/org/jsoup/parser/HtmlTreeBuilder.java: internal error: org.jsoup.parser.HtmlTreeBuilder.clearFormattingElementsToLastMarker: unknown type kind
	data: unsupported(HtmlTreeBuilderState)
src/main/java/org/jsoup/parser/HtmlTreeBuilder.java: org.jsoup.parser.HtmlTreeBuilder.inButtonScope: computing test cases
src/main/java/org/jsoup/parser/HtmlTreeBuilder.java: org.jsoup.parser.HtmlTreeBuilder.inButtonScope: found 1 problems
src/main/java/org/jsoup/parser/HtmlTreeBuilder.java: internal error: org.jsoup.parser.HtmlTreeBuilder.inButtonScope: unknown type kind
	data: unsupported(HtmlTreeBuilderState)
src/main/java/org/jsoup/parser/HtmlTreeBuilder.java: org.jsoup.parser.HtmlTreeBuilder.inTableScope: computing test cases
src/main/java/org/jsoup/parser/HtmlTreeBuilder.java: org.jsoup.parser.HtmlTreeBuilder.inTableScope: found 1 problems
src/main/java/org/jsoup/parser/HtmlTreeBuilder.java: internal error: org.jsoup.parser.HtmlTreeBuilder.inTableScope: unknown type kind
	data: unsupported(HtmlTreeBuilderState)
src/main/java/org/jsoup/parser/HtmlTreeBuilder.java: org.jsoup.parser.HtmlTreeBuilder.generateImpliedEndTags: computing test cases
src/main/java/org/jsoup/parser/HtmlTreeBuilder.java: org.jsoup.parser.HtmlTreeBuilder.generateImpliedEndTags: found 1 problems
src/main/java/org/jsoup/parser/HtmlTreeBuilder.java: internal error: org.jsoup.parser.HtmlTreeBuilder.generateImpliedEndTags: unknown type kind
	data: unsupported(HtmlTreeBuilderState)
src/main/java/org/jsoup/parser/HtmlTreeBuilder.java: org.jsoup.parser.HtmlTreeBuilder.isSpecial: computing test cases
src/main/java/org/jsoup/parser/HtmlTreeBuilder.java: org.jsoup.parser.HtmlTreeBuilder.isSpecial: found 1 problems
src/main/java/org/jsoup/parser/HtmlTreeBuilder.java: internal error: org.jsoup.parser.HtmlTreeBuilder.isSpecial: unknown type kind
	data: unsupported(HtmlTreeBuilderState)
src/main/java/org/jsoup/parser/HtmlTreeBuilder.java: org.jsoup.parser.HtmlTreeBuilder.insert: computing test cases
src/main/java/org/jsoup/parser/HtmlTreeBuilder.java: org.jsoup.parser.HtmlTreeBuilder.insert: found 1 problems
src/main/java/org/jsoup/parser/HtmlTreeBuilder.java: internal error: org.jsoup.parser.HtmlTreeBuilder.insert: unknown type kind
	data: unsupported(HtmlTreeBuilderState)
src/main/java/org/jsoup/parser/HtmlTreeBuilder.java: org.jsoup.parser.HtmlTreeBuilder.setFormElement: computing test cases
src/main/java/org/jsoup/parser/HtmlTreeBuilder.java: org.jsoup.parser.HtmlTreeBuilder.setFormElement: found 1 problems
src/main/java/org/jsoup/parser/HtmlTreeBuilder.java: internal error: org.jsoup.parser.HtmlTreeBuilder.setFormElement: unknown type kind
	data: unsupported(HtmlTreeBuilderState)
src/main/java/org/jsoup/parser/HtmlTreeBuilder.java: org.jsoup.parser.HtmlTreeBuilder.inListItemScope: computing test cases
src/main/java/org/jsoup/parser/HtmlTreeBuilder.java: org.jsoup.parser.HtmlTreeBuilder.inListItemScope: found 1 problems
src/main/java/org/jsoup/parser/HtmlTreeBuilder.java: internal error: org.jsoup.parser.HtmlTreeBuilder.inListItemScope: unknown type kind
	data: unsupported(HtmlTreeBuilderState)
src/main/java/org/jsoup/parser/HtmlTreeBuilder.java: org.jsoup.parser.HtmlTreeBuilder.getHeadElement: computing test cases
src/main/java/org/jsoup/parser/HtmlTreeBuilder.java: org.jsoup.parser.HtmlTreeBuilder.getHeadElement: found 1 problems
src/main/java/org/jsoup/parser/HtmlTreeBuilder.java: internal error: org.jsoup.parser.HtmlTreeBuilder.getHeadElement: unknown type kind
	data: unsupported(HtmlTreeBuilderState)
src/main/java/org/jsoup/parser/HtmlTreeBuilder.java: org.jsoup.parser.HtmlTreeBuilder.inScope: computing test cases
src/main/java/org/jsoup/parser/HtmlTreeBuilder.java: org.jsoup.parser.HtmlTreeBuilder.inScope: found 1 problems
src/main/java/org/jsoup/parser/HtmlTreeBuilder.java: internal error: org.jsoup.parser.HtmlTreeBuilder.inScope: unknown type kind
	data: unsupported(HtmlTreeBuilderState)
src/main/java/org/jsoup/parser/HtmlTreeBuilder.java: org.jsoup.parser.HtmlTreeBuilder.setFosterInserts: computing test cases
src/main/java/org/jsoup/parser/HtmlTreeBuilder.java: org.jsoup.parser.HtmlTreeBuilder.setFosterInserts: found 1 problems
src/main/java/org/jsoup/parser/HtmlTreeBuilder.java: internal error: org.jsoup.parser.HtmlTreeBuilder.setFosterInserts: unknown type kind
	data: unsupported(HtmlTreeBuilderState)
src/main/java/org/jsoup/parser/HtmlTreeBuilder.java: org.jsoup.parser.HtmlTreeBuilder.markInsertionMode: computing test cases
src/main/java/org/jsoup/parser/HtmlTreeBuilder.java: org.jsoup.parser.HtmlTreeBuilder.markInsertionMode: found 1 problems
src/main/java/org/jsoup/parser/HtmlTreeBuilder.java: internal error: org.jsoup.parser.HtmlTreeBuilder.markInsertionMode: unknown type kind
	data: unsupported(HtmlTreeBuilderState)
src/main/java/org/jsoup/parser/HtmlTreeBuilder.java: org.jsoup.parser.HtmlTreeBuilder.aboveOnStack: computing test cases
src/main/java/org/jsoup/parser/HtmlTreeBuilder.java: org.jsoup.parser.HtmlTreeBuilder.aboveOnStack: found 1 problems
src/main/java/org/jsoup/parser/HtmlTreeBuilder.java: internal error: org.jsoup.parser.HtmlTreeBuilder.aboveOnStack: unknown type kind
	data: unsupported(HtmlTreeBuilderState)
src/main/java/org/jsoup/parser/HtmlTreeBuilder.java: org.jsoup.parser.HtmlTreeBuilder.newPendingTableCharacters: computing test cases
src/main/java/org/jsoup/parser/HtmlTreeBuilder.java: org.jsoup.parser.HtmlTreeBuilder.newPendingTableCharacters: found 1 problems
src/main/java/org/jsoup/parser/HtmlTreeBuilder.java: internal error: org.jsoup.parser.HtmlTreeBuilder.newPendingTableCharacters: unknown type kind
	data: unsupported(HtmlTreeBuilderState)
src/main/java/org/jsoup/parser/HtmlTreeBuilder.java: org.jsoup.parser.HtmlTreeBuilder.reconstructFormattingElements: computing test cases
src/main/java/org/jsoup/parser/HtmlTreeBuilder.java: org.jsoup.parser.HtmlTreeBuilder.reconstructFormattingElements: found 1 problems
src/main/java/org/jsoup/parser/HtmlTreeBuilder.java: internal error: org.jsoup.parser.HtmlTreeBuilder.reconstructFormattingElements: unknown type kind
	data: unsupported(HtmlTreeBuilderState)
src/main/java/org/jsoup/parser/HtmlTreeBuilder.java: org.jsoup.parser.HtmlTreeBuilder.removeLastFormattingElement: computing test cases
src/main/java/org/jsoup/parser/HtmlTreeBuilder.java: org.jsoup.parser.HtmlTreeBuilder.removeLastFormattingElement: found 1 problems
src/main/java/org/jsoup/parser/HtmlTreeBuilder.java: internal error: org.jsoup.parser.HtmlTreeBuilder.removeLastFormattingElement: unknown type kind
	data: unsupported(HtmlTreeBuilderState)
src/main/java/org/jsoup/parser/HtmlTreeBuilder.java: org.jsoup.parser.HtmlTreeBuilder.insert: computing test cases
src/main/java/org/jsoup/parser/HtmlTreeBuilder.java: org.jsoup.parser.HtmlTreeBuilder.insert: found 1 problems
src/main/java/org/jsoup/parser/HtmlTreeBuilder.java: internal error: org.jsoup.parser.HtmlTreeBuilder.insert: unknown type kind
	data: unsupported(HtmlTreeBuilderState)
src/main/java/org/jsoup/parser/HtmlTreeBuilder.java: org.jsoup.parser.HtmlTreeBuilder.removeFromActiveFormattingElements: computing test cases
src/main/java/org/jsoup/parser/HtmlTreeBuilder.java: org.jsoup.parser.HtmlTreeBuilder.removeFromActiveFormattingElements: found 1 problems
src/main/java/org/jsoup/parser/HtmlTreeBuilder.java: internal error: org.jsoup.parser.HtmlTreeBuilder.removeFromActiveFormattingElements: unknown type kind
	data: unsupported(HtmlTreeBuilderState)
src/main/java/org/jsoup/parser/HtmlTreeBuilder.java: org.jsoup.parser.HtmlTreeBuilder.generateImpliedEndTags: computing test cases
src/main/java/org/jsoup/parser/HtmlTreeBuilder.java: org.jsoup.parser.HtmlTreeBuilder.generateImpliedEndTags: found 1 problems
src/main/java/org/jsoup/parser/HtmlTreeBuilder.java: internal error: org.jsoup.parser.HtmlTreeBuilder.generateImpliedEndTags: unknown type kind
	data: unsupported(HtmlTreeBuilderState)
src/main/java/org/jsoup/parser/HtmlTreeBuilder.java: org.jsoup.parser.HtmlTreeBuilder.lastFormattingElement: computing test cases
src/main/java/org/jsoup/parser/HtmlTreeBuilder.java: org.jsoup.parser.HtmlTreeBuilder.lastFormattingElement: found 1 problems
src/main/java/org/jsoup/parser/HtmlTreeBuilder.java: internal error: org.jsoup.parser.HtmlTreeBuilder.lastFormattingElement: unknown type kind
	data: unsupported(HtmlTreeBuilderState)
src/main/java/org/jsoup/parser/HtmlTreeBuilder.java: org.jsoup.parser.HtmlTreeBuilder.isFragmentParsing: computing test cases
src/main/java/org/jsoup/parser/HtmlTreeBuilder.java: org.jsoup.parser.HtmlTreeBuilder.isFragmentParsing: found 1 problems
src/main/java/org/jsoup/parser/HtmlTreeBuilder.java: internal error: org.jsoup.parser.HtmlTreeBuilder.isFragmentParsing: unknown type kind
	data: unsupported(HtmlTreeBuilderState)
src/main/java/org/jsoup/parser/HtmlTreeBuilder.java: org.jsoup.parser.HtmlTreeBuilder.framesetOk: computing test cases
src/main/java/org/jsoup/parser/HtmlTreeBuilder.java: org.jsoup.parser.HtmlTreeBuilder.framesetOk: found 1 problems
src/main/java/org/jsoup/parser/HtmlTreeBuilder.java: internal error: org.jsoup.parser.HtmlTreeBuilder.framesetOk: unknown type kind
	data: unsupported(HtmlTreeBuilderState)
src/main/java/org/jsoup/parser/HtmlTreeBuilder.java: org.jsoup.parser.HtmlTreeBuilder.insertForm: computing test cases
src/main/java/org/jsoup/parser/HtmlTreeBuilder.java: org.jsoup.parser.HtmlTreeBuilder.insertForm: found 1 problems
src/main/java/org/jsoup/parser/HtmlTreeBuilder.java: internal error: org.jsoup.parser.HtmlTreeBuilder.insertForm: unknown type kind
	data: unsupported(HtmlTreeBuilderState)
src/main/java/org/jsoup/parser/HtmlTreeBuilder.java: org.jsoup.parser.HtmlTreeBuilder.insertEmpty: computing test cases
src/main/java/org/jsoup/parser/HtmlTreeBuilder.java: org.jsoup.parser.HtmlTreeBuilder.insertEmpty: found 1 problems
src/main/java/org/jsoup/parser/HtmlTreeBuilder.java: internal error: org.jsoup.parser.HtmlTreeBuilder.insertEmpty: unknown type kind
	data: unsupported(HtmlTreeBuilderState)
src/main/java/org/jsoup/parser/HtmlTreeBuilder.java: org.jsoup.parser.HtmlTreeBuilder.replaceOnStack: computing test cases
src/main/java/org/jsoup/parser/HtmlTreeBuilder.java: org.jsoup.parser.HtmlTreeBuilder.replaceOnStack: found 1 problems
src/main/java/org/jsoup/parser/HtmlTreeBuilder.java: internal error: org.jsoup.parser.HtmlTreeBuilder.replaceOnStack: unknown type kind
	data: unsupported(HtmlTreeBuilderState)
src/main/java/org/jsoup/parser/HtmlTreeBuilder.java: org.jsoup.parser.HtmlTreeBuilder.getFromStack: computing test cases
src/main/java/org/jsoup/parser/HtmlTreeBuilder.java: org.jsoup.parser.HtmlTreeBuilder.getFromStack: found 1 problems
src/main/java/org/jsoup/parser/HtmlTreeBuilder.java: internal error: org.jsoup.parser.HtmlTreeBuilder.getFromStack: unknown type kind
	data: unsupported(HtmlTreeBuilderState)
src/main/java/org/jsoup/parser/HtmlTreeBuilder.java: org.jsoup.parser.HtmlTreeBuilder.HtmlTreeBuilder: computing test cases
src/main/java/org/jsoup/parser/HtmlTreeBuilder.java: org.jsoup.parser.HtmlTreeBuilder.HtmlTreeBuilder: found 1 problems
src/main/java/org/jsoup/parser/HtmlTreeBuilder.java: internal error: org.jsoup.parser.HtmlTreeBuilder.HtmlTreeBuilder: unknown type kind
	data: unsupported(HtmlTreeBuilderState)
src/main/java/org/jsoup/parser/HtmlTreeBuilder.java: org.jsoup.parser.HtmlTreeBuilder.parseFragment: computing test cases
src/main/java/org/jsoup/parser/HtmlTreeBuilder.java: org.jsoup.parser.HtmlTreeBuilder.parseFragment: found 1 problems
src/main/java/org/jsoup/parser/HtmlTreeBuilder.java: internal error: org.jsoup.parser.HtmlTreeBuilder.parseFragment: unknown type kind
	data: unsupported(HtmlTreeBuilderState)
src/main/java/org/jsoup/parser/HtmlTreeBuilder.java: org.jsoup.parser.HtmlTreeBuilder.originalState: computing test cases
src/main/java/org/jsoup/parser/HtmlTreeBuilder.java: org.jsoup.parser.HtmlTreeBuilder.originalState: found 1 problems
src/main/java/org/jsoup/parser/HtmlTreeBuilder.java: internal error: org.jsoup.parser.HtmlTreeBuilder.originalState: unknown type kind
	data: unsupported(HtmlTreeBuilderState)
src/main/java/org/jsoup/parser/HtmlTreeBuilder.java: org.jsoup.parser.HtmlTreeBuilder.resetInsertionMode: computing test cases
src/main/java/org/jsoup/parser/HtmlTreeBuilder.java: org.jsoup.parser.HtmlTreeBuilder.resetInsertionMode: found 1 problems
src/main/java/org/jsoup/parser/HtmlTreeBuilder.java: internal error: org.jsoup.parser.HtmlTreeBuilder.resetInsertionMode: unknown type kind
	data: unsupported(HtmlTreeBuilderState)
src/main/java/org/jsoup/parser/HtmlTreeBuilder.java: org.jsoup.parser.HtmlTreeBuilder.insertInFosterParent: computing test cases
src/main/java/org/jsoup/parser/HtmlTreeBuilder.java: org.jsoup.parser.HtmlTreeBuilder.insertInFosterParent: found 1 problems
src/main/java/org/jsoup/parser/HtmlTreeBuilder.java: internal error: org.jsoup.parser.HtmlTreeBuilder.insertInFosterParent: unknown type kind
	data: unsupported(HtmlTreeBuilderState)
src/main/java/org/jsoup/parser/HtmlTreeBuilder.java: org.jsoup.parser.HtmlTreeBuilder.toString: computing test cases
src/main/java/org/jsoup/parser/HtmlTreeBuilder.java: org.jsoup.parser.HtmlTreeBuilder.toString: found 1 problems
src/main/java/org/jsoup/parser/HtmlTreeBuilder.java: internal error: org.jsoup.parser.HtmlTreeBuilder.toString: unknown type kind
	data: unsupported(HtmlTreeBuilderState)
src/main/java/org/jsoup/parser/HtmlTreeBuilder.java: org.jsoup.parser.HtmlTreeBuilder.state: computing test cases
src/main/java/org/jsoup/parser/HtmlTreeBuilder.java: org.jsoup.parser.HtmlTreeBuilder.state: found 1 problems
src/main/java/org/jsoup/parser/HtmlTreeBuilder.java: internal error: org.jsoup.parser.HtmlTreeBuilder.state: unknown type kind
	data: unsupported(HtmlTreeBuilderState)
src/main/java/org/jsoup/parser/HtmlTreeBuilder.java: org.jsoup.parser.HtmlTreeBuilder.error: computing test cases
src/main/java/org/jsoup/parser/HtmlTreeBuilder.java: org.jsoup.parser.HtmlTreeBuilder.error: found 1 problems
src/main/java/org/jsoup/parser/HtmlTreeBuilder.java: internal error: org.jsoup.parser.HtmlTreeBuilder.error: unknown type kind
	data: unsupported(HtmlTreeBuilderState)
src/main/java/org/jsoup/parser/HtmlTreeBuilder.java: org.jsoup.parser.HtmlTreeBuilder.getStack: computing test cases
src/main/java/org/jsoup/parser/HtmlTreeBuilder.java: org.jsoup.parser.HtmlTreeBuilder.getStack: found 1 problems
src/main/java/org/jsoup/parser/HtmlTreeBuilder.java: internal error: org.jsoup.parser.HtmlTreeBuilder.getStack: unknown type kind
	data: unsupported(HtmlTreeBuilderState)
src/main/java/org/jsoup/parser/HtmlTreeBuilder.java: org.jsoup.parser.HtmlTreeBuilder.getPendingTableCharacters: computing test cases
src/main/java/org/jsoup/parser/HtmlTreeBuilder.java: org.jsoup.parser.HtmlTreeBuilder.getPendingTableCharacters: found 1 problems
src/main/java/org/jsoup/parser/HtmlTreeBuilder.java: internal error: org.jsoup.parser.HtmlTreeBuilder.getPendingTableCharacters: unknown type kind
	data: unsupported(HtmlTreeBuilderState)
src/main/java/org/jsoup/parser/HtmlTreeBuilder.java: org.jsoup.parser.HtmlTreeBuilder.maybeSetBaseUri: computing test cases
src/main/java/org/jsoup/parser/HtmlTreeBuilder.java: org.jsoup.parser.HtmlTreeBuilder.maybeSetBaseUri: found 1 problems
src/main/java/org/jsoup/parser/HtmlTreeBuilder.java: internal error: org.jsoup.parser.HtmlTreeBuilder.maybeSetBaseUri: unknown type kind
	data: unsupported(HtmlTreeBuilderState)
src/main/java/org/jsoup/parser/HtmlTreeBuilder.java: org.jsoup.parser.HtmlTreeBuilder.pop: computing test cases
src/main/java/org/jsoup/parser/HtmlTreeBuilder.java: org.jsoup.parser.HtmlTreeBuilder.pop: found 1 problems
src/main/java/org/jsoup/parser/HtmlTreeBuilder.java: internal error: org.jsoup.parser.HtmlTreeBuilder.pop: unknown type kind
	data: unsupported(HtmlTreeBuilderState)
src/main/java/org/jsoup/parser/HtmlTreeBuilder.java: org.jsoup.parser.HtmlTreeBuilder.setPendingTableCharacters: computing test cases
src/main/java/org/jsoup/parser/HtmlTreeBuilder.java: org.jsoup.parser.HtmlTreeBuilder.setPendingTableCharacters: found 1 problems
src/main/java/org/jsoup/parser/HtmlTreeBuilder.java: internal error: org.jsoup.parser.HtmlTreeBuilder.setPendingTableCharacters: unknown type kind
	data: unsupported(HtmlTreeBuilderState)
src/main/java/org/jsoup/parser/HtmlTreeBuilder.java: org.jsoup.parser.HtmlTreeBuilder.insert: computing test cases
src/main/java/org/jsoup/parser/HtmlTreeBuilder.java: org.jsoup.parser.HtmlTreeBuilder.insert: found 1 problems
src/main/java/org/jsoup/parser/HtmlTreeBuilder.java: internal error: org.jsoup.parser.HtmlTreeBuilder.insert: unknown type kind
	data: unsupported(HtmlTreeBuilderState)
src/main/java/org/jsoup/parser/HtmlTreeBuilder.java: org.jsoup.parser.HtmlTreeBuilder.clearStackToTableRowContext: computing test cases
src/main/java/org/jsoup/parser/HtmlTreeBuilder.java: org.jsoup.parser.HtmlTreeBuilder.clearStackToTableRowContext: found 1 problems
src/main/java/org/jsoup/parser/HtmlTreeBuilder.java: internal error: org.jsoup.parser.HtmlTreeBuilder.clearStackToTableRowContext: unknown type kind
	data: unsupported(HtmlTreeBuilderState)
src/main/java/org/jsoup/parser/HtmlTreeBuilder.java: org.jsoup.parser.HtmlTreeBuilder.clearStackToTableContext: computing test cases
src/main/java/org/jsoup/parser/HtmlTreeBuilder.java: org.jsoup.parser.HtmlTreeBuilder.clearStackToTableContext: found 1 problems
src/main/java/org/jsoup/parser/HtmlTreeBuilder.java: internal error: org.jsoup.parser.HtmlTreeBuilder.clearStackToTableContext: unknown type kind
	data: unsupported(HtmlTreeBuilderState)
src/main/java/org/jsoup/parser/HtmlTreeBuilder.java: org.jsoup.parser.HtmlTreeBuilder.inSelectScope: computing test cases
src/main/java/org/jsoup/parser/HtmlTreeBuilder.java: org.jsoup.parser.HtmlTreeBuilder.inSelectScope: found 1 problems
src/main/java/org/jsoup/parser/HtmlTreeBuilder.java: internal error: org.jsoup.parser.HtmlTreeBuilder.inSelectScope: unknown type kind
	data: unsupported(HtmlTreeBuilderState)
src/main/java/org/jsoup/parser/HtmlTreeBuilder.java: org.jsoup.parser.HtmlTreeBuilder.getDocument: computing test cases
src/main/java/org/jsoup/parser/HtmlTreeBuilder.java: org.jsoup.parser.HtmlTreeBuilder.getDocument: found 1 problems
src/main/java/org/jsoup/parser/HtmlTreeBuilder.java: internal error: org.jsoup.parser.HtmlTreeBuilder.getDocument: unknown type kind
	data: unsupported(HtmlTreeBuilderState)
src/main/java/org/jsoup/parser/HtmlTreeBuilder.java: org.jsoup.parser.HtmlTreeBuilder.getFormElement: computing test cases
src/main/java/org/jsoup/parser/HtmlTreeBuilder.java: org.jsoup.parser.HtmlTreeBuilder.getFormElement: found 1 problems
src/main/java/org/jsoup/parser/HtmlTreeBuilder.java: internal error: org.jsoup.parser.HtmlTreeBuilder.getFormElement: unknown type kind
	data: unsupported(HtmlTreeBuilderState)
src/main/java/org/jsoup/parser/HtmlTreeBuilder.java: org.jsoup.parser.HtmlTreeBuilder.popStackToBefore: computing test cases
src/main/java/org/jsoup/parser/HtmlTreeBuilder.java: org.jsoup.parser.HtmlTreeBuilder.popStackToBefore: found 1 problems
src/main/java/org/jsoup/parser/HtmlTreeBuilder.java: internal error: org.jsoup.parser.HtmlTreeBuilder.popStackToBefore: unknown type kind
	data: unsupported(HtmlTreeBuilderState)
src/main/java/org/jsoup/parser/HtmlTreeBuilder.java: org.jsoup.parser.HtmlTreeBuilder.onStack: computing test cases
src/main/java/org/jsoup/parser/HtmlTreeBuilder.java: org.jsoup.parser.HtmlTreeBuilder.onStack: found 1 problems
src/main/java/org/jsoup/parser/HtmlTreeBuilder.java: internal error: org.jsoup.parser.HtmlTreeBuilder.onStack: unknown type kind
	data: unsupported(HtmlTreeBuilderState)
src/main/java/org/jsoup/parser/HtmlTreeBuilder.java: org.jsoup.parser.HtmlTreeBuilder.isFosterInserts: computing test cases
src/main/java/org/jsoup/parser/HtmlTreeBuilder.java: org.jsoup.parser.HtmlTreeBuilder.isFosterInserts: found 1 problems
src/main/java/org/jsoup/parser/HtmlTreeBuilder.java: internal error: org.jsoup.parser.HtmlTreeBuilder.isFosterInserts: unknown type kind
	data: unsupported(HtmlTreeBuilderState)
Analyzed 1 out of 12 source files
Had 11 errors that block a full analysis
Generated 0 tests
Found 0 potential problems
The following issues prevent a full analysis:

* 86 cases of "unknown type"
	Description: Types could not be resolved. This could be because of missing dependencies
  or a consequence of some other problem.

* 30 cases of "unknown import"
	Description: Imports could not be resolved. This is likely due to missing dependencies.

* 10 cases of "unknown function"
	Description: Functions could not be resolved. This occurs due to missing dependencies,
  or if a called function is removed due to some other problem.

* 2 cases of "not all elements have the same type"
	Description: Arguments of a function call do not match the parameter types. This usually
  occurs if a called method is removed due to some other problem, and another
  method with the same name is selected to be called.

* 11 cases of "other issues"
	Description: Uncategorized problems.

