Analyzing workspace /home/ph7/sqa-project/workspaces/jsoup_9b/
Search for Java files
Load dependency stdlib:@dev
src/main/java/org/jsoup/nodes/Entities.java: org.jsoup.nodes.Entities.@@EscapeMode.@@EscapeMode: function is private and therefore inaccessible for tests
src/main/java/org/jsoup/nodes/Attribute.java: error: unknown import
	data: org/jsoup/helper/Validate
src/main/java/org/jsoup/nodes/Attributes.java: error: unknown import
	data: org/jsoup/helper/Validate
src/main/java/org/jsoup/nodes/Attributes.java: error: unknown type
	data: AbstractMap
src/main/java/org/jsoup/nodes/Attributes.java: error: unknown type
	data: Set
src/main/java/org/jsoup/nodes/Attributes.java: error: unknown function
	data: [<nil> java/util/ArrayList//ArrayList [pointer(reference(org/jsoup/nodes/Attribute))] [unsupported]]
src/main/java/org/jsoup/nodes/Attributes.java: error: unknown field
	data: [this struct(org/jsoup/nodes/Attributes, [], [pointer(reference(java/lang/Object))], [pointer(genericInstance(reference(java/lang/Iterable), [pointer(reference(org/jsoup/nodes/Attribute))]))]) Collections]
src/main/java/org/jsoup/nodes/Attributes.java: error: unknown type
	data: AbstractSet
src/main/java/org/jsoup/nodes/Attributes.java: error: unknown type
	data: LinkedHashMap
src/main/java/org/jsoup/nodes/Attributes.java: error: unknown type
	data: Entry
src/main/java/org/jsoup/nodes/Attributes.java: error: not a boolean type
	data: unsupported
src/main/java/org/jsoup/nodes/Document.java: error: unknown import
	data: org/jsoup/select/Elements
src/main/java/org/jsoup/nodes/Document.java: error: unknown import
	data: java/nio/charset/Charset
src/main/java/org/jsoup/nodes/Document.java: error: unknown import
	data: java/nio/charset/CharsetEncoder
src/main/java/org/jsoup/nodes/Document.java: internal error: no supported constructor available
	data: [struct(org/jsoup/nodes/Element, [], [pointer(reference(org/jsoup/nodes/Node))], []) function(variable(this, pointer(reference(org/jsoup/nodes/Node))), org/jsoup/nodes/Node//@@constructor!d41d8cd98f00b204e9800998ecf8427e, [], [variable(, pointer(reference(org/jsoup/nodes/Node)))], block([=(select(this, @java/lang/Object), call(select(&(composite(reference(java/lang/Object), [])), @@constructor!d41d8cd98f00b204e9800998ecf8427e), [])), unsupported, =(select(this, attributes), nil), return([this])]))]
src/main/java/org/jsoup/nodes/Document.java: error: unknown import
	data: org/jsoup/helper/Validate
src/main/java/org/jsoup/nodes/Document.java: error: unknown import
	data: org/jsoup/parser/Tag
src/main/java/org/jsoup/nodes/Element.java: internal error: not all elements have the same type
	data: declaration([siblings], [pointer(genericInstance(reference(java/util/List), [pointer(reference(org/jsoup/nodes/Element))]))], [call(select(ensure_not_nil(call(select(this, parent!d41d8cd98f00b204e9800998ecf8427e), [])), children!d41d8cd98f00b204e9800998ecf8427e), [])], ModifierVisibilityPublic)
src/main/java/org/jsoup/nodes/Element.java: internal error: not all elements have the same type
	data: declaration([siblings], [pointer(genericInstance(reference(java/util/List), [pointer(reference(org/jsoup/nodes/Element))]))], [call(select(ensure_not_nil(call(select(this, parent!d41d8cd98f00b204e9800998ecf8427e), [])), children!d41d8cd98f00b204e9800998ecf8427e), [])], ModifierVisibilityPublic)
src/main/java/org/jsoup/nodes/Element.java: internal error: not all elements have the same type
	data: declaration([siblings], [pointer(genericInstance(reference(java/util/List), [pointer(reference(org/jsoup/nodes/Element))]))], [call(select(ensure_not_nil(call(select(this, parent!d41d8cd98f00b204e9800998ecf8427e), [])), children!d41d8cd98f00b204e9800998ecf8427e), [])], ModifierVisibilityPublic)
src/main/java/org/jsoup/nodes/Element.java: internal error: not all elements have the same type
	data: declaration([siblings], [pointer(genericInstance(reference(java/util/List), [pointer(reference(org/jsoup/nodes/Element))]))], [call(select(ensure_not_nil(call(select(this, parent!d41d8cd98f00b204e9800998ecf8427e), [])), children!d41d8cd98f00b204e9800998ecf8427e), [])], ModifierVisibilityPublic)
src/main/java/org/jsoup/nodes/Element.java: error: unknown type
	data: Set
src/main/java/org/jsoup/nodes/Element.java: error: error: unresolved type
	data: reference(E)
	child error: (error) Internal error: unknown type:
		"E"
		Stacktrace: goroutine 1 [running]:
		gitlab.nethead.at/symflower/symflower/model/errors.NewInternalError({0x21de060, 0x2d25a00}, {0x12473e0, 0xc000b0e690})
			gitlab.nethead.at/symflower/symflower/model/errors/error.go:852 +0x4e
		gitlab.nethead.at/symflower/symflower/model/errors.NewProblemWithErrorSeverity(...)
			gitlab.nethead.at/symflower/symflower/model/errors/problem.go:321
		gitlab.nethead.at/symflower/symflower/model/ast.(*Scope).GetType(0xc000c1e0a8?, {0x2221be8, 0x1})
			gitlab.nethead.at/symflower/symflower/model/ast/scope.go:986 +0x85
		gitlab.nethead.at/symflower/symflower/model/ast.resolve(0xc0003bc180, {0x2205848?, 0xc000ab3400}, 0xe0)
			gitlab.nethead.at/symflower/symflower/model/ast/type-resolve.go:362 +0x78
		gitlab.nethead.at/symflower/symflower/model/ast.ResolveWithPointers(...)
			gitlab.nethead.at/symflower/symflower/model/ast/type-resolve.go:326
		gitlab.nethead.at/symflower/symflower/model/ast.(*TypeGenericInstance).IsCompatibleType(0xc000902dc0, 0xc0003bc180, {0x2205728?, 0xc000e243c0?})
			gitlab.nethead.at/symflower/symflower/model/ast/type.go:3369 +0x230
		gitlab.nethead.at/symflower/symflower/language/java/symbol.(*transpiler).checkFunctionApplicability(0xc000137a40, 0xc0007cf500, {0x0?, 0x0?}, {0x0?, 0x43f908?, 0xc00043fe90?}, {0xc000e24180, 0x2, 0x2})
			gitlab.nethead.at/symflower/symflower/language/java/symbol/overloading.go:406 +0x66b
		gitlab.nethead.at/symflower/symflower/language/java/symbol.(*transpiler).matchOverloadingFunction(0xc000137a40, {0xc000e87ba0, 0x1, 0x1}, {0x0, 0x0}, {0x0, 0x0, 0x0}, {0xc000e24180, ...})
			gitlab.nethead.at/symflower/symflower/language/java/symbol/overloading.go:451 +0x217
		gitlab.nethead.at/symflower/symflower/language/java/symbol.(*transpiler).getFunction(0xc000137a40, {0x0, 0x0}, {0xc00043fe90, 0xb}, {0x0, 0x0, 0x0}, {0xc000e24180, 0x2, ...})
			gitlab.nethead.at/symflower/symflower/language/java/symbol/overloading.go:224 +0xd2
		gitlab.nethead.at/symflower/symflower/language/java/symbol.(*transpiler).handleMethodCallResolveOverloads(0xc000137a40, {0xc00043fe90, 0xb}, {0x0?, 0x0?}, {0x0?, 0xc000c1e948?, 0xe3d0b8?}, {0xc000e24180, 0x2, ...})
			gitlab.nethead.at/symflower/symflower/language/java/symbol/handle.go:5426 +0x87
		gitlab.nethead.at/symflower/symflower/language/java/symbol.(*transpiler).handleExpressionMethodCall(0xc000137a40, 0xc0007c8660, 0xc000576f00)
			gitlab.nethead.at/symflower/symflower/language/java/symbol/handle.go:5568 +0x68b
		gitlab.nethead.at/symflower/symflower/language/java/symbol.(*transpiler).handleExpression(0xc000137a40, 0xc0007c8660, {0x21f7d38, 0xc000576f00})
			gitlab.nethead.at/symflower/symflower/language/java/symbol/handle.go:6903 +0x785
		gitlab.nethead.at/symflower/symflower/language/java/symbol.(*transpiler).handleExpressionVariableDeclaration(0xc000137a40, 0xc0007c8660, 0xc000576fc0)
			gitlab.nethead.at/symflower/symflower/language/java/symbol/handle.go:6477 +0x72f
		gitlab.nethead.at/symflower/symflower/language/java/symbol.(*transpiler).handleStatementExpression(0xc000c1eb78?, 0x41aa94?, {0x21f8100?, 0xc000576fc0?})
			gitlab.nethead.at/symflower/symflower/language/java/symbol/handle.go:3976 +0xc5
		gitlab.nethead.at/symflower/symflower/language/java/symbol.(*transpiler).handleStatement(0xc000137a40, 0xc0007c8660, {0x21f7238, 0xc000579400})
			gitlab.nethead.at/symflower/symflower/language/java/symbol/handle.go:4415 +0x8aa
		gitlab.nethead.at/symflower/symflower/language/java/symbol.(*transpiler).handleStatements(0xc000137a40, 0xc0007c8660, {0xc0004353c0, 0x4, 0xc000100008?})
			gitlab.nethead.at/symflower/symflower/language/java/symbol/handle.go:3731 +0x85
		gitlab.nethead.at/symflower/symflower/language/java/symbol.(*transpiler).handleBlock.func1()
			gitlab.nethead.at/symflower/symflower/language/java/symbol/handle.go:3712 +0x45
		gitlab.nethead.at/symflower/symflower/model/ast.(*Scope).Scoped(0xc0003bc180, 0xc000c1ed50)
			gitlab.nethead.at/symflower/symflower/model/ast/scope.go:297 +0x162
		gitlab.nethead.at/symflower/symflower/language/java/symbol.(*transpiler).handleBlock(0xc000137a40, 0xc0007c8660, 0xc00055efc0)
			gitlab.nethead.at/symflower/symflower/language/java/symbol/handle.go:3711 +0x9e
		gitlab.nethead.at/symflower/symflower/language/java/symbol.(*transpiler).handleMethodDeclarationBody.(*transpiler).handleScopedBlockStatement.func2()
			gitlab.nethead.at/symflower/symflower/language/java/symbol/handle.go:2716 +0x205
		gitlab.nethead.at/symflower/symflower/model/ast.(*Scope).Scoped(0xc0003bc180, 0xc000c1f160)
			gitlab.nethead.at/symflower/symflower/model/ast/scope.go:297 +0x162
		gitlab.nethead.at/symflower/symflower/language/java/symbol.(*transpiler).handleScopedBlockStatement(...)
			gitlab.nethead.at/symflower/symflower/language/java/symbol/handle.go:2693
		gitlab.nethead.at/symflower/symflower/language/java/symbol.(*transpiler).handleMethodDeclarationBody(0xc000137a40, 0xc0007c8660, {0x2208170, 0xc0004f3d40}, 0xc0007cf000, 0x0)
			gitlab.nethead.at/symflower/symflower/language/java/symbol/handle.go:2523 +0x61b
		gitlab.nethead.at/symflower/symflower/language/java/symbol.(*transpiler).handleClassAndInterfaceDeclarationBodies(0xc000137a40, 0xc0007c8660, 0xc0004f3d40)
			gitlab.nethead.at/symflower/symflower/language/java/symbol/handle.go:1534 +0x2f7
		gitlab.nethead.at/symflower/symflower/language/java/symbol.(*transpiler).handleClassDeclarationBodies(0xc000137a40, 0xc0007c8660, 0xc0004f3d40)
			gitlab.nethead.at/symflower/symflower/language/java/symbol/handle.go:1419 +0x106
		gitlab.nethead.at/symflower/symflower/language/java/symbol.(*transpiler).handleBodies.func1(0xc0007c8660, {0x2207578, 0xc0004f3d40})
			gitlab.nethead.at/symflower/symflower/language/java/symbol/symbols.go:532 +0x1ff
		gitlab.nethead.at/symflower/symflower/language/java/symbol.(*transpiler).walkSubDeclarations(0xc000137a40, 0xc0007c8660, 0xc000c1f760, 0xc00072fb60, 0xc0007c0f00, {0x2207578, 0xc0004f3d40})
			gitlab.nethead.at/symflower/symflower/language/java/symbol/symbols.go:869 +0x1ee
		gitlab.nethead.at/symflower/symflower/language/java/symbol.(*transpiler).walkFile(0xc000137a40, 0x1, 0x2088c58, 0xc000c1f760, 0xc00072fb60, 0xc0007c0f00)
			gitlab.nethead.at/symflower/symflower/language/java/symbol/symbols.go:625 +0x3c5
		gitlab.nethead.at/symflower/symflower/language/java/symbol.(*transpiler).walkPackage(0xc000137a40, 0x1, 0x2088c58, 0xc000c1f760, 0xc00072fb60)
			gitlab.nethead.at/symflower/symflower/language/java/symbol/symbols.go:583 +0x225
		gitlab.nethead.at/symflower/symflower/language/java/symbol.(*transpiler).walkFilesAndDeclarations(0xc000137a40, 0x1, 0x2088c58, 0xc000c1f760)
			gitlab.nethead.at/symflower/symflower/language/java/symbol/symbols.go:566 +0xa5
		gitlab.nethead.at/symflower/symflower/language/java/symbol.(*transpiler).handleBodies(0xc000137a40)
			gitlab.nethead.at/symflower/symflower/language/java/symbol/symbols.go:513 +0x65
		gitlab.nethead.at/symflower/symflower/language/java/symbol.symbolsWithDependencies(0xc0001824c8, {0x0?, 0x41aa94?, 0x13e43a0?}, 0x1)
			gitlab.nethead.at/symflower/symflower/language/java/symbol/symbols.go:486 +0x147
		gitlab.nethead.at/symflower/symflower/language/java/symbol.Symbols(0xc0001824c8, 0x1)
			gitlab.nethead.at/symflower/symflower/language/java/symbol/symbols.go:457 +0xf2
		gitlab.nethead.at/symflower/symflower/language/java.Adapter.Symbols(...)
			gitlab.nethead.at/symflower/symflower/language/java/symbols.go:29
		gitlab.nethead.at/symflower/symflower/cmd/symflower-local/generate.(*Generator).transpileLanguage(0xc0000e51d0, 0x0, 0x0, {0x220c620, 0x2e6b360})
			gitlab.nethead.at/symflower/symflower/cmd/symflower-local/generate/generate.go:136 +0x373
		gitlab.nethead.at/symflower/symflower/cmd/symflower-local/generate.(*Generator).Symbols(0xc0000e51d0, 0x0, 0x0)
			gitlab.nethead.at/symflower/symflower/cmd/symflower-local/generate/generate.go:94 +0x136
		gitlab.nethead.at/symflower/symflower/cmd/symflower-local/generate.(*AnalyzeEngineDefault).UnitTests(0x29?, 0x124bba0?, {0x21eb890?, 0xc0003960b0?}, {0x60?, 0x3?, 0x1c?, 0x0?}, 0x29?, {0xc0001df380, ...})
			gitlab.nethead.at/symflower/symflower/cmd/symflower-local/generate/analyze.go:153 +0x77
		gitlab.nethead.at/symflower/symflower/cmd/symflower-local/cmd.(*commandUnitTests).Execute(0xc00016b2d8, {0xc00016af08?, 0x7db60689b9b8?, 0xc00016b2d8?})
			gitlab.nethead.at/symflower/symflower/cmd/symflower-local/cmd/unit-tests.go:85 +0x2a6
		gitlab.nethead.at/symflower/symflower/cmd.ExecuteNoExit({0x21de020, 0xc00016af08}, {0xc00019e000?, 0x0?, 0x0?})
			gitlab.nethead.at/symflower/symflower/cmd/execute.go:59 +0x2ad
		gitlab.nethead.at/symflower/symflower/cmd.Execute({0x21de020?, 0xc00016af08?}, {0xc00019e000?, 0xc000126190?, 0xc00011ff10?})
			gitlab.nethead.at/symflower/symflower/cmd/execute.go:17 +0x26
		gitlab.nethead.at/symflower/symflower/cmd.ExecuteWithOSArguments(...)
			gitlab.nethead.at/symflower/symflower/cmd/execute.go:78
		main.main.func1()
			gitlab.nethead.at/symflower/symflower/cmd/symflower-demo/main.go:39 +0x34
		gitlab.nethead.at/symflower/symflower/cmd/symflower-local/cmd.(*Command).WithPanicReporter(0xc0000b2060?, 0x0?)
			gitlab.nethead.at/symflower/symflower/cmd/symflower-local/cmd/cmd.go:151 +0x33
		main.main()
			gitlab.nethead.at/symflower/symflower/cmd/symflower-demo/main.go:38 +0x7f
src/main/java/org/jsoup/nodes/Element.java: error: unknown type
	data: LinkedHashSet
src/main/java/org/jsoup/nodes/Element.java: error: unknown import
	data: org/jsoup/parser/Tag
src/main/java/org/jsoup/nodes/Element.java: error: unknown import
	data: org/jsoup/select/Selector
src/main/java/org/jsoup/nodes/Element.java: error: unknown import
	data: java/util/regex/Pattern
src/main/java/org/jsoup/nodes/Element.java: error: unknown import
	data: java/util/regex/PatternSyntaxException
src/main/java/org/jsoup/nodes/Element.java: internal error: not all elements have the same type
	data: declaration([children], [pointer(genericInstance(reference(java/util/List), [pointer(reference(org/jsoup/nodes/Element))]))], [call(select(ensure_not_nil(el), children!d41d8cd98f00b204e9800998ecf8427e), [])], ModifierVisibilityPublic)
src/main/java/org/jsoup/nodes/Element.java: error: error: unresolved type
	data: reference(E)
	child error: (error) Internal error: unknown type:
		"E"
		Stacktrace: goroutine 1 [running]:
		gitlab.nethead.at/symflower/symflower/model/errors.NewInternalError({0x21de060, 0x2d25a00}, {0x12473e0, 0xc00004ddc0})
			gitlab.nethead.at/symflower/symflower/model/errors/error.go:852 +0x4e
		gitlab.nethead.at/symflower/symflower/model/errors.NewProblemWithErrorSeverity(...)
			gitlab.nethead.at/symflower/symflower/model/errors/problem.go:321
		gitlab.nethead.at/symflower/symflower/model/ast.(*Scope).GetType(0xc000c1e0a8?, {0x2221be8, 0x1})
			gitlab.nethead.at/symflower/symflower/model/ast/scope.go:986 +0x85
		gitlab.nethead.at/symflower/symflower/model/ast.resolve(0xc0003bc180, {0x2205848?, 0xc000ab3400}, 0xe0)
			gitlab.nethead.at/symflower/symflower/model/ast/type-resolve.go:362 +0x78
		gitlab.nethead.at/symflower/symflower/model/ast.ResolveWithPointers(...)
			gitlab.nethead.at/symflower/symflower/model/ast/type-resolve.go:326
		gitlab.nethead.at/symflower/symflower/model/ast.(*TypeGenericInstance).IsCompatibleType(0xc000902dc0, 0xc0003bc180, {0x2205728?, 0xc000cdb360?})
			gitlab.nethead.at/symflower/symflower/model/ast/type.go:3369 +0x230
		gitlab.nethead.at/symflower/symflower/language/java/symbol.(*transpiler).checkFunctionApplicability(0xc000137a40, 0xc0007cf500, {0x0?, 0x0?}, {0x0?, 0x43f908?, 0xc00064e320?}, {0xc000cdb120, 0x2, 0x2})
			gitlab.nethead.at/symflower/symflower/language/java/symbol/overloading.go:406 +0x66b
		gitlab.nethead.at/symflower/symflower/language/java/symbol.(*transpiler).matchOverloadingFunction(0xc000137a40, {0xc000e87ba0, 0x1, 0x1}, {0x0, 0x0}, {0x0, 0x0, 0x0}, {0xc000cdb120, ...})
			gitlab.nethead.at/symflower/symflower/language/java/symbol/overloading.go:451 +0x217
		gitlab.nethead.at/symflower/symflower/language/java/symbol.(*transpiler).getFunction(0xc000137a40, {0x0, 0x0}, {0xc00064e320, 0xb}, {0x0, 0x0, 0x0}, {0xc000cdb120, 0x2, ...})
			gitlab.nethead.at/symflower/symflower/language/java/symbol/overloading.go:224 +0xd2
		gitlab.nethead.at/symflower/symflower/language/java/symbol.(*transpiler).handleMethodCallResolveOverloads(0xc000137a40, {0xc00064e320, 0xb}, {0x0?, 0x0?}, {0x0?, 0xc000c1e948?, 0xe3d0b8?}, {0xc000cdb120, 0x2, ...})
			gitlab.nethead.at/symflower/symflower/language/java/symbol/handle.go:5426 +0x87
		gitlab.nethead.at/symflower/symflower/language/java/symbol.(*transpiler).handleExpressionMethodCall(0xc000137a40, 0xc0007c8660, 0xc000577500)
			gitlab.nethead.at/symflower/symflower/language/java/symbol/handle.go:5568 +0x68b
		gitlab.nethead.at/symflower/symflower/language/java/symbol.(*transpiler).handleExpression(0xc000137a40, 0xc0007c8660, {0x21f7d38, 0xc000577500})
			gitlab.nethead.at/symflower/symflower/language/java/symbol/handle.go:6903 +0x785
		gitlab.nethead.at/symflower/symflower/language/java/symbol.(*transpiler).handleExpressionVariableDeclaration(0xc000137a40, 0xc0007c8660, 0xc0005775c0)
			gitlab.nethead.at/symflower/symflower/language/java/symbol/handle.go:6477 +0x72f
		gitlab.nethead.at/symflower/symflower/language/java/symbol.(*transpiler).handleStatementExpression(0xc000c1eb78?, 0x41aa94?, {0x21f8100?, 0xc0005775c0?})
			gitlab.nethead.at/symflower/symflower/language/java/symbol/handle.go:3976 +0xc5
		gitlab.nethead.at/symflower/symflower/language/java/symbol.(*transpiler).handleStatement(0xc000137a40, 0xc0007c8660, {0x21f7238, 0xc00057a700})
			gitlab.nethead.at/symflower/symflower/language/java/symbol/handle.go:4415 +0x8aa
		gitlab.nethead.at/symflower/symflower/language/java/symbol.(*transpiler).handleStatements(0xc000137a40, 0xc0007c8660, {0xc000435400, 0x4, 0xc000100008?})
			gitlab.nethead.at/symflower/symflower/language/java/symbol/handle.go:3731 +0x85
		gitlab.nethead.at/symflower/symflower/language/java/symbol.(*transpiler).handleBlock.func1()
			gitlab.nethead.at/symflower/symflower/language/java/symbol/handle.go:3712 +0x45
		gitlab.nethead.at/symflower/symflower/model/ast.(*Scope).Scoped(0xc0003bc180, 0xc000c1ed50)
			gitlab.nethead.at/symflower/symflower/model/ast/scope.go:297 +0x162
		gitlab.nethead.at/symflower/symflower/language/java/symbol.(*transpiler).handleBlock(0xc000137a40, 0xc0007c8660, 0xc00055f050)
			gitlab.nethead.at/symflower/symflower/language/java/symbol/handle.go:3711 +0x9e
		gitlab.nethead.at/symflower/symflower/language/java/symbol.(*transpiler).handleMethodDeclarationBody.(*transpiler).handleScopedBlockStatement.func2()
			gitlab.nethead.at/symflower/symflower/language/java/symbol/handle.go:2716 +0x205
		gitlab.nethead.at/symflower/symflower/model/ast.(*Scope).Scoped(0xc0003bc180, 0xc000c1f160)
			gitlab.nethead.at/symflower/symflower/model/ast/scope.go:297 +0x162
		gitlab.nethead.at/symflower/symflower/language/java/symbol.(*transpiler).handleScopedBlockStatement(...)
			gitlab.nethead.at/symflower/symflower/language/java/symbol/handle.go:2693
		gitlab.nethead.at/symflower/symflower/language/java/symbol.(*transpiler).handleMethodDeclarationBody(0xc000137a40, 0xc0007c8660, {0x2208170, 0xc0004f3d40}, 0xc0007cf100, 0x0)
			gitlab.nethead.at/symflower/symflower/language/java/symbol/handle.go:2523 +0x61b
		gitlab.nethead.at/symflower/symflower/language/java/symbol.(*transpiler).handleClassAndInterfaceDeclarationBodies(0xc000137a40, 0xc0007c8660, 0xc0004f3d40)
			gitlab.nethead.at/symflower/symflower/language/java/symbol/handle.go:1534 +0x2f7
		gitlab.nethead.at/symflower/symflower/language/java/symbol.(*transpiler).handleClassDeclarationBodies(0xc000137a40, 0xc0007c8660, 0xc0004f3d40)
			gitlab.nethead.at/symflower/symflower/language/java/symbol/handle.go:1419 +0x106
		gitlab.nethead.at/symflower/symflower/language/java/symbol.(*transpiler).handleBodies.func1(0xc0007c8660, {0x2207578, 0xc0004f3d40})
			gitlab.nethead.at/symflower/symflower/language/java/symbol/symbols.go:532 +0x1ff
		gitlab.nethead.at/symflower/symflower/language/java/symbol.(*transpiler).walkSubDeclarations(0xc000137a40, 0xc0007c8660, 0xc000c1f760, 0xc00072fb60, 0xc0007c0f00, {0x2207578, 0xc0004f3d40})
			gitlab.nethead.at/symflower/symflower/language/java/symbol/symbols.go:869 +0x1ee
		gitlab.nethead.at/symflower/symflower/language/java/symbol.(*transpiler).walkFile(0xc000137a40, 0x1, 0x2088c58, 0xc000c1f760, 0xc00072fb60, 0xc0007c0f00)
			gitlab.nethead.at/symflower/symflower/language/java/symbol/symbols.go:625 +0x3c5
		gitlab.nethead.at/symflower/symflower/language/java/symbol.(*transpiler).walkPackage(0xc000137a40, 0x1, 0x2088c58, 0xc000c1f760, 0xc00072fb60)
			gitlab.nethead.at/symflower/symflower/language/java/symbol/symbols.go:583 +0x225
		gitlab.nethead.at/symflower/symflower/language/java/symbol.(*transpiler).walkFilesAndDeclarations(0xc000137a40, 0x1, 0x2088c58, 0xc000c1f760)
			gitlab.nethead.at/symflower/symflower/language/java/symbol/symbols.go:566 +0xa5
		gitlab.nethead.at/symflower/symflower/language/java/symbol.(*transpiler).handleBodies(0xc000137a40)
			gitlab.nethead.at/symflower/symflower/language/java/symbol/symbols.go:513 +0x65
		gitlab.nethead.at/symflower/symflower/language/java/symbol.symbolsWithDependencies(0xc0001824c8, {0x0?, 0x41aa94?, 0x13e43a0?}, 0x1)
			gitlab.nethead.at/symflower/symflower/language/java/symbol/symbols.go:486 +0x147
		gitlab.nethead.at/symflower/symflower/language/java/symbol.Symbols(0xc0001824c8, 0x1)
			gitlab.nethead.at/symflower/symflower/language/java/symbol/symbols.go:457 +0xf2
		gitlab.nethead.at/symflower/symflower/language/java.Adapter.Symbols(...)
			gitlab.nethead.at/symflower/symflower/language/java/symbols.go:29
		gitlab.nethead.at/symflower/symflower/cmd/symflower-local/generate.(*Generator).transpileLanguage(0xc0000e51d0, 0x0, 0x0, {0x220c620, 0x2e6b360})
			gitlab.nethead.at/symflower/symflower/cmd/symflower-local/generate/generate.go:136 +0x373
		gitlab.nethead.at/symflower/symflower/cmd/symflower-local/generate.(*Generator).Symbols(0xc0000e51d0, 0x0, 0x0)
			gitlab.nethead.at/symflower/symflower/cmd/symflower-local/generate/generate.go:94 +0x136
		gitlab.nethead.at/symflower/symflower/cmd/symflower-local/generate.(*AnalyzeEngineDefault).UnitTests(0x29?, 0x124bba0?, {0x21eb890?, 0xc0003960b0?}, {0x60?, 0x3?, 0x1c?, 0x0?}, 0x29?, {0xc0001df380, ...})
			gitlab.nethead.at/symflower/symflower/cmd/symflower-local/generate/analyze.go:153 +0x77
		gitlab.nethead.at/symflower/symflower/cmd/symflower-local/cmd.(*commandUnitTests).Execute(0xc00016b2d8, {0xc00016af08?, 0x7db60689b9b8?, 0xc00016b2d8?})
			gitlab.nethead.at/symflower/symflower/cmd/symflower-local/cmd/unit-tests.go:85 +0x2a6
		gitlab.nethead.at/symflower/symflower/cmd.ExecuteNoExit({0x21de020, 0xc00016af08}, {0xc00019e000?, 0x0?, 0x0?})
			gitlab.nethead.at/symflower/symflower/cmd/execute.go:59 +0x2ad
		gitlab.nethead.at/symflower/symflower/cmd.Execute({0x21de020?, 0xc00016af08?}, {0xc00019e000?, 0xc000126190?, 0xc00011ff10?})
			gitlab.nethead.at/symflower/symflower/cmd/execute.go:17 +0x26
		gitlab.nethead.at/symflower/symflower/cmd.ExecuteWithOSArguments(...)
			gitlab.nethead.at/symflower/symflower/cmd/execute.go:78
		main.main.func1()
			gitlab.nethead.at/symflower/symflower/cmd/symflower-demo/main.go:39 +0x34
		gitlab.nethead.at/symflower/symflower/cmd/symflower-local/cmd.(*Command).WithPanicReporter(0xc0000b2060?, 0x0?)
			gitlab.nethead.at/symflower/symflower/cmd/symflower-local/cmd/cmd.go:151 +0x33
		main.main()
			gitlab.nethead.at/symflower/symflower/cmd/symflower-demo/main.go:38 +0x7f
src/main/java/org/jsoup/nodes/Element.java: error: unknown import
	data: org/jsoup/helper/StringUtil
src/main/java/org/jsoup/nodes/Element.java: error: unknown import
	data: org/jsoup/helper/Validate
src/main/java/org/jsoup/nodes/Element.java: error: unknown import
	data: org/jsoup/parser/Parser
src/main/java/org/jsoup/nodes/Element.java: error: unknown import
	data: org/jsoup/select/Collector
src/main/java/org/jsoup/nodes/Element.java: error: unknown import
	data: org/jsoup/select/Elements
src/main/java/org/jsoup/nodes/Entities.java: error: unknown import
	data: java/nio/charset/CharsetEncoder
src/main/java/org/jsoup/nodes/Entities.java: error: unknown import
	data: java/util/HashMap
src/main/java/org/jsoup/nodes/Entities.java: error: unknown import
	data: java/util/regex/Pattern
src/main/java/org/jsoup/nodes/Entities.java: unsupported: unsupported node
	data: cast(call(java/lang/String//String!9abf27636a492e46fe858f34bef8e9eb, ["quot"]), pointer(reference(java/lang/Object)))
src/main/java/org/jsoup/nodes/Entities.java: unsupported: unsupported node
	data: cast(call(java/lang/String//String!9abf27636a492e46fe858f34bef8e9eb, ["AElig"]), pointer(reference(java/lang/Object)))
src/main/java/org/jsoup/nodes/Entities.java: unsupported: unsupported type cast
	data: cast(c, primitive(int, 32, false))
src/main/java/org/jsoup/nodes/Entities.java: error: unknown function
	data: [pointer(reference(java/lang/String)) java/lang/String//contains [] ["&"]]
src/main/java/org/jsoup/nodes/Entities.java: error: unknown import
	data: java/util/regex/Matcher
src/main/java/org/jsoup/nodes/Entities.java: unsupported: unsupported node
	data: cast(call(java/lang/String//String!9abf27636a492e46fe858f34bef8e9eb, ["AElig"]), pointer(reference(java/lang/Object)))
src/main/java/org/jsoup/nodes/Entities.java: error: unknown function
	data: [<nil> java/lang/StringBuffer//StringBuffer [] [call(select(ensure_not_nil(string), length!d41d8cd98f00b204e9800998ecf8427e), [])]]
src/main/java/org/jsoup/nodes/Evaluator.java: error: unknown function
	data: [struct(java/lang/String, [], [pointer(reference(java/lang/Object))], [reference(java/lang/CharSequence)]) java/lang/String//contains [] [select(this, searchText)]]
src/main/java/org/jsoup/nodes/Evaluator.java: error: unknown function
	data: [struct(java/lang/String, [], [pointer(reference(java/lang/Object))], [reference(java/lang/CharSequence)]) java/lang/String//contains [] [select(this, searchText)]]
src/main/java/org/jsoup/nodes/Evaluator.java: error: unknown import
	data: org/jsoup/helper/Validate
src/main/java/org/jsoup/nodes/Evaluator.java: error: unknown import
	data: java/util/regex/Matcher
src/main/java/org/jsoup/nodes/Evaluator.java: error: unknown import
	data: java/util/regex/Pattern
src/main/java/org/jsoup/nodes/Evaluator.java: error: unknown function
	data: [struct(java/lang/String, [], [pointer(reference(java/lang/Object))], [reference(java/lang/CharSequence)]) java/lang/String//contains [] [select(select(this, @org/jsoup/nodes/Evaluator//AttributeKeyPair), value)]]
src/main/java/org/jsoup/nodes/Node.java: error: unknown import
	data: org/jsoup/helper/StringUtil
src/main/java/org/jsoup/nodes/Node.java: error: unknown import
	data: org/jsoup/select/NodeTraversor
src/main/java/org/jsoup/nodes/Node.java: error: unknown import
	data: org/jsoup/select/NodeVisitor
src/main/java/org/jsoup/nodes/Node.java: error: unknown import
	data: java/net/URL
src/main/java/org/jsoup/nodes/Node.java: error: unknown import
	data: java/util/Collections
src/main/java/org/jsoup/nodes/Node.java: error: unknown function
	data: [<nil> java/util/ArrayList//ArrayList [pointer(reference(org/jsoup/nodes/Node))] [4]]
src/main/java/org/jsoup/nodes/Node.java: internal error: recovered panic
	data: runtime error: invalid memory address or nil pointer dereference
src/main/java/org/jsoup/nodes/Node.java: error: unknown function
	data: [genericInstance(reference(java/util/List), [pointer(reference(org/jsoup/nodes/Node))]) java/util/List<org/jsoup/nodes/Node>//set [] [index in]]
src/main/java/org/jsoup/nodes/Node.java: error: unknown import
	data: org/jsoup/helper/Validate
src/main/java/org/jsoup/nodes/Node.java: error: unknown import
	data: java/net/MalformedURLException
src/main/java/org/jsoup/nodes/TextNode.java: error: unknown import
	data: org/jsoup/helper/StringUtil
internal error: scope leak
	data: map[handledNode:block([unsupported]) scopeLevelAtEntry:9 scopeLevelAtExit:10]
internal error: scope leak
	data: map[handledNode:struct(org/jsoup/nodes/Attributes//Dataset, [], [genericInstance(unsupported(AbstractMap), [pointer(reference(java/lang/String)), pointer(reference(java/lang/String))])], []) scopeLevelAtEntry:7 scopeLevelAtExit:8]
internal error: scope leak
	data: map[handledNode:struct(org/jsoup/nodes/Attributes, [], [pointer(reference(java/lang/Object))], [pointer(genericInstance(reference(java/lang/Iterable), [pointer(reference(org/jsoup/nodes/Attribute))]))]) scopeLevelAtEntry:6 scopeLevelAtExit:7]
Found 1 Java files
Found 64 problems in Java files
src/main/java/org/jsoup/nodes/Entities.java: found 4 symbols
src/main/java/org/jsoup/nodes/Entities.java: org.jsoup.nodes.Entities.escape: computing test cases
src/main/java/org/jsoup/nodes/Entities.java: org.jsoup.nodes.Entities.escape: computed 0 unit tests
src/main/java/org/jsoup/nodes/Entities.java: org.jsoup.nodes.Entities.@@EscapeMode.@@getMap: computing test cases
src/main/java/org/jsoup/nodes/Entities.java: org.jsoup.nodes.Entities.@@EscapeMode.@@getMap: computed 0 unit tests
src/main/java/org/jsoup/nodes/Entities.java: org.jsoup.nodes.Entities.@@EscapeMode.@@getMap: found 0 problems
src/main/java/org/jsoup/nodes/Entities.java: org.jsoup.nodes.Entities.escape: computing test cases
src/main/java/org/jsoup/nodes/Entities.java: org.jsoup.nodes.Entities.escape: found 1 problems
src/main/java/org/jsoup/nodes/Entities.java: internal error: org.jsoup.nodes.Entities.escape: unknown type kind
	data: unsupported(java/nio/charset/Charset)
src/main/java/org/jsoup/nodes/Entities.java: org.jsoup.nodes.Entities.unescape: computing test cases
src/main/java/org/jsoup/nodes/Entities.java: org.jsoup.nodes.Entities.unescape: computed 0 unit tests
src/main/java/org/jsoup/nodes/Entities.java: org.jsoup.nodes.Entities.unescape: found 0 problems
Analyzed 1 out of 8 source files
Had 2 errors that block a full analysis
Generated 0 tests
Found 0 potential problems
The following issues prevent a full analysis:

* 31 cases of "unknown import"
	Description: Imports could not be resolved. This is likely due to missing dependencies.

* 10 cases of "unknown type"
	Description: Types could not be resolved. This could be because of missing dependencies
  or a consequence of some other problem.

* 8 cases of "unknown function"
	Description: Functions could not be resolved. This occurs due to missing dependencies,
  or if a called function is removed due to some other problem.

* 5 cases of "not all elements have the same type"
	Description: Arguments of a function call do not match the parameter types. This usually
  occurs if a called method is removed due to some other problem, and another
  method with the same name is selected to be called.

* 1 case of "unsupported type"
	Description: Types required for analysis are not supported. This can include raw generics,
  or reflection types like "java.lang.Class".

* 8 cases of "other issues"
	Description: Uncategorized problems.

