Analyzing workspace /home/ph7/sqa-project/workspaces/jsoup_29b/
Search for Java files
Load dependency stdlib:@dev
src/main/java/org/jsoup/nodes/Document.java: org.jsoup.nodes.Document.normaliseTextNodes: function is private and therefore inaccessible for tests
src/main/java/org/jsoup/nodes/Document.java: org.jsoup.nodes.Document.normaliseStructure: function is private and therefore inaccessible for tests
src/main/java/org/jsoup/nodes/Document.java: org.jsoup.nodes.Document.findFirstElementByTagName: function is private and therefore inaccessible for tests
src/main/java/org/jsoup/nodes/Attribute.java: error: unknown import
	data: org/jsoup/helper/Validate
src/main/java/org/jsoup/nodes/Attribute.java: error: unknown function
	data: [struct(java/lang/Object, [], [], []) java/lang/Object//clone [] []]
src/main/java/org/jsoup/nodes/Attributes.java: error: unknown import
	data: org/jsoup/helper/Validate
src/main/java/org/jsoup/nodes/Attributes.java: error: unknown type
	data: AbstractSet
src/main/java/org/jsoup/nodes/Attributes.java: error: unknown type
	data: AbstractMap
src/main/java/org/jsoup/nodes/Attributes.java: error: unknown field
	data: [this struct(org/jsoup/nodes/Attributes, [], [pointer(reference(java/lang/Object))], [pointer(genericInstance(reference(java/lang/Iterable), [pointer(reference(org/jsoup/nodes/Attribute))])), reference(java/lang/Cloneable)]) Collections]
src/main/java/org/jsoup/nodes/Attributes.java: error: unknown type
	data: LinkedHashMap
src/main/java/org/jsoup/nodes/Attributes.java: error: unknown type
	data: Set
src/main/java/org/jsoup/nodes/Attributes.java: error: unknown type
	data: Entry
src/main/java/org/jsoup/nodes/Attributes.java: error: unknown function
	data: [<nil> java/util/ArrayList//ArrayList [pointer(reference(org/jsoup/nodes/Attribute))] [unsupported]]
src/main/java/org/jsoup/nodes/Attributes.java: error: unknown function
	data: [struct(java/lang/Object, [], [], []) java/lang/Object//clone [] []]
src/main/java/org/jsoup/nodes/Attributes.java: error: not a boolean type
	data: unsupported
src/main/java/org/jsoup/nodes/Document.java: error: unknown import
	data: org/jsoup/helper/Validate
src/main/java/org/jsoup/nodes/Document.java: error: unknown import
	data: org/jsoup/parser/Tag
src/main/java/org/jsoup/nodes/Document.java: error: unknown import
	data: org/jsoup/select/Elements
src/main/java/org/jsoup/nodes/Document.java: error: unknown import
	data: java/nio/charset/Charset
src/main/java/org/jsoup/nodes/Document.java: error: unknown import
	data: java/nio/charset/CharsetEncoder
src/main/java/org/jsoup/nodes/Document.java: internal error: no supported constructor available
	data: [struct(org/jsoup/nodes/Element, [], [pointer(reference(org/jsoup/nodes/Node))], []) function(variable(this, pointer(reference(org/jsoup/nodes/Node))), org/jsoup/nodes/Node//@@constructor!d41d8cd98f00b204e9800998ecf8427e, [], [variable(, pointer(reference(org/jsoup/nodes/Node)))], block([=(select(this, @java/lang/Object), call(select(&(composite(reference(java/lang/Object), [])), @@constructor!d41d8cd98f00b204e9800998ecf8427e), [])), unsupported, =(select(this, attributes), nil), return([this])]))]
src/main/java/org/jsoup/nodes/Document.java: error: unknown function
	data: [struct(java/lang/Object, [], [], []) java/lang/Object//clone [] []]
src/main/java/org/jsoup/nodes/DocumentType.java: error: unknown import
	data: org/jsoup/helper/StringUtil
src/main/java/org/jsoup/nodes/DocumentType.java: error: unknown import
	data: org/jsoup/helper/Validate
src/main/java/org/jsoup/nodes/Element.java: error: unknown import
	data: org/jsoup/parser/Parser
src/main/java/org/jsoup/nodes/Element.java: error: unknown import
	data: org/jsoup/select/Collector
src/main/java/org/jsoup/nodes/Element.java: error: unknown import
	data: java/util/regex/PatternSyntaxException
src/main/java/org/jsoup/nodes/Element.java: error: unknown type
	data: Set
src/main/java/org/jsoup/nodes/Element.java: error: an unsupported collection type has been used for this operation
	data: genericInstance(unsupported(Set), [pointer(reference(java/lang/String))])
src/main/java/org/jsoup/nodes/Element.java: error: unknown function
	data: [<nil> addChildren [] [0 call(select(ensure_not_nil(nodes), toArray!4ca58e31cd2242105fd0ef5028975b56), [cast(make(array(pointer(reference(org/jsoup/nodes/Node)), primitive(int, 32, false), 0), call(select(ensure_not_nil(nodes), size!d41d8cd98f00b204e9800998ecf8427e), [])), array(pointer(reference(java/lang/Object)), primitive(int, 32, false), 0))])]]
src/main/java/org/jsoup/nodes/Element.java: error: unknown import
	data: org/jsoup/helper/StringUtil
src/main/java/org/jsoup/nodes/Element.java: internal error: not all elements have the same type
	data: declaration([elements], [pointer(genericInstance(reference(java/util/List), [pointer(reference(org/jsoup/nodes/Element))]))], [call(select(ensure_not_nil(call(select(this, parent!d41d8cd98f00b204e9800998ecf8427e), [])), children!d41d8cd98f00b204e9800998ecf8427e), [])], ModifierVisibilityPublic)
src/main/java/org/jsoup/nodes/Element.java: error: unknown type
	data: LinkedHashSet
src/main/java/org/jsoup/nodes/Element.java: error: unknown function
	data: [<nil> addChildren [] [call(select(ensure_not_nil(nodes), toArray!4ca58e31cd2242105fd0ef5028975b56), [cast(make(array(pointer(reference(org/jsoup/nodes/Node)), primitive(int, 32, false), 0), call(select(ensure_not_nil(nodes), size!d41d8cd98f00b204e9800998ecf8427e), [])), array(pointer(reference(java/lang/Object)), primitive(int, 32, false), 0))])]]
src/main/java/org/jsoup/nodes/Element.java: error: unknown import
	data: org/jsoup/helper/Validate
src/main/java/org/jsoup/nodes/Element.java: error: unknown field
	data: [this struct(org/jsoup/nodes/Element, [], [pointer(reference(org/jsoup/nodes/Node))], []) Collections]
src/main/java/org/jsoup/nodes/Element.java: error: error: unresolved type
	data: reference(E)
	child error: (error) Internal error: unknown type:
		"E"
		Stacktrace: goroutine 1 [running]:
		gitlab.nethead.at/symflower/symflower/model/errors.NewInternalError({0x21de060, 0x2d25a00}, {0x12473e0, 0xc000c20310})
			gitlab.nethead.at/symflower/symflower/model/errors/error.go:852 +0x4e
		gitlab.nethead.at/symflower/symflower/model/errors.NewProblemWithErrorSeverity(...)
			gitlab.nethead.at/symflower/symflower/model/errors/problem.go:321
		gitlab.nethead.at/symflower/symflower/model/ast.(*Scope).GetType(0xc001a260a8?, {0x2221be8, 0x1})
			gitlab.nethead.at/symflower/symflower/model/ast/scope.go:986 +0x85
		gitlab.nethead.at/symflower/symflower/model/ast.resolve(0xc000508a20, {0x2205848?, 0xc00108b900}, 0xe0)
			gitlab.nethead.at/symflower/symflower/model/ast/type-resolve.go:362 +0x78
		gitlab.nethead.at/symflower/symflower/model/ast.ResolveWithPointers(...)
			gitlab.nethead.at/symflower/symflower/model/ast/type-resolve.go:326
		gitlab.nethead.at/symflower/symflower/model/ast.(*TypeGenericInstance).IsCompatibleType(0xc000435500, 0xc000508a20, {0x2205728?, 0xc0009a3160?})
			gitlab.nethead.at/symflower/symflower/model/ast/type.go:3369 +0x230
		gitlab.nethead.at/symflower/symflower/language/java/symbol.(*transpiler).checkFunctionApplicability(0xc00014c140, 0xc000a93700, {0x0?, 0x0?}, {0x0?, 0x43f908?, 0xc000708e30?}, {0xc0009a2ee0, 0x2, 0x2})
			gitlab.nethead.at/symflower/symflower/language/java/symbol/overloading.go:406 +0x66b
		gitlab.nethead.at/symflower/symflower/language/java/symbol.(*transpiler).matchOverloadingFunction(0xc00014c140, {0xc000796e08, 0x1, 0x1}, {0x0, 0x0}, {0x0, 0x0, 0x0}, {0xc0009a2ee0, ...})
			gitlab.nethead.at/symflower/symflower/language/java/symbol/overloading.go:451 +0x217
		gitlab.nethead.at/symflower/symflower/language/java/symbol.(*transpiler).getFunction(0xc00014c140, {0x0, 0x0}, {0xc000708e30, 0xb}, {0x0, 0x0, 0x0}, {0xc0009a2ee0, 0x2, ...})
			gitlab.nethead.at/symflower/symflower/language/java/symbol/overloading.go:224 +0xd2
		gitlab.nethead.at/symflower/symflower/language/java/symbol.(*transpiler).handleMethodCallResolveOverloads(0xc00014c140, {0xc000708e30, 0xb}, {0x0?, 0x0?}, {0x0?, 0xc001a26948?, 0xe3d0b8?}, {0xc0009a2ee0, 0x2, ...})
			gitlab.nethead.at/symflower/symflower/language/java/symbol/handle.go:5426 +0x87
		gitlab.nethead.at/symflower/symflower/language/java/symbol.(*transpiler).handleExpressionMethodCall(0xc00014c140, 0xc000a84c00, 0xc00062c540)
			gitlab.nethead.at/symflower/symflower/language/java/symbol/handle.go:5568 +0x68b
		gitlab.nethead.at/symflower/symflower/language/java/symbol.(*transpiler).handleExpression(0xc00014c140, 0xc000a84c00, {0x21f7d38, 0xc00062c540})
			gitlab.nethead.at/symflower/symflower/language/java/symbol/handle.go:6903 +0x785
		gitlab.nethead.at/symflower/symflower/language/java/symbol.(*transpiler).handleExpressionVariableDeclaration(0xc00014c140, 0xc000a84c00, 0xc00062c600)
			gitlab.nethead.at/symflower/symflower/language/java/symbol/handle.go:6477 +0x72f
		gitlab.nethead.at/symflower/symflower/language/java/symbol.(*transpiler).handleStatementExpression(0xc00014c140?, 0xc000a84c00?, {0x21f8100?, 0xc00062c600?})
			gitlab.nethead.at/symflower/symflower/language/java/symbol/handle.go:3976 +0xc5
		gitlab.nethead.at/symflower/symflower/language/java/symbol.(*transpiler).handleStatement(0xc00014c140, 0xc000a84c00, {0x21f7238, 0xc000632280})
			gitlab.nethead.at/symflower/symflower/language/java/symbol/handle.go:4415 +0x8aa
		gitlab.nethead.at/symflower/symflower/language/java/symbol.(*transpiler).handleStatements(0xc00014c140, 0xc000a84c00, {0xc0005d8f00, 0x5, 0xc000101008?})
			gitlab.nethead.at/symflower/symflower/language/java/symbol/handle.go:3731 +0x85
		gitlab.nethead.at/symflower/symflower/language/java/symbol.(*transpiler).handleBlock.func1()
			gitlab.nethead.at/symflower/symflower/language/java/symbol/handle.go:3712 +0x45
		gitlab.nethead.at/symflower/symflower/model/ast.(*Scope).Scoped(0xc000508a20, 0xc001a26d50)
			gitlab.nethead.at/symflower/symflower/model/ast/scope.go:297 +0x162
		gitlab.nethead.at/symflower/symflower/language/java/symbol.(*transpiler).handleBlock(0xc00014c140, 0xc000a84c00, 0xc0005ddc20)
			gitlab.nethead.at/symflower/symflower/language/java/symbol/handle.go:3711 +0x9e
		gitlab.nethead.at/symflower/symflower/language/java/symbol.(*transpiler).handleMethodDeclarationBody.(*transpiler).handleScopedBlockStatement.func2()
			gitlab.nethead.at/symflower/symflower/language/java/symbol/handle.go:2716 +0x205
		gitlab.nethead.at/symflower/symflower/model/ast.(*Scope).Scoped(0xc000508a20, 0xc001a27160)
			gitlab.nethead.at/symflower/symflower/model/ast/scope.go:297 +0x162
		gitlab.nethead.at/symflower/symflower/language/java/symbol.(*transpiler).handleScopedBlockStatement(...)
			gitlab.nethead.at/symflower/symflower/language/java/symbol/handle.go:2693
		gitlab.nethead.at/symflower/symflower/language/java/symbol.(*transpiler).handleMethodDeclarationBody(0xc00014c140, 0xc000a84c00, {0x2208170, 0xc000a78a80}, 0xc000a93200, 0x0)
			gitlab.nethead.at/symflower/symflower/language/java/symbol/handle.go:2523 +0x61b
		gitlab.nethead.at/symflower/symflower/language/java/symbol.(*transpiler).handleClassAndInterfaceDeclarationBodies(0xc00014c140, 0xc000a84c00, 0xc000a78a80)
			gitlab.nethead.at/symflower/symflower/language/java/symbol/handle.go:1534 +0x2f7
		gitlab.nethead.at/symflower/symflower/language/java/symbol.(*transpiler).handleClassDeclarationBodies(0xc00014c140, 0xc000a84c00, 0xc000a78a80)
			gitlab.nethead.at/symflower/symflower/language/java/symbol/handle.go:1419 +0x106
		gitlab.nethead.at/symflower/symflower/language/java/symbol.(*transpiler).handleBodies.func1(0xc000a84c00, {0x2207578, 0xc000a78a80})
			gitlab.nethead.at/symflower/symflower/language/java/symbol/symbols.go:532 +0x1ff
		gitlab.nethead.at/symflower/symflower/language/java/symbol.(*transpiler).walkSubDeclarations(0xc00014c140, 0xc000a84c00, 0xc001a27760, 0xc000a6ba40, 0xc000a87500, {0x2207578, 0xc000a78a80})
			gitlab.nethead.at/symflower/symflower/language/java/symbol/symbols.go:869 +0x1ee
		gitlab.nethead.at/symflower/symflower/language/java/symbol.(*transpiler).walkFile(0xc00014c140, 0x1, 0x2088c58, 0xc001a27760, 0xc000a6ba40, 0xc000a87500)
			gitlab.nethead.at/symflower/symflower/language/java/symbol/symbols.go:625 +0x3c5
		gitlab.nethead.at/symflower/symflower/language/java/symbol.(*transpiler).walkPackage(0xc00014c140, 0x1, 0x2088c58, 0xc001a27760, 0xc000a6ba40)
			gitlab.nethead.at/symflower/symflower/language/java/symbol/symbols.go:583 +0x225
		gitlab.nethead.at/symflower/symflower/language/java/symbol.(*transpiler).walkFilesAndDeclarations(0xc00014c140, 0x1, 0x2088c58, 0xc001a27760)
			gitlab.nethead.at/symflower/symflower/language/java/symbol/symbols.go:566 +0xa5
		gitlab.nethead.at/symflower/symflower/language/java/symbol.(*transpiler).handleBodies(0xc00014c140)
			gitlab.nethead.at/symflower/symflower/language/java/symbol/symbols.go:513 +0x65
		gitlab.nethead.at/symflower/symflower/language/java/symbol.symbolsWithDependencies(0xc0000101f8, {0x0?, 0x41aa94?, 0x13e43a0?}, 0x1)
			gitlab.nethead.at/symflower/symflower/language/java/symbol/symbols.go:486 +0x147
		gitlab.nethead.at/symflower/symflower/language/java/symbol.Symbols(0xc0000101f8, 0x1)
			gitlab.nethead.at/symflower/symflower/language/java/symbol/symbols.go:457 +0xf2
		gitlab.nethead.at/symflower/symflower/language/java.Adapter.Symbols(...)
			gitlab.nethead.at/symflower/symflower/language/java/symbols.go:29
		gitlab.nethead.at/symflower/symflower/cmd/symflower-local/generate.(*Generator).transpileLanguage(0xc00013f0e0, 0x0, 0x0, {0x220c620, 0x2e6b360})
			gitlab.nethead.at/symflower/symflower/cmd/symflower-local/generate/generate.go:136 +0x373
		gitlab.nethead.at/symflower/symflower/cmd/symflower-local/generate.(*Generator).Symbols(0xc00013f0e0, 0x0, 0x0)
			gitlab.nethead.at/symflower/symflower/cmd/symflower-local/generate/generate.go:94 +0x136
		gitlab.nethead.at/symflower/symflower/cmd/symflower-local/generate.(*AnalyzeEngineDefault).UnitTests(0x2a?, 0x124bba0?, {0x21eb890?, 0xc00004c540?}, {0x50?, 0x44?, 0x4?, 0x0?}, 0x2a?, {0xc0001df320, ...})
			gitlab.nethead.at/symflower/symflower/cmd/symflower-local/generate/analyze.go:153 +0x77
		gitlab.nethead.at/symflower/symflower/cmd/symflower-local/cmd.(*commandUnitTests).Execute(0xc00001a3d8, {0xc00001a008?, 0x7a10e1a531d8?, 0xc00001a3d8?})
			gitlab.nethead.at/symflower/symflower/cmd/symflower-local/cmd/unit-tests.go:85 +0x2a6
		gitlab.nethead.at/symflower/symflower/cmd.ExecuteNoExit({0x21de020, 0xc00001a008}, {0xc00019e000?, 0x44?, 0x0?})
			gitlab.nethead.at/symflower/symflower/cmd/execute.go:59 +0x2ad
		gitlab.nethead.at/symflower/symflower/cmd.Execute({0x21de020?, 0xc00001a008?}, {0xc00019e000?, 0xc00011a000?, 0xc000051f10?})
			gitlab.nethead.at/symflower/symflower/cmd/execute.go:17 +0x26
		gitlab.nethead.at/symflower/symflower/cmd.ExecuteWithOSArguments(...)
			gitlab.nethead.at/symflower/symflower/cmd/execute.go:78
		main.main.func1()
			gitlab.nethead.at/symflower/symflower/cmd/symflower-demo/main.go:39 +0x34
		gitlab.nethead.at/symflower/symflower/cmd/symflower-local/cmd.(*Command).WithPanicReporter(0xc0000b2060?, 0x0?)
			gitlab.nethead.at/symflower/symflower/cmd/symflower-local/cmd/cmd.go:151 +0x33
		main.main()
			gitlab.nethead.at/symflower/symflower/cmd/symflower-demo/main.go:38 +0x7f
src/main/java/org/jsoup/nodes/Element.java: error: error: unresolved type
	data: reference(E)
	child error: (error) Internal error: unknown type:
		"E"
		Stacktrace: goroutine 1 [running]:
		gitlab.nethead.at/symflower/symflower/model/errors.NewInternalError({0x21de060, 0x2d25a00}, {0x12473e0, 0xc000a7b6a0})
			gitlab.nethead.at/symflower/symflower/model/errors/error.go:852 +0x4e
		gitlab.nethead.at/symflower/symflower/model/errors.NewProblemWithErrorSeverity(...)
			gitlab.nethead.at/symflower/symflower/model/errors/problem.go:321
		gitlab.nethead.at/symflower/symflower/model/ast.(*Scope).GetType(0xc001a260a8?, {0x2221be8, 0x1})
			gitlab.nethead.at/symflower/symflower/model/ast/scope.go:986 +0x85
		gitlab.nethead.at/symflower/symflower/model/ast.resolve(0xc000508a20, {0x2205848?, 0xc00108b900}, 0xe0)
			gitlab.nethead.at/symflower/symflower/model/ast/type-resolve.go:362 +0x78
		gitlab.nethead.at/symflower/symflower/model/ast.ResolveWithPointers(...)
			gitlab.nethead.at/symflower/symflower/model/ast/type-resolve.go:326
		gitlab.nethead.at/symflower/symflower/model/ast.(*TypeGenericInstance).IsCompatibleType(0xc000435500, 0xc000508a20, {0x2205728?, 0xc0006ba660?})
			gitlab.nethead.at/symflower/symflower/model/ast/type.go:3369 +0x230
		gitlab.nethead.at/symflower/symflower/language/java/symbol.(*transpiler).checkFunctionApplicability(0xc00014c140, 0xc000a93700, {0x0?, 0x0?}, {0x0?, 0x43f908?, 0xc000709220?}, {0xc0006ba420, 0x2, 0x2})
			gitlab.nethead.at/symflower/symflower/language/java/symbol/overloading.go:406 +0x66b
		gitlab.nethead.at/symflower/symflower/language/java/symbol.(*transpiler).matchOverloadingFunction(0xc00014c140, {0xc000796e08, 0x1, 0x1}, {0x0, 0x0}, {0x0, 0x0, 0x0}, {0xc0006ba420, ...})
			gitlab.nethead.at/symflower/symflower/language/java/symbol/overloading.go:451 +0x217
		gitlab.nethead.at/symflower/symflower/language/java/symbol.(*transpiler).getFunction(0xc00014c140, {0x0, 0x0}, {0xc000709220, 0xb}, {0x0, 0x0, 0x0}, {0xc0006ba420, 0x2, ...})
			gitlab.nethead.at/symflower/symflower/language/java/symbol/overloading.go:224 +0xd2
		gitlab.nethead.at/symflower/symflower/language/java/symbol.(*transpiler).handleMethodCallResolveOverloads(0xc00014c140, {0xc000709220, 0xb}, {0x0?, 0x0?}, {0x0?, 0xc001a26948?, 0xe3d0b8?}, {0xc0006ba420, 0x2, ...})
			gitlab.nethead.at/symflower/symflower/language/java/symbol/handle.go:5426 +0x87
		gitlab.nethead.at/symflower/symflower/language/java/symbol.(*transpiler).handleExpressionMethodCall(0xc00014c140, 0xc000a84c00, 0xc00062cb40)
			gitlab.nethead.at/symflower/symflower/language/java/symbol/handle.go:5568 +0x68b
		gitlab.nethead.at/symflower/symflower/language/java/symbol.(*transpiler).handleExpression(0xc00014c140, 0xc000a84c00, {0x21f7d38, 0xc00062cb40})
			gitlab.nethead.at/symflower/symflower/language/java/symbol/handle.go:6903 +0x785
		gitlab.nethead.at/symflower/symflower/language/java/symbol.(*transpiler).handleExpressionVariableDeclaration(0xc00014c140, 0xc000a84c00, 0xc00062cc00)
			gitlab.nethead.at/symflower/symflower/language/java/symbol/handle.go:6477 +0x72f
		gitlab.nethead.at/symflower/symflower/language/java/symbol.(*transpiler).handleStatementExpression(0xc00014c140?, 0xc000a84c00?, {0x21f8100?, 0xc00062cc00?})
			gitlab.nethead.at/symflower/symflower/language/java/symbol/handle.go:3976 +0xc5
		gitlab.nethead.at/symflower/symflower/language/java/symbol.(*transpiler).handleStatement(0xc00014c140, 0xc000a84c00, {0x21f7238, 0xc000633700})
			gitlab.nethead.at/symflower/symflower/language/java/symbol/handle.go:4415 +0x8aa
		gitlab.nethead.at/symflower/symflower/language/java/symbol.(*transpiler).handleStatements(0xc00014c140, 0xc000a84c00, {0xc0005d8f50, 0x5, 0xc000101008?})
			gitlab.nethead.at/symflower/symflower/language/java/symbol/handle.go:3731 +0x85
		gitlab.nethead.at/symflower/symflower/language/java/symbol.(*transpiler).handleBlock.func1()
			gitlab.nethead.at/symflower/symflower/language/java/symbol/handle.go:3712 +0x45
		gitlab.nethead.at/symflower/symflower/model/ast.(*Scope).Scoped(0xc000508a20, 0xc001a26d50)
			gitlab.nethead.at/symflower/symflower/model/ast/scope.go:297 +0x162
		gitlab.nethead.at/symflower/symflower/language/java/symbol.(*transpiler).handleBlock(0xc00014c140, 0xc000a84c00, 0xc0005ddcb0)
			gitlab.nethead.at/symflower/symflower/language/java/symbol/handle.go:3711 +0x9e
		gitlab.nethead.at/symflower/symflower/language/java/symbol.(*transpiler).handleMethodDeclarationBody.(*transpiler).handleScopedBlockStatement.func2()
			gitlab.nethead.at/symflower/symflower/language/java/symbol/handle.go:2716 +0x205
		gitlab.nethead.at/symflower/symflower/model/ast.(*Scope).Scoped(0xc000508a20, 0xc001a27160)
			gitlab.nethead.at/symflower/symflower/model/ast/scope.go:297 +0x162
		gitlab.nethead.at/symflower/symflower/language/java/symbol.(*transpiler).handleScopedBlockStatement(...)
			gitlab.nethead.at/symflower/symflower/language/java/symbol/handle.go:2693
		gitlab.nethead.at/symflower/symflower/language/java/symbol.(*transpiler).handleMethodDeclarationBody(0xc00014c140, 0xc000a84c00, {0x2208170, 0xc000a78a80}, 0xc000a93300, 0x0)
			gitlab.nethead.at/symflower/symflower/language/java/symbol/handle.go:2523 +0x61b
		gitlab.nethead.at/symflower/symflower/language/java/symbol.(*transpiler).handleClassAndInterfaceDeclarationBodies(0xc00014c140, 0xc000a84c00, 0xc000a78a80)
			gitlab.nethead.at/symflower/symflower/language/java/symbol/handle.go:1534 +0x2f7
		gitlab.nethead.at/symflower/symflower/language/java/symbol.(*transpiler).handleClassDeclarationBodies(0xc00014c140, 0xc000a84c00, 0xc000a78a80)
			gitlab.nethead.at/symflower/symflower/language/java/symbol/handle.go:1419 +0x106
		gitlab.nethead.at/symflower/symflower/language/java/symbol.(*transpiler).handleBodies.func1(0xc000a84c00, {0x2207578, 0xc000a78a80})
			gitlab.nethead.at/symflower/symflower/language/java/symbol/symbols.go:532 +0x1ff
		gitlab.nethead.at/symflower/symflower/language/java/symbol.(*transpiler).walkSubDeclarations(0xc00014c140, 0xc000a84c00, 0xc001a27760, 0xc000a6ba40, 0xc000a87500, {0x2207578, 0xc000a78a80})
			gitlab.nethead.at/symflower/symflower/language/java/symbol/symbols.go:869 +0x1ee
		gitlab.nethead.at/symflower/symflower/language/java/symbol.(*transpiler).walkFile(0xc00014c140, 0x1, 0x2088c58, 0xc001a27760, 0xc000a6ba40, 0xc000a87500)
			gitlab.nethead.at/symflower/symflower/language/java/symbol/symbols.go:625 +0x3c5
		gitlab.nethead.at/symflower/symflower/language/java/symbol.(*transpiler).walkPackage(0xc00014c140, 0x1, 0x2088c58, 0xc001a27760, 0xc000a6ba40)
			gitlab.nethead.at/symflower/symflower/language/java/symbol/symbols.go:583 +0x225
		gitlab.nethead.at/symflower/symflower/language/java/symbol.(*transpiler).walkFilesAndDeclarations(0xc00014c140, 0x1, 0x2088c58, 0xc001a27760)
			gitlab.nethead.at/symflower/symflower/language/java/symbol/symbols.go:566 +0xa5
		gitlab.nethead.at/symflower/symflower/language/java/symbol.(*transpiler).handleBodies(0xc00014c140)
			gitlab.nethead.at/symflower/symflower/language/java/symbol/symbols.go:513 +0x65
		gitlab.nethead.at/symflower/symflower/language/java/symbol.symbolsWithDependencies(0xc0000101f8, {0x0?, 0x41aa94?, 0x13e43a0?}, 0x1)
			gitlab.nethead.at/symflower/symflower/language/java/symbol/symbols.go:486 +0x147
		gitlab.nethead.at/symflower/symflower/language/java/symbol.Symbols(0xc0000101f8, 0x1)
			gitlab.nethead.at/symflower/symflower/language/java/symbol/symbols.go:457 +0xf2
		gitlab.nethead.at/symflower/symflower/language/java.Adapter.Symbols(...)
			gitlab.nethead.at/symflower/symflower/language/java/symbols.go:29
		gitlab.nethead.at/symflower/symflower/cmd/symflower-local/generate.(*Generator).transpileLanguage(0xc00013f0e0, 0x0, 0x0, {0x220c620, 0x2e6b360})
			gitlab.nethead.at/symflower/symflower/cmd/symflower-local/generate/generate.go:136 +0x373
		gitlab.nethead.at/symflower/symflower/cmd/symflower-local/generate.(*Generator).Symbols(0xc00013f0e0, 0x0, 0x0)
			gitlab.nethead.at/symflower/symflower/cmd/symflower-local/generate/generate.go:94 +0x136
		gitlab.nethead.at/symflower/symflower/cmd/symflower-local/generate.(*AnalyzeEngineDefault).UnitTests(0x2a?, 0x124bba0?, {0x21eb890?, 0xc00004c540?}, {0x50?, 0x44?, 0x4?, 0x0?}, 0x2a?, {0xc0001df320, ...})
			gitlab.nethead.at/symflower/symflower/cmd/symflower-local/generate/analyze.go:153 +0x77
		gitlab.nethead.at/symflower/symflower/cmd/symflower-local/cmd.(*commandUnitTests).Execute(0xc00001a3d8, {0xc00001a008?, 0x7a10e1a531d8?, 0xc00001a3d8?})
			gitlab.nethead.at/symflower/symflower/cmd/symflower-local/cmd/unit-tests.go:85 +0x2a6
		gitlab.nethead.at/symflower/symflower/cmd.ExecuteNoExit({0x21de020, 0xc00001a008}, {0xc00019e000?, 0x44?, 0x0?})
			gitlab.nethead.at/symflower/symflower/cmd/execute.go:59 +0x2ad
		gitlab.nethead.at/symflower/symflower/cmd.Execute({0x21de020?, 0xc00001a008?}, {0xc00019e000?, 0xc00011a000?, 0xc000051f10?})
			gitlab.nethead.at/symflower/symflower/cmd/execute.go:17 +0x26
		gitlab.nethead.at/symflower/symflower/cmd.ExecuteWithOSArguments(...)
			gitlab.nethead.at/symflower/symflower/cmd/execute.go:78
		main.main.func1()
			gitlab.nethead.at/symflower/symflower/cmd/symflower-demo/main.go:39 +0x34
		gitlab.nethead.at/symflower/symflower/cmd/symflower-local/cmd.(*Command).WithPanicReporter(0xc0000b2060?, 0x0?)
			gitlab.nethead.at/symflower/symflower/cmd/symflower-local/cmd/cmd.go:151 +0x33
		main.main()
			gitlab.nethead.at/symflower/symflower/cmd/symflower-demo/main.go:38 +0x7f
src/main/java/org/jsoup/nodes/Element.java: error: unknown import
	data: org/jsoup/parser/Tag
src/main/java/org/jsoup/nodes/Element.java: error: unknown field
	data: [this struct(org/jsoup/nodes/Element, [], [pointer(reference(org/jsoup/nodes/Node))], []) Collections]
src/main/java/org/jsoup/nodes/Element.java: internal error: not all elements have the same type
	data: declaration([siblings], [pointer(genericInstance(reference(java/util/List), [pointer(reference(org/jsoup/nodes/Element))]))], [call(select(ensure_not_nil(call(select(this, parent!d41d8cd98f00b204e9800998ecf8427e), [])), children!d41d8cd98f00b204e9800998ecf8427e), [])], ModifierVisibilityPublic)
src/main/java/org/jsoup/nodes/Element.java: error: unknown import
	data: org/jsoup/select/Elements
src/main/java/org/jsoup/nodes/Element.java: error: unknown import
	data: java/util/regex/Pattern
src/main/java/org/jsoup/nodes/Element.java: internal error: not all elements have the same type
	data: declaration([siblings], [pointer(genericInstance(reference(java/util/List), [pointer(reference(org/jsoup/nodes/Element))]))], [call(select(ensure_not_nil(call(select(this, parent!d41d8cd98f00b204e9800998ecf8427e), [])), children!d41d8cd98f00b204e9800998ecf8427e), [])], ModifierVisibilityPublic)
src/main/java/org/jsoup/nodes/Element.java: internal error: not all elements have the same type
	data: declaration([siblings], [pointer(genericInstance(reference(java/util/List), [pointer(reference(org/jsoup/nodes/Element))]))], [call(select(ensure_not_nil(call(select(this, parent!d41d8cd98f00b204e9800998ecf8427e), [])), children!d41d8cd98f00b204e9800998ecf8427e), [])], ModifierVisibilityPublic)
src/main/java/org/jsoup/nodes/Element.java: error: unknown import
	data: org/jsoup/select/Evaluator
src/main/java/org/jsoup/nodes/Element.java: error: unknown import
	data: org/jsoup/select/Selector
src/main/java/org/jsoup/nodes/Element.java: internal error: not all elements have the same type
	data: declaration([siblings], [pointer(genericInstance(reference(java/util/List), [pointer(reference(org/jsoup/nodes/Element))]))], [call(select(ensure_not_nil(call(select(this, parent!d41d8cd98f00b204e9800998ecf8427e), [])), children!d41d8cd98f00b204e9800998ecf8427e), [])], ModifierVisibilityPublic)
src/main/java/org/jsoup/nodes/Entities.java: error: unknown import
	data: java/util/regex/Matcher
src/main/java/org/jsoup/nodes/Entities.java: error: unknown import
	data: java/util/regex/Pattern
src/main/java/org/jsoup/nodes/Entities.java: error: unknown function
	data: [genericInstance(reference(java/lang/Class), [pointer(reference(java/lang/Object))]) java/lang/Class<java/lang/Object>//getResourceAsStream [] [filename]]
src/main/java/org/jsoup/nodes/Entities.java: error: unknown type
	data: MissingResourceException
src/main/java/org/jsoup/nodes/Entities.java: error: unknown type
	data: HashMap
src/main/java/org/jsoup/nodes/Entities.java: error: unknown type
	data: Properties
src/main/java/org/jsoup/nodes/Entities.java: error: unknown function
	data: [pointer(genericInstance(reference(java/util/Map), [pointer(reference(java/lang/String)), pointer(reference(java/lang/Character))])) java/util/Map<java/lang/String,java/lang/Character>//entrySet [] []]
src/main/java/org/jsoup/nodes/Entities.java: error: unknown import
	data: org/jsoup/parser/Parser
src/main/java/org/jsoup/nodes/Entities.java: error: unknown import
	data: java/nio/charset/CharsetEncoder
src/main/java/org/jsoup/nodes/Node.java: error: unknown import
	data: org/jsoup/parser/Parser
src/main/java/org/jsoup/nodes/Node.java: error: unknown import
	data: org/jsoup/select/NodeVisitor
src/main/java/org/jsoup/nodes/Node.java: error: unknown import
	data: java/net/MalformedURLException
src/main/java/org/jsoup/nodes/Node.java: error: unknown import
	data: org/jsoup/helper/StringUtil
src/main/java/org/jsoup/nodes/Node.java: error: unknown import
	data: org/jsoup/helper/Validate
src/main/java/org/jsoup/nodes/Node.java: error: unknown import
	data: org/jsoup/select/NodeTraversor
src/main/java/org/jsoup/nodes/Node.java: error: unknown import
	data: java/util/Collections
src/main/java/org/jsoup/nodes/Node.java: error: unknown function
	data: [struct(org/jsoup/nodes/Node, [], [pointer(reference(java/lang/Object))], [reference(java/lang/Cloneable)]) org/jsoup/nodes/Node//addChildren [] [index call(select(ensure_not_nil(nodes), toArray!4ca58e31cd2242105fd0ef5028975b56), [cast(make(array(pointer(reference(org/jsoup/nodes/Node)), primitive(int, 32, false), 0), call(select(ensure_not_nil(nodes), size!d41d8cd98f00b204e9800998ecf8427e), [])), array(pointer(reference(java/lang/Object)), primitive(int, 32, false), 0))])]]
src/main/java/org/jsoup/nodes/Node.java: error: unknown function
	data: [<nil> java/util/ArrayList//ArrayList [pointer(reference(org/jsoup/nodes/Node))] [4]]
src/main/java/org/jsoup/nodes/Node.java: internal error: recovered panic
	data: runtime error: invalid memory address or nil pointer dereference
src/main/java/org/jsoup/nodes/Node.java: error: unknown function
	data: [struct(java/lang/Object, [], [], []) java/lang/Object//clone [] []]
src/main/java/org/jsoup/nodes/Node.java: error: unknown function
	data: [<nil> java/util/ArrayList//ArrayList [pointer(reference(org/jsoup/nodes/Node))] [-(call(select(ensure_not_nil(nodes), size!d41d8cd98f00b204e9800998ecf8427e), []), 1)]]
src/main/java/org/jsoup/nodes/Node.java: error: unknown import
	data: java/net/URL
src/main/java/org/jsoup/nodes/Node.java: internal error: not all elements have the same type
	data: declaration([children], [pointer(genericInstance(reference(java/util/List), [pointer(reference(org/jsoup/nodes/Element))]))], [call(select(ensure_not_nil(el), children!d41d8cd98f00b204e9800998ecf8427e), [])], ModifierVisibilityPublic)
src/main/java/org/jsoup/nodes/Node.java: error: unknown function
	data: [genericInstance(reference(java/util/List), [pointer(reference(org/jsoup/nodes/Node))]) java/util/List<org/jsoup/nodes/Node>//set [] [index in]]
src/main/java/org/jsoup/nodes/Node.java: error: unknown function
	data: [<nil> java/util/ArrayList//ArrayList [pointer(reference(org/jsoup/nodes/Node))] [call(select(ensure_not_nil(select(this, childNodes)), size!d41d8cd98f00b204e9800998ecf8427e), [])]]
src/main/java/org/jsoup/nodes/TextNode.java: error: unknown import
	data: org/jsoup/helper/StringUtil
src/main/java/org/jsoup/nodes/TextNode.java: error: unknown import
	data: org/jsoup/helper/Validate
internal error: scope leak
	data: map[handledNode:block([unsupported]) scopeLevelAtEntry:9 scopeLevelAtExit:10]
internal error: scope leak
	data: map[handledNode:struct(org/jsoup/nodes/Attributes//Dataset, [], [genericInstance(unsupported(AbstractMap), [pointer(reference(java/lang/String)), pointer(reference(java/lang/String))])], []) scopeLevelAtEntry:7 scopeLevelAtExit:8]
internal error: scope leak
	data: map[handledNode:struct(org/jsoup/nodes/Attributes, [], [pointer(reference(java/lang/Object))], [pointer(genericInstance(reference(java/lang/Iterable), [pointer(reference(org/jsoup/nodes/Attribute))])), reference(java/lang/Cloneable)]) scopeLevelAtEntry:6 scopeLevelAtExit:7]
Found 1 Java files
Found 75 problems in Java files
src/main/java/org/jsoup/nodes/Document.java: found 28 symbols
src/main/java/org/jsoup/nodes/Document.java: org.jsoup.nodes.Document.normalise: computing test cases
src/main/java/org/jsoup/nodes/Document.java: org.jsoup.nodes.Document.normalise: found 1 problems
src/main/java/org/jsoup/nodes/Document.java: internal error: org.jsoup.nodes.Document.normalise: unknown type kind
	data: unsupported(java/nio/charset/Charset)
src/main/java/org/jsoup/nodes/Document.java: org.jsoup.nodes.Document.title: computing test cases
src/main/java/org/jsoup/nodes/Document.java: org.jsoup.nodes.Document.title: found 1 problems
src/main/java/org/jsoup/nodes/Document.java: internal error: org.jsoup.nodes.Document.title: unknown type kind
	data: unsupported(java/nio/charset/Charset)
src/main/java/org/jsoup/nodes/Document.java: org.jsoup.nodes.Document.Document: computing test cases
src/main/java/org/jsoup/nodes/Document.java: org.jsoup.nodes.Document.Document: computed 0 unit tests
src/main/java/org/jsoup/nodes/Document.java: org.jsoup.nodes.Document.OutputSettings.OutputSettings: computing test cases
src/main/java/org/jsoup/nodes/Document.java: org.jsoup.nodes.Document.OutputSettings.OutputSettings: found 1 problems
src/main/java/org/jsoup/nodes/Document.java: internal error: org.jsoup.nodes.Document.OutputSettings.OutputSettings: unknown type kind
	data: unsupported(java/nio/charset/Charset)
src/main/java/org/jsoup/nodes/Document.java: org.jsoup.nodes.Document.body: computing test cases
src/main/java/org/jsoup/nodes/Document.java: org.jsoup.nodes.Document.body: found 1 problems
src/main/java/org/jsoup/nodes/Document.java: internal error: org.jsoup.nodes.Document.body: unknown type kind
	data: unsupported(java/nio/charset/Charset)
src/main/java/org/jsoup/nodes/Document.java: org.jsoup.nodes.Document.OutputSettings.charset: computing test cases
src/main/java/org/jsoup/nodes/Document.java: org.jsoup.nodes.Document.OutputSettings.charset: found 1 problems
src/main/java/org/jsoup/nodes/Document.java: internal error: org.jsoup.nodes.Document.OutputSettings.charset: unknown type kind
	data: unsupported(java/nio/charset/Charset)
src/main/java/org/jsoup/nodes/Document.java: org.jsoup.nodes.Document.OutputSettings.clone: computing test cases
src/main/java/org/jsoup/nodes/Document.java: org.jsoup.nodes.Document.OutputSettings.clone: found 1 problems
src/main/java/org/jsoup/nodes/Document.java: internal error: org.jsoup.nodes.Document.OutputSettings.clone: unknown type kind
	data: unsupported(java/nio/charset/Charset)
src/main/java/org/jsoup/nodes/Document.java: org.jsoup.nodes.Document.quirksMode: computing test cases
src/main/java/org/jsoup/nodes/Document.java: org.jsoup.nodes.Document.quirksMode: found 1 problems
src/main/java/org/jsoup/nodes/Document.java: internal error: org.jsoup.nodes.Document.quirksMode: unknown type kind
	data: unsupported(java/nio/charset/Charset)
src/main/java/org/jsoup/nodes/Document.java: org.jsoup.nodes.Document.outerHtml: computing test cases
src/main/java/org/jsoup/nodes/Document.java: org.jsoup.nodes.Document.outerHtml: found 1 problems
src/main/java/org/jsoup/nodes/Document.java: internal error: org.jsoup.nodes.Document.outerHtml: unknown type kind
	data: unsupported(java/nio/charset/Charset)
src/main/java/org/jsoup/nodes/Document.java: org.jsoup.nodes.Document.head: computing test cases
src/main/java/org/jsoup/nodes/Document.java: org.jsoup.nodes.Document.head: found 1 problems
src/main/java/org/jsoup/nodes/Document.java: internal error: org.jsoup.nodes.Document.head: unknown type kind
	data: unsupported(java/nio/charset/Charset)
src/main/java/org/jsoup/nodes/Document.java: org.jsoup.nodes.Document.clone: computing test cases
src/main/java/org/jsoup/nodes/Document.java: org.jsoup.nodes.Document.clone: found 1 problems
src/main/java/org/jsoup/nodes/Document.java: internal error: org.jsoup.nodes.Document.clone: unknown type kind
	data: unsupported(java/nio/charset/Charset)
src/main/java/org/jsoup/nodes/Document.java: org.jsoup.nodes.Document.OutputSettings.escapeMode: computing test cases
src/main/java/org/jsoup/nodes/Document.java: org.jsoup.nodes.Document.OutputSettings.escapeMode: found 1 problems
src/main/java/org/jsoup/nodes/Document.java: internal error: org.jsoup.nodes.Document.OutputSettings.escapeMode: unknown type kind
	data: unsupported(java/nio/charset/Charset)
src/main/java/org/jsoup/nodes/Document.java: org.jsoup.nodes.Document.OutputSettings.escapeMode: computing test cases
src/main/java/org/jsoup/nodes/Document.java: org.jsoup.nodes.Document.OutputSettings.escapeMode: found 1 problems
src/main/java/org/jsoup/nodes/Document.java: internal error: org.jsoup.nodes.Document.OutputSettings.escapeMode: unknown type kind
	data: unsupported(java/nio/charset/Charset)
src/main/java/org/jsoup/nodes/Document.java: org.jsoup.nodes.Document.OutputSettings.prettyPrint: computing test cases
src/main/java/org/jsoup/nodes/Document.java: org.jsoup.nodes.Document.OutputSettings.prettyPrint: found 1 problems
src/main/java/org/jsoup/nodes/Document.java: internal error: org.jsoup.nodes.Document.OutputSettings.prettyPrint: unknown type kind
	data: unsupported(java/nio/charset/Charset)
src/main/java/org/jsoup/nodes/Document.java: org.jsoup.nodes.Document.text: computing test cases
src/main/java/org/jsoup/nodes/Document.java: org.jsoup.nodes.Document.text: found 1 problems
src/main/java/org/jsoup/nodes/Document.java: internal error: org.jsoup.nodes.Document.text: unknown type kind
	data: unsupported(java/nio/charset/Charset)
src/main/java/org/jsoup/nodes/Document.java: org.jsoup.nodes.Document.OutputSettings.prettyPrint: computing test cases
src/main/java/org/jsoup/nodes/Document.java: org.jsoup.nodes.Document.OutputSettings.prettyPrint: found 1 problems
src/main/java/org/jsoup/nodes/Document.java: internal error: org.jsoup.nodes.Document.OutputSettings.prettyPrint: unknown type kind
	data: unsupported(java/nio/charset/Charset)
src/main/java/org/jsoup/nodes/Document.java: org.jsoup.nodes.Document.title: computing test cases
src/main/java/org/jsoup/nodes/Document.java: org.jsoup.nodes.Document.title: found 1 problems
src/main/java/org/jsoup/nodes/Document.java: internal error: org.jsoup.nodes.Document.title: unknown type kind
	data: unsupported(java/nio/charset/Charset)
src/main/java/org/jsoup/nodes/Document.java: org.jsoup.nodes.Document.outputSettings: computing test cases
src/main/java/org/jsoup/nodes/Document.java: org.jsoup.nodes.Document.outputSettings: found 1 problems
src/main/java/org/jsoup/nodes/Document.java: internal error: org.jsoup.nodes.Document.outputSettings: unknown type kind
	data: unsupported(java/nio/charset/Charset)
src/main/java/org/jsoup/nodes/Document.java: org.jsoup.nodes.Document.OutputSettings.indentAmount: computing test cases
src/main/java/org/jsoup/nodes/Document.java: org.jsoup.nodes.Document.OutputSettings.indentAmount: found 1 problems
src/main/java/org/jsoup/nodes/Document.java: internal error: org.jsoup.nodes.Document.OutputSettings.indentAmount: unknown type kind
	data: unsupported(java/nio/charset/Charset)
src/main/java/org/jsoup/nodes/Document.java: org.jsoup.nodes.Document.nodeName: computing test cases
src/main/java/org/jsoup/nodes/Document.java: org.jsoup.nodes.Document.nodeName: found 1 problems
src/main/java/org/jsoup/nodes/Document.java: internal error: org.jsoup.nodes.Document.nodeName: unknown type kind
	data: unsupported(java/nio/charset/Charset)
src/main/java/org/jsoup/nodes/Document.java: org.jsoup.nodes.Document.createShell: computing test cases
src/main/java/org/jsoup/nodes/Document.java: org.jsoup.nodes.Document.createShell: found 1 problems
src/main/java/org/jsoup/nodes/Document.java: internal error: org.jsoup.nodes.Document.createShell: unknown type kind
	data: unsupported(java/nio/charset/Charset)
src/main/java/org/jsoup/nodes/Document.java: org.jsoup.nodes.Document.OutputSettings.charset: computing test cases
src/main/java/org/jsoup/nodes/Document.java: org.jsoup.nodes.Document.OutputSettings.charset: found 1 problems
src/main/java/org/jsoup/nodes/Document.java: internal error: org.jsoup.nodes.Document.OutputSettings.charset: unknown type kind
	data: unsupported(java/nio/charset/Charset)
src/main/java/org/jsoup/nodes/Document.java: org.jsoup.nodes.Document.OutputSettings.indentAmount: computing test cases
src/main/java/org/jsoup/nodes/Document.java: org.jsoup.nodes.Document.OutputSettings.indentAmount: found 1 problems
src/main/java/org/jsoup/nodes/Document.java: internal error: org.jsoup.nodes.Document.OutputSettings.indentAmount: unknown type kind
	data: unsupported(java/nio/charset/Charset)
src/main/java/org/jsoup/nodes/Document.java: org.jsoup.nodes.Document.quirksMode: computing test cases
src/main/java/org/jsoup/nodes/Document.java: org.jsoup.nodes.Document.quirksMode: found 1 problems
src/main/java/org/jsoup/nodes/Document.java: internal error: org.jsoup.nodes.Document.quirksMode: unknown type kind
	data: unsupported(java/nio/charset/Charset)
src/main/java/org/jsoup/nodes/Document.java: org.jsoup.nodes.Document.OutputSettings.encoder: computing test cases
src/main/java/org/jsoup/nodes/Document.java: org.jsoup.nodes.Document.OutputSettings.encoder: found 1 problems
src/main/java/org/jsoup/nodes/Document.java: internal error: org.jsoup.nodes.Document.OutputSettings.encoder: unknown type kind
	data: unsupported(java/nio/charset/Charset)
src/main/java/org/jsoup/nodes/Document.java: org.jsoup.nodes.Document.outputSettings: computing test cases
src/main/java/org/jsoup/nodes/Document.java: org.jsoup.nodes.Document.outputSettings: found 1 problems
src/main/java/org/jsoup/nodes/Document.java: internal error: org.jsoup.nodes.Document.outputSettings: unknown type kind
	data: unsupported(java/nio/charset/Charset)
src/main/java/org/jsoup/nodes/Document.java: org.jsoup.nodes.Document.OutputSettings.charset: computing test cases
src/main/java/org/jsoup/nodes/Document.java: org.jsoup.nodes.Document.OutputSettings.charset: found 1 problems
src/main/java/org/jsoup/nodes/Document.java: internal error: org.jsoup.nodes.Document.OutputSettings.charset: unknown type kind
	data: unsupported(java/nio/charset/Charset)
src/main/java/org/jsoup/nodes/Document.java: org.jsoup.nodes.Document.createElement: computing test cases
src/main/java/org/jsoup/nodes/Document.java: org.jsoup.nodes.Document.createElement: found 1 problems
src/main/java/org/jsoup/nodes/Document.java: internal error: org.jsoup.nodes.Document.createElement: unknown type kind
	data: unsupported(java/nio/charset/Charset)
Analyzed 1 out of 8 source files
Had 5 errors that block a full analysis
Generated 0 tests
Found 0 potential problems
The following issues prevent a full analysis:

* 39 cases of "unknown type"
	Description: Types could not be resolved. This could be because of missing dependencies
  or a consequence of some other problem.

* 33 cases of "unknown import"
	Description: Imports could not be resolved. This is likely due to missing dependencies.

* 14 cases of "unknown function"
	Description: Functions could not be resolved. This occurs due to missing dependencies,
  or if a called function is removed due to some other problem.

* 6 cases of "not all elements have the same type"
	Description: Arguments of a function call do not match the parameter types. This usually
  occurs if a called method is removed due to some other problem, and another
  method with the same name is selected to be called.

* 5 cases of "other issues"
	Description: Uncategorized problems.

