Analyzing workspace /home/ph7/sqa-project/workspaces/jsoup_18b/
Search for Java files
Load dependency stdlib:@dev
src/main/java/org/jsoup/parser/CharacterReader.java: error: unknown import
	data: org/jsoup/helper/Validate
src/main/java/org/jsoup/parser/CharacterReader.java: unsupported: unsupported AST node
	data: &{0xc000046b80 <nil> [] 0xc000331480 0xc00016ddd0 {None [] [] None}}
src/main/java/org/jsoup/parser/CharacterReader.java: warning: overflow of cast
src/main/java/org/jsoup/parser/ParseError.java: error: unknown type
	data: TreeBuilderState
src/main/java/org/jsoup/parser/ParseError.java: error: unknown type
	data: TokeniserState
src/main/java/org/jsoup/parser/Parser.java: error: unknown import
	data: org/jsoup/nodes/Element
src/main/java/org/jsoup/parser/Parser.java: error: unknown import
	data: org/jsoup/nodes/Node
src/main/java/org/jsoup/parser/Parser.java: error: unknown function
	data: [pointer(genericInstance(reference(java/util/List), [unsupported(org/jsoup/nodes/Node)])) java/util/List<org/jsoup/nodes/Node>//toArray [] [make(array(unsupported(org/jsoup/nodes/Node), primitive(int, 32, false), 0), call(select(ensure_not_nil(nodeList), size!d41d8cd98f00b204e9800998ecf8427e), []))]]
src/main/java/org/jsoup/parser/Parser.java: error: unknown import
	data: org/jsoup/nodes/Document
src/main/java/org/jsoup/parser/Tag.java: error: unknown import
	data: org/jsoup/helper/Validate
src/main/java/org/jsoup/parser/Tag.java: error: unknown import
	data: java/util/HashMap
src/main/java/org/jsoup/parser/Token.java: error: unknown import
	data: org/jsoup/nodes/Attributes
src/main/java/org/jsoup/parser/Token.java: error: unknown type
	data: SuppressWarnings
src/main/java/org/jsoup/parser/Token.java: internal error: recovered panic
	data: runtime error: invalid memory address or nil pointer dereference
src/main/java/org/jsoup/parser/Token.java: error: unknown import
	data: org/jsoup/helper/Validate
src/main/java/org/jsoup/parser/Token.java: error: unknown import
	data: org/jsoup/nodes/Attribute
src/main/java/org/jsoup/parser/TokenQueue.java: error: unknown import
	data: org/jsoup/helper/Validate
src/main/java/org/jsoup/parser/TokenQueue.java: internal error: not all elements have the same type
	data: primitive(char, 16, true) vs primitive(int, 32, false)
src/main/java/org/jsoup/parser/TokenQueue.java: error: unknown function
	data: [pointer(reference(java/lang/StringBuilder)) java/lang/StringBuilder//append [] [c]]
src/main/java/org/jsoup/parser/Tokeniser.java: error: unknown import
	data: org/jsoup/nodes/Entities
src/main/java/org/jsoup/parser/Tokeniser.java: error: unknown type
	data: TokeniserState
src/main/java/org/jsoup/parser/Tokeniser.java: error: unknown field
	data: [this struct(org/jsoup/parser/Tokeniser, [], [pointer(reference(java/lang/Object))], []) TokeniserState]
src/main/java/org/jsoup/parser/Tokeniser.java: error: unknown function
	data: [struct(java/lang/StringBuilder, [], [pointer(reference(java/lang/Object))], [reference(java/lang/CharSequence)]) java/lang/StringBuilder//delete [] [0 call(select(ensure_not_nil(select(this, charBuffer)), length!d41d8cd98f00b204e9800998ecf8427e), [])]]
src/main/java/org/jsoup/parser/Tokeniser.java: internal error: not all elements have the same type
	data: conditional(start, [call(org/jsoup/parser/Token//StartTag//StartTag!d41d8cd98f00b204e9800998ecf8427e, []), call(org/jsoup/parser/Token//EndTag//EndTag!d41d8cd98f00b204e9800998ecf8427e, [])])
src/main/java/org/jsoup/parser/Tokeniser.java: error: unknown import
	data: org/jsoup/helper/Validate
src/main/java/org/jsoup/parser/TreeBuilder.java: error: unknown import
	data: org/jsoup/helper/DescendableLinkedList
src/main/java/org/jsoup/parser/TreeBuilder.java: error: unknown import
	data: org/jsoup/nodes
src/main/java/org/jsoup/parser/TreeBuilder.java: error: unknown field
	data: [this struct(org/jsoup/parser/TreeBuilder, [], [pointer(reference(java/lang/Object))], []) TokeniserState]
src/main/java/org/jsoup/parser/TreeBuilder.java: error: unknown type
	data: Comment
src/main/java/org/jsoup/parser/TreeBuilder.java: error: unknown import
	data: java/util/LinkedList
src/main/java/org/jsoup/parser/TreeBuilder.java: error: unknown type
	data: TreeBuilderState
src/main/java/org/jsoup/parser/TreeBuilder.java: error: unknown type
	data: Document
src/main/java/org/jsoup/parser/TreeBuilder.java: error: unknown field
	data: [this struct(org/jsoup/parser/TreeBuilder, [], [pointer(reference(java/lang/Object))], []) TreeBuilderState]
src/main/java/org/jsoup/parser/TreeBuilder.java: error: unknown import
	data: org/jsoup/helper/Validate
src/main/java/org/jsoup/parser/TreeBuilder.java: error: unknown type
	data: Element
src/main/java/org/jsoup/parser/TreeBuilder.java: error: unknown type
	data: Node
src/main/java/org/jsoup/parser/TreeBuilder.java: error: not a boolean type
	data: unsupported
src/main/java/org/jsoup/parser/TreeBuilder.java: error: unknown import
	data: org/jsoup/helper/StringUtil
src/main/java/org/jsoup/parser/TreeBuilder.java: error: unknown type
	data: DataNode
src/main/java/org/jsoup/parser/TreeBuilder.java: error: unknown field
	data: [this struct(org/jsoup/parser/TreeBuilder, [], [pointer(reference(java/lang/Object))], []) TreeBuilderState]
src/main/java/org/jsoup/parser/TreeBuilder.java: error: unknown type
	data: TextNode
src/main/java/org/jsoup/parser/TreeBuilderState.java: error: unknown import
	data: org/jsoup/helper/DescendableLinkedList
src/main/java/org/jsoup/parser/TreeBuilderState.java: error: unknown import
	data: org/jsoup/helper/StringUtil
src/main/java/org/jsoup/parser/TreeBuilderState.java: error: unknown import
	data: java/util/LinkedList
src/main/java/org/jsoup/parser/TreeBuilderState.java: error: unknown import
	data: org/jsoup/nodes
internal error: scope leak
	data: map[handledNode:block([unsupported]) scopeLevelAtEntry:9 scopeLevelAtExit:10]
internal error: scope leak
	data: map[handledNode:block([unsupported]) scopeLevelAtEntry:9 scopeLevelAtExit:10]
internal error: scope leak
	data: map[handledNode:block([unsupported]) scopeLevelAtEntry:9 scopeLevelAtExit:10]
internal error: scope leak
	data: map[handledNode:block([unsupported]) scopeLevelAtEntry:9 scopeLevelAtExit:10]
internal error: scope leak
	data: map[handledNode:block([unsupported]) scopeLevelAtEntry:9 scopeLevelAtExit:10]
Found 1 Java files
Found 50 problems in Java files
src/main/java/org/jsoup/parser/CharacterReader.java: found 27 symbols
src/main/java/org/jsoup/parser/CharacterReader.java: org.jsoup.parser.CharacterReader.consumeTo: computing test cases
src/main/java/org/jsoup/parser/CharacterReader.java: org.jsoup.parser.CharacterReader.consumeTo: computed 1 unit tests
src/main/java/org/jsoup/parser/CharacterReader.java: org.jsoup.parser.CharacterReader.consumeTo: found 1 problems
src/main/java/org/jsoup/parser/CharacterReader.java:73:22: critical: org.jsoup.parser.CharacterReader.consumeTo: uncaught java.lang.NullPointerException
src/main/java/org/jsoup/parser/CharacterReader.java: org.jsoup.parser.CharacterReader.CharacterReader: computing test cases
src/main/java/org/jsoup/parser/CharacterReader.java: org.jsoup.parser.CharacterReader.CharacterReader: computed 0 unit tests
src/main/java/org/jsoup/parser/CharacterReader.java: org.jsoup.parser.CharacterReader.CharacterReader: found 0 problems
src/main/java/org/jsoup/parser/CharacterReader.java: org.jsoup.parser.CharacterReader.matchConsumeIgnoreCase: computing test cases
src/main/java/org/jsoup/parser/CharacterReader.java: org.jsoup.parser.CharacterReader.matchConsumeIgnoreCase: computed 1 unit tests
src/main/java/org/jsoup/parser/CharacterReader.java: org.jsoup.parser.CharacterReader.matchConsumeIgnoreCase: found 1 problems
src/main/java/org/jsoup/parser/CharacterReader.java:151:16: critical: org.jsoup.parser.CharacterReader.matchConsumeIgnoreCase: uncaught java.lang.NullPointerException
src/main/java/org/jsoup/parser/CharacterReader.java: org.jsoup.parser.CharacterReader.consume: computing test cases
src/main/java/org/jsoup/parser/CharacterReader.java: org.jsoup.parser.CharacterReader.consume: computed 3 unit tests
src/main/java/org/jsoup/parser/CharacterReader.java: org.jsoup.parser.CharacterReader.consume: found 2 problems
src/main/java/org/jsoup/parser/CharacterReader.java:37:9: critical: org.jsoup.parser.CharacterReader.consume: uncaught ArithmeticException: integer overflow
		at java.lang.Math.addExact
src/main/java/org/jsoup/parser/CharacterReader.java:36:38: critical: org.jsoup.parser.CharacterReader.consume: uncaught java.lang.NullPointerException
src/main/java/org/jsoup/parser/CharacterReader.java: org.jsoup.parser.CharacterReader.consumeLetterSequence: computing test cases
src/main/java/org/jsoup/parser/CharacterReader.java: org.jsoup.parser.CharacterReader.consumeLetterSequence: computed 2 unit tests
src/main/java/org/jsoup/parser/CharacterReader.java: org.jsoup.parser.CharacterReader.consumeLetterSequence: found 2 problems
src/main/java/org/jsoup/parser/CharacterReader.java:114:16: critical: org.jsoup.parser.CharacterReader.consumeLetterSequence: uncaught java.lang.NullPointerException
src/main/java/org/jsoup/parser/CharacterReader.java:107:22: critical: org.jsoup.parser.CharacterReader.consumeLetterSequence: uncaught java.lang.NullPointerException
src/main/java/org/jsoup/parser/CharacterReader.java: org.jsoup.parser.CharacterReader.consumeToEnd: computing test cases
src/main/java/org/jsoup/parser/CharacterReader.java: org.jsoup.parser.CharacterReader.consumeToEnd: computed 1 unit tests
src/main/java/org/jsoup/parser/CharacterReader.java: org.jsoup.parser.CharacterReader.consumeToEnd: found 1 problems
src/main/java/org/jsoup/parser/CharacterReader.java:99:23: critical: org.jsoup.parser.CharacterReader.consumeToEnd: uncaught java.lang.NullPointerException
src/main/java/org/jsoup/parser/CharacterReader.java: org.jsoup.parser.CharacterReader.matches: computing test cases
src/main/java/org/jsoup/parser/CharacterReader.java: org.jsoup.parser.CharacterReader.matches: computed 2 unit tests
src/main/java/org/jsoup/parser/CharacterReader.java: org.jsoup.parser.CharacterReader.matches: found 1 problems
src/main/java/org/jsoup/parser/CharacterReader.java:142:30: critical: org.jsoup.parser.CharacterReader.matches: uncaught java.lang.NullPointerException
src/main/java/org/jsoup/parser/CharacterReader.java: org.jsoup.parser.CharacterReader.toString: computing test cases
src/main/java/org/jsoup/parser/CharacterReader.java: org.jsoup.parser.CharacterReader.toString: computed 1 unit tests
src/main/java/org/jsoup/parser/CharacterReader.java: org.jsoup.parser.CharacterReader.toString: found 1 problems
src/main/java/org/jsoup/parser/CharacterReader.java:207:16: critical: org.jsoup.parser.CharacterReader.toString: uncaught java.lang.NullPointerException
src/main/java/org/jsoup/parser/CharacterReader.java: org.jsoup.parser.CharacterReader.current: computing test cases
src/main/java/org/jsoup/parser/CharacterReader.java: org.jsoup.parser.CharacterReader.current: computed 2 unit tests
src/main/java/org/jsoup/parser/CharacterReader.java: org.jsoup.parser.CharacterReader.current: found 1 problems
src/main/java/org/jsoup/parser/CharacterReader.java:32:34: critical: org.jsoup.parser.CharacterReader.current: uncaught java.lang.NullPointerException
src/main/java/org/jsoup/parser/CharacterReader.java: org.jsoup.parser.CharacterReader.consumeHexSequence: computing test cases
src/main/java/org/jsoup/parser/CharacterReader.java: org.jsoup.parser.CharacterReader.consumeHexSequence: computed 2 unit tests
src/main/java/org/jsoup/parser/CharacterReader.java: org.jsoup.parser.CharacterReader.consumeHexSequence: found 2 problems
src/main/java/org/jsoup/parser/CharacterReader.java:126:16: critical: org.jsoup.parser.CharacterReader.consumeHexSequence: uncaught java.lang.NullPointerException
src/main/java/org/jsoup/parser/CharacterReader.java:120:22: critical: org.jsoup.parser.CharacterReader.consumeHexSequence: uncaught java.lang.NullPointerException
src/main/java/org/jsoup/parser/CharacterReader.java: org.jsoup.parser.CharacterReader.consumeToAny: computing test cases
src/main/java/org/jsoup/parser/CharacterReader.java: org.jsoup.parser.CharacterReader.consumeToAny: computed 0 unit tests
src/main/java/org/jsoup/parser/CharacterReader.java: org.jsoup.parser.CharacterReader.consumeToAny: found 0 problems
src/main/java/org/jsoup/parser/CharacterReader.java: org.jsoup.parser.CharacterReader.consumeTo: computing test cases
src/main/java/org/jsoup/parser/CharacterReader.java: org.jsoup.parser.CharacterReader.consumeTo: computed 1 unit tests
src/main/java/org/jsoup/parser/CharacterReader.java: org.jsoup.parser.CharacterReader.consumeTo: found 1 problems
src/main/java/org/jsoup/parser/CharacterReader.java:62:22: critical: org.jsoup.parser.CharacterReader.consumeTo: uncaught java.lang.NullPointerException
src/main/java/org/jsoup/parser/CharacterReader.java: org.jsoup.parser.CharacterReader.pos: computing test cases
src/main/java/org/jsoup/parser/CharacterReader.java: org.jsoup.parser.CharacterReader.pos: computed 1 unit tests
src/main/java/org/jsoup/parser/CharacterReader.java: org.jsoup.parser.CharacterReader.pos: found 0 problems
src/main/java/org/jsoup/parser/CharacterReader.java: org.jsoup.parser.CharacterReader.unconsume: computing test cases
src/main/java/org/jsoup/parser/CharacterReader.java: org.jsoup.parser.CharacterReader.unconsume: computed 2 unit tests
src/main/java/org/jsoup/parser/CharacterReader.java: org.jsoup.parser.CharacterReader.unconsume: found 1 problems
src/main/java/org/jsoup/parser/CharacterReader.java:42:9: critical: org.jsoup.parser.CharacterReader.unconsume: uncaught ArithmeticException: integer overflow
		at java.lang.Math.subtractExact
src/main/java/org/jsoup/parser/CharacterReader.java: org.jsoup.parser.CharacterReader.matchesLetter: computing test cases
src/main/java/org/jsoup/parser/CharacterReader.java: org.jsoup.parser.CharacterReader.matchesLetter: computed 2 unit tests
src/main/java/org/jsoup/parser/CharacterReader.java: org.jsoup.parser.CharacterReader.matchesLetter: found 1 problems
src/main/java/org/jsoup/parser/CharacterReader.java:169:18: critical: org.jsoup.parser.CharacterReader.matchesLetter: uncaught java.lang.NullPointerException
src/main/java/org/jsoup/parser/CharacterReader.java: org.jsoup.parser.CharacterReader.matchesDigit: computing test cases
src/main/java/org/jsoup/parser/CharacterReader.java: org.jsoup.parser.CharacterReader.matchesDigit: computed 2 unit tests
src/main/java/org/jsoup/parser/CharacterReader.java: org.jsoup.parser.CharacterReader.matchesDigit: found 1 problems
src/main/java/org/jsoup/parser/CharacterReader.java:176:18: critical: org.jsoup.parser.CharacterReader.matchesDigit: uncaught java.lang.NullPointerException
src/main/java/org/jsoup/parser/CharacterReader.java: org.jsoup.parser.CharacterReader.mark: computing test cases
src/main/java/org/jsoup/parser/CharacterReader.java: org.jsoup.parser.CharacterReader.mark: computed 1 unit tests
src/main/java/org/jsoup/parser/CharacterReader.java: org.jsoup.parser.CharacterReader.mark: found 0 problems
src/main/java/org/jsoup/parser/CharacterReader.java: org.jsoup.parser.CharacterReader.matchesIgnoreCase: computing test cases
src/main/java/org/jsoup/parser/CharacterReader.java: org.jsoup.parser.CharacterReader.matchesIgnoreCase: computed 1 unit tests
src/main/java/org/jsoup/parser/CharacterReader.java: org.jsoup.parser.CharacterReader.matchesIgnoreCase: found 1 problems
src/main/java/org/jsoup/parser/CharacterReader.java:151:16: critical: org.jsoup.parser.CharacterReader.matchesIgnoreCase: uncaught java.lang.NullPointerException
src/main/java/org/jsoup/parser/CharacterReader.java: org.jsoup.parser.CharacterReader.matchesAny: computing test cases
src/main/java/org/jsoup/parser/CharacterReader.java: org.jsoup.parser.CharacterReader.matchesAny: computed 2 unit tests
src/main/java/org/jsoup/parser/CharacterReader.java: org.jsoup.parser.CharacterReader.matchesAny: found 1 problems
src/main/java/org/jsoup/parser/CharacterReader.java:158:18: critical: org.jsoup.parser.CharacterReader.matchesAny: uncaught java.lang.NullPointerException
src/main/java/org/jsoup/parser/CharacterReader.java: org.jsoup.parser.CharacterReader.rewindToMark: computing test cases
src/main/java/org/jsoup/parser/CharacterReader.java: org.jsoup.parser.CharacterReader.rewindToMark: computed 1 unit tests
src/main/java/org/jsoup/parser/CharacterReader.java: org.jsoup.parser.CharacterReader.rewindToMark: found 0 problems
src/main/java/org/jsoup/parser/CharacterReader.java: org.jsoup.parser.CharacterReader.consumeDigitSequence: computing test cases
src/main/java/org/jsoup/parser/CharacterReader.java: org.jsoup.parser.CharacterReader.consumeDigitSequence: computed 2 unit tests
src/main/java/org/jsoup/parser/CharacterReader.java: org.jsoup.parser.CharacterReader.consumeDigitSequence: found 2 problems
src/main/java/org/jsoup/parser/CharacterReader.java:138:16: critical: org.jsoup.parser.CharacterReader.consumeDigitSequence: uncaught java.lang.NullPointerException
src/main/java/org/jsoup/parser/CharacterReader.java:132:22: critical: org.jsoup.parser.CharacterReader.consumeDigitSequence: uncaught java.lang.NullPointerException
src/main/java/org/jsoup/parser/CharacterReader.java: org.jsoup.parser.CharacterReader.advance: computing test cases
src/main/java/org/jsoup/parser/CharacterReader.java: org.jsoup.parser.CharacterReader.advance: computed 2 unit tests
src/main/java/org/jsoup/parser/CharacterReader.java: org.jsoup.parser.CharacterReader.advance: found 1 problems
src/main/java/org/jsoup/parser/CharacterReader.java:46:9: critical: org.jsoup.parser.CharacterReader.advance: uncaught ArithmeticException: integer overflow
		at java.lang.Math.addExact
src/main/java/org/jsoup/parser/CharacterReader.java: org.jsoup.parser.CharacterReader.matches: computing test cases
src/main/java/org/jsoup/parser/CharacterReader.java: org.jsoup.parser.CharacterReader.matches: computed 1 unit tests
src/main/java/org/jsoup/parser/CharacterReader.java: org.jsoup.parser.CharacterReader.matches: found 1 problems
src/main/java/org/jsoup/parser/CharacterReader.java:147:16: critical: org.jsoup.parser.CharacterReader.matches: uncaught java.lang.NullPointerException
src/main/java/org/jsoup/parser/CharacterReader.java: org.jsoup.parser.CharacterReader.isEmpty: computing test cases
src/main/java/org/jsoup/parser/CharacterReader.java: org.jsoup.parser.CharacterReader.isEmpty: computed 2 unit tests
src/main/java/org/jsoup/parser/CharacterReader.java: org.jsoup.parser.CharacterReader.isEmpty: found 0 problems
src/main/java/org/jsoup/parser/CharacterReader.java: org.jsoup.parser.CharacterReader.matchConsume: computing test cases
src/main/java/org/jsoup/parser/CharacterReader.java: org.jsoup.parser.CharacterReader.matchConsume: computed 1 unit tests
src/main/java/org/jsoup/parser/CharacterReader.java: org.jsoup.parser.CharacterReader.matchConsume: found 1 problems
src/main/java/org/jsoup/parser/CharacterReader.java:147:16: critical: org.jsoup.parser.CharacterReader.matchConsume: uncaught java.lang.NullPointerException
src/main/java/org/jsoup/parser/CharacterReader.java: org.jsoup.parser.CharacterReader.consumeAsString: computing test cases
src/main/java/org/jsoup/parser/CharacterReader.java: org.jsoup.parser.CharacterReader.consumeAsString: computed 1 unit tests
src/main/java/org/jsoup/parser/CharacterReader.java: org.jsoup.parser.CharacterReader.consumeAsString: found 1 problems
src/main/java/org/jsoup/parser/CharacterReader.java:58:16: critical: org.jsoup.parser.CharacterReader.consumeAsString: uncaught java.lang.NullPointerException
src/main/java/org/jsoup/parser/CharacterReader.java: org.jsoup.parser.CharacterReader.containsIgnoreCase: computing test cases
src/main/java/org/jsoup/parser/CharacterReader.java: org.jsoup.parser.CharacterReader.containsIgnoreCase: computed 1 unit tests
src/main/java/org/jsoup/parser/CharacterReader.java: org.jsoup.parser.CharacterReader.containsIgnoreCase: found 1 problems
src/main/java/org/jsoup/parser/CharacterReader.java:200:25: critical: org.jsoup.parser.CharacterReader.containsIgnoreCase: uncaught java.lang.NullPointerException
Symflower's table driven test style is not supported, switching to basic style
src/main/java/org/jsoup/parser/CharacterReader.java: generated unit test file src/main/java/org/jsoup/parser/CharacterReaderSymflowerTest.java
Analyzed 1 out of 9 source files
Had 5 errors that block a full analysis
Generated 38 tests
Found 26 potential problems
The following issues prevent a full analysis:

* 21 cases of "unknown import"
	Description: Imports could not be resolved. This is likely due to missing dependencies.

* 11 cases of "unknown type"
	Description: Types could not be resolved. This could be because of missing dependencies
  or a consequence of some other problem.

* 3 cases of "unknown function"
	Description: Functions could not be resolved. This occurs due to missing dependencies,
  or if a called function is removed due to some other problem.

* 2 cases of "not all elements have the same type"
	Description: Arguments of a function call do not match the parameter types. This usually
  occurs if a called method is removed due to some other problem, and another
  method with the same name is selected to be called.

* 7 cases of "other issues"
	Description: Uncategorized problems.

