Analyzing workspace /home/ph7/sqa-project/workspaces/jsoup_78b/
Search for Go files
Found 0 Go files
Search for Java files
Load dependency stdlib:@dev
src/main/java/org/jsoup/helper/DataUtil.java: org.jsoup.helper.DataUtil.DataUtil: function is private and therefore inaccessible for tests
src/main/java/org/jsoup/helper/DataUtil.java: org.jsoup.helper.DataUtil.validateCharset: function is private and therefore inaccessible for tests
src/main/java/org/jsoup/helper/DataUtil.java: org.jsoup.helper.DataUtil.detectCharsetFromBom: function is private and therefore inaccessible for tests
src/main/java/org/jsoup/helper/DataUtil.java: org.jsoup.helper.DataUtil.BomCharset.BomCharset: function is private and therefore inaccessible for tests
src/main/java/org/jsoup/helper/HttpConnection.java: org.jsoup.helper.HttpConnection.encodeUrl: function is private and therefore inaccessible for tests
src/main/java/org/jsoup/helper/HttpConnection.java: org.jsoup.helper.HttpConnection.encodeMimeName: function is private and therefore inaccessible for tests
src/main/java/org/jsoup/helper/HttpConnection.java: org.jsoup.helper.HttpConnection.HttpConnection: function is private and therefore inaccessible for tests
src/main/java/org/jsoup/helper/HttpConnection.java: org.jsoup.helper.HttpConnection.Base.Base: function is private and therefore inaccessible for tests
src/main/java/org/jsoup/helper/HttpConnection.java: org.jsoup.helper.HttpConnection.Base.url: function is private and therefore inaccessible for tests
src/main/java/org/jsoup/helper/HttpConnection.java: org.jsoup.helper.HttpConnection.Base.url: function is private and therefore inaccessible for tests
src/main/java/org/jsoup/helper/HttpConnection.java: org.jsoup.helper.HttpConnection.Base.method: function is private and therefore inaccessible for tests
src/main/java/org/jsoup/helper/HttpConnection.java: org.jsoup.helper.HttpConnection.Base.method: function is private and therefore inaccessible for tests
src/main/java/org/jsoup/helper/HttpConnection.java: org.jsoup.helper.HttpConnection.Base.header: function is private and therefore inaccessible for tests
src/main/java/org/jsoup/helper/HttpConnection.java: org.jsoup.helper.HttpConnection.Base.addHeader: function is private and therefore inaccessible for tests
src/main/java/org/jsoup/helper/HttpConnection.java: org.jsoup.helper.HttpConnection.Base.headers: function is private and therefore inaccessible for tests
src/main/java/org/jsoup/helper/HttpConnection.java: org.jsoup.helper.HttpConnection.Base.fixHeaderEncoding: function is private and therefore inaccessible for tests
src/main/java/org/jsoup/helper/HttpConnection.java: org.jsoup.helper.HttpConnection.Base.looksLikeUtf8: function is private and therefore inaccessible for tests
src/main/java/org/jsoup/helper/HttpConnection.java: org.jsoup.helper.HttpConnection.Base.header: function is private and therefore inaccessible for tests
src/main/java/org/jsoup/helper/HttpConnection.java: org.jsoup.helper.HttpConnection.Base.hasHeader: function is private and therefore inaccessible for tests
src/main/java/org/jsoup/helper/HttpConnection.java: org.jsoup.helper.HttpConnection.Base.hasHeaderWithValue: function is private and therefore inaccessible for tests
src/main/java/org/jsoup/helper/HttpConnection.java: org.jsoup.helper.HttpConnection.Base.removeHeader: function is private and therefore inaccessible for tests
src/main/java/org/jsoup/helper/HttpConnection.java: org.jsoup.helper.HttpConnection.Base.headers: function is private and therefore inaccessible for tests
src/main/java/org/jsoup/helper/HttpConnection.java: org.jsoup.helper.HttpConnection.Base.multiHeaders: function is private and therefore inaccessible for tests
src/main/java/org/jsoup/helper/HttpConnection.java: org.jsoup.helper.HttpConnection.Base.getHeadersCaseInsensitive: function is private and therefore inaccessible for tests
src/main/java/org/jsoup/helper/HttpConnection.java: org.jsoup.helper.HttpConnection.Base.scanHeaders: function is private and therefore inaccessible for tests
src/main/java/org/jsoup/helper/HttpConnection.java: org.jsoup.helper.HttpConnection.Base.cookie: function is private and therefore inaccessible for tests
src/main/java/org/jsoup/helper/HttpConnection.java: org.jsoup.helper.HttpConnection.Base.cookie: function is private and therefore inaccessible for tests
src/main/java/org/jsoup/helper/HttpConnection.java: org.jsoup.helper.HttpConnection.Base.hasCookie: function is private and therefore inaccessible for tests
src/main/java/org/jsoup/helper/HttpConnection.java: org.jsoup.helper.HttpConnection.Base.removeCookie: function is private and therefore inaccessible for tests
src/main/java/org/jsoup/helper/HttpConnection.java: org.jsoup.helper.HttpConnection.Base.cookies: function is private and therefore inaccessible for tests
src/main/java/org/jsoup/helper/HttpConnection.java: org.jsoup.helper.HttpConnection.Response.Response: function is private and therefore inaccessible for tests
src/main/java/org/jsoup/helper/HttpConnection.java: org.jsoup.helper.HttpConnection.Response.prepareByteData: function is private and therefore inaccessible for tests
src/main/java/org/jsoup/helper/HttpConnection.java: org.jsoup.helper.HttpConnection.Response.createConnection: function is private and therefore inaccessible for tests
src/main/java/org/jsoup/helper/HttpConnection.java: org.jsoup.helper.HttpConnection.Response.safeClose: function is private and therefore inaccessible for tests
src/main/java/org/jsoup/helper/HttpConnection.java: org.jsoup.helper.HttpConnection.Response.getInsecureVerifier: function is private and therefore inaccessible for tests
src/main/java/org/jsoup/helper/HttpConnection.java: org.jsoup.helper.HttpConnection.Response.initUnSecureTSL: function is private and therefore inaccessible for tests
src/main/java/org/jsoup/helper/HttpConnection.java: org.jsoup.helper.HttpConnection.Response.setupFromConnection: function is private and therefore inaccessible for tests
src/main/java/org/jsoup/helper/HttpConnection.java: org.jsoup.helper.HttpConnection.Response.createHeaderMap: function is private and therefore inaccessible for tests
src/main/java/org/jsoup/helper/HttpConnection.java: org.jsoup.helper.HttpConnection.Response.setOutputContentType: function is private and therefore inaccessible for tests
src/main/java/org/jsoup/helper/HttpConnection.java: org.jsoup.helper.HttpConnection.Response.writePost: function is private and therefore inaccessible for tests
src/main/java/org/jsoup/helper/HttpConnection.java: org.jsoup.helper.HttpConnection.Response.getRequestCookieString: function is private and therefore inaccessible for tests
src/main/java/org/jsoup/helper/HttpConnection.java: org.jsoup.helper.HttpConnection.Response.serialiseRequestUrl: function is private and therefore inaccessible for tests
src/main/java/org/jsoup/helper/HttpConnection.java: org.jsoup.helper.HttpConnection.needsMultipart: function is private and therefore inaccessible for tests
src/main/java/org/jsoup/helper/HttpConnection.java: org.jsoup.helper.HttpConnection.KeyVal.KeyVal: function is private and therefore inaccessible for tests
src/main/java/org/jsoup/helper/Validate.java: org.jsoup.helper.Validate.Validate: function is private and therefore inaccessible for tests
src/main/java/org/jsoup/helper/W3CDom.java: org.jsoup.helper.W3CDom.W3CBuilder.copyAttributes: function is private and therefore inaccessible for tests
src/main/java/org/jsoup/helper/W3CDom.java: org.jsoup.helper.W3CDom.W3CBuilder.updateNamespaces: function is private and therefore inaccessible for tests
src/main/java/org/jsoup/helper/ChangeNotifyingArrayList.java: error: unknown function
	data: [genericInstance(reference(java/util/ArrayList), [reference(E)]) java/util/ArrayList//@@constructor [] [initialCapacity]]
src/main/java/org/jsoup/helper/ChangeNotifyingArrayList.java: error: unknown function
	data: [genericInstance(reference(java/util/ArrayList), [reference(E)]) java/util/ArrayList<E>//addAll [] [c]]
src/main/java/org/jsoup/helper/ChangeNotifyingArrayList.java: error: unknown function
	data: [genericInstance(reference(java/util/ArrayList), [reference(E)]) java/util/ArrayList<E>//addAll [] [index c]]
src/main/java/org/jsoup/helper/ChangeNotifyingArrayList.java: error: unknown function
	data: [genericInstance(reference(java/util/ArrayList), [reference(E)]) java/util/ArrayList<E>//removeRange [] [fromIndex toIndex]]
src/main/java/org/jsoup/helper/ChangeNotifyingArrayList.java: error: unknown function
	data: [genericInstance(reference(java/util/ArrayList), [reference(E)]) java/util/ArrayList<E>//removeAll [] [c]]
src/main/java/org/jsoup/helper/ChangeNotifyingArrayList.java: error: unknown function
	data: [genericInstance(reference(java/util/ArrayList), [reference(E)]) java/util/ArrayList<E>//retainAll [] [c]]
src/main/java/org/jsoup/helper/DataUtil.java: error: unknown function
	data: [<nil> java/io/InputStreamReader//InputStreamReader [] [input charsetName]]
src/main/java/org/jsoup/helper/DataUtil.java: internal error: unknown node
	data: unsupported
src/main/java/org/jsoup/helper/DataUtil.java: error: unknown function
	data: [pointer(reference(java/lang/String)) java/lang/String//replace [] ["charset=" ""]]
src/main/java/org/jsoup/helper/DataUtil.java: error: unknown import
	data: org/jsoup/internal/ConstrainableInputStream
src/main/java/org/jsoup/helper/DataUtil.java: error: unknown import
	data: org/jsoup/parser/Parser
src/main/java/org/jsoup/helper/DataUtil.java: error: unknown import
	data: org/jsoup/select/Elements
src/main/java/org/jsoup/helper/DataUtil.java: error: unknown import
	data: java/util/Locale
src/main/java/org/jsoup/helper/DataUtil.java: error: unknown import
	data: java/util/regex/Pattern
src/main/java/org/jsoup/helper/DataUtil.java: error: unknown function
	data: [<nil> java/io/FileInputStream//FileInputStream [] [in]]
src/main/java/org/jsoup/helper/DataUtil.java: error: unknown import
	data: org/jsoup/nodes/Document
src/main/java/org/jsoup/helper/DataUtil.java: error: unknown import
	data: org/jsoup/nodes/Element
src/main/java/org/jsoup/helper/DataUtil.java: error: unknown import
	data: java/io/RandomAccessFile
src/main/java/org/jsoup/helper/DataUtil.java: error: unknown import
	data: java/nio/charset/IllegalCharsetNameException
src/main/java/org/jsoup/helper/DataUtil.java: error: unknown import
	data: java/util/regex/Matcher
src/main/java/org/jsoup/helper/DataUtil.java: error: unknown function
	data: [<nil> java/io/BufferedReader//BufferedReader [] [unsupported org/jsoup/helper/DataUtil//bufferSize]]
src/main/java/org/jsoup/helper/DataUtil.java: error: unknown function
	data: [pointer(reference(java/util/Random)) java/util/Random//nextInt [] [len(ensure_not_nil(org/jsoup/helper/DataUtil//mimeBoundaryChars))]]
src/main/java/org/jsoup/helper/DataUtil.java: error: unknown import
	data: java/io/File
src/main/java/org/jsoup/helper/DataUtil.java: error: unknown import
	data: java/nio/Buffer
src/main/java/org/jsoup/helper/DataUtil.java: error: unknown import
	data: java/nio/charset/Charset
src/main/java/org/jsoup/helper/DataUtil.java: error: unknown function
	data: [pointer(reference(java/lang/String)) java/lang/String//toUpperCase [] [unsupported]]
src/main/java/org/jsoup/helper/DataUtil.java: error: unknown import
	data: org/jsoup/nodes/XmlDeclaration
src/main/java/org/jsoup/helper/DataUtil.java: error: unknown import
	data: java/nio/ByteBuffer
src/main/java/org/jsoup/helper/DataUtil.java: warning: overflow of cast
src/main/java/org/jsoup/helper/DataUtil.java: warning: overflow of cast
src/main/java/org/jsoup/helper/DataUtil.java: warning: overflow of cast
src/main/java/org/jsoup/helper/DataUtil.java: warning: overflow of cast
src/main/java/org/jsoup/helper/DataUtil.java: warning: overflow of cast
src/main/java/org/jsoup/helper/DataUtil.java: warning: overflow of cast
src/main/java/org/jsoup/helper/DataUtil.java: warning: overflow of cast
src/main/java/org/jsoup/helper/DataUtil.java: warning: overflow of cast
src/main/java/org/jsoup/helper/DataUtil.java: warning: overflow of cast
src/main/java/org/jsoup/helper/DataUtil.java: warning: overflow of cast
src/main/java/org/jsoup/helper/DataUtil.java: warning: overflow of cast
src/main/java/org/jsoup/helper/HttpConnection.java: error: unknown import
	data: java/util/regex/Pattern
src/main/java/org/jsoup/helper/HttpConnection.java: error: unknown identifier
	data: Method
src/main/java/org/jsoup/helper/HttpConnection.java: error: unknown import
	data: org/jsoup/internal/ConstrainableInputStream
src/main/java/org/jsoup/helper/HttpConnection.java: error: unknown import
	data: javax/net/ssl/HostnameVerifier
src/main/java/org/jsoup/helper/HttpConnection.java: error: unknown import
	data: java/net/InetSocketAddress
src/main/java/org/jsoup/helper/HttpConnection.java: error: unknown import
	data: java/net/Proxy
src/main/java/org/jsoup/helper/HttpConnection.java: error: unknown import
	data: java/net/URL
src/main/java/org/jsoup/helper/HttpConnection.java: error: unknown import
	data: java/security/KeyManagementException
src/main/java/org/jsoup/helper/HttpConnection.java: error: unknown field
	data: [this struct(org/jsoup/helper/HttpConnection//Response, [], [pointer(genericInstance(reference(org/jsoup/helper/HttpConnection//Base), [unsupported(org/jsoup/Connection//Response)]))], [unsupported(org/jsoup/Connection//Response)]) Method]
src/main/java/org/jsoup/helper/HttpConnection.java: error: unknown import
	data: org/jsoup/UncheckedIOException
src/main/java/org/jsoup/helper/HttpConnection.java: unsupported: unsupported type
	data: genericParameter(T, [unsupported(org/jsoup/Connection//Base)])
src/main/java/org/jsoup/helper/HttpConnection.java: error: unknown function
	data: [genericInstance(reference(java/util/Map), [pointer(reference(java/lang/String)), pointer(reference(java/lang/String))]) java/util/Map<java/lang/String,java/lang/String>//entrySet [] []]
src/main/java/org/jsoup/helper/HttpConnection.java: error: unknown identifier
	data: HEAD
src/main/java/org/jsoup/helper/HttpConnection.java: error: unknown import
	data: javax/net/ssl/X509TrustManager
src/main/java/org/jsoup/helper/HttpConnection.java: error: unknown import
	data: java/nio/charset/IllegalCharsetNameException
src/main/java/org/jsoup/helper/HttpConnection.java: error: unknown import
	data: java/security/cert/X509Certificate
src/main/java/org/jsoup/helper/HttpConnection.java: error: unknown import
	data: java/util/LinkedHashMap
src/main/java/org/jsoup/helper/HttpConnection.java: internal error: not an array type
	data: genericInstance(reference(java/util/List), [pointer(reference(java/lang/String))])
src/main/java/org/jsoup/helper/HttpConnection.java: error: unknown function
	data: [pointer(reference(java/lang/String)) java/lang/String//getBytes [] ["ISO-8859-1"]]
src/main/java/org/jsoup/helper/HttpConnection.java: error: unknown identifier
	data: headers
src/main/java/org/jsoup/helper/HttpConnection.java: error: unknown import
	data: java/net/MalformedURLException
src/main/java/org/jsoup/helper/HttpConnection.java: error: unknown import
	data: java/net/URI
src/main/java/org/jsoup/helper/HttpConnection.java: error: unknown import
	data: java/util/zip/Inflater
src/main/java/org/jsoup/helper/HttpConnection.java: unsupported: unsupported operator
	data: &(==(&(cast(index(input, 1), primitive(int, 32, false)), 255), 187), ==(&(cast(index(input, 2), primitive(int, 32, false)), 255), 191))
src/main/java/org/jsoup/helper/HttpConnection.java: error: unknown function
	data: [struct(java/lang/System, [], [pointer(reference(java/lang/Object))], []) java/lang/System//nanoTime [] []]
src/main/java/org/jsoup/helper/HttpConnection.java: error: unknown type
	data: java/security/SecureRandom
src/main/java/org/jsoup/helper/HttpConnection.java: unsupported: unsupported AST node
	data: genericInstance(unsupported(java/util/LinkedHashMap), [pointer(reference(java/lang/String)), pointer(genericInstance(reference(java/util/List), [pointer(reference(java/lang/String))]))])
src/main/java/org/jsoup/helper/HttpConnection.java: error: unknown import
	data: org/jsoup/Connection/Method/HEAD
src/main/java/org/jsoup/helper/HttpConnection.java: error: unknown identifier
	data: map
src/main/java/org/jsoup/helper/HttpConnection.java: error: unknown function
	data: [<nil> addHeader [] ["Accept-Encoding" "gzip"]]
src/main/java/org/jsoup/helper/HttpConnection.java: error: unknown import
	data: javax/net/ssl/SSLSocketFactory
src/main/java/org/jsoup/helper/HttpConnection.java: error: unknown import
	data: java/io/BufferedWriter
src/main/java/org/jsoup/helper/HttpConnection.java: error: unknown import
	data: java/io/OutputStreamWriter
src/main/java/org/jsoup/helper/HttpConnection.java: error: unknown function
	data: [<nil> lowerCase [] [name]]
src/main/java/org/jsoup/helper/HttpConnection.java: error: unknown import
	data: java/security/NoSuchAlgorithmException
src/main/java/org/jsoup/helper/HttpConnection.java: error: unknown function
	data: [<nil> java/lang/String//String [] [bytes "UTF-8"]]
src/main/java/org/jsoup/helper/HttpConnection.java: error: unknown import
	data: javax/net/ssl/TrustManager
src/main/java/org/jsoup/helper/HttpConnection.java: error: unknown import
	data: java/util/zip/InflaterInputStream
src/main/java/org/jsoup/helper/HttpConnection.java: error: unknown function
	data: [pointer(genericInstance(reference(java/util/Map), [pointer(reference(java/lang/String)), pointer(reference(java/lang/String))])) java/util/Map<java/lang/String,java/lang/String>//entrySet [] []]
src/main/java/org/jsoup/helper/HttpConnection.java: error: unknown field
	data: [this struct(org/jsoup/helper/HttpConnection, [], [pointer(reference(java/lang/Object))], [unsupported(org/jsoup/Connection)]) Method]
src/main/java/org/jsoup/helper/HttpConnection.java: error: unknown import
	data: java/net/URLEncoder
src/main/java/org/jsoup/helper/HttpConnection.java: error: unknown import
	data: java/nio/Buffer
src/main/java/org/jsoup/helper/HttpConnection.java: error: unknown type
	data: SuppressWarnings
src/main/java/org/jsoup/helper/HttpConnection.java: error: unknown import
	data: org/jsoup/parser/TokenQueue
src/main/java/org/jsoup/helper/HttpConnection.java: error: unknown import
	data: javax/net/ssl/SSLContext
src/main/java/org/jsoup/helper/HttpConnection.java: error: unknown type
	data: Method
src/main/java/org/jsoup/helper/HttpConnection.java: error: unknown function
	data: [genericInstance(reference(java/util/Map), [pointer(reference(java/lang/String)), pointer(genericInstance(reference(java/util/List), [pointer(reference(java/lang/String))]))]) java/util/Map<java/lang/String,java/util/List<java/lang/String>>//entrySet [] []]
src/main/java/org/jsoup/helper/HttpConnection.java: error: unknown import
	data: javax/net/ssl/SSLSession
src/main/java/org/jsoup/helper/HttpConnection.java: error: unknown import
	data: java/io/ByteArrayInputStream
src/main/java/org/jsoup/helper/HttpConnection.java: error: unknown function
	data: [struct(org/jsoup/helper/Validate, [], [pointer(reference(java/lang/Object))], []) org/jsoup/helper/Validate//notNull [] [keyvals "Data key value pairs must not be null"]]
src/main/java/org/jsoup/helper/HttpConnection.java: error: unknown field
	data: [this struct(org/jsoup/helper/HttpConnection, [], [pointer(reference(java/lang/Object))], [unsupported(org/jsoup/Connection)]) Method]
src/main/java/org/jsoup/helper/HttpConnection.java: error: unknown field
	data: [this struct(org/jsoup/helper/HttpConnection//Request, [], [pointer(genericInstance(reference(org/jsoup/helper/HttpConnection//Base), [unsupported(org/jsoup/Connection//Request)]))], [unsupported(org/jsoup/Connection//Request)]) Method]
src/main/java/org/jsoup/helper/HttpConnection.java: error: unknown import
	data: org/jsoup/Connection
src/main/java/org/jsoup/helper/HttpConnection.java: error: unknown import
	data: org/jsoup/parser/Parser
src/main/java/org/jsoup/helper/HttpConnection.java: error: unknown import
	data: java/io/BufferedInputStream
src/main/java/org/jsoup/helper/HttpConnection.java: error: unknown import
	data: org/jsoup/nodes/Document
src/main/java/org/jsoup/helper/HttpConnection.java: error: unknown import
	data: javax/net/ssl/HttpsURLConnection
src/main/java/org/jsoup/helper/HttpConnection.java: error: unknown function
	data: [pointer(genericInstance(reference(java/util/Map), [pointer(reference(java/lang/String)), pointer(reference(java/lang/String))])) java/util/Map<java/lang/String,java/lang/String>//entrySet [] []]
src/main/java/org/jsoup/helper/HttpConnection.java: error: unknown function
	data: [<nil> addHeader [] [org/jsoup/helper/HttpConnection//USER_AGENT org/jsoup/helper/HttpConnection//DEFAULT_UA]]
src/main/java/org/jsoup/helper/HttpConnection.java: internal error: type does not support nil values
	data: unsupported(javax/net/ssl/HttpsURLConnection)
src/main/java/org/jsoup/helper/HttpConnection.java: error: unknown function
	data: [pointer(genericInstance(reference(java/util/Map), [pointer(reference(java/lang/String)), pointer(genericInstance(reference(java/util/List), [pointer(reference(java/lang/String))]))])) java/util/Map<java/lang/String,java/util/List<java/lang/String>>//entrySet [] []]
src/main/java/org/jsoup/helper/HttpConnection.java: error: unknown import
	data: org/jsoup/UnsupportedMimeTypeException
src/main/java/org/jsoup/helper/HttpConnection.java: error: unknown import
	data: java/net/HttpURLConnection
src/main/java/org/jsoup/helper/HttpConnection.java: error: unknown import
	data: java/nio/charset/Charset
src/main/java/org/jsoup/helper/HttpConnection.java: error: unknown import
	data: java/util/zip/GZIPInputStream
src/main/java/org/jsoup/helper/HttpConnection.java: error: unknown import
	data: org/jsoup/internal/Normalizer/lowerCase
src/main/java/org/jsoup/helper/HttpConnection.java: error: unknown function
	data: [pointer(genericInstance(reference(java/util/Map), [pointer(reference(java/lang/String)), pointer(reference(java/lang/String))])) java/util/Map<java/lang/String,java/lang/String>//entrySet [] []]
src/main/java/org/jsoup/helper/HttpConnection.java: error: unknown function
	data: [pointer(genericInstance(reference(java/util/Map//Entry), [pointer(reference(java/lang/String)), pointer(genericInstance(reference(java/util/List), [pointer(reference(java/lang/String))]))])) java/util/Map//Entry<java/lang/String,java/util/List<java/lang/String>>//getKey [] []]
src/main/java/org/jsoup/helper/HttpConnection.java: error: unknown import
	data: org/jsoup/HttpStatusException
src/main/java/org/jsoup/helper/HttpConnection.java: error: unknown import
	data: java/io/UnsupportedEncodingException
src/main/java/org/jsoup/helper/HttpConnection.java: error: unknown import
	data: java/nio/ByteBuffer
src/main/java/org/jsoup/helper/HttpConnection.java: error: unknown import
	data: java/util/Collections
src/main/java/org/jsoup/helper/StringUtil.java: error: unknown function
	data: [pointer(reference(java/lang/StringBuilder)) java/lang/StringBuilder//append [] [call(select(ensure_not_nil(strings), next!d41d8cd98f00b204e9800998ecf8427e), [])]]
src/main/java/org/jsoup/helper/StringUtil.java: error: unknown function
	data: [pointer(reference(java/lang/StringBuilder)) java/lang/StringBuilder//appendCodePoint [] [c]]
src/main/java/org/jsoup/helper/StringUtil.java: error: unknown function
	data: [pointer(reference(java/lang/StringBuilder)) java/lang/StringBuilder//delete [] [0 call(select(ensure_not_nil(sb), length!d41d8cd98f00b204e9800998ecf8427e), [])]]
src/main/java/org/jsoup/helper/StringUtil.java: unsupported: unsupported AST node
	data: genericInstance(unsupported(ThreadLocal), [pointer(reference(java/lang/StringBuilder))])
src/main/java/org/jsoup/helper/StringUtil.java: error: unknown import
	data: java/net/MalformedURLException
src/main/java/org/jsoup/helper/StringUtil.java: error: unknown import
	data: java/net/URL
src/main/java/org/jsoup/helper/StringUtil.java: error: unknown import
	data: java/util/Arrays
src/main/java/org/jsoup/helper/StringUtil.java: error: unknown type
	data: ThreadLocal
src/main/java/org/jsoup/helper/StringUtil.java: unsupported: encountered an unsupported type
	data: unsupported(ThreadLocal)
src/main/java/org/jsoup/helper/W3CDom.java: error: unknown type
	data: org/jsoup/nodes/Element
src/main/java/org/jsoup/helper/W3CDom.java: error: unknown type
	data: org/jsoup/nodes/Comment
src/main/java/org/jsoup/helper/W3CDom.java: error: unknown type
	data: org/jsoup/nodes/DataNode
src/main/java/org/jsoup/helper/W3CDom.java: error: unknown import
	data: org/jsoup/nodes/Attribute
src/main/java/org/jsoup/helper/W3CDom.java: error: unknown import
	data: org/jsoup/select/NodeVisitor
src/main/java/org/jsoup/helper/W3CDom.java: error: unknown import
	data: javax/xml/parsers/DocumentBuilderFactory
src/main/java/org/jsoup/helper/W3CDom.java: error: unknown import
	data: javax/xml/parsers/ParserConfigurationException
src/main/java/org/jsoup/helper/W3CDom.java: error: unknown import
	data: javax/xml/transform/stream/StreamResult
src/main/java/org/jsoup/helper/W3CDom.java: error: unknown import
	data: java/util/HashMap
src/main/java/org/jsoup/helper/W3CDom.java: internal error: type does not support nil values
	data: unsupported(org/jsoup/nodes/Element)
src/main/java/org/jsoup/helper/W3CDom.java: error: unknown import
	data: org/w3c/dom/Text
src/main/java/org/jsoup/helper/W3CDom.java: error: unknown import
	data: javax/xml/parsers/DocumentBuilder
src/main/java/org/jsoup/helper/W3CDom.java: error: unknown import
	data: javax/xml/transform/TransformerException
src/main/java/org/jsoup/helper/W3CDom.java: error: unknown import
	data: javax/xml/transform/TransformerFactory
src/main/java/org/jsoup/helper/W3CDom.java: error: unknown import
	data: java/util/Stack
src/main/java/org/jsoup/helper/W3CDom.java: unsupported: unsupported AST node
	data: genericInstance(unsupported(java/util/Stack), [genericInstance(unsupported(java/util/HashMap), [pointer(reference(java/lang/String)), pointer(reference(java/lang/String))])])
src/main/java/org/jsoup/helper/W3CDom.java: error: unknown type
	data: org/jsoup/nodes/TextNode
src/main/java/org/jsoup/helper/W3CDom.java: internal error: type does not support nil values
	data: unsupported(org/jsoup/nodes/Element)
src/main/java/org/jsoup/helper/W3CDom.java: error: unknown import
	data: org/jsoup/nodes/Attributes
src/main/java/org/jsoup/helper/W3CDom.java: error: unknown import
	data: org/jsoup/select/NodeTraversor
src/main/java/org/jsoup/helper/W3CDom.java: error: unknown import
	data: org/w3c/dom/Document
src/main/java/org/jsoup/helper/W3CDom.java: error: unknown import
	data: org/w3c/dom/Element
src/main/java/org/jsoup/helper/W3CDom.java: error: unknown import
	data: javax/xml/transform/Transformer
src/main/java/org/jsoup/helper/W3CDom.java: error: unknown import
	data: javax/xml/transform/dom/DOMSource
src/main/java/org/jsoup/helper/W3CDom.java: error: unknown type
	data: org/jsoup/nodes/Document
src/main/java/org/jsoup/helper/W3CDom.java: error: unknown type
	data: org/jsoup/nodes/Node
src/main/java/org/jsoup/helper/W3CDom.java: error: unknown import
	data: org/w3c/dom/Comment
src/main/java/org/jsoup/helper/W3CDom.java: error: unknown import
	data: java/io/StringWriter
Found 6 Java files
Found 148 problems in Java files
src/main/java/org/jsoup/helper/ChangeNotifyingArrayList.java: found 13 symbols
src/main/java/org/jsoup/helper/DataUtil.java: found 11 symbols
src/main/java/org/jsoup/helper/HttpConnection.java: found 87 symbols
src/main/java/org/jsoup/helper/StringUtil.java: found 16 symbols
src/main/java/org/jsoup/helper/Validate.java: found 11 symbols
src/main/java/org/jsoup/helper/W3CDom.java: found 6 symbols
src/main/java/org/jsoup/helper/ChangeNotifyingArrayList.java: org.jsoup.helper.ChangeNotifyingArrayList.addAll: computing test cases
src/main/java/org/jsoup/helper/ChangeNotifyingArrayList.java: org.jsoup.helper.ChangeNotifyingArrayList.addAll: computed 0 unit tests
src/main/java/org/jsoup/helper/ChangeNotifyingArrayList.java: org.jsoup.helper.ChangeNotifyingArrayList.remove: computing test cases
src/main/java/org/jsoup/helper/ChangeNotifyingArrayList.java: org.jsoup.helper.ChangeNotifyingArrayList.remove: computed 0 unit tests
src/main/java/org/jsoup/helper/ChangeNotifyingArrayList.java: org.jsoup.helper.ChangeNotifyingArrayList.remove: computing test cases
src/main/java/org/jsoup/helper/ChangeNotifyingArrayList.java: org.jsoup.helper.ChangeNotifyingArrayList.remove: computed 0 unit tests
src/main/java/org/jsoup/helper/ChangeNotifyingArrayList.java: org.jsoup.helper.ChangeNotifyingArrayList.add: computing test cases
src/main/java/org/jsoup/helper/ChangeNotifyingArrayList.java: org.jsoup.helper.ChangeNotifyingArrayList.add: computed 0 unit tests
src/main/java/org/jsoup/helper/ChangeNotifyingArrayList.java: org.jsoup.helper.ChangeNotifyingArrayList.removeRange: computing test cases
src/main/java/org/jsoup/helper/ChangeNotifyingArrayList.java: org.jsoup.helper.ChangeNotifyingArrayList.removeRange: computed 0 unit tests
src/main/java/org/jsoup/helper/ChangeNotifyingArrayList.java: org.jsoup.helper.ChangeNotifyingArrayList.clear: computing test cases
src/main/java/org/jsoup/helper/ChangeNotifyingArrayList.java: org.jsoup.helper.ChangeNotifyingArrayList.clear: computed 0 unit tests
src/main/java/org/jsoup/helper/ChangeNotifyingArrayList.java: org.jsoup.helper.ChangeNotifyingArrayList.removeAll: computing test cases
src/main/java/org/jsoup/helper/ChangeNotifyingArrayList.java: org.jsoup.helper.ChangeNotifyingArrayList.removeAll: computed 0 unit tests
src/main/java/org/jsoup/helper/ChangeNotifyingArrayList.java: org.jsoup.helper.ChangeNotifyingArrayList.retainAll: computing test cases
src/main/java/org/jsoup/helper/ChangeNotifyingArrayList.java: org.jsoup.helper.ChangeNotifyingArrayList.retainAll: computed 0 unit tests
src/main/java/org/jsoup/helper/ChangeNotifyingArrayList.java: org.jsoup.helper.ChangeNotifyingArrayList.onContentsChanged: computing test cases
src/main/java/org/jsoup/helper/ChangeNotifyingArrayList.java: org.jsoup.helper.ChangeNotifyingArrayList.onContentsChanged: function is abstract and therefore inaccessible for tests
src/main/java/org/jsoup/helper/ChangeNotifyingArrayList.java: org.jsoup.helper.ChangeNotifyingArrayList.set: computing test cases
src/main/java/org/jsoup/helper/ChangeNotifyingArrayList.java: org.jsoup.helper.ChangeNotifyingArrayList.set: computed 0 unit tests
src/main/java/org/jsoup/helper/ChangeNotifyingArrayList.java: org.jsoup.helper.ChangeNotifyingArrayList.addAll: computing test cases
src/main/java/org/jsoup/helper/ChangeNotifyingArrayList.java: org.jsoup.helper.ChangeNotifyingArrayList.addAll: computed 0 unit tests
src/main/java/org/jsoup/helper/ChangeNotifyingArrayList.java: org.jsoup.helper.ChangeNotifyingArrayList.add: computing test cases
src/main/java/org/jsoup/helper/ChangeNotifyingArrayList.java: org.jsoup.helper.ChangeNotifyingArrayList.add: computed 0 unit tests
src/main/java/org/jsoup/helper/ChangeNotifyingArrayList.java: org.jsoup.helper.ChangeNotifyingArrayList.ChangeNotifyingArrayList: computing test cases
src/main/java/org/jsoup/helper/ChangeNotifyingArrayList.java: org.jsoup.helper.ChangeNotifyingArrayList.ChangeNotifyingArrayList: computed 0 unit tests
src/main/java/org/jsoup/helper/DataUtil.java: org.jsoup.helper.DataUtil.getCharsetFromContentType: computing test cases
src/main/java/org/jsoup/helper/DataUtil.java: org.jsoup.helper.DataUtil.getCharsetFromContentType: computed 0 unit tests
src/main/java/org/jsoup/helper/DataUtil.java: org.jsoup.helper.DataUtil.getCharsetFromContentType: found 0 problems
src/main/java/org/jsoup/helper/DataUtil.java: org.jsoup.helper.DataUtil.load: computing test cases
src/main/java/org/jsoup/helper/DataUtil.java: org.jsoup.helper.DataUtil.load: computed 0 unit tests
src/main/java/org/jsoup/helper/DataUtil.java: org.jsoup.helper.DataUtil.load: found 0 problems
src/main/java/org/jsoup/helper/DataUtil.java: org.jsoup.helper.DataUtil.load: computing test cases
src/main/java/org/jsoup/helper/DataUtil.java: org.jsoup.helper.DataUtil.load: computed 0 unit tests
src/main/java/org/jsoup/helper/DataUtil.java: org.jsoup.helper.DataUtil.load: found 0 problems
src/main/java/org/jsoup/helper/DataUtil.java: org.jsoup.helper.DataUtil.emptyByteBuffer: computing test cases
src/main/java/org/jsoup/helper/DataUtil.java: org.jsoup.helper.DataUtil.emptyByteBuffer: computed 0 unit tests
src/main/java/org/jsoup/helper/DataUtil.java: org.jsoup.helper.DataUtil.emptyByteBuffer: found 0 problems
src/main/java/org/jsoup/helper/DataUtil.java: org.jsoup.helper.DataUtil.load: computing test cases
src/main/java/org/jsoup/helper/DataUtil.java: org.jsoup.helper.DataUtil.load: computed 0 unit tests
src/main/java/org/jsoup/helper/DataUtil.java: org.jsoup.helper.DataUtil.load: found 0 problems
src/main/java/org/jsoup/helper/DataUtil.java: org.jsoup.helper.DataUtil.readToByteBuffer: computing test cases
src/main/java/org/jsoup/helper/DataUtil.java: org.jsoup.helper.DataUtil.readToByteBuffer: computed 0 unit tests
src/main/java/org/jsoup/helper/DataUtil.java: org.jsoup.helper.DataUtil.readToByteBuffer: found 0 problems
src/main/java/org/jsoup/helper/DataUtil.java: org.jsoup.helper.DataUtil.crossStreams: computing test cases
src/main/java/org/jsoup/helper/DataUtil.java: org.jsoup.helper.DataUtil.crossStreams: computed 0 unit tests
src/main/java/org/jsoup/helper/DataUtil.java: org.jsoup.helper.DataUtil.crossStreams: found 0 problems
src/main/java/org/jsoup/helper/DataUtil.java: org.jsoup.helper.DataUtil.parseInputStream: computing test cases
src/main/java/org/jsoup/helper/DataUtil.java: org.jsoup.helper.DataUtil.parseInputStream: computed 0 unit tests
src/main/java/org/jsoup/helper/DataUtil.java: org.jsoup.helper.DataUtil.readFileToByteBuffer: computing test cases
src/main/java/org/jsoup/helper/DataUtil.java: org.jsoup.helper.DataUtil.readFileToByteBuffer: computed 0 unit tests
src/main/java/org/jsoup/helper/DataUtil.java: org.jsoup.helper.DataUtil.readFileToByteBuffer: found 0 problems
src/main/java/org/jsoup/helper/DataUtil.java: org.jsoup.helper.DataUtil.mimeBoundary: computing test cases
src/main/java/org/jsoup/helper/DataUtil.java: org.jsoup.helper.DataUtil.mimeBoundary: computed 0 unit tests
src/main/java/org/jsoup/helper/DataUtil.java: org.jsoup.helper.DataUtil.mimeBoundary: found 0 problems
src/main/java/org/jsoup/helper/DataUtil.java: org.jsoup.helper.DataUtil.readToByteBuffer: computing test cases
src/main/java/org/jsoup/helper/DataUtil.java: org.jsoup.helper.DataUtil.readToByteBuffer: computed 0 unit tests
src/main/java/org/jsoup/helper/DataUtil.java: org.jsoup.helper.DataUtil.readToByteBuffer: found 0 problems
src/main/java/org/jsoup/helper/HttpConnection.java: org.jsoup.helper.HttpConnection.KeyVal.toString: computing test cases
src/main/java/org/jsoup/helper/HttpConnection.java: org.jsoup.helper.HttpConnection.KeyVal.toString: computed 1 unit tests
src/main/java/org/jsoup/helper/HttpConnection.java: org.jsoup.helper.HttpConnection.KeyVal.toString: found 0 problems
src/main/java/org/jsoup/helper/HttpConnection.java: org.jsoup.helper.HttpConnection.Request.timeout: computing test cases
src/main/java/org/jsoup/helper/HttpConnection.java: org.jsoup.helper.HttpConnection.Request.timeout: found 1 problems
src/main/java/org/jsoup/helper/HttpConnection.java: internal error: org.jsoup.helper.HttpConnection.Request.timeout: unknown type kind
	data: unsupported(java/net/Proxy)
src/main/java/org/jsoup/helper/HttpConnection.java: org.jsoup.helper.HttpConnection.Request.requestBody: computing test cases
src/main/java/org/jsoup/helper/HttpConnection.java: org.jsoup.helper.HttpConnection.Request.requestBody: found 1 problems
src/main/java/org/jsoup/helper/HttpConnection.java: internal error: org.jsoup.helper.HttpConnection.Request.requestBody: unknown type kind
	data: unsupported(java/net/Proxy)
src/main/java/org/jsoup/helper/HttpConnection.java: org.jsoup.helper.HttpConnection.encodeUrl: computing test cases
src/main/java/org/jsoup/helper/HttpConnection.java: org.jsoup.helper.HttpConnection.encodeUrl: computed 0 unit tests
src/main/java/org/jsoup/helper/HttpConnection.java: org.jsoup.helper.HttpConnection.encodeUrl: found 1 problems
src/main/java/org/jsoup/helper/HttpConnection.java: unsupported: org.jsoup.helper.HttpConnection.encodeUrl: encountered an unsupported type
	data: unsupported(java/net/URL)
src/main/java/org/jsoup/helper/HttpConnection.java: org.jsoup.helper.HttpConnection.ignoreContentType: computing test cases
src/main/java/org/jsoup/helper/HttpConnection.java: org.jsoup.helper.HttpConnection.ignoreContentType: found 1 problems
src/main/java/org/jsoup/helper/HttpConnection.java: internal error: org.jsoup.helper.HttpConnection.ignoreContentType: unknown type kind
	data: unsupported(org/jsoup/Connection//Request)
src/main/java/org/jsoup/helper/HttpConnection.java: org.jsoup.helper.HttpConnection.validateTLSCertificates: computing test cases
src/main/java/org/jsoup/helper/HttpConnection.java: org.jsoup.helper.HttpConnection.validateTLSCertificates: found 1 problems
src/main/java/org/jsoup/helper/HttpConnection.java: internal error: org.jsoup.helper.HttpConnection.validateTLSCertificates: unknown type kind
	data: unsupported(org/jsoup/Connection//Request)
src/main/java/org/jsoup/helper/HttpConnection.java: org.jsoup.helper.HttpConnection.data: computing test cases
src/main/java/org/jsoup/helper/HttpConnection.java: org.jsoup.helper.HttpConnection.data: found 1 problems
src/main/java/org/jsoup/helper/HttpConnection.java: internal error: org.jsoup.helper.HttpConnection.data: unknown type kind
	data: unsupported(org/jsoup/Connection//Request)
src/main/java/org/jsoup/helper/HttpConnection.java: org.jsoup.helper.HttpConnection.Request.validateTLSCertificates: computing test cases
src/main/java/org/jsoup/helper/HttpConnection.java: org.jsoup.helper.HttpConnection.Request.validateTLSCertificates: found 1 problems
src/main/java/org/jsoup/helper/HttpConnection.java: internal error: org.jsoup.helper.HttpConnection.Request.validateTLSCertificates: unknown type kind
	data: unsupported(java/net/Proxy)
src/main/java/org/jsoup/helper/HttpConnection.java: org.jsoup.helper.HttpConnection.Response.contentType: computing test cases
src/main/java/org/jsoup/helper/HttpConnection.java: org.jsoup.helper.HttpConnection.Response.contentType: found 1 problems
src/main/java/org/jsoup/helper/HttpConnection.java: internal error: org.jsoup.helper.HttpConnection.Response.contentType: unknown type kind
	data: unsupported(java/nio/ByteBuffer)
src/main/java/org/jsoup/helper/HttpConnection.java: org.jsoup.helper.HttpConnection.KeyVal.value: computing test cases
src/main/java/org/jsoup/helper/HttpConnection.java: org.jsoup.helper.HttpConnection.KeyVal.value: computed 1 unit tests
src/main/java/org/jsoup/helper/HttpConnection.java: org.jsoup.helper.HttpConnection.KeyVal.value: found 0 problems
src/main/java/org/jsoup/helper/HttpConnection.java: org.jsoup.helper.HttpConnection.data: computing test cases
src/main/java/org/jsoup/helper/HttpConnection.java: org.jsoup.helper.HttpConnection.data: found 1 problems
src/main/java/org/jsoup/helper/HttpConnection.java: internal error: org.jsoup.helper.HttpConnection.data: unknown type kind
	data: unsupported(org/jsoup/Connection//Request)
src/main/java/org/jsoup/helper/HttpConnection.java: org.jsoup.helper.HttpConnection.Request.ignoreHttpErrors: computing test cases
src/main/java/org/jsoup/helper/HttpConnection.java: org.jsoup.helper.HttpConnection.Request.ignoreHttpErrors: found 1 problems
src/main/java/org/jsoup/helper/HttpConnection.java: internal error: org.jsoup.helper.HttpConnection.Request.ignoreHttpErrors: unknown type kind
	data: unsupported(java/net/Proxy)
src/main/java/org/jsoup/helper/HttpConnection.java: org.jsoup.helper.HttpConnection.KeyVal.key: computing test cases
src/main/java/org/jsoup/helper/HttpConnection.java: org.jsoup.helper.HttpConnection.KeyVal.key: computed 1 unit tests
src/main/java/org/jsoup/helper/HttpConnection.java: org.jsoup.helper.HttpConnection.KeyVal.key: found 0 problems
src/main/java/org/jsoup/helper/HttpConnection.java: org.jsoup.helper.HttpConnection.ignoreHttpErrors: computing test cases
src/main/java/org/jsoup/helper/HttpConnection.java: org.jsoup.helper.HttpConnection.ignoreHttpErrors: found 1 problems
src/main/java/org/jsoup/helper/HttpConnection.java: internal error: org.jsoup.helper.HttpConnection.ignoreHttpErrors: unknown type kind
	data: unsupported(org/jsoup/Connection//Request)
src/main/java/org/jsoup/helper/HttpConnection.java: org.jsoup.helper.HttpConnection.response: computing test cases
src/main/java/org/jsoup/helper/HttpConnection.java: org.jsoup.helper.HttpConnection.response: found 1 problems
src/main/java/org/jsoup/helper/HttpConnection.java: internal error: org.jsoup.helper.HttpConnection.response: unknown type kind
	data: unsupported(org/jsoup/Connection//Request)
src/main/java/org/jsoup/helper/HttpConnection.java: org.jsoup.helper.HttpConnection.Request.proxy: computing test cases
src/main/java/org/jsoup/helper/HttpConnection.java: org.jsoup.helper.HttpConnection.Request.proxy: found 1 problems
src/main/java/org/jsoup/helper/HttpConnection.java: internal error: org.jsoup.helper.HttpConnection.Request.proxy: unknown type kind
	data: unsupported(java/net/Proxy)
src/main/java/org/jsoup/helper/HttpConnection.java: org.jsoup.helper.HttpConnection.Request.proxy: computing test cases
src/main/java/org/jsoup/helper/HttpConnection.java: org.jsoup.helper.HttpConnection.Request.proxy: found 1 problems
src/main/java/org/jsoup/helper/HttpConnection.java: internal error: org.jsoup.helper.HttpConnection.Request.proxy: unknown type kind
	data: unsupported(java/net/Proxy)
src/main/java/org/jsoup/helper/HttpConnection.java: org.jsoup.helper.HttpConnection.Request.postDataCharset: computing test cases
src/main/java/org/jsoup/helper/HttpConnection.java: org.jsoup.helper.HttpConnection.Request.postDataCharset: found 1 problems
src/main/java/org/jsoup/helper/HttpConnection.java: internal error: org.jsoup.helper.HttpConnection.Request.postDataCharset: unknown type kind
	data: unsupported(java/net/Proxy)
src/main/java/org/jsoup/helper/HttpConnection.java: org.jsoup.helper.HttpConnection.connect: computing test cases
src/main/java/org/jsoup/helper/HttpConnection.java: org.jsoup.helper.HttpConnection.connect: computed 0 unit tests
src/main/java/org/jsoup/helper/HttpConnection.java: org.jsoup.helper.HttpConnection.connect: found 0 problems
src/main/java/org/jsoup/helper/HttpConnection.java: org.jsoup.helper.HttpConnection.data: computing test cases
src/main/java/org/jsoup/helper/HttpConnection.java: org.jsoup.helper.HttpConnection.data: found 1 problems
src/main/java/org/jsoup/helper/HttpConnection.java: internal error: org.jsoup.helper.HttpConnection.data: unknown type kind
	data: unsupported(org/jsoup/Connection//Request)
src/main/java/org/jsoup/helper/HttpConnection.java: org.jsoup.helper.HttpConnection.cookies: computing test cases
src/main/java/org/jsoup/helper/HttpConnection.java: org.jsoup.helper.HttpConnection.cookies: found 1 problems
src/main/java/org/jsoup/helper/HttpConnection.java: internal error: org.jsoup.helper.HttpConnection.cookies: unknown type kind
	data: unsupported(org/jsoup/Connection//Request)
src/main/java/org/jsoup/helper/HttpConnection.java: org.jsoup.helper.HttpConnection.Request.timeout: computing test cases
src/main/java/org/jsoup/helper/HttpConnection.java: org.jsoup.helper.HttpConnection.Request.timeout: found 1 problems
src/main/java/org/jsoup/helper/HttpConnection.java: internal error: org.jsoup.helper.HttpConnection.Request.timeout: unknown type kind
	data: unsupported(java/net/Proxy)
src/main/java/org/jsoup/helper/HttpConnection.java: org.jsoup.helper.HttpConnection.Request.parser: computing test cases
src/main/java/org/jsoup/helper/HttpConnection.java: org.jsoup.helper.HttpConnection.Request.parser: found 1 problems
src/main/java/org/jsoup/helper/HttpConnection.java: internal error: org.jsoup.helper.HttpConnection.Request.parser: unknown type kind
	data: unsupported(java/net/Proxy)
src/main/java/org/jsoup/helper/HttpConnection.java: org.jsoup.helper.HttpConnection.connect: computing test cases
src/main/java/org/jsoup/helper/HttpConnection.java: org.jsoup.helper.HttpConnection.connect: computed 0 unit tests
src/main/java/org/jsoup/helper/HttpConnection.java: org.jsoup.helper.HttpConnection.connect: found 1 problems
src/main/java/org/jsoup/helper/HttpConnection.java: unsupported: org.jsoup.helper.HttpConnection.connect: encountered an unsupported type
	data: unsupported(java/net/URL)
src/main/java/org/jsoup/helper/HttpConnection.java: org.jsoup.helper.HttpConnection.followRedirects: computing test cases
src/main/java/org/jsoup/helper/HttpConnection.java: org.jsoup.helper.HttpConnection.followRedirects: found 1 problems
src/main/java/org/jsoup/helper/HttpConnection.java: internal error: org.jsoup.helper.HttpConnection.followRedirects: unknown type kind
	data: unsupported(org/jsoup/Connection//Request)
src/main/java/org/jsoup/helper/HttpConnection.java: org.jsoup.helper.HttpConnection.post: computing test cases
src/main/java/org/jsoup/helper/HttpConnection.java: org.jsoup.helper.HttpConnection.post: found 1 problems
src/main/java/org/jsoup/helper/HttpConnection.java: internal error: org.jsoup.helper.HttpConnection.post: unknown type kind
	data: unsupported(org/jsoup/Connection//Request)
src/main/java/org/jsoup/helper/HttpConnection.java: org.jsoup.helper.HttpConnection.Request.maxBodySize: computing test cases
src/main/java/org/jsoup/helper/HttpConnection.java: org.jsoup.helper.HttpConnection.Request.maxBodySize: found 1 problems
src/main/java/org/jsoup/helper/HttpConnection.java: internal error: org.jsoup.helper.HttpConnection.Request.maxBodySize: unknown type kind
	data: unsupported(java/net/Proxy)
src/main/java/org/jsoup/helper/HttpConnection.java: org.jsoup.helper.HttpConnection.Request.followRedirects: computing test cases
src/main/java/org/jsoup/helper/HttpConnection.java: org.jsoup.helper.HttpConnection.Request.followRedirects: found 1 problems
src/main/java/org/jsoup/helper/HttpConnection.java: internal error: org.jsoup.helper.HttpConnection.Request.followRedirects: unknown type kind
	data: unsupported(java/net/Proxy)
src/main/java/org/jsoup/helper/HttpConnection.java: org.jsoup.helper.HttpConnection.Response.execute: computing test cases
src/main/java/org/jsoup/helper/HttpConnection.java: org.jsoup.helper.HttpConnection.Response.execute: found 1 problems
src/main/java/org/jsoup/helper/HttpConnection.java: internal error: org.jsoup.helper.HttpConnection.Response.execute: unknown type kind
	data: unsupported(java/nio/ByteBuffer)
src/main/java/org/jsoup/helper/HttpConnection.java: org.jsoup.helper.HttpConnection.header: computing test cases
src/main/java/org/jsoup/helper/HttpConnection.java: org.jsoup.helper.HttpConnection.header: found 1 problems
src/main/java/org/jsoup/helper/HttpConnection.java: internal error: org.jsoup.helper.HttpConnection.header: unknown type kind
	data: unsupported(org/jsoup/Connection//Request)
src/main/java/org/jsoup/helper/HttpConnection.java: org.jsoup.helper.HttpConnection.KeyVal.key: computing test cases
src/main/java/org/jsoup/helper/HttpConnection.java: org.jsoup.helper.HttpConnection.KeyVal.key: computed 1 unit tests
src/main/java/org/jsoup/helper/HttpConnection.java: org.jsoup.helper.HttpConnection.KeyVal.key: found 0 problems
src/main/java/org/jsoup/helper/HttpConnection.java: org.jsoup.helper.HttpConnection.KeyVal.inputStream: computing test cases
src/main/java/org/jsoup/helper/HttpConnection.java: org.jsoup.helper.HttpConnection.KeyVal.inputStream: computed 1 unit tests
src/main/java/org/jsoup/helper/HttpConnection.java: org.jsoup.helper.HttpConnection.KeyVal.inputStream: found 0 problems
src/main/java/org/jsoup/helper/HttpConnection.java: org.jsoup.helper.HttpConnection.url: computing test cases
src/main/java/org/jsoup/helper/HttpConnection.java: org.jsoup.helper.HttpConnection.url: found 1 problems
src/main/java/org/jsoup/helper/HttpConnection.java: internal error: org.jsoup.helper.HttpConnection.url: unknown type kind
	data: unsupported(org/jsoup/Connection//Request)
src/main/java/org/jsoup/helper/HttpConnection.java: org.jsoup.helper.HttpConnection.proxy: computing test cases
src/main/java/org/jsoup/helper/HttpConnection.java: org.jsoup.helper.HttpConnection.proxy: found 1 problems
src/main/java/org/jsoup/helper/HttpConnection.java: internal error: org.jsoup.helper.HttpConnection.proxy: unknown type kind
	data: unsupported(org/jsoup/Connection//Request)
src/main/java/org/jsoup/helper/HttpConnection.java: org.jsoup.helper.HttpConnection.Request.proxy: computing test cases
src/main/java/org/jsoup/helper/HttpConnection.java: org.jsoup.helper.HttpConnection.Request.proxy: found 1 problems
src/main/java/org/jsoup/helper/HttpConnection.java: internal error: org.jsoup.helper.HttpConnection.Request.proxy: unknown type kind
	data: unsupported(java/net/Proxy)
src/main/java/org/jsoup/helper/HttpConnection.java: org.jsoup.helper.HttpConnection.Response.bufferUp: computing test cases
src/main/java/org/jsoup/helper/HttpConnection.java: org.jsoup.helper.HttpConnection.Response.bufferUp: found 1 problems
src/main/java/org/jsoup/helper/HttpConnection.java: internal error: org.jsoup.helper.HttpConnection.Response.bufferUp: unknown type kind
	data: unsupported(java/nio/ByteBuffer)
src/main/java/org/jsoup/helper/HttpConnection.java: org.jsoup.helper.HttpConnection.data: computing test cases
src/main/java/org/jsoup/helper/HttpConnection.java: org.jsoup.helper.HttpConnection.data: found 1 problems
src/main/java/org/jsoup/helper/HttpConnection.java: internal error: org.jsoup.helper.HttpConnection.data: unknown type kind
	data: unsupported(org/jsoup/Connection//Request)
src/main/java/org/jsoup/helper/HttpConnection.java: org.jsoup.helper.HttpConnection.url: computing test cases
src/main/java/org/jsoup/helper/HttpConnection.java: org.jsoup.helper.HttpConnection.url: found 1 problems
src/main/java/org/jsoup/helper/HttpConnection.java: internal error: org.jsoup.helper.HttpConnection.url: unknown type kind
	data: unsupported(org/jsoup/Connection//Request)
src/main/java/org/jsoup/helper/HttpConnection.java: org.jsoup.helper.HttpConnection.request: computing test cases
src/main/java/org/jsoup/helper/HttpConnection.java: org.jsoup.helper.HttpConnection.request: found 1 problems
src/main/java/org/jsoup/helper/HttpConnection.java: internal error: org.jsoup.helper.HttpConnection.request: unknown type kind
	data: unsupported(org/jsoup/Connection//Request)
src/main/java/org/jsoup/helper/HttpConnection.java: org.jsoup.helper.HttpConnection.Request.data: computing test cases
src/main/java/org/jsoup/helper/HttpConnection.java: org.jsoup.helper.HttpConnection.Request.data: found 1 problems
src/main/java/org/jsoup/helper/HttpConnection.java: internal error: org.jsoup.helper.HttpConnection.Request.data: unknown type kind
	data: unsupported(java/net/Proxy)
src/main/java/org/jsoup/helper/HttpConnection.java: org.jsoup.helper.HttpConnection.Response.parse: computing test cases
src/main/java/org/jsoup/helper/HttpConnection.java: org.jsoup.helper.HttpConnection.Response.parse: found 1 problems
src/main/java/org/jsoup/helper/HttpConnection.java: internal error: org.jsoup.helper.HttpConnection.Response.parse: unknown type kind
	data: unsupported(java/nio/ByteBuffer)
src/main/java/org/jsoup/helper/HttpConnection.java: org.jsoup.helper.HttpConnection.Request.requestBody: computing test cases
src/main/java/org/jsoup/helper/HttpConnection.java: org.jsoup.helper.HttpConnection.Request.requestBody: found 1 problems
src/main/java/org/jsoup/helper/HttpConnection.java: internal error: org.jsoup.helper.HttpConnection.Request.requestBody: unknown type kind
	data: unsupported(java/net/Proxy)
src/main/java/org/jsoup/helper/HttpConnection.java: org.jsoup.helper.HttpConnection.maxBodySize: computing test cases
src/main/java/org/jsoup/helper/HttpConnection.java: org.jsoup.helper.HttpConnection.maxBodySize: found 1 problems
src/main/java/org/jsoup/helper/HttpConnection.java: internal error: org.jsoup.helper.HttpConnection.maxBodySize: unknown type kind
	data: unsupported(org/jsoup/Connection//Request)
src/main/java/org/jsoup/helper/HttpConnection.java: org.jsoup.helper.HttpConnection.cookie: computing test cases
src/main/java/org/jsoup/helper/HttpConnection.java: org.jsoup.helper.HttpConnection.cookie: found 1 problems
src/main/java/org/jsoup/helper/HttpConnection.java: internal error: org.jsoup.helper.HttpConnection.cookie: unknown type kind
	data: unsupported(org/jsoup/Connection//Request)
src/main/java/org/jsoup/helper/HttpConnection.java: org.jsoup.helper.HttpConnection.Request.ignoreContentType: computing test cases
src/main/java/org/jsoup/helper/HttpConnection.java: org.jsoup.helper.HttpConnection.Request.ignoreContentType: found 1 problems
src/main/java/org/jsoup/helper/HttpConnection.java: internal error: org.jsoup.helper.HttpConnection.Request.ignoreContentType: unknown type kind
	data: unsupported(java/net/Proxy)
src/main/java/org/jsoup/helper/HttpConnection.java: org.jsoup.helper.HttpConnection.KeyVal.contentType: computing test cases
src/main/java/org/jsoup/helper/HttpConnection.java: org.jsoup.helper.HttpConnection.KeyVal.contentType: computed 1 unit tests
src/main/java/org/jsoup/helper/HttpConnection.java: org.jsoup.helper.HttpConnection.KeyVal.contentType: found 0 problems
src/main/java/org/jsoup/helper/HttpConnection.java: org.jsoup.helper.HttpConnection.execute: computing test cases
src/main/java/org/jsoup/helper/HttpConnection.java: org.jsoup.helper.HttpConnection.execute: found 1 problems
src/main/java/org/jsoup/helper/HttpConnection.java: internal error: org.jsoup.helper.HttpConnection.execute: unknown type kind
	data: unsupported(org/jsoup/Connection//Request)
src/main/java/org/jsoup/helper/HttpConnection.java: org.jsoup.helper.HttpConnection.Request.ignoreContentType: computing test cases
src/main/java/org/jsoup/helper/HttpConnection.java: org.jsoup.helper.HttpConnection.Request.ignoreContentType: found 1 problems
src/main/java/org/jsoup/helper/HttpConnection.java: internal error: org.jsoup.helper.HttpConnection.Request.ignoreContentType: unknown type kind
	data: unsupported(java/net/Proxy)
src/main/java/org/jsoup/helper/HttpConnection.java: org.jsoup.helper.HttpConnection.Response.bodyAsBytes: computing test cases
src/main/java/org/jsoup/helper/HttpConnection.java: org.jsoup.helper.HttpConnection.Response.bodyAsBytes: found 1 problems
src/main/java/org/jsoup/helper/HttpConnection.java: internal error: org.jsoup.helper.HttpConnection.Response.bodyAsBytes: unknown type kind
	data: unsupported(java/nio/ByteBuffer)
src/main/java/org/jsoup/helper/HttpConnection.java: org.jsoup.helper.HttpConnection.KeyVal.value: computing test cases
src/main/java/org/jsoup/helper/HttpConnection.java: org.jsoup.helper.HttpConnection.KeyVal.value: computed 1 unit tests
src/main/java/org/jsoup/helper/HttpConnection.java: org.jsoup.helper.HttpConnection.KeyVal.value: found 0 problems
src/main/java/org/jsoup/helper/HttpConnection.java: org.jsoup.helper.HttpConnection.data: computing test cases
src/main/java/org/jsoup/helper/HttpConnection.java: org.jsoup.helper.HttpConnection.data: found 1 problems
src/main/java/org/jsoup/helper/HttpConnection.java: internal error: org.jsoup.helper.HttpConnection.data: unknown type kind
	data: unsupported(org/jsoup/Connection//Request)
src/main/java/org/jsoup/helper/HttpConnection.java: org.jsoup.helper.HttpConnection.parser: computing test cases
src/main/java/org/jsoup/helper/HttpConnection.java: org.jsoup.helper.HttpConnection.parser: found 1 problems
src/main/java/org/jsoup/helper/HttpConnection.java: internal error: org.jsoup.helper.HttpConnection.parser: unknown type kind
	data: unsupported(org/jsoup/Connection//Request)
src/main/java/org/jsoup/helper/HttpConnection.java: org.jsoup.helper.HttpConnection.get: computing test cases
src/main/java/org/jsoup/helper/HttpConnection.java: org.jsoup.helper.HttpConnection.get: found 1 problems
src/main/java/org/jsoup/helper/HttpConnection.java: internal error: org.jsoup.helper.HttpConnection.get: unknown type kind
	data: unsupported(org/jsoup/Connection//Request)
src/main/java/org/jsoup/helper/HttpConnection.java: org.jsoup.helper.HttpConnection.Request.validateTLSCertificates: computing test cases
src/main/java/org/jsoup/helper/HttpConnection.java: org.jsoup.helper.HttpConnection.Request.validateTLSCertificates: found 1 problems
src/main/java/org/jsoup/helper/HttpConnection.java: internal error: org.jsoup.helper.HttpConnection.Request.validateTLSCertificates: unknown type kind
	data: unsupported(java/net/Proxy)
src/main/java/org/jsoup/helper/HttpConnection.java: org.jsoup.helper.HttpConnection.Response.statusCode: computing test cases
src/main/java/org/jsoup/helper/HttpConnection.java: org.jsoup.helper.HttpConnection.Response.statusCode: found 1 problems
src/main/java/org/jsoup/helper/HttpConnection.java: internal error: org.jsoup.helper.HttpConnection.Response.statusCode: unknown type kind
	data: unsupported(java/nio/ByteBuffer)
src/main/java/org/jsoup/helper/HttpConnection.java: org.jsoup.helper.HttpConnection.Response.charset: computing test cases
src/main/java/org/jsoup/helper/HttpConnection.java: org.jsoup.helper.HttpConnection.Response.charset: found 1 problems
src/main/java/org/jsoup/helper/HttpConnection.java: internal error: org.jsoup.helper.HttpConnection.Response.charset: unknown type kind
	data: unsupported(java/nio/ByteBuffer)
src/main/java/org/jsoup/helper/HttpConnection.java: org.jsoup.helper.HttpConnection.Response.body: computing test cases
src/main/java/org/jsoup/helper/HttpConnection.java: org.jsoup.helper.HttpConnection.Response.body: found 1 problems
src/main/java/org/jsoup/helper/HttpConnection.java: internal error: org.jsoup.helper.HttpConnection.Response.body: unknown type kind
	data: unsupported(java/nio/ByteBuffer)
src/main/java/org/jsoup/helper/HttpConnection.java: org.jsoup.helper.HttpConnection.userAgent: computing test cases
src/main/java/org/jsoup/helper/HttpConnection.java: org.jsoup.helper.HttpConnection.userAgent: found 1 problems
src/main/java/org/jsoup/helper/HttpConnection.java: internal error: org.jsoup.helper.HttpConnection.userAgent: unknown type kind
	data: unsupported(org/jsoup/Connection//Request)
src/main/java/org/jsoup/helper/HttpConnection.java: org.jsoup.helper.HttpConnection.postDataCharset: computing test cases
src/main/java/org/jsoup/helper/HttpConnection.java: org.jsoup.helper.HttpConnection.postDataCharset: found 1 problems
src/main/java/org/jsoup/helper/HttpConnection.java: internal error: org.jsoup.helper.HttpConnection.postDataCharset: unknown type kind
	data: unsupported(org/jsoup/Connection//Request)
src/main/java/org/jsoup/helper/HttpConnection.java: org.jsoup.helper.HttpConnection.Request.data: computing test cases
src/main/java/org/jsoup/helper/HttpConnection.java: org.jsoup.helper.HttpConnection.Request.data: found 1 problems
src/main/java/org/jsoup/helper/HttpConnection.java: internal error: org.jsoup.helper.HttpConnection.Request.data: unknown type kind
	data: unsupported(java/net/Proxy)
src/main/java/org/jsoup/helper/HttpConnection.java: org.jsoup.helper.HttpConnection.Response.charset: computing test cases
src/main/java/org/jsoup/helper/HttpConnection.java: org.jsoup.helper.HttpConnection.Response.charset: found 1 problems
src/main/java/org/jsoup/helper/HttpConnection.java: internal error: org.jsoup.helper.HttpConnection.Response.charset: unknown type kind
	data: unsupported(java/nio/ByteBuffer)
src/main/java/org/jsoup/helper/HttpConnection.java: org.jsoup.helper.HttpConnection.Request.ignoreHttpErrors: computing test cases
src/main/java/org/jsoup/helper/HttpConnection.java: org.jsoup.helper.HttpConnection.Request.ignoreHttpErrors: found 1 problems
src/main/java/org/jsoup/helper/HttpConnection.java: internal error: org.jsoup.helper.HttpConnection.Request.ignoreHttpErrors: unknown type kind
	data: unsupported(java/net/Proxy)
src/main/java/org/jsoup/helper/HttpConnection.java: org.jsoup.helper.HttpConnection.KeyVal.inputStream: computing test cases
src/main/java/org/jsoup/helper/HttpConnection.java: org.jsoup.helper.HttpConnection.KeyVal.inputStream: computed 1 unit tests
src/main/java/org/jsoup/helper/HttpConnection.java: org.jsoup.helper.HttpConnection.KeyVal.inputStream: found 0 problems
src/main/java/org/jsoup/helper/HttpConnection.java: org.jsoup.helper.HttpConnection.referrer: computing test cases
src/main/java/org/jsoup/helper/HttpConnection.java: org.jsoup.helper.HttpConnection.referrer: found 1 problems
src/main/java/org/jsoup/helper/HttpConnection.java: internal error: org.jsoup.helper.HttpConnection.referrer: unknown type kind
	data: unsupported(org/jsoup/Connection//Request)
src/main/java/org/jsoup/helper/HttpConnection.java: org.jsoup.helper.HttpConnection.data: computing test cases
src/main/java/org/jsoup/helper/HttpConnection.java: org.jsoup.helper.HttpConnection.data: found 1 problems
src/main/java/org/jsoup/helper/HttpConnection.java: internal error: org.jsoup.helper.HttpConnection.data: unknown type kind
	data: unsupported(org/jsoup/Connection//Request)
src/main/java/org/jsoup/helper/HttpConnection.java: org.jsoup.helper.HttpConnection.Request.Request: computing test cases
src/main/java/org/jsoup/helper/HttpConnection.java: org.jsoup.helper.HttpConnection.Request.Request: found 1 problems
src/main/java/org/jsoup/helper/HttpConnection.java: internal error: org.jsoup.helper.HttpConnection.Request.Request: unknown type kind
	data: unsupported(java/net/Proxy)
src/main/java/org/jsoup/helper/HttpConnection.java: org.jsoup.helper.HttpConnection.Request.parser: computing test cases
src/main/java/org/jsoup/helper/HttpConnection.java: org.jsoup.helper.HttpConnection.Request.parser: found 1 problems
src/main/java/org/jsoup/helper/HttpConnection.java: internal error: org.jsoup.helper.HttpConnection.Request.parser: unknown type kind
	data: unsupported(java/net/Proxy)
src/main/java/org/jsoup/helper/HttpConnection.java: org.jsoup.helper.HttpConnection.Request.followRedirects: computing test cases
src/main/java/org/jsoup/helper/HttpConnection.java: org.jsoup.helper.HttpConnection.Request.followRedirects: found 1 problems
src/main/java/org/jsoup/helper/HttpConnection.java: internal error: org.jsoup.helper.HttpConnection.Request.followRedirects: unknown type kind
	data: unsupported(java/net/Proxy)
src/main/java/org/jsoup/helper/HttpConnection.java: org.jsoup.helper.HttpConnection.Response.Response: computing test cases
src/main/java/org/jsoup/helper/HttpConnection.java: org.jsoup.helper.HttpConnection.Response.Response: found 1 problems
src/main/java/org/jsoup/helper/HttpConnection.java: internal error: org.jsoup.helper.HttpConnection.Response.Response: unknown type kind
	data: unsupported(java/nio/ByteBuffer)
src/main/java/org/jsoup/helper/HttpConnection.java: org.jsoup.helper.HttpConnection.KeyVal.contentType: computing test cases
src/main/java/org/jsoup/helper/HttpConnection.java: org.jsoup.helper.HttpConnection.KeyVal.contentType: computed 0 unit tests
src/main/java/org/jsoup/helper/HttpConnection.java: org.jsoup.helper.HttpConnection.KeyVal.contentType: found 1 problems
src/main/java/org/jsoup/helper/HttpConnection.java: unsupported: org.jsoup.helper.HttpConnection.KeyVal.contentType: encountered an unsupported type
	data: unsupported(org/jsoup/Connection//KeyVal)
src/main/java/org/jsoup/helper/HttpConnection.java: org.jsoup.helper.HttpConnection.requestBody: computing test cases
src/main/java/org/jsoup/helper/HttpConnection.java: org.jsoup.helper.HttpConnection.requestBody: found 1 problems
src/main/java/org/jsoup/helper/HttpConnection.java: internal error: org.jsoup.helper.HttpConnection.requestBody: unknown type kind
	data: unsupported(org/jsoup/Connection//Request)
src/main/java/org/jsoup/helper/HttpConnection.java: org.jsoup.helper.HttpConnection.Request.postDataCharset: computing test cases
src/main/java/org/jsoup/helper/HttpConnection.java: org.jsoup.helper.HttpConnection.Request.postDataCharset: found 1 problems
src/main/java/org/jsoup/helper/HttpConnection.java: internal error: org.jsoup.helper.HttpConnection.Request.postDataCharset: unknown type kind
	data: unsupported(java/net/Proxy)
src/main/java/org/jsoup/helper/HttpConnection.java: org.jsoup.helper.HttpConnection.Response.bodyStream: computing test cases
src/main/java/org/jsoup/helper/HttpConnection.java: org.jsoup.helper.HttpConnection.Response.bodyStream: found 1 problems
src/main/java/org/jsoup/helper/HttpConnection.java: internal error: org.jsoup.helper.HttpConnection.Response.bodyStream: unknown type kind
	data: unsupported(java/nio/ByteBuffer)
src/main/java/org/jsoup/helper/HttpConnection.java: org.jsoup.helper.HttpConnection.KeyVal.create: computing test cases
src/main/java/org/jsoup/helper/HttpConnection.java: org.jsoup.helper.HttpConnection.KeyVal.create: found 1 problems
src/main/java/org/jsoup/helper/HttpConnection.java: internal error: org.jsoup.helper.HttpConnection.KeyVal.create: unknown type kind
	data: unsupported(org/jsoup/Connection//Request)
src/main/java/org/jsoup/helper/HttpConnection.java: org.jsoup.helper.HttpConnection.Response.statusMessage: computing test cases
src/main/java/org/jsoup/helper/HttpConnection.java: org.jsoup.helper.HttpConnection.Response.statusMessage: found 1 problems
src/main/java/org/jsoup/helper/HttpConnection.java: internal error: org.jsoup.helper.HttpConnection.Response.statusMessage: unknown type kind
	data: unsupported(java/nio/ByteBuffer)
src/main/java/org/jsoup/helper/HttpConnection.java: org.jsoup.helper.HttpConnection.proxy: computing test cases
src/main/java/org/jsoup/helper/HttpConnection.java: org.jsoup.helper.HttpConnection.proxy: found 1 problems
src/main/java/org/jsoup/helper/HttpConnection.java: internal error: org.jsoup.helper.HttpConnection.proxy: unknown type kind
	data: unsupported(org/jsoup/Connection//Request)
src/main/java/org/jsoup/helper/HttpConnection.java: org.jsoup.helper.HttpConnection.timeout: computing test cases
src/main/java/org/jsoup/helper/HttpConnection.java: org.jsoup.helper.HttpConnection.timeout: found 1 problems
src/main/java/org/jsoup/helper/HttpConnection.java: internal error: org.jsoup.helper.HttpConnection.timeout: unknown type kind
	data: unsupported(org/jsoup/Connection//Request)
src/main/java/org/jsoup/helper/HttpConnection.java: org.jsoup.helper.HttpConnection.Request.maxBodySize: computing test cases
src/main/java/org/jsoup/helper/HttpConnection.java: org.jsoup.helper.HttpConnection.Request.maxBodySize: found 1 problems
src/main/java/org/jsoup/helper/HttpConnection.java: internal error: org.jsoup.helper.HttpConnection.Request.maxBodySize: unknown type kind
	data: unsupported(java/net/Proxy)
src/main/java/org/jsoup/helper/HttpConnection.java: org.jsoup.helper.HttpConnection.Response.processResponseHeaders: computing test cases
src/main/java/org/jsoup/helper/HttpConnection.java: org.jsoup.helper.HttpConnection.Response.processResponseHeaders: found 1 problems
src/main/java/org/jsoup/helper/HttpConnection.java: internal error: org.jsoup.helper.HttpConnection.Response.processResponseHeaders: unknown type kind
	data: unsupported(java/nio/ByteBuffer)
src/main/java/org/jsoup/helper/HttpConnection.java: org.jsoup.helper.HttpConnection.data: computing test cases
src/main/java/org/jsoup/helper/HttpConnection.java: org.jsoup.helper.HttpConnection.data: found 1 problems
src/main/java/org/jsoup/helper/HttpConnection.java: internal error: org.jsoup.helper.HttpConnection.data: unknown type kind
	data: unsupported(org/jsoup/Connection//Request)
src/main/java/org/jsoup/helper/HttpConnection.java: org.jsoup.helper.HttpConnection.request: computing test cases
src/main/java/org/jsoup/helper/HttpConnection.java: org.jsoup.helper.HttpConnection.request: found 1 problems
src/main/java/org/jsoup/helper/HttpConnection.java: internal error: org.jsoup.helper.HttpConnection.request: unknown type kind
	data: unsupported(org/jsoup/Connection//Request)
src/main/java/org/jsoup/helper/HttpConnection.java: org.jsoup.helper.HttpConnection.Response.execute: computing test cases
src/main/java/org/jsoup/helper/HttpConnection.java: org.jsoup.helper.HttpConnection.Response.execute: found 1 problems
src/main/java/org/jsoup/helper/HttpConnection.java: internal error: org.jsoup.helper.HttpConnection.Response.execute: unknown type kind
	data: unsupported(java/nio/ByteBuffer)
src/main/java/org/jsoup/helper/HttpConnection.java: org.jsoup.helper.HttpConnection.headers: computing test cases
src/main/java/org/jsoup/helper/HttpConnection.java: org.jsoup.helper.HttpConnection.headers: found 1 problems
src/main/java/org/jsoup/helper/HttpConnection.java: internal error: org.jsoup.helper.HttpConnection.headers: unknown type kind
	data: unsupported(org/jsoup/Connection//Request)
src/main/java/org/jsoup/helper/HttpConnection.java: org.jsoup.helper.HttpConnection.response: computing test cases
src/main/java/org/jsoup/helper/HttpConnection.java: org.jsoup.helper.HttpConnection.response: found 1 problems
src/main/java/org/jsoup/helper/HttpConnection.java: internal error: org.jsoup.helper.HttpConnection.response: unknown type kind
	data: unsupported(org/jsoup/Connection//Request)
src/main/java/org/jsoup/helper/HttpConnection.java: org.jsoup.helper.HttpConnection.method: computing test cases
src/main/java/org/jsoup/helper/HttpConnection.java: org.jsoup.helper.HttpConnection.method: found 1 problems
src/main/java/org/jsoup/helper/HttpConnection.java: internal error: org.jsoup.helper.HttpConnection.method: unknown type kind
	data: unsupported(org/jsoup/Connection//Request)
src/main/java/org/jsoup/helper/HttpConnection.java: org.jsoup.helper.HttpConnection.KeyVal.create: computing test cases
src/main/java/org/jsoup/helper/HttpConnection.java: org.jsoup.helper.HttpConnection.KeyVal.create: found 1 problems
src/main/java/org/jsoup/helper/HttpConnection.java: internal error: org.jsoup.helper.HttpConnection.KeyVal.create: unknown type kind
	data: unsupported(org/jsoup/Connection//Request)
src/main/java/org/jsoup/helper/HttpConnection.java: org.jsoup.helper.HttpConnection.KeyVal.hasInputStream: computing test cases
src/main/java/org/jsoup/helper/HttpConnection.java: org.jsoup.helper.HttpConnection.KeyVal.hasInputStream: computed 2 unit tests
src/main/java/org/jsoup/helper/HttpConnection.java: org.jsoup.helper.HttpConnection.KeyVal.hasInputStream: found 0 problems
src/main/java/org/jsoup/helper/StringUtil.java: org.jsoup.helper.StringUtil.isNumeric: computing test cases
src/main/java/org/jsoup/helper/StringUtil.java: org.jsoup.helper.StringUtil.isNumeric: computed 0 unit tests
src/main/java/org/jsoup/helper/StringUtil.java: org.jsoup.helper.StringUtil.isNumeric: found 0 problems
src/main/java/org/jsoup/helper/StringUtil.java: org.jsoup.helper.StringUtil.isInvisibleChar: computing test cases
src/main/java/org/jsoup/helper/StringUtil.java: org.jsoup.helper.StringUtil.isInvisibleChar: computed 0 unit tests
src/main/java/org/jsoup/helper/StringUtil.java: org.jsoup.helper.StringUtil.isInvisibleChar: found 0 problems
src/main/java/org/jsoup/helper/StringUtil.java: org.jsoup.helper.StringUtil.in: computing test cases
src/main/java/org/jsoup/helper/StringUtil.java: org.jsoup.helper.StringUtil.in: computed 0 unit tests
src/main/java/org/jsoup/helper/StringUtil.java: org.jsoup.helper.StringUtil.in: found 0 problems
src/main/java/org/jsoup/helper/StringUtil.java: org.jsoup.helper.StringUtil.resolve: computing test cases
src/main/java/org/jsoup/helper/StringUtil.java: org.jsoup.helper.StringUtil.resolve: computed 0 unit tests
src/main/java/org/jsoup/helper/StringUtil.java: org.jsoup.helper.StringUtil.resolve: found 0 problems
src/main/java/org/jsoup/helper/StringUtil.java: org.jsoup.helper.StringUtil.isBlank: computing test cases
src/main/java/org/jsoup/helper/StringUtil.java: org.jsoup.helper.StringUtil.isBlank: computed 0 unit tests
src/main/java/org/jsoup/helper/StringUtil.java: org.jsoup.helper.StringUtil.isBlank: found 0 problems
src/main/java/org/jsoup/helper/StringUtil.java: org.jsoup.helper.StringUtil.isWhitespace: computing test cases
src/main/java/org/jsoup/helper/StringUtil.java: org.jsoup.helper.StringUtil.isWhitespace: computed 0 unit tests
src/main/java/org/jsoup/helper/StringUtil.java: org.jsoup.helper.StringUtil.isWhitespace: found 0 problems
src/main/java/org/jsoup/helper/StringUtil.java: org.jsoup.helper.StringUtil.appendNormalisedWhitespace: computing test cases
src/main/java/org/jsoup/helper/StringUtil.java: org.jsoup.helper.StringUtil.appendNormalisedWhitespace: computed 0 unit tests
src/main/java/org/jsoup/helper/StringUtil.java: org.jsoup.helper.StringUtil.appendNormalisedWhitespace: found 0 problems
src/main/java/org/jsoup/helper/StringUtil.java: org.jsoup.helper.StringUtil.isActuallyWhitespace: computing test cases
src/main/java/org/jsoup/helper/StringUtil.java: org.jsoup.helper.StringUtil.isActuallyWhitespace: computed 0 unit tests
src/main/java/org/jsoup/helper/StringUtil.java: org.jsoup.helper.StringUtil.isActuallyWhitespace: found 0 problems
src/main/java/org/jsoup/helper/StringUtil.java: org.jsoup.helper.StringUtil.inSorted: computing test cases
src/main/java/org/jsoup/helper/StringUtil.java: org.jsoup.helper.StringUtil.inSorted: computed 0 unit tests
src/main/java/org/jsoup/helper/StringUtil.java: org.jsoup.helper.StringUtil.inSorted: found 0 problems
src/main/java/org/jsoup/helper/StringUtil.java: org.jsoup.helper.StringUtil.join: computing test cases
src/main/java/org/jsoup/helper/StringUtil.java: org.jsoup.helper.StringUtil.join: computed 0 unit tests
src/main/java/org/jsoup/helper/StringUtil.java: org.jsoup.helper.StringUtil.join: found 0 problems
src/main/java/org/jsoup/helper/StringUtil.java: org.jsoup.helper.StringUtil.normaliseWhitespace: computing test cases
src/main/java/org/jsoup/helper/StringUtil.java: org.jsoup.helper.StringUtil.normaliseWhitespace: computed 0 unit tests
src/main/java/org/jsoup/helper/StringUtil.java: org.jsoup.helper.StringUtil.normaliseWhitespace: found 0 problems
src/main/java/org/jsoup/helper/StringUtil.java: org.jsoup.helper.StringUtil.resolve: computing test cases
src/main/java/org/jsoup/helper/StringUtil.java: org.jsoup.helper.StringUtil.resolve: computed 0 unit tests
src/main/java/org/jsoup/helper/StringUtil.java: org.jsoup.helper.StringUtil.resolve: found 1 problems
src/main/java/org/jsoup/helper/StringUtil.java: unsupported: org.jsoup.helper.StringUtil.resolve: encountered an unsupported type
	data: unsupported(java/net/URL)
src/main/java/org/jsoup/helper/StringUtil.java: org.jsoup.helper.StringUtil.stringBuilder: computing test cases
src/main/java/org/jsoup/helper/StringUtil.java: org.jsoup.helper.StringUtil.stringBuilder: computed 0 unit tests
src/main/java/org/jsoup/helper/StringUtil.java: org.jsoup.helper.StringUtil.stringBuilder: found 0 problems
src/main/java/org/jsoup/helper/StringUtil.java: org.jsoup.helper.StringUtil.join: computing test cases
src/main/java/org/jsoup/helper/StringUtil.java: org.jsoup.helper.StringUtil.join: computed 0 unit tests
src/main/java/org/jsoup/helper/StringUtil.java: org.jsoup.helper.StringUtil.join: found 0 problems
src/main/java/org/jsoup/helper/StringUtil.java: org.jsoup.helper.StringUtil.padding: computing test cases
src/main/java/org/jsoup/helper/StringUtil.java: org.jsoup.helper.StringUtil.padding: computed 0 unit tests
src/main/java/org/jsoup/helper/StringUtil.java: org.jsoup.helper.StringUtil.padding: found 0 problems
src/main/java/org/jsoup/helper/StringUtil.java: org.jsoup.helper.StringUtil.join: computing test cases
src/main/java/org/jsoup/helper/StringUtil.java: org.jsoup.helper.StringUtil.join: computed 0 unit tests
src/main/java/org/jsoup/helper/StringUtil.java: org.jsoup.helper.StringUtil.join: found 0 problems
src/main/java/org/jsoup/helper/Validate.java: org.jsoup.helper.Validate.isTrue: computing test cases
src/main/java/org/jsoup/helper/Validate.java: org.jsoup.helper.Validate.isTrue: computed 2 unit tests
src/main/java/org/jsoup/helper/Validate.java: org.jsoup.helper.Validate.isTrue: found 1 problems
src/main/java/org/jsoup/helper/Validate.java:35:13: critical: org.jsoup.helper.Validate.isTrue: uncaught java.lang.IllegalArgumentException
src/main/java/org/jsoup/helper/Validate.java: org.jsoup.helper.Validate.isFalse: computing test cases
src/main/java/org/jsoup/helper/Validate.java: org.jsoup.helper.Validate.isFalse: computed 2 unit tests
src/main/java/org/jsoup/helper/Validate.java: org.jsoup.helper.Validate.isFalse: found 1 problems
src/main/java/org/jsoup/helper/Validate.java:54:13: critical: org.jsoup.helper.Validate.isFalse: uncaught java.lang.IllegalArgumentException
src/main/java/org/jsoup/helper/Validate.java: org.jsoup.helper.Validate.noNullElements: computing test cases
src/main/java/org/jsoup/helper/Validate.java: org.jsoup.helper.Validate.noNullElements: computed 4 unit tests
src/main/java/org/jsoup/helper/Validate.java: org.jsoup.helper.Validate.noNullElements: found 2 problems
src/main/java/org/jsoup/helper/Validate.java:81:27: critical: org.jsoup.helper.Validate.noNullElements: uncaught java.lang.NullPointerException
src/main/java/org/jsoup/helper/Validate.java:83:17: critical: org.jsoup.helper.Validate.noNullElements: uncaught java.lang.IllegalArgumentException
src/main/java/org/jsoup/helper/Validate.java: org.jsoup.helper.Validate.notEmpty: computing test cases
src/main/java/org/jsoup/helper/Validate.java: org.jsoup.helper.Validate.notEmpty: computed 3 unit tests
src/main/java/org/jsoup/helper/Validate.java: org.jsoup.helper.Validate.notEmpty: found 2 problems
src/main/java/org/jsoup/helper/Validate.java:92:13: critical: org.jsoup.helper.Validate.notEmpty: uncaught java.lang.IllegalArgumentException
src/main/java/org/jsoup/helper/Validate.java:92:13: critical: org.jsoup.helper.Validate.notEmpty: uncaught java.lang.IllegalArgumentException
src/main/java/org/jsoup/helper/Validate.java: org.jsoup.helper.Validate.notEmpty: computing test cases
src/main/java/org/jsoup/helper/Validate.java: org.jsoup.helper.Validate.notEmpty: computed 3 unit tests
src/main/java/org/jsoup/helper/Validate.java: org.jsoup.helper.Validate.notEmpty: found 2 problems
src/main/java/org/jsoup/helper/Validate.java:102:13: critical: org.jsoup.helper.Validate.notEmpty: uncaught java.lang.IllegalArgumentException
src/main/java/org/jsoup/helper/Validate.java:102:13: critical: org.jsoup.helper.Validate.notEmpty: uncaught java.lang.IllegalArgumentException
src/main/java/org/jsoup/helper/Validate.java: org.jsoup.helper.Validate.isTrue: computing test cases
src/main/java/org/jsoup/helper/Validate.java: org.jsoup.helper.Validate.isTrue: computed 2 unit tests
src/main/java/org/jsoup/helper/Validate.java: org.jsoup.helper.Validate.isTrue: found 1 problems
src/main/java/org/jsoup/helper/Validate.java:45:13: critical: org.jsoup.helper.Validate.isTrue: uncaught java.lang.IllegalArgumentException
src/main/java/org/jsoup/helper/Validate.java: org.jsoup.helper.Validate.notNull: computing test cases
src/main/java/org/jsoup/helper/Validate.java: org.jsoup.helper.Validate.notNull: computed 2 unit tests
src/main/java/org/jsoup/helper/Validate.java: org.jsoup.helper.Validate.notNull: found 1 problems
src/main/java/org/jsoup/helper/Validate.java:16:13: critical: org.jsoup.helper.Validate.notNull: uncaught java.lang.IllegalArgumentException
src/main/java/org/jsoup/helper/Validate.java: org.jsoup.helper.Validate.noNullElements: computing test cases
src/main/java/org/jsoup/helper/Validate.java: org.jsoup.helper.Validate.noNullElements: computed 2 unit tests
src/main/java/org/jsoup/helper/Validate.java: org.jsoup.helper.Validate.noNullElements: found 1 problems
src/main/java/org/jsoup/helper/Validate.java:81:27: critical: org.jsoup.helper.Validate.noNullElements: uncaught java.lang.NullPointerException
src/main/java/org/jsoup/helper/Validate.java: org.jsoup.helper.Validate.notNull: computing test cases
src/main/java/org/jsoup/helper/Validate.java: org.jsoup.helper.Validate.notNull: computed 2 unit tests
src/main/java/org/jsoup/helper/Validate.java: org.jsoup.helper.Validate.notNull: found 1 problems
src/main/java/org/jsoup/helper/Validate.java:26:13: critical: org.jsoup.helper.Validate.notNull: uncaught java.lang.IllegalArgumentException
src/main/java/org/jsoup/helper/Validate.java: org.jsoup.helper.Validate.isFalse: computing test cases
src/main/java/org/jsoup/helper/Validate.java: org.jsoup.helper.Validate.isFalse: computed 2 unit tests
src/main/java/org/jsoup/helper/Validate.java: org.jsoup.helper.Validate.isFalse: found 1 problems
src/main/java/org/jsoup/helper/Validate.java:64:13: critical: org.jsoup.helper.Validate.isFalse: uncaught java.lang.IllegalArgumentException
src/main/java/org/jsoup/helper/Validate.java: org.jsoup.helper.Validate.fail: computing test cases
src/main/java/org/jsoup/helper/Validate.java: org.jsoup.helper.Validate.fail: computed 1 unit tests
src/main/java/org/jsoup/helper/Validate.java: org.jsoup.helper.Validate.fail: found 1 problems
src/main/java/org/jsoup/helper/Validate.java:110:9: critical: org.jsoup.helper.Validate.fail: uncaught java.lang.IllegalArgumentException
src/main/java/org/jsoup/helper/W3CDom.java: org.jsoup.helper.W3CDom.convert: computing test cases
src/main/java/org/jsoup/helper/W3CDom.java: org.jsoup.helper.W3CDom.convert: found 1 problems
src/main/java/org/jsoup/helper/W3CDom.java: internal error: org.jsoup.helper.W3CDom.convert: unknown type kind
	data: unsupported(javax/xml/parsers/DocumentBuilderFactory)
src/main/java/org/jsoup/helper/W3CDom.java: org.jsoup.helper.W3CDom.W3CBuilder.tail: computing test cases
src/main/java/org/jsoup/helper/W3CDom.java: org.jsoup.helper.W3CDom.W3CBuilder.tail: computed 0 unit tests
src/main/java/org/jsoup/helper/W3CDom.java: org.jsoup.helper.W3CDom.W3CBuilder.W3CBuilder: computing test cases
src/main/java/org/jsoup/helper/W3CDom.java: org.jsoup.helper.W3CDom.W3CBuilder.W3CBuilder: found 1 problems
src/main/java/org/jsoup/helper/W3CDom.java: internal error: org.jsoup.helper.W3CDom.W3CBuilder.W3CBuilder: unknown type kind
	data: unsupported(org/w3c/dom/Document)
src/main/java/org/jsoup/helper/W3CDom.java: org.jsoup.helper.W3CDom.asString: computing test cases
src/main/java/org/jsoup/helper/W3CDom.java: org.jsoup.helper.W3CDom.asString: found 1 problems
src/main/java/org/jsoup/helper/W3CDom.java: internal error: org.jsoup.helper.W3CDom.asString: unknown type kind
	data: unsupported(javax/xml/parsers/DocumentBuilderFactory)
src/main/java/org/jsoup/helper/W3CDom.java: org.jsoup.helper.W3CDom.fromJsoup: computing test cases
src/main/java/org/jsoup/helper/W3CDom.java: org.jsoup.helper.W3CDom.fromJsoup: found 1 problems
src/main/java/org/jsoup/helper/W3CDom.java: internal error: org.jsoup.helper.W3CDom.fromJsoup: unknown type kind
	data: unsupported(javax/xml/parsers/DocumentBuilderFactory)
src/main/java/org/jsoup/helper/W3CDom.java: org.jsoup.helper.W3CDom.W3CBuilder.head: computing test cases
src/main/java/org/jsoup/helper/W3CDom.java: org.jsoup.helper.W3CDom.W3CBuilder.head: computed 0 unit tests
Symflower's table driven test style is not supported, switching to basic style
src/main/java/org/jsoup/helper/HttpConnection.java: generated unit test file src/main/java/org/jsoup/helper/HttpConnectionSymflowerTest.java
Symflower's table driven test style is not supported, switching to basic style
src/main/java/org/jsoup/helper/Validate.java: generated unit test file src/main/java/org/jsoup/helper/ValidateSymflowerTest.java
Analyzed 6 out of 6 source files
Had 8 errors that block a full analysis
Generated 35 tests
Found 25 potential problems
The following issues prevent a full analysis:

* 88 cases of "unknown type"
	Description: Types could not be resolved. This could be because of missing dependencies
  or a consequence of some other problem.

* 79 cases of "unknown import"
	Description: Imports could not be resolved. This is likely due to missing dependencies.

* 29 cases of "unknown function"
	Description: Functions could not be resolved. This occurs due to missing dependencies,
  or if a called function is removed due to some other problem.

* 1 case of "unsupported type"
	Description: Types required for analysis are not supported. This can include raw generics,
  or reflection types like "java.lang.Class".

* 14 cases of "other issues"
	Description: Uncategorized problems.

