Analyzing workspace /home/ph7/sqa-project/workspaces/jsoup_31b/
Search for Java files
Load dependency stdlib:@dev
src/main/java/org/jsoup/parser/Token.java: org.jsoup.parser.Token.Token: function is private and therefore inaccessible for tests
src/main/java/org/jsoup/parser/CharacterReader.java: error: unknown function
	data: [pointer(reference(java/lang/String)) java/lang/String//toUpperCase [] [unsupported]]
src/main/java/org/jsoup/parser/CharacterReader.java: error: unknown import
	data: org/jsoup/helper/Validate
src/main/java/org/jsoup/parser/CharacterReader.java: error: unknown import
	data: java/util/Locale
src/main/java/org/jsoup/parser/CharacterReader.java: error: unknown function
	data: [pointer(reference(java/lang/String)) java/lang/String//toLowerCase [] [unsupported]]
src/main/java/org/jsoup/parser/HtmlTreeBuilder.java: error: not a boolean type
	data: unsupported
src/main/java/org/jsoup/parser/HtmlTreeBuilder.java: error: unknown field
	data: [this struct(org/jsoup/parser/HtmlTreeBuilder, [], [pointer(reference(org/jsoup/parser/TreeBuilder))], []) HtmlTreeBuilderState]
src/main/java/org/jsoup/parser/HtmlTreeBuilder.java: error: unknown field
	data: [this struct(org/jsoup/parser/HtmlTreeBuilder, [], [pointer(reference(org/jsoup/parser/TreeBuilder))], []) HtmlTreeBuilderState]
src/main/java/org/jsoup/parser/HtmlTreeBuilder.java: error: unknown type
	data: TextNode
src/main/java/org/jsoup/parser/HtmlTreeBuilder.java: error: unknown field
	data: [this struct(org/jsoup/parser/HtmlTreeBuilder, [], [pointer(reference(org/jsoup/parser/TreeBuilder))], []) TokeniserState]
src/main/java/org/jsoup/parser/HtmlTreeBuilder.java: error: unknown import
	data: org/jsoup/helper/DescendableLinkedList
src/main/java/org/jsoup/parser/HtmlTreeBuilder.java: error: unknown import
	data: org/jsoup/nodes
src/main/java/org/jsoup/parser/HtmlTreeBuilder.java: error: unknown type
	data: HtmlTreeBuilderState
src/main/java/org/jsoup/parser/HtmlTreeBuilder.java: error: unknown import
	data: org/jsoup/helper/Validate
src/main/java/org/jsoup/parser/HtmlTreeBuilder.java: error: unknown import
	data: java/util/LinkedList
src/main/java/org/jsoup/parser/HtmlTreeBuilder.java: error: unknown type
	data: Element
src/main/java/org/jsoup/parser/HtmlTreeBuilder.java: error: unknown import
	data: org/jsoup/helper/StringUtil
src/main/java/org/jsoup/parser/HtmlTreeBuilder.java: error: unknown field
	data: [this struct(org/jsoup/parser/HtmlTreeBuilder, [], [pointer(reference(org/jsoup/parser/TreeBuilder))], []) HtmlTreeBuilderState]
src/main/java/org/jsoup/parser/HtmlTreeBuilder.java: error: unknown type
	data: Node
src/main/java/org/jsoup/parser/HtmlTreeBuilder.java: error: unknown type
	data: Comment
src/main/java/org/jsoup/parser/HtmlTreeBuilder.java: error: unknown type
	data: DataNode
src/main/java/org/jsoup/parser/HtmlTreeBuilder.java: error: unknown type
	data: Document
src/main/java/org/jsoup/parser/HtmlTreeBuilderState.java: error: unknown import
	data: org/jsoup/nodes
src/main/java/org/jsoup/parser/HtmlTreeBuilderState.java: error: unknown import
	data: org/jsoup/helper/DescendableLinkedList
src/main/java/org/jsoup/parser/HtmlTreeBuilderState.java: error: unknown import
	data: org/jsoup/helper/StringUtil
src/main/java/org/jsoup/parser/HtmlTreeBuilderState.java: error: unknown import
	data: java/util/LinkedList
src/main/java/org/jsoup/parser/ParseErrorList.java: error: unknown function
	data: [genericInstance(reference(java/util/ArrayList), [pointer(reference(org/jsoup/parser/ParseError))]) java/util/ArrayList//@@constructor [] [initialCapacity]]
src/main/java/org/jsoup/parser/ParseErrorList.java: error: unknown type
	data: E
src/main/java/org/jsoup/parser/Parser.java: error: unknown import
	data: org/jsoup/nodes/Document
src/main/java/org/jsoup/parser/Parser.java: error: unknown import
	data: org/jsoup/nodes/Element
src/main/java/org/jsoup/parser/Parser.java: error: unknown import
	data: org/jsoup/nodes/Node
src/main/java/org/jsoup/parser/Parser.java: error: unknown function
	data: [pointer(genericInstance(reference(java/util/List), [unsupported(org/jsoup/nodes/Node)])) java/util/List<org/jsoup/nodes/Node>//toArray [] [make(array(unsupported(org/jsoup/nodes/Node), primitive(int, 32, false), 0), call(select(ensure_not_nil(nodeList), size!d41d8cd98f00b204e9800998ecf8427e), []))]]
src/main/java/org/jsoup/parser/Tag.java: error: unknown import
	data: org/jsoup/helper/Validate
src/main/java/org/jsoup/parser/Tag.java: error: unknown import
	data: java/util/HashMap
src/main/java/org/jsoup/parser/Token.java: error: unknown import
	data: org/jsoup/helper/Validate
src/main/java/org/jsoup/parser/Token.java: error: unknown import
	data: org/jsoup/nodes/Attribute
src/main/java/org/jsoup/parser/Token.java: error: unknown import
	data: org/jsoup/nodes/Attributes
src/main/java/org/jsoup/parser/Token.java: error: unknown type
	data: SuppressWarnings
src/main/java/org/jsoup/parser/Token.java: error: unknown function
	data: [pointer(reference(org/jsoup/parser/Token)) org/jsoup/parser/Token//getClass [] []]
src/main/java/org/jsoup/parser/Token.java: internal error: recovered panic
	data: runtime error: invalid memory address or nil pointer dereference
src/main/java/org/jsoup/parser/Token.java: error: unknown function
	data: [struct(java/lang/StringBuilder, [], [pointer(reference(java/lang/Object))], [reference(java/lang/CharSequence)]) java/lang/StringBuilder//delete [] [0 call(select(ensure_not_nil(select(this, pendingAttributeValue)), length!d41d8cd98f00b204e9800998ecf8427e), [])]]
src/main/java/org/jsoup/parser/TokenQueue.java: error: unknown import
	data: org/jsoup/helper/StringUtil
src/main/java/org/jsoup/parser/TokenQueue.java: error: unknown import
	data: org/jsoup/helper/Validate
src/main/java/org/jsoup/parser/TokenQueue.java: internal error: not all elements have the same type
	data: primitive(char, 16, true) vs primitive(int, 32, false)
src/main/java/org/jsoup/parser/TokenQueue.java: error: unknown function
	data: [pointer(reference(java/lang/StringBuilder)) java/lang/StringBuilder//append [] [c]]
src/main/java/org/jsoup/parser/Tokeniser.java: internal error: not all elements have the same type
	data: conditional(start, [call(org/jsoup/parser/Token//StartTag//StartTag!d41d8cd98f00b204e9800998ecf8427e, []), call(org/jsoup/parser/Token//EndTag//EndTag!d41d8cd98f00b204e9800998ecf8427e, [])])
src/main/java/org/jsoup/parser/Tokeniser.java: error: unknown function
	data: [pointer(reference(java/lang/StringBuilder)) java/lang/StringBuilder//append [] [c]]
src/main/java/org/jsoup/parser/Tokeniser.java: error: unknown import
	data: org/jsoup/helper/Validate
src/main/java/org/jsoup/parser/Tokeniser.java: error: unknown import
	data: org/jsoup/nodes/Entities
src/main/java/org/jsoup/parser/Tokeniser.java: error: unknown type
	data: TokeniserState
src/main/java/org/jsoup/parser/Tokeniser.java: error: unknown field
	data: [this struct(org/jsoup/parser/Tokeniser, [], [pointer(reference(java/lang/Object))], []) TokeniserState]
src/main/java/org/jsoup/parser/Tokeniser.java: error: unknown function
	data: [struct(java/lang/StringBuilder, [], [pointer(reference(java/lang/Object))], [reference(java/lang/CharSequence)]) java/lang/StringBuilder//delete [] [0 call(select(ensure_not_nil(select(this, charBuffer)), length!d41d8cd98f00b204e9800998ecf8427e), [])]]
src/main/java/org/jsoup/parser/TreeBuilder.java: error: unknown import
	data: org/jsoup/helper/DescendableLinkedList
src/main/java/org/jsoup/parser/TreeBuilder.java: error: unknown import
	data: org/jsoup/helper/Validate
src/main/java/org/jsoup/parser/TreeBuilder.java: error: unknown import
	data: org/jsoup/nodes/Document
src/main/java/org/jsoup/parser/TreeBuilder.java: error: unknown import
	data: org/jsoup/nodes/Element
src/main/java/org/jsoup/parser/XmlTreeBuilder.java: error: unknown import
	data: org/jsoup/nodes
src/main/java/org/jsoup/parser/XmlTreeBuilder.java: error: unknown type
	data: Element
src/main/java/org/jsoup/parser/XmlTreeBuilder.java: error: unknown type
	data: Comment
src/main/java/org/jsoup/parser/XmlTreeBuilder.java: error: unknown type
	data: DocumentType
src/main/java/org/jsoup/parser/XmlTreeBuilder.java: error: unknown import
	data: org/jsoup/helper/Validate
src/main/java/org/jsoup/parser/XmlTreeBuilder.java: error: unknown type
	data: Node
internal error: scope leak
	data: map[handledNode:block([unsupported]) scopeLevelAtEntry:9 scopeLevelAtExit:10]
internal error: scope leak
	data: map[handledNode:block([unsupported]) scopeLevelAtEntry:9 scopeLevelAtExit:10]
internal error: scope leak
	data: map[handledNode:block([unsupported]) scopeLevelAtEntry:9 scopeLevelAtExit:10]
internal error: scope leak
	data: map[handledNode:block([unsupported]) scopeLevelAtEntry:9 scopeLevelAtExit:10]
internal error: scope leak
	data: map[handledNode:block([unsupported]) scopeLevelAtEntry:9 scopeLevelAtExit:10]
Found 1 Java files
Found 66 problems in Java files
src/main/java/org/jsoup/parser/Token.java: found 43 symbols
src/main/java/org/jsoup/parser/Token.java: org.jsoup.parser.Token.Doctype.getPublicIdentifier: computing test cases
src/main/java/org/jsoup/parser/Token.java: org.jsoup.parser.Token.Doctype.getPublicIdentifier: computed 1 unit tests
src/main/java/org/jsoup/parser/Token.java: org.jsoup.parser.Token.Doctype.getPublicIdentifier: found 1 problems
src/main/java/org/jsoup/parser/Token.java:35:20: critical: org.jsoup.parser.Token.Doctype.getPublicIdentifier: uncaught java.lang.NullPointerException
src/main/java/org/jsoup/parser/Token.java: org.jsoup.parser.Token.isEOF: computing test cases
src/main/java/org/jsoup/parser/Token.java: org.jsoup.parser.Token.isEOF: computed 0 unit tests
src/main/java/org/jsoup/parser/Token.java: org.jsoup.parser.Token.StartTag.StartTag: computing test cases
src/main/java/org/jsoup/parser/Token.java: org.jsoup.parser.Token.StartTag.StartTag: found 1 problems
src/main/java/org/jsoup/parser/Token.java: internal error: org.jsoup.parser.Token.StartTag.StartTag: unknown type kind
	data: unsupported(org/jsoup/nodes/Attributes)
src/main/java/org/jsoup/parser/Token.java: org.jsoup.parser.Token.Tag.getAttributes: computing test cases
src/main/java/org/jsoup/parser/Token.java: org.jsoup.parser.Token.Tag.getAttributes: computed 0 unit tests
src/main/java/org/jsoup/parser/Token.java: org.jsoup.parser.Token.StartTag.toString: computing test cases
src/main/java/org/jsoup/parser/Token.java: org.jsoup.parser.Token.StartTag.toString: found 1 problems
src/main/java/org/jsoup/parser/Token.java: internal error: org.jsoup.parser.Token.StartTag.toString: unknown type kind
	data: unsupported(org/jsoup/nodes/Attributes)
src/main/java/org/jsoup/parser/Token.java: org.jsoup.parser.Token.Comment.getData: computing test cases
src/main/java/org/jsoup/parser/Token.java: org.jsoup.parser.Token.Comment.getData: computed 1 unit tests
src/main/java/org/jsoup/parser/Token.java: org.jsoup.parser.Token.Comment.getData: found 1 problems
src/main/java/org/jsoup/parser/Token.java:177:20: critical: org.jsoup.parser.Token.Comment.getData: uncaught java.lang.NullPointerException
src/main/java/org/jsoup/parser/Token.java: org.jsoup.parser.Token.asComment: computing test cases
src/main/java/org/jsoup/parser/Token.java: org.jsoup.parser.Token.asComment: computed 0 unit tests
src/main/java/org/jsoup/parser/Token.java: org.jsoup.parser.Token.Doctype.isForceQuirks: computing test cases
src/main/java/org/jsoup/parser/Token.java: org.jsoup.parser.Token.Doctype.isForceQuirks: computed 1 unit tests
src/main/java/org/jsoup/parser/Token.java: org.jsoup.parser.Token.Doctype.isForceQuirks: found 0 problems
src/main/java/org/jsoup/parser/Token.java: org.jsoup.parser.Token.Tag.finaliseTag: computing test cases
src/main/java/org/jsoup/parser/Token.java: org.jsoup.parser.Token.Tag.finaliseTag: computed 0 unit tests
src/main/java/org/jsoup/parser/Token.java: org.jsoup.parser.Token.Doctype.Doctype: computing test cases
src/main/java/org/jsoup/parser/Token.java: org.jsoup.parser.Token.Doctype.Doctype: computed 1 unit tests
src/main/java/org/jsoup/parser/Token.java: org.jsoup.parser.Token.Doctype.Doctype: found 0 problems
src/main/java/org/jsoup/parser/Token.java: org.jsoup.parser.Token.Tag.appendAttributeName: computing test cases
src/main/java/org/jsoup/parser/Token.java: org.jsoup.parser.Token.Tag.appendAttributeName: computed 0 unit tests
src/main/java/org/jsoup/parser/Token.java: org.jsoup.parser.Token.Tag.appendAttributeValue: computing test cases
src/main/java/org/jsoup/parser/Token.java: org.jsoup.parser.Token.Tag.appendAttributeValue: computed 0 unit tests
src/main/java/org/jsoup/parser/Token.java: org.jsoup.parser.Token.Character.toString: computing test cases
src/main/java/org/jsoup/parser/Token.java: org.jsoup.parser.Token.Character.toString: computed 1 unit tests
src/main/java/org/jsoup/parser/Token.java: org.jsoup.parser.Token.Character.toString: found 0 problems
src/main/java/org/jsoup/parser/Token.java: org.jsoup.parser.Token.asStartTag: computing test cases
src/main/java/org/jsoup/parser/Token.java: org.jsoup.parser.Token.asStartTag: computed 0 unit tests
src/main/java/org/jsoup/parser/Token.java: org.jsoup.parser.Token.isCharacter: computing test cases
src/main/java/org/jsoup/parser/Token.java: org.jsoup.parser.Token.isCharacter: computed 0 unit tests
src/main/java/org/jsoup/parser/Token.java: org.jsoup.parser.Token.Comment.Comment: computing test cases
src/main/java/org/jsoup/parser/Token.java: org.jsoup.parser.Token.Comment.Comment: computed 1 unit tests
src/main/java/org/jsoup/parser/Token.java: org.jsoup.parser.Token.Comment.Comment: found 0 problems
src/main/java/org/jsoup/parser/Token.java: org.jsoup.parser.Token.Tag.appendAttributeValue: computing test cases
src/main/java/org/jsoup/parser/Token.java: org.jsoup.parser.Token.Tag.appendAttributeValue: computed 0 unit tests
src/main/java/org/jsoup/parser/Token.java: org.jsoup.parser.Token.asCharacter: computing test cases
src/main/java/org/jsoup/parser/Token.java: org.jsoup.parser.Token.asCharacter: computed 0 unit tests
src/main/java/org/jsoup/parser/Token.java: org.jsoup.parser.Token.Tag.isSelfClosing: computing test cases
src/main/java/org/jsoup/parser/Token.java: org.jsoup.parser.Token.Tag.isSelfClosing: computed 0 unit tests
src/main/java/org/jsoup/parser/Token.java: org.jsoup.parser.Token.StartTag.StartTag: computing test cases
src/main/java/org/jsoup/parser/Token.java: org.jsoup.parser.Token.StartTag.StartTag: found 1 problems
src/main/java/org/jsoup/parser/Token.java: internal error: org.jsoup.parser.Token.StartTag.StartTag: unknown type kind
	data: unsupported(org/jsoup/nodes/Attributes)
src/main/java/org/jsoup/parser/Token.java: org.jsoup.parser.Token.isDoctype: computing test cases
src/main/java/org/jsoup/parser/Token.java: org.jsoup.parser.Token.isDoctype: computed 0 unit tests
src/main/java/org/jsoup/parser/Token.java: org.jsoup.parser.Token.StartTag.StartTag: computing test cases
src/main/java/org/jsoup/parser/Token.java: org.jsoup.parser.Token.StartTag.StartTag: found 1 problems
src/main/java/org/jsoup/parser/Token.java: internal error: org.jsoup.parser.Token.StartTag.StartTag: unknown type kind
	data: unsupported(org/jsoup/nodes/Attributes)
src/main/java/org/jsoup/parser/Token.java: org.jsoup.parser.Token.isStartTag: computing test cases
src/main/java/org/jsoup/parser/Token.java: org.jsoup.parser.Token.isStartTag: computed 0 unit tests
src/main/java/org/jsoup/parser/Token.java: org.jsoup.parser.Token.Tag.appendTagName: computing test cases
src/main/java/org/jsoup/parser/Token.java: org.jsoup.parser.Token.Tag.appendTagName: computed 0 unit tests
src/main/java/org/jsoup/parser/Token.java: org.jsoup.parser.Token.Comment.toString: computing test cases
src/main/java/org/jsoup/parser/Token.java: org.jsoup.parser.Token.Comment.toString: computed 1 unit tests
src/main/java/org/jsoup/parser/Token.java: org.jsoup.parser.Token.Comment.toString: found 1 problems
src/main/java/org/jsoup/parser/Token.java:177:20: critical: org.jsoup.parser.Token.Comment.toString: uncaught java.lang.NullPointerException
src/main/java/org/jsoup/parser/Token.java: org.jsoup.parser.Token.EndTag.EndTag: computing test cases
src/main/java/org/jsoup/parser/Token.java: org.jsoup.parser.Token.EndTag.EndTag: found 1 problems
src/main/java/org/jsoup/parser/Token.java: internal error: org.jsoup.parser.Token.EndTag.EndTag: unknown type kind
	data: unsupported(org/jsoup/nodes/Attributes)
src/main/java/org/jsoup/parser/Token.java: org.jsoup.parser.Token.Character.Character: computing test cases
src/main/java/org/jsoup/parser/Token.java: org.jsoup.parser.Token.Character.Character: computed 1 unit tests
src/main/java/org/jsoup/parser/Token.java: org.jsoup.parser.Token.Character.Character: found 0 problems
src/main/java/org/jsoup/parser/Token.java: org.jsoup.parser.Token.asDoctype: computing test cases
src/main/java/org/jsoup/parser/Token.java: org.jsoup.parser.Token.asDoctype: computed 0 unit tests
src/main/java/org/jsoup/parser/Token.java: org.jsoup.parser.Token.asEndTag: computing test cases
src/main/java/org/jsoup/parser/Token.java: org.jsoup.parser.Token.asEndTag: computed 0 unit tests
src/main/java/org/jsoup/parser/Token.java: org.jsoup.parser.Token.Tag.newAttribute: computing test cases
src/main/java/org/jsoup/parser/Token.java: org.jsoup.parser.Token.Tag.newAttribute: computed 0 unit tests
src/main/java/org/jsoup/parser/Token.java: org.jsoup.parser.Token.Tag.name: computing test cases
src/main/java/org/jsoup/parser/Token.java: org.jsoup.parser.Token.Tag.name: computed 0 unit tests
src/main/java/org/jsoup/parser/Token.java: org.jsoup.parser.Token.EndTag.toString: computing test cases
src/main/java/org/jsoup/parser/Token.java: org.jsoup.parser.Token.EndTag.toString: found 1 problems
src/main/java/org/jsoup/parser/Token.java: internal error: org.jsoup.parser.Token.EndTag.toString: unknown type kind
	data: unsupported(org/jsoup/nodes/Attributes)
src/main/java/org/jsoup/parser/Token.java: org.jsoup.parser.Token.isComment: computing test cases
src/main/java/org/jsoup/parser/Token.java: org.jsoup.parser.Token.isComment: computed 0 unit tests
src/main/java/org/jsoup/parser/Token.java: org.jsoup.parser.Token.tokenType: computing test cases
src/main/java/org/jsoup/parser/Token.java: org.jsoup.parser.Token.tokenType: computed 0 unit tests
src/main/java/org/jsoup/parser/Token.java: org.jsoup.parser.Token.Character.getData: computing test cases
src/main/java/org/jsoup/parser/Token.java: org.jsoup.parser.Token.Character.getData: computed 1 unit tests
src/main/java/org/jsoup/parser/Token.java: org.jsoup.parser.Token.Character.getData: found 0 problems
src/main/java/org/jsoup/parser/Token.java: org.jsoup.parser.Token.isEndTag: computing test cases
src/main/java/org/jsoup/parser/Token.java: org.jsoup.parser.Token.isEndTag: computed 0 unit tests
src/main/java/org/jsoup/parser/Token.java: org.jsoup.parser.Token.Doctype.getName: computing test cases
src/main/java/org/jsoup/parser/Token.java: org.jsoup.parser.Token.Doctype.getName: computed 1 unit tests
src/main/java/org/jsoup/parser/Token.java: org.jsoup.parser.Token.Doctype.getName: found 1 problems
src/main/java/org/jsoup/parser/Token.java:31:20: critical: org.jsoup.parser.Token.Doctype.getName: uncaught java.lang.NullPointerException
src/main/java/org/jsoup/parser/Token.java: org.jsoup.parser.Token.EOF.EOF: computing test cases
src/main/java/org/jsoup/parser/Token.java: org.jsoup.parser.Token.EOF.EOF: computed 1 unit tests
src/main/java/org/jsoup/parser/Token.java: org.jsoup.parser.Token.EOF.EOF: found 0 problems
src/main/java/org/jsoup/parser/Token.java: org.jsoup.parser.Token.EndTag.EndTag: computing test cases
src/main/java/org/jsoup/parser/Token.java: org.jsoup.parser.Token.EndTag.EndTag: found 1 problems
src/main/java/org/jsoup/parser/Token.java: internal error: org.jsoup.parser.Token.EndTag.EndTag: unknown type kind
	data: unsupported(org/jsoup/nodes/Attributes)
src/main/java/org/jsoup/parser/Token.java: org.jsoup.parser.Token.Tag.appendTagName: computing test cases
src/main/java/org/jsoup/parser/Token.java: org.jsoup.parser.Token.Tag.appendTagName: computed 0 unit tests
src/main/java/org/jsoup/parser/Token.java: org.jsoup.parser.Token.Tag.name: computing test cases
src/main/java/org/jsoup/parser/Token.java: org.jsoup.parser.Token.Tag.name: computed 0 unit tests
src/main/java/org/jsoup/parser/Token.java: org.jsoup.parser.Token.Doctype.getSystemIdentifier: computing test cases
src/main/java/org/jsoup/parser/Token.java: org.jsoup.parser.Token.Doctype.getSystemIdentifier: computed 1 unit tests
src/main/java/org/jsoup/parser/Token.java: org.jsoup.parser.Token.Doctype.getSystemIdentifier: found 1 problems
src/main/java/org/jsoup/parser/Token.java:39:20: critical: org.jsoup.parser.Token.Doctype.getSystemIdentifier: uncaught java.lang.NullPointerException
src/main/java/org/jsoup/parser/Token.java: org.jsoup.parser.Token.Tag.appendAttributeName: computing test cases
src/main/java/org/jsoup/parser/Token.java: org.jsoup.parser.Token.Tag.appendAttributeName: computed 0 unit tests
Symflower's table driven test style is not supported, switching to basic style
src/main/java/org/jsoup/parser/Token.java: could not generate unit test file for "src/main/java/org/jsoup/parser/Token.java": Internal error: cannot set a final field:
	&modelast.Variable{
	    CompactFileRange: location.CompactFileRange{Start:location.NewCompactFileLocationRaw(8, 170, 29), End:location.NewCompactFileLocationRaw(8, 170, 54)},
	    Name:             "data",
	    Type:             &modelast.TypePointer{
	        Type: &modelast.TypeReference{
	            Name: "java/lang/StringBuilder",
	        },
	    },
	    Modifier: modelast.ModifierFinal|modelast.ModifierVisibilityPackagePrivate,
	}
	Stacktrace: goroutine 1 [running]:
	gitlab.nethead.at/symflower/symflower/model/errors.NewInternalError({0x21de060, 0x2d25d80}, {0x13e5e60, 0xc001316d80})
		gitlab.nethead.at/symflower/symflower/model/errors/error.go:852 +0x4e
	gitlab.nethead.at/symflower/symflower/language/java/ast.(*Generator).objectCreation(0xc000a853b0, {0x2205848?, 0xc001662460?}, {0x21f7de8, 0xc000030900}, {0x2208850, 0xc000b58980})
		gitlab.nethead.at/symflower/symflower/language/java/ast/generate.go:1928 +0x34dc
	gitlab.nethead.at/symflower/symflower/language/java/ast.(*Generator).literalForReferenceType(0xc000a853b0, {0x21f7de8, 0xc000030900}, {0x2205848?, 0xc001662440?}, {0x2208850, 0xc000b58980})
		gitlab.nethead.at/symflower/symflower/language/java/ast/generate.go:1427 +0x17da
	gitlab.nethead.at/symflower/symflower/language/java/ast.(*Generator).Literal(0xc000a853b0, {0x21f7de8, 0xc000030900}, {0x2205848?, 0xc001662400?}, {0x2208850, 0xc000b58980})
		gitlab.nethead.at/symflower/symflower/language/java/ast/generate.go:1138 +0x1318
	gitlab.nethead.at/symflower/symflower/language/java/ast.(*Generator).Literal(0xc000a853b0, {0x21f7de8, 0xc000030900}, {0x2205728?, 0xc0009d4500?}, {0x22089b0, 0xc000627530})
		gitlab.nethead.at/symflower/symflower/language/java/ast/generate.go:1128 +0x245
	gitlab.nethead.at/symflower/symflower/language/java/ast.(*Generator).VariableDeclarationWithAssignment(0xc000a853b0, {0x2205728, 0xc0009d4500}, {0x14113cd, 0x8}, {0x22089b0, 0xc000627530}, {0x0, 0x0})
		gitlab.nethead.at/symflower/symflower/language/java/ast/generate.go:548 +0x125
	gitlab.nethead.at/symflower/symflower/language/java/unittest.(*TestGeneratorJUnit).expressionExpected(0xc0010eb240, 0xc000bc5ae0?, {0x22089b0, 0xc000627530}, {0x2205728, 0xc0009d4500}, {0x14113cd, 0x8}, {0x0, 0x0})
		gitlab.nethead.at/symflower/symflower/language/java/unittest/junit.go:177 +0x27a
	gitlab.nethead.at/symflower/symflower/language/java/unittest.(*TestGeneratorJUnit).returnArgumentInitialization(0xc0010eb240, 0xc000bc5ae0, {0x0, 0x0}, {0x0, 0x0, 0x0}, {0x21f7e40, 0xc0000db790})
		gitlab.nethead.at/symflower/symflower/language/java/unittest/junit.go:229 +0x429
	gitlab.nethead.at/symflower/symflower/language/java/unittest.(*TestGeneratorJUnit).generateUnitTestAddTestInternal(0xc0010eb240, 0xc000e3b880, {0x0, 0x0})
		gitlab.nethead.at/symflower/symflower/language/java/unittest/junit.go:387 +0x1365
	gitlab.nethead.at/symflower/symflower/language/java/unittest.(*TestGeneratorJUnit).generateUnitTestAddTest(...)
		gitlab.nethead.at/symflower/symflower/language/java/unittest/junit.go:249
	gitlab.nethead.at/symflower/symflower/language/java/unittest.(*TestGeneratorJUnit).AddTest(0xc0010eb240, 0xc0007f6f00?)
		gitlab.nethead.at/symflower/symflower/language/java/unittest/junit.go:61 +0x1d
	gitlab.nethead.at/symflower/symflower/language/java/unittest.(*testStyleBasic).addTest(0xc0004cb200, 0xc000e3b880)
		gitlab.nethead.at/symflower/symflower/language/java/unittest/test-style-basic.go:253 +0x318
	gitlab.nethead.at/symflower/symflower/language/java/unittest.(*testStyleBasic).AddTest(0xc000983560?, 0xc000c42210?)
		gitlab.nethead.at/symflower/symflower/language/java/unittest/test-style-basic.go:215 +0x1a
	gitlab.nethead.at/symflower/symflower/language/java.generateUnitTestFileForType(0xc0010905c0, {0xc0000bcf00, 0xc, 0x12?}, {0xc000417ae8?, 0xc001263e30?}, 0xc00068e6d0?)
		gitlab.nethead.at/symflower/symflower/language/java/unit-test.go:173 +0x647
	gitlab.nethead.at/symflower/symflower/language/java.Adapter.GenerateUnitTest({{{0x0, 0x0}, {0x0, 0x0}, {0x0, 0x0}}}, 0xc0010905c0, {0xc0004f6300, 0xc, 0x10})
		gitlab.nethead.at/symflower/symflower/language/java/unit-test.go:99 +0x8c8
	gitlab.nethead.at/symflower/symflower/cmd/symflower-local/generate.(*Generator).updateTestFiles.func1({0xc00033298b, 0x29})
		gitlab.nethead.at/symflower/symflower/cmd/symflower-local/generate/generate.go:345 +0x55e
	gitlab.nethead.at/symflower/symflower/cmd/symflower-local/generate.updateTestFiles({0xc000158780, 0x2b}, 0xc0009834d0, {0xc000f673c0?, 0x1?, 0xc0008d3a00?}, 0x1, 0xc0008d3b08)
		gitlab.nethead.at/symflower/symflower/cmd/symflower-local/generate/tests.go:41 +0xc3
	gitlab.nethead.at/symflower/symflower/cmd/symflower-local/generate.(*Generator).updateTestFiles(0xc0006cd290, 0xc0013639e0, 0x1, 0x1)
		gitlab.nethead.at/symflower/symflower/cmd/symflower-local/generate/generate.go:330 +0x3e5
	gitlab.nethead.at/symflower/symflower/cmd/symflower-local/generate.(*Generator).UpdateSymflowerTestSuite(0xc0006cd290?, 0xc0006cd2c0?)
		gitlab.nethead.at/symflower/symflower/cmd/symflower-local/generate/generate.go:307 +0x3b
	gitlab.nethead.at/symflower/symflower/cmd/symflower-local/generate.(*AnalyzeEngineDefault).UnitTests(0x2a?, 0x124bba0?, {0x21eb890?, 0xc0006d4320?}, {0xf0?, 0x86?, 0x15?, 0x0?}, 0x2a?, {0xc0006cca50, ...})
		gitlab.nethead.at/symflower/symflower/cmd/symflower-local/generate/analyze.go:162 +0xaa
	gitlab.nethead.at/symflower/symflower/cmd/symflower-local/cmd.(*commandUnitTests).Execute(0xc0000f88d8, {0xc0000f8508?, 0x7413bf850a38?, 0xc0000f88d8?})
		gitlab.nethead.at/symflower/symflower/cmd/symflower-local/cmd/unit-tests.go:85 +0x2a6
	gitlab.nethead.at/symflower/symflower/cmd.ExecuteNoExit({0x21de020, 0xc0000f8508}, {0xc000138000?, 0x0?, 0x0?})
		gitlab.nethead.at/symflower/symflower/cmd/execute.go:59 +0x2ad
	gitlab.nethead.at/symflower/symflower/cmd.Execute({0x21de020?, 0xc0000f8508?}, {0xc000138000?, 0xc00007e160?, 0xc000051f10?})
		gitlab.nethead.at/symflower/symflower/cmd/execute.go:17 +0x26
	gitlab.nethead.at/symflower/symflower/cmd.ExecuteWithOSArguments(...)
		gitlab.nethead.at/symflower/symflower/cmd/execute.go:78
	main.main.func1()
		gitlab.nethead.at/symflower/symflower/cmd/symflower-demo/main.go:39 +0x34
	gitlab.nethead.at/symflower/symflower/cmd/symflower-local/cmd.(*Command).WithPanicReporter(0xc000110060?, 0x0?)
		gitlab.nethead.at/symflower/symflower/cmd/symflower-local/cmd/cmd.go:151 +0x33
	main.main()
		gitlab.nethead.at/symflower/symflower/cmd/symflower-demo/main.go:38 +0x7f
Analyzed 1 out of 11 source files
Had 6 errors that block a full analysis
Generated 12 tests
Found 5 potential problems
The following issues prevent a full analysis:

* 29 cases of "unknown import"
	Description: Imports could not be resolved. This is likely due to missing dependencies.

* 21 cases of "unknown type"
	Description: Types could not be resolved. This could be because of missing dependencies
  or a consequence of some other problem.

* 9 cases of "unknown function"
	Description: Functions could not be resolved. This occurs due to missing dependencies,
  or if a called function is removed due to some other problem.

* 2 cases of "not all elements have the same type"
	Description: Arguments of a function call do not match the parameter types. This usually
  occurs if a called method is removed due to some other problem, and another
  method with the same name is selected to be called.

* 6 cases of "other issues"
	Description: Uncategorized problems.

