Analyzing workspace /home/ph7/sqa-project/workspaces/jsoup_54b/
Search for Go files
Found 0 Go files
Search for Java files
Load dependency stdlib:@dev
src/main/java/org/jsoup/helper/DataUtil.java: org.jsoup.helper.DataUtil.DataUtil: function is private and therefore inaccessible for tests
src/main/java/org/jsoup/helper/DataUtil.java: org.jsoup.helper.DataUtil.validateCharset: function is private and therefore inaccessible for tests
src/main/java/org/jsoup/helper/DataUtil.java: org.jsoup.helper.DataUtil.detectCharsetFromBom: function is private and therefore inaccessible for tests
src/main/java/org/jsoup/helper/DescendableLinkedList.java: org.jsoup.helper.DescendableLinkedList.DescendingIterator.DescendingIterator: function is private and therefore inaccessible for tests
src/main/java/org/jsoup/helper/DescendableLinkedList.java: org.jsoup.helper.DescendableLinkedList.DescendingIterator.hasNext: function is private and therefore inaccessible for tests
src/main/java/org/jsoup/helper/DescendableLinkedList.java: org.jsoup.helper.DescendableLinkedList.DescendingIterator.next: function is private and therefore inaccessible for tests
src/main/java/org/jsoup/helper/DescendableLinkedList.java: org.jsoup.helper.DescendableLinkedList.DescendingIterator.remove: function is private and therefore inaccessible for tests
src/main/java/org/jsoup/helper/HttpConnection.java: org.jsoup.helper.HttpConnection.encodeUrl: function is private and therefore inaccessible for tests
src/main/java/org/jsoup/helper/HttpConnection.java: org.jsoup.helper.HttpConnection.encodeMimeName: function is private and therefore inaccessible for tests
src/main/java/org/jsoup/helper/HttpConnection.java: org.jsoup.helper.HttpConnection.HttpConnection: function is private and therefore inaccessible for tests
src/main/java/org/jsoup/helper/HttpConnection.java: org.jsoup.helper.HttpConnection.Base.Base: function is private and therefore inaccessible for tests
src/main/java/org/jsoup/helper/HttpConnection.java: org.jsoup.helper.HttpConnection.Base.url: function is private and therefore inaccessible for tests
src/main/java/org/jsoup/helper/HttpConnection.java: org.jsoup.helper.HttpConnection.Base.url: function is private and therefore inaccessible for tests
src/main/java/org/jsoup/helper/HttpConnection.java: org.jsoup.helper.HttpConnection.Base.method: function is private and therefore inaccessible for tests
src/main/java/org/jsoup/helper/HttpConnection.java: org.jsoup.helper.HttpConnection.Base.method: function is private and therefore inaccessible for tests
src/main/java/org/jsoup/helper/HttpConnection.java: org.jsoup.helper.HttpConnection.Base.header: function is private and therefore inaccessible for tests
src/main/java/org/jsoup/helper/HttpConnection.java: org.jsoup.helper.HttpConnection.Base.header: function is private and therefore inaccessible for tests
src/main/java/org/jsoup/helper/HttpConnection.java: org.jsoup.helper.HttpConnection.Base.hasHeader: function is private and therefore inaccessible for tests
src/main/java/org/jsoup/helper/HttpConnection.java: org.jsoup.helper.HttpConnection.Base.hasHeaderWithValue: function is private and therefore inaccessible for tests
src/main/java/org/jsoup/helper/HttpConnection.java: org.jsoup.helper.HttpConnection.Base.removeHeader: function is private and therefore inaccessible for tests
src/main/java/org/jsoup/helper/HttpConnection.java: org.jsoup.helper.HttpConnection.Base.headers: function is private and therefore inaccessible for tests
src/main/java/org/jsoup/helper/HttpConnection.java: org.jsoup.helper.HttpConnection.Base.getHeaderCaseInsensitive: function is private and therefore inaccessible for tests
src/main/java/org/jsoup/helper/HttpConnection.java: org.jsoup.helper.HttpConnection.Base.scanHeaders: function is private and therefore inaccessible for tests
src/main/java/org/jsoup/helper/HttpConnection.java: org.jsoup.helper.HttpConnection.Base.cookie: function is private and therefore inaccessible for tests
src/main/java/org/jsoup/helper/HttpConnection.java: org.jsoup.helper.HttpConnection.Base.cookie: function is private and therefore inaccessible for tests
src/main/java/org/jsoup/helper/HttpConnection.java: org.jsoup.helper.HttpConnection.Base.hasCookie: function is private and therefore inaccessible for tests
src/main/java/org/jsoup/helper/HttpConnection.java: org.jsoup.helper.HttpConnection.Base.removeCookie: function is private and therefore inaccessible for tests
src/main/java/org/jsoup/helper/HttpConnection.java: org.jsoup.helper.HttpConnection.Base.cookies: function is private and therefore inaccessible for tests
src/main/java/org/jsoup/helper/HttpConnection.java: org.jsoup.helper.HttpConnection.Request.Request: function is private and therefore inaccessible for tests
src/main/java/org/jsoup/helper/HttpConnection.java: org.jsoup.helper.HttpConnection.Response.Response: function is private and therefore inaccessible for tests
src/main/java/org/jsoup/helper/HttpConnection.java: org.jsoup.helper.HttpConnection.Response.createConnection: function is private and therefore inaccessible for tests
src/main/java/org/jsoup/helper/HttpConnection.java: org.jsoup.helper.HttpConnection.Response.getInsecureVerifier: function is private and therefore inaccessible for tests
src/main/java/org/jsoup/helper/HttpConnection.java: org.jsoup.helper.HttpConnection.Response.initUnSecureTSL: function is private and therefore inaccessible for tests
src/main/java/org/jsoup/helper/HttpConnection.java: org.jsoup.helper.HttpConnection.Response.setupFromConnection: function is private and therefore inaccessible for tests
src/main/java/org/jsoup/helper/HttpConnection.java: org.jsoup.helper.HttpConnection.Response.createHeaderMap: function is private and therefore inaccessible for tests
src/main/java/org/jsoup/helper/HttpConnection.java: org.jsoup.helper.HttpConnection.Response.setOutputContentType: function is private and therefore inaccessible for tests
src/main/java/org/jsoup/helper/HttpConnection.java: org.jsoup.helper.HttpConnection.Response.writePost: function is private and therefore inaccessible for tests
src/main/java/org/jsoup/helper/HttpConnection.java: org.jsoup.helper.HttpConnection.Response.getRequestCookieString: function is private and therefore inaccessible for tests
src/main/java/org/jsoup/helper/HttpConnection.java: org.jsoup.helper.HttpConnection.Response.serialiseRequestUrl: function is private and therefore inaccessible for tests
src/main/java/org/jsoup/helper/HttpConnection.java: org.jsoup.helper.HttpConnection.needsMultipart: function is private and therefore inaccessible for tests
src/main/java/org/jsoup/helper/HttpConnection.java: org.jsoup.helper.HttpConnection.KeyVal.KeyVal: function is private and therefore inaccessible for tests
src/main/java/org/jsoup/helper/Validate.java: org.jsoup.helper.Validate.Validate: function is private and therefore inaccessible for tests
src/main/java/org/jsoup/helper/W3CDom.java: org.jsoup.helper.W3CDom.W3CBuilder.copyAttributes: function is private and therefore inaccessible for tests
src/main/java/org/jsoup/helper/W3CDom.java: org.jsoup.helper.W3CDom.W3CBuilder.updateNamespaces: function is private and therefore inaccessible for tests
src/main/java/org/jsoup/helper/DataUtil.java: error: unknown import
	data: java/util/regex/Pattern
src/main/java/org/jsoup/helper/DataUtil.java: error: unknown function
	data: [pointer(reference(java/util/Random)) java/util/Random//nextInt [] [len(ensure_not_nil(org/jsoup/helper/DataUtil//mimeBoundaryChars))]]
src/main/java/org/jsoup/helper/DataUtil.java: error: unknown import
	data: org/jsoup/nodes/XmlDeclaration
src/main/java/org/jsoup/helper/DataUtil.java: error: unknown import
	data: java/io/File
src/main/java/org/jsoup/helper/DataUtil.java: internal error: unknown node
	data: unsupported
src/main/java/org/jsoup/helper/DataUtil.java: error: unknown import
	data: org/jsoup/nodes/Document
src/main/java/org/jsoup/helper/DataUtil.java: error: unknown import
	data: org/jsoup/parser/Parser
src/main/java/org/jsoup/helper/DataUtil.java: error: unknown import
	data: java/nio/charset/IllegalCharsetNameException
src/main/java/org/jsoup/helper/DataUtil.java: error: unknown function
	data: [pointer(reference(java/lang/String)) java/lang/String//replace [] ["charset=" ""]]
src/main/java/org/jsoup/helper/DataUtil.java: error: unknown function
	data: [pointer(reference(java/lang/String)) java/lang/String//toUpperCase [] [unsupported]]
src/main/java/org/jsoup/helper/DataUtil.java: error: unknown import
	data: org/jsoup/nodes/Element
src/main/java/org/jsoup/helper/DataUtil.java: error: unknown import
	data: java/nio/ByteBuffer
src/main/java/org/jsoup/helper/DataUtil.java: error: unknown import
	data: java/util/Locale
src/main/java/org/jsoup/helper/DataUtil.java: error: unknown import
	data: java/util/regex/Matcher
src/main/java/org/jsoup/helper/DataUtil.java: error: unknown import
	data: java/io/ByteArrayOutputStream
src/main/java/org/jsoup/helper/DataUtil.java: error: unknown import
	data: java/io/RandomAccessFile
src/main/java/org/jsoup/helper/DataUtil.java: error: unknown import
	data: java/nio/charset/Charset
src/main/java/org/jsoup/helper/DataUtil.java: warning: overflow of cast
src/main/java/org/jsoup/helper/DataUtil.java: warning: overflow of cast
src/main/java/org/jsoup/helper/DataUtil.java: warning: overflow of cast
src/main/java/org/jsoup/helper/DataUtil.java: warning: overflow of cast
src/main/java/org/jsoup/helper/DataUtil.java: warning: overflow of cast
src/main/java/org/jsoup/helper/DataUtil.java: warning: overflow of cast
src/main/java/org/jsoup/helper/DataUtil.java: warning: overflow of cast
src/main/java/org/jsoup/helper/DataUtil.java: warning: overflow of cast
src/main/java/org/jsoup/helper/DataUtil.java: warning: overflow of cast
src/main/java/org/jsoup/helper/DataUtil.java: warning: overflow of cast
src/main/java/org/jsoup/helper/DataUtil.java: warning: overflow of cast
src/main/java/org/jsoup/helper/DescendableLinkedList.java: unsupported: unsupported AST node
	data: genericInstance(unsupported(java/util/ListIterator), [reference(E)])
src/main/java/org/jsoup/helper/DescendableLinkedList.java: error: unknown type
	data: SuppressWarnings
src/main/java/org/jsoup/helper/DescendableLinkedList.java: error: unknown function
	data: [<nil> size [] []]
src/main/java/org/jsoup/helper/DescendableLinkedList.java: error: unknown function
	data: [<nil> org/jsoup/helper/DescendableLinkedList//DescendingIterator//DescendingIterator [reference(E) reference(E)] [unsupported]]
src/main/java/org/jsoup/helper/DescendableLinkedList.java: error: unknown import
	data: java/util/LinkedList
src/main/java/org/jsoup/helper/DescendableLinkedList.java: error: unknown import
	data: java/util/ListIterator
src/main/java/org/jsoup/helper/DescendableLinkedList.java: error: unknown function
	data: [<nil> addFirst [] [e]]
src/main/java/org/jsoup/helper/DescendableLinkedList.java: error: unknown function
	data: [<nil> getLast [] []]
src/main/java/org/jsoup/helper/DescendableLinkedList.java: error: unknown function
	data: [<nil> removeLast [] []]
src/main/java/org/jsoup/helper/DescendableLinkedList.java: error: unknown function
	data: [<nil> listIterator [] [index]]
src/main/java/org/jsoup/helper/HttpConnection.java: error: unknown type
	data: Method
src/main/java/org/jsoup/helper/HttpConnection.java: error: unknown type
	data: TrustManager
src/main/java/org/jsoup/helper/HttpConnection.java: error: unknown type
	data: X509TrustManager
src/main/java/org/jsoup/helper/HttpConnection.java: error: unknown import
	data: java/security/KeyManagementException
src/main/java/org/jsoup/helper/HttpConnection.java: error: unknown type
	data: Connection/Base
src/main/java/org/jsoup/helper/HttpConnection.java: error: unknown type
	data: Proxy
src/main/java/org/jsoup/helper/HttpConnection.java: error: unknown import
	data: org/jsoup/Connection/Method/HEAD
src/main/java/org/jsoup/helper/HttpConnection.java: error: unknown identifier
	data: SSLContext
src/main/java/org/jsoup/helper/HttpConnection.java: error: an unsupported collection type has been used for this operation
	data: genericInstance(unsupported(Collection), [unsupported(Connection/KeyVal)])
src/main/java/org/jsoup/helper/HttpConnection.java: error: unknown type
	data: java/security/SecureRandom
src/main/java/org/jsoup/helper/HttpConnection.java: error: unknown import
	data: java/nio/ByteBuffer
src/main/java/org/jsoup/helper/HttpConnection.java: error: unknown field
	data: [this struct(org/jsoup/helper/HttpConnection, [], [pointer(reference(java/lang/Object))], [unsupported(Connection)]) Method]
src/main/java/org/jsoup/helper/HttpConnection.java: error: unknown import
	data: org/jsoup/parser/TokenQueue
src/main/java/org/jsoup/helper/HttpConnection.java: error: unknown import
	data: java/security/NoSuchAlgorithmException
src/main/java/org/jsoup/helper/HttpConnection.java: error: unknown import
	data: java/util/regex/Pattern
src/main/java/org/jsoup/helper/HttpConnection.java: error: unknown type
	data: URL
src/main/java/org/jsoup/helper/HttpConnection.java: error: unknown function
	data: [pointer(genericInstance(reference(java/util/Map//Entry), [pointer(reference(java/lang/String)), pointer(reference(java/lang/String))])) java/util/Map//Entry<java/lang/String,java/lang/String>//getKey [] []]
src/main/java/org/jsoup/helper/HttpConnection.java: error: unknown function
	data: [pointer(genericInstance(reference(java/util/Map//Entry), [pointer(reference(java/lang/String)), pointer(reference(java/lang/String))])) java/util/Map//Entry<java/lang/String,java/lang/String>//getValue [] []]
src/main/java/org/jsoup/helper/HttpConnection.java: error: unknown type
	data: Connection/Request
src/main/java/org/jsoup/helper/HttpConnection.java: error: unknown type
	data: MalformedURLException
src/main/java/org/jsoup/helper/HttpConnection.java: error: an unsupported collection type has been used for this operation
	data: genericInstance(unsupported(Collection), [unsupported(Connection/KeyVal)])
src/main/java/org/jsoup/helper/HttpConnection.java: error: unknown type
	data: BufferedWriter
src/main/java/org/jsoup/helper/HttpConnection.java: unsupported: unsupported type
	data: genericParameter(T, [unsupported(Connection/Base)])
src/main/java/org/jsoup/helper/HttpConnection.java: unsupported: unsupported AST node
	data: genericInstance(unsupported(LinkedHashMap), [pointer(reference(java/lang/String)), pointer(genericInstance(reference(java/util/List), [pointer(reference(java/lang/String))]))])
src/main/java/org/jsoup/helper/HttpConnection.java: unsupported: unsupported implements type
	data: struct(org/jsoup/helper/HttpConnection//Base, [], [pointer(reference(java/lang/Object))], [genericInstance(unsupported(Connection/Base), [reference(T)])])
src/main/java/org/jsoup/helper/HttpConnection.java: error: unknown import
	data: java/nio/charset/Charset
src/main/java/org/jsoup/helper/HttpConnection.java: error: unknown type
	data: UnsupportedMimeTypeException
src/main/java/org/jsoup/helper/HttpConnection.java: error: unknown function
	data: [struct(org/jsoup/helper/Validate, [], [pointer(reference(java/lang/Object))], []) org/jsoup/helper/Validate//notNull [] [keyvals "Data key value pairs must not be null"]]
src/main/java/org/jsoup/helper/HttpConnection.java: error: unknown field
	data: [this struct(org/jsoup/helper/HttpConnection, [], [pointer(reference(java/lang/Object))], [unsupported(Connection)]) Method]
src/main/java/org/jsoup/helper/HttpConnection.java: error: unknown function
	data: [pointer(genericInstance(reference(java/util/Map), [pointer(reference(java/lang/String)), pointer(genericInstance(reference(java/util/List), [pointer(reference(java/lang/String))]))])) java/util/Map<java/lang/String,java/util/List<java/lang/String>>//entrySet [] []]
src/main/java/org/jsoup/helper/HttpConnection.java: error: unknown import
	data: javax/net/ssl
src/main/java/org/jsoup/helper/HttpConnection.java: error: unknown function
	data: [pointer(genericInstance(reference(java/util/Map), [pointer(reference(java/lang/String)), pointer(reference(java/lang/String))])) java/util/Map<java/lang/String,java/lang/String>//entrySet [] []]
src/main/java/org/jsoup/helper/HttpConnection.java: error: unknown import
	data: java/nio/charset/IllegalCharsetNameException
src/main/java/org/jsoup/helper/HttpConnection.java: error: unknown type
	data: SuppressWarnings
src/main/java/org/jsoup/helper/HttpConnection.java: error: unknown type
	data: Connection/Response
src/main/java/org/jsoup/helper/HttpConnection.java: error: unknown type
	data: SSLSocketFactory
src/main/java/org/jsoup/helper/HttpConnection.java: error: unknown type
	data: HttpURLConnection
src/main/java/org/jsoup/helper/HttpConnection.java: error: unknown function
	data: [struct(org/jsoup/helper/Validate, [], [pointer(reference(java/lang/Object))], []) org/jsoup/helper/Validate//notNull [] [data "Data collection must not be null"]]
src/main/java/org/jsoup/helper/HttpConnection.java: unsupported: unsupported AST node
	data: genericInstance(unsupported(Collection), [unsupported(Connection/KeyVal)])
src/main/java/org/jsoup/helper/HttpConnection.java: error: unknown type
	data: HostnameVerifier
src/main/java/org/jsoup/helper/HttpConnection.java: error: unknown import
	data: org/jsoup/nodes/Document
src/main/java/org/jsoup/helper/HttpConnection.java: error: unknown import
	data: org/jsoup/parser/Parser
src/main/java/org/jsoup/helper/HttpConnection.java: error: unknown type
	data: Connection
src/main/java/org/jsoup/helper/HttpConnection.java: error: unknown function
	data: [pointer(genericInstance(reference(java/util/Map), [pointer(reference(java/lang/String)), pointer(reference(java/lang/String))])) java/util/Map<java/lang/String,java/lang/String>//entrySet [] []]
src/main/java/org/jsoup/helper/HttpConnection.java: error: unknown function
	data: [pointer(genericInstance(reference(java/util/Map), [pointer(reference(java/lang/String)), pointer(reference(java/lang/String))])) java/util/Map<java/lang/String,java/lang/String>//entrySet [] []]
src/main/java/org/jsoup/helper/HttpConnection.java: error: unknown import
	data: java/util/zip/GZIPInputStream
src/main/java/org/jsoup/helper/HttpConnection.java: error: unknown import
	data: java/net
src/main/java/org/jsoup/helper/HttpConnection.java: error: unknown type
	data: HttpsURLConnection
src/main/java/org/jsoup/helper/HttpConnection.java: error: unknown type
	data: SSLContext
src/main/java/org/jsoup/helper/HttpConnection.java: error: unknown identifier
	data: headers
src/main/java/org/jsoup/helper/HttpConnection.java: error: unknown type
	data: LinkedHashMap
src/main/java/org/jsoup/helper/HttpConnection.java: error: unknown function
	data: [genericInstance(reference(java/util/Map), [pointer(reference(java/lang/String)), pointer(reference(java/lang/String))]) java/util/Map<java/lang/String,java/lang/String>//entrySet [] []]
src/main/java/org/jsoup/helper/HttpConnection.java: error: unknown identifier
	data: Method
src/main/java/org/jsoup/helper/HttpConnection.java: internal error: type does not support nil values
	data: unsupported(HttpsURLConnection)
src/main/java/org/jsoup/helper/HttpConnection.java: error: unknown import
	data: java/security/cert/X509Certificate
src/main/java/org/jsoup/helper/HttpConnection.java: error: unknown type
	data: Connection/KeyVal
src/main/java/org/jsoup/helper/HttpConnection.java: error: unknown identifier
	data: HEAD
src/main/java/org/jsoup/helper/HttpConnection.java: error: unknown type
	data: HttpStatusException
src/main/java/org/jsoup/helper/StringUtil.java: error: unknown import
	data: java/net/MalformedURLException
src/main/java/org/jsoup/helper/StringUtil.java: error: unknown import
	data: java/net/URL
src/main/java/org/jsoup/helper/StringUtil.java: error: unknown import
	data: java/util/Arrays
src/main/java/org/jsoup/helper/StringUtil.java: error: unknown function
	data: [pointer(reference(java/lang/StringBuilder)) java/lang/StringBuilder//append [] [call(select(ensure_not_nil(strings), next!d41d8cd98f00b204e9800998ecf8427e), [])]]
src/main/java/org/jsoup/helper/StringUtil.java: error: unknown function
	data: [pointer(reference(java/lang/StringBuilder)) java/lang/StringBuilder//appendCodePoint [] [c]]
src/main/java/org/jsoup/helper/W3CDom.java: error: unknown import
	data: javax/xml/transform/dom/DOMSource
src/main/java/org/jsoup/helper/W3CDom.java: error: unknown import
	data: java/io/StringWriter
src/main/java/org/jsoup/helper/W3CDom.java: error: unknown type
	data: org/jsoup/nodes/Comment
src/main/java/org/jsoup/helper/W3CDom.java: error: unknown type
	data: org/jsoup/nodes/DataNode
src/main/java/org/jsoup/helper/W3CDom.java: error: unknown import
	data: org/w3c/dom/Element
src/main/java/org/jsoup/helper/W3CDom.java: error: unknown import
	data: javax/xml/parsers/ParserConfigurationException
src/main/java/org/jsoup/helper/W3CDom.java: error: unknown import
	data: java/util/HashMap
src/main/java/org/jsoup/helper/W3CDom.java: error: unknown type
	data: org/jsoup/nodes/Node
src/main/java/org/jsoup/helper/W3CDom.java: internal error: type does not support nil values
	data: unsupported(org/jsoup/nodes/Element)
src/main/java/org/jsoup/helper/W3CDom.java: internal error: type does not support nil values
	data: unsupported(org/jsoup/nodes/Element)
src/main/java/org/jsoup/helper/W3CDom.java: error: unknown import
	data: org/jsoup/nodes/Attribute
src/main/java/org/jsoup/helper/W3CDom.java: error: unknown import
	data: org/jsoup/nodes/Attributes
src/main/java/org/jsoup/helper/W3CDom.java: error: unknown import
	data: org/jsoup/select/NodeTraversor
src/main/java/org/jsoup/helper/W3CDom.java: error: unknown import
	data: org/w3c/dom/Comment
src/main/java/org/jsoup/helper/W3CDom.java: error: unknown import
	data: org/w3c/dom/Text
src/main/java/org/jsoup/helper/W3CDom.java: error: unknown import
	data: javax/xml/parsers/DocumentBuilder
src/main/java/org/jsoup/helper/W3CDom.java: error: unknown type
	data: org/jsoup/nodes/Document
src/main/java/org/jsoup/helper/W3CDom.java: error: unknown type
	data: org/jsoup/nodes/Element
src/main/java/org/jsoup/helper/W3CDom.java: error: unknown import
	data: org/jsoup/select/NodeVisitor
src/main/java/org/jsoup/helper/W3CDom.java: error: unknown import
	data: org/w3c/dom/Document
src/main/java/org/jsoup/helper/W3CDom.java: error: unknown import
	data: javax/xml/parsers/DocumentBuilderFactory
src/main/java/org/jsoup/helper/W3CDom.java: error: unknown import
	data: javax/xml/transform/Transformer
src/main/java/org/jsoup/helper/W3CDom.java: error: unknown import
	data: javax/xml/transform/TransformerException
src/main/java/org/jsoup/helper/W3CDom.java: error: unknown import
	data: javax/xml/transform/stream/StreamResult
src/main/java/org/jsoup/helper/W3CDom.java: unsupported: unsupported AST node
	data: genericInstance(unsupported(java/util/HashMap), [pointer(reference(java/lang/String)), pointer(reference(java/lang/String))])
src/main/java/org/jsoup/helper/W3CDom.java: error: unknown type
	data: org/jsoup/nodes/TextNode
src/main/java/org/jsoup/helper/W3CDom.java: error: unknown import
	data: javax/xml/transform/TransformerFactory
internal error: scope leak
	data: map[handledNode:struct(org/jsoup/helper/HttpConnection, [], [pointer(reference(java/lang/Object))], [unsupported(Connection)]) scopeLevelAtEntry:7 scopeLevelAtExit:9]
Found 6 Java files
Found 129 problems in Java files
src/main/java/org/jsoup/helper/DescendableLinkedList.java: found 5 symbols
src/main/java/org/jsoup/helper/HttpConnection.java: found 79 symbols
src/main/java/org/jsoup/helper/StringUtil.java: found 12 symbols
src/main/java/org/jsoup/helper/Validate.java: found 11 symbols
src/main/java/org/jsoup/helper/W3CDom.java: found 6 symbols
src/main/java/org/jsoup/helper/DataUtil.java: found 11 symbols
src/main/java/org/jsoup/helper/DescendableLinkedList.java: org.jsoup.helper.DescendableLinkedList.push: computing test cases
src/main/java/org/jsoup/helper/DescendableLinkedList.java: org.jsoup.helper.DescendableLinkedList.push: computed 0 unit tests
src/main/java/org/jsoup/helper/DescendableLinkedList.java: org.jsoup.helper.DescendableLinkedList.push: found 1 problems
src/main/java/org/jsoup/helper/DescendableLinkedList.java: unsupported: org.jsoup.helper.DescendableLinkedList.push: encountered an unsupported type
	data: unsupported(java/util/LinkedList)
src/main/java/org/jsoup/helper/DescendableLinkedList.java: org.jsoup.helper.DescendableLinkedList.peekLast: computing test cases
src/main/java/org/jsoup/helper/DescendableLinkedList.java: org.jsoup.helper.DescendableLinkedList.peekLast: computed 0 unit tests
src/main/java/org/jsoup/helper/DescendableLinkedList.java: org.jsoup.helper.DescendableLinkedList.peekLast: found 1 problems
src/main/java/org/jsoup/helper/DescendableLinkedList.java: unsupported: org.jsoup.helper.DescendableLinkedList.peekLast: encountered an unsupported type
	data: unsupported(java/util/LinkedList)
src/main/java/org/jsoup/helper/DescendableLinkedList.java: org.jsoup.helper.DescendableLinkedList.DescendableLinkedList: computing test cases
src/main/java/org/jsoup/helper/DescendableLinkedList.java: org.jsoup.helper.DescendableLinkedList.DescendableLinkedList: computed 0 unit tests
src/main/java/org/jsoup/helper/DescendableLinkedList.java: org.jsoup.helper.DescendableLinkedList.DescendableLinkedList: found 1 problems
src/main/java/org/jsoup/helper/DescendableLinkedList.java: unsupported: org.jsoup.helper.DescendableLinkedList.DescendableLinkedList: encountered an unsupported type
	data: unsupported(java/util/LinkedList)
src/main/java/org/jsoup/helper/DescendableLinkedList.java: org.jsoup.helper.DescendableLinkedList.descendingIterator: computing test cases
src/main/java/org/jsoup/helper/DescendableLinkedList.java: org.jsoup.helper.DescendableLinkedList.descendingIterator: computed 0 unit tests
src/main/java/org/jsoup/helper/DescendableLinkedList.java: org.jsoup.helper.DescendableLinkedList.descendingIterator: found 1 problems
src/main/java/org/jsoup/helper/DescendableLinkedList.java: unsupported: org.jsoup.helper.DescendableLinkedList.descendingIterator: encountered an unsupported type
	data: unsupported(java/util/LinkedList)
src/main/java/org/jsoup/helper/DescendableLinkedList.java: org.jsoup.helper.DescendableLinkedList.pollLast: computing test cases
src/main/java/org/jsoup/helper/DescendableLinkedList.java: org.jsoup.helper.DescendableLinkedList.pollLast: computed 0 unit tests
src/main/java/org/jsoup/helper/DescendableLinkedList.java: org.jsoup.helper.DescendableLinkedList.pollLast: found 1 problems
src/main/java/org/jsoup/helper/DescendableLinkedList.java: unsupported: org.jsoup.helper.DescendableLinkedList.pollLast: encountered an unsupported type
	data: unsupported(java/util/LinkedList)
src/main/java/org/jsoup/helper/HttpConnection.java: org.jsoup.helper.HttpConnection.connect: computing test cases
src/main/java/org/jsoup/helper/HttpConnection.java: org.jsoup.helper.HttpConnection.connect: computed 0 unit tests
src/main/java/org/jsoup/helper/HttpConnection.java: org.jsoup.helper.HttpConnection.connect: found 1 problems
src/main/java/org/jsoup/helper/HttpConnection.java: unsupported: org.jsoup.helper.HttpConnection.connect: encountered an unsupported type
	data: unsupported(URL)
src/main/java/org/jsoup/helper/HttpConnection.java: org.jsoup.helper.HttpConnection.Request.proxy: computing test cases
src/main/java/org/jsoup/helper/HttpConnection.java: org.jsoup.helper.HttpConnection.Request.proxy: found 1 problems
src/main/java/org/jsoup/helper/HttpConnection.java: internal error: org.jsoup.helper.HttpConnection.Request.proxy: unknown type kind
	data: unsupported(Proxy)
src/main/java/org/jsoup/helper/HttpConnection.java: org.jsoup.helper.HttpConnection.Request.ignoreHttpErrors: computing test cases
src/main/java/org/jsoup/helper/HttpConnection.java: org.jsoup.helper.HttpConnection.Request.ignoreHttpErrors: found 1 problems
src/main/java/org/jsoup/helper/HttpConnection.java: internal error: org.jsoup.helper.HttpConnection.Request.ignoreHttpErrors: unknown type kind
	data: unsupported(Proxy)
src/main/java/org/jsoup/helper/HttpConnection.java: org.jsoup.helper.HttpConnection.Request.data: computing test cases
src/main/java/org/jsoup/helper/HttpConnection.java: org.jsoup.helper.HttpConnection.Request.data: found 1 problems
src/main/java/org/jsoup/helper/HttpConnection.java: internal error: org.jsoup.helper.HttpConnection.Request.data: unknown type kind
	data: unsupported(Proxy)
src/main/java/org/jsoup/helper/HttpConnection.java: org.jsoup.helper.HttpConnection.request: computing test cases
src/main/java/org/jsoup/helper/HttpConnection.java: org.jsoup.helper.HttpConnection.request: found 1 problems
src/main/java/org/jsoup/helper/HttpConnection.java: internal error: org.jsoup.helper.HttpConnection.request: unknown type kind
	data: unsupported(Connection/Request)
src/main/java/org/jsoup/helper/HttpConnection.java: org.jsoup.helper.HttpConnection.Request.timeout: computing test cases
src/main/java/org/jsoup/helper/HttpConnection.java: org.jsoup.helper.HttpConnection.Request.timeout: found 1 problems
src/main/java/org/jsoup/helper/HttpConnection.java: internal error: org.jsoup.helper.HttpConnection.Request.timeout: unknown type kind
	data: unsupported(Proxy)
src/main/java/org/jsoup/helper/HttpConnection.java: org.jsoup.helper.HttpConnection.Request.maxBodySize: computing test cases
src/main/java/org/jsoup/helper/HttpConnection.java: org.jsoup.helper.HttpConnection.Request.maxBodySize: found 1 problems
src/main/java/org/jsoup/helper/HttpConnection.java: internal error: org.jsoup.helper.HttpConnection.Request.maxBodySize: unknown type kind
	data: unsupported(Proxy)
src/main/java/org/jsoup/helper/HttpConnection.java: org.jsoup.helper.HttpConnection.data: computing test cases
src/main/java/org/jsoup/helper/HttpConnection.java: org.jsoup.helper.HttpConnection.data: found 1 problems
src/main/java/org/jsoup/helper/HttpConnection.java: internal error: org.jsoup.helper.HttpConnection.data: unknown type kind
	data: unsupported(Connection/Request)
src/main/java/org/jsoup/helper/HttpConnection.java: org.jsoup.helper.HttpConnection.Response.charset: computing test cases
src/main/java/org/jsoup/helper/HttpConnection.java: org.jsoup.helper.HttpConnection.Response.charset: found 1 problems
src/main/java/org/jsoup/helper/HttpConnection.java: internal error: org.jsoup.helper.HttpConnection.Response.charset: unknown type kind
	data: unsupported(java/nio/ByteBuffer)
src/main/java/org/jsoup/helper/HttpConnection.java: org.jsoup.helper.HttpConnection.url: computing test cases
src/main/java/org/jsoup/helper/HttpConnection.java: org.jsoup.helper.HttpConnection.url: found 1 problems
src/main/java/org/jsoup/helper/HttpConnection.java: internal error: org.jsoup.helper.HttpConnection.url: unknown type kind
	data: unsupported(Connection/Request)
src/main/java/org/jsoup/helper/HttpConnection.java: org.jsoup.helper.HttpConnection.Request.validateTLSCertificates: computing test cases
src/main/java/org/jsoup/helper/HttpConnection.java: org.jsoup.helper.HttpConnection.Request.validateTLSCertificates: found 1 problems
src/main/java/org/jsoup/helper/HttpConnection.java: internal error: org.jsoup.helper.HttpConnection.Request.validateTLSCertificates: unknown type kind
	data: unsupported(Proxy)
src/main/java/org/jsoup/helper/HttpConnection.java: org.jsoup.helper.HttpConnection.cookie: computing test cases
src/main/java/org/jsoup/helper/HttpConnection.java: org.jsoup.helper.HttpConnection.cookie: found 1 problems
src/main/java/org/jsoup/helper/HttpConnection.java: internal error: org.jsoup.helper.HttpConnection.cookie: unknown type kind
	data: unsupported(Connection/Request)
src/main/java/org/jsoup/helper/HttpConnection.java: org.jsoup.helper.HttpConnection.cookies: computing test cases
src/main/java/org/jsoup/helper/HttpConnection.java: org.jsoup.helper.HttpConnection.cookies: found 1 problems
src/main/java/org/jsoup/helper/HttpConnection.java: internal error: org.jsoup.helper.HttpConnection.cookies: unknown type kind
	data: unsupported(Connection/Request)
src/main/java/org/jsoup/helper/HttpConnection.java: org.jsoup.helper.HttpConnection.KeyVal.key: computing test cases
src/main/java/org/jsoup/helper/HttpConnection.java: org.jsoup.helper.HttpConnection.KeyVal.key: computed 1 unit tests
src/main/java/org/jsoup/helper/HttpConnection.java: org.jsoup.helper.HttpConnection.KeyVal.key: found 0 problems
src/main/java/org/jsoup/helper/HttpConnection.java: org.jsoup.helper.HttpConnection.userAgent: computing test cases
src/main/java/org/jsoup/helper/HttpConnection.java: org.jsoup.helper.HttpConnection.userAgent: found 1 problems
src/main/java/org/jsoup/helper/HttpConnection.java: internal error: org.jsoup.helper.HttpConnection.userAgent: unknown type kind
	data: unsupported(Connection/Request)
src/main/java/org/jsoup/helper/HttpConnection.java: org.jsoup.helper.HttpConnection.KeyVal.inputStream: computing test cases
src/main/java/org/jsoup/helper/HttpConnection.java: org.jsoup.helper.HttpConnection.KeyVal.inputStream: computed 1 unit tests
src/main/java/org/jsoup/helper/HttpConnection.java: org.jsoup.helper.HttpConnection.KeyVal.inputStream: found 0 problems
src/main/java/org/jsoup/helper/HttpConnection.java: org.jsoup.helper.HttpConnection.Response.processResponseHeaders: computing test cases
src/main/java/org/jsoup/helper/HttpConnection.java: org.jsoup.helper.HttpConnection.Response.processResponseHeaders: found 1 problems
src/main/java/org/jsoup/helper/HttpConnection.java: internal error: org.jsoup.helper.HttpConnection.Response.processResponseHeaders: unknown type kind
	data: unsupported(java/nio/ByteBuffer)
src/main/java/org/jsoup/helper/HttpConnection.java: org.jsoup.helper.HttpConnection.method: computing test cases
src/main/java/org/jsoup/helper/HttpConnection.java: org.jsoup.helper.HttpConnection.method: found 1 problems
src/main/java/org/jsoup/helper/HttpConnection.java: internal error: org.jsoup.helper.HttpConnection.method: unknown type kind
	data: unsupported(Connection/Request)
src/main/java/org/jsoup/helper/HttpConnection.java: org.jsoup.helper.HttpConnection.ignoreContentType: computing test cases
src/main/java/org/jsoup/helper/HttpConnection.java: org.jsoup.helper.HttpConnection.ignoreContentType: found 1 problems
src/main/java/org/jsoup/helper/HttpConnection.java: internal error: org.jsoup.helper.HttpConnection.ignoreContentType: unknown type kind
	data: unsupported(Connection/Request)
src/main/java/org/jsoup/helper/HttpConnection.java: org.jsoup.helper.HttpConnection.requestBody: computing test cases
src/main/java/org/jsoup/helper/HttpConnection.java: org.jsoup.helper.HttpConnection.requestBody: found 1 problems
src/main/java/org/jsoup/helper/HttpConnection.java: internal error: org.jsoup.helper.HttpConnection.requestBody: unknown type kind
	data: unsupported(Connection/Request)
src/main/java/org/jsoup/helper/HttpConnection.java: org.jsoup.helper.HttpConnection.validateTLSCertificates: computing test cases
src/main/java/org/jsoup/helper/HttpConnection.java: org.jsoup.helper.HttpConnection.validateTLSCertificates: found 1 problems
src/main/java/org/jsoup/helper/HttpConnection.java: internal error: org.jsoup.helper.HttpConnection.validateTLSCertificates: unknown type kind
	data: unsupported(Connection/Request)
src/main/java/org/jsoup/helper/HttpConnection.java: org.jsoup.helper.HttpConnection.Request.maxBodySize: computing test cases
src/main/java/org/jsoup/helper/HttpConnection.java: org.jsoup.helper.HttpConnection.Request.maxBodySize: found 1 problems
src/main/java/org/jsoup/helper/HttpConnection.java: internal error: org.jsoup.helper.HttpConnection.Request.maxBodySize: unknown type kind
	data: unsupported(Proxy)
src/main/java/org/jsoup/helper/HttpConnection.java: org.jsoup.helper.HttpConnection.Request.data: computing test cases
src/main/java/org/jsoup/helper/HttpConnection.java: org.jsoup.helper.HttpConnection.Request.data: found 1 problems
src/main/java/org/jsoup/helper/HttpConnection.java: internal error: org.jsoup.helper.HttpConnection.Request.data: unknown type kind
	data: unsupported(Proxy)
src/main/java/org/jsoup/helper/HttpConnection.java: org.jsoup.helper.HttpConnection.ignoreHttpErrors: computing test cases
src/main/java/org/jsoup/helper/HttpConnection.java: org.jsoup.helper.HttpConnection.ignoreHttpErrors: found 1 problems
src/main/java/org/jsoup/helper/HttpConnection.java: internal error: org.jsoup.helper.HttpConnection.ignoreHttpErrors: unknown type kind
	data: unsupported(Connection/Request)
src/main/java/org/jsoup/helper/HttpConnection.java: org.jsoup.helper.HttpConnection.data: computing test cases
src/main/java/org/jsoup/helper/HttpConnection.java: org.jsoup.helper.HttpConnection.data: found 1 problems
src/main/java/org/jsoup/helper/HttpConnection.java: internal error: org.jsoup.helper.HttpConnection.data: unknown type kind
	data: unsupported(Connection/Request)
src/main/java/org/jsoup/helper/HttpConnection.java: org.jsoup.helper.HttpConnection.Request.proxy: computing test cases
src/main/java/org/jsoup/helper/HttpConnection.java: org.jsoup.helper.HttpConnection.Request.proxy: found 1 problems
src/main/java/org/jsoup/helper/HttpConnection.java: internal error: org.jsoup.helper.HttpConnection.Request.proxy: unknown type kind
	data: unsupported(Proxy)
src/main/java/org/jsoup/helper/HttpConnection.java: org.jsoup.helper.HttpConnection.KeyVal.value: computing test cases
src/main/java/org/jsoup/helper/HttpConnection.java: org.jsoup.helper.HttpConnection.KeyVal.value: computed 1 unit tests
src/main/java/org/jsoup/helper/HttpConnection.java: org.jsoup.helper.HttpConnection.KeyVal.value: found 0 problems
src/main/java/org/jsoup/helper/HttpConnection.java: org.jsoup.helper.HttpConnection.KeyVal.value: computing test cases
src/main/java/org/jsoup/helper/HttpConnection.java: org.jsoup.helper.HttpConnection.KeyVal.value: computed 1 unit tests
src/main/java/org/jsoup/helper/HttpConnection.java: org.jsoup.helper.HttpConnection.KeyVal.value: found 0 problems
src/main/java/org/jsoup/helper/HttpConnection.java: org.jsoup.helper.HttpConnection.proxy: computing test cases
src/main/java/org/jsoup/helper/HttpConnection.java: org.jsoup.helper.HttpConnection.proxy: found 1 problems
src/main/java/org/jsoup/helper/HttpConnection.java: internal error: org.jsoup.helper.HttpConnection.proxy: unknown type kind
	data: unsupported(Connection/Request)
src/main/java/org/jsoup/helper/HttpConnection.java: org.jsoup.helper.HttpConnection.referrer: computing test cases
src/main/java/org/jsoup/helper/HttpConnection.java: org.jsoup.helper.HttpConnection.referrer: found 1 problems
src/main/java/org/jsoup/helper/HttpConnection.java: internal error: org.jsoup.helper.HttpConnection.referrer: unknown type kind
	data: unsupported(Connection/Request)
src/main/java/org/jsoup/helper/HttpConnection.java: org.jsoup.helper.HttpConnection.data: computing test cases
src/main/java/org/jsoup/helper/HttpConnection.java: org.jsoup.helper.HttpConnection.data: found 1 problems
src/main/java/org/jsoup/helper/HttpConnection.java: internal error: org.jsoup.helper.HttpConnection.data: unknown type kind
	data: unsupported(Connection/Request)
src/main/java/org/jsoup/helper/HttpConnection.java: org.jsoup.helper.HttpConnection.response: computing test cases
src/main/java/org/jsoup/helper/HttpConnection.java: org.jsoup.helper.HttpConnection.response: found 1 problems
src/main/java/org/jsoup/helper/HttpConnection.java: internal error: org.jsoup.helper.HttpConnection.response: unknown type kind
	data: unsupported(Connection/Request)
src/main/java/org/jsoup/helper/HttpConnection.java: org.jsoup.helper.HttpConnection.Response.parse: computing test cases
src/main/java/org/jsoup/helper/HttpConnection.java: org.jsoup.helper.HttpConnection.Response.parse: found 1 problems
src/main/java/org/jsoup/helper/HttpConnection.java: internal error: org.jsoup.helper.HttpConnection.Response.parse: unknown type kind
	data: unsupported(java/nio/ByteBuffer)
src/main/java/org/jsoup/helper/HttpConnection.java: org.jsoup.helper.HttpConnection.KeyVal.create: computing test cases
src/main/java/org/jsoup/helper/HttpConnection.java: org.jsoup.helper.HttpConnection.KeyVal.create: found 1 problems
src/main/java/org/jsoup/helper/HttpConnection.java: internal error: org.jsoup.helper.HttpConnection.KeyVal.create: unknown type kind
	data: unsupported(Connection/Request)
src/main/java/org/jsoup/helper/HttpConnection.java: org.jsoup.helper.HttpConnection.data: computing test cases
src/main/java/org/jsoup/helper/HttpConnection.java: org.jsoup.helper.HttpConnection.data: found 1 problems
src/main/java/org/jsoup/helper/HttpConnection.java: internal error: org.jsoup.helper.HttpConnection.data: unknown type kind
	data: unsupported(Connection/Request)
src/main/java/org/jsoup/helper/HttpConnection.java: org.jsoup.helper.HttpConnection.headers: computing test cases
src/main/java/org/jsoup/helper/HttpConnection.java: org.jsoup.helper.HttpConnection.headers: found 1 problems
src/main/java/org/jsoup/helper/HttpConnection.java: internal error: org.jsoup.helper.HttpConnection.headers: unknown type kind
	data: unsupported(Connection/Request)
src/main/java/org/jsoup/helper/HttpConnection.java: org.jsoup.helper.HttpConnection.Request.proxy: computing test cases
src/main/java/org/jsoup/helper/HttpConnection.java: org.jsoup.helper.HttpConnection.Request.proxy: found 1 problems
src/main/java/org/jsoup/helper/HttpConnection.java: internal error: org.jsoup.helper.HttpConnection.Request.proxy: unknown type kind
	data: unsupported(Proxy)
src/main/java/org/jsoup/helper/HttpConnection.java: org.jsoup.helper.HttpConnection.KeyVal.key: computing test cases
src/main/java/org/jsoup/helper/HttpConnection.java: org.jsoup.helper.HttpConnection.KeyVal.key: computed 1 unit tests
src/main/java/org/jsoup/helper/HttpConnection.java: org.jsoup.helper.HttpConnection.KeyVal.key: found 0 problems
src/main/java/org/jsoup/helper/HttpConnection.java: org.jsoup.helper.HttpConnection.KeyVal.toString: computing test cases
src/main/java/org/jsoup/helper/HttpConnection.java: org.jsoup.helper.HttpConnection.KeyVal.toString: computed 1 unit tests
src/main/java/org/jsoup/helper/HttpConnection.java: org.jsoup.helper.HttpConnection.KeyVal.toString: found 0 problems
src/main/java/org/jsoup/helper/HttpConnection.java: org.jsoup.helper.HttpConnection.proxy: computing test cases
src/main/java/org/jsoup/helper/HttpConnection.java: org.jsoup.helper.HttpConnection.proxy: found 1 problems
src/main/java/org/jsoup/helper/HttpConnection.java: internal error: org.jsoup.helper.HttpConnection.proxy: unknown type kind
	data: unsupported(Connection/Request)
src/main/java/org/jsoup/helper/HttpConnection.java: org.jsoup.helper.HttpConnection.Response.execute: computing test cases
src/main/java/org/jsoup/helper/HttpConnection.java: org.jsoup.helper.HttpConnection.Response.execute: found 1 problems
src/main/java/org/jsoup/helper/HttpConnection.java: internal error: org.jsoup.helper.HttpConnection.Response.execute: unknown type kind
	data: unsupported(java/nio/ByteBuffer)
src/main/java/org/jsoup/helper/HttpConnection.java: org.jsoup.helper.HttpConnection.timeout: computing test cases
src/main/java/org/jsoup/helper/HttpConnection.java: org.jsoup.helper.HttpConnection.timeout: found 1 problems
src/main/java/org/jsoup/helper/HttpConnection.java: internal error: org.jsoup.helper.HttpConnection.timeout: unknown type kind
	data: unsupported(Connection/Request)
src/main/java/org/jsoup/helper/HttpConnection.java: org.jsoup.helper.HttpConnection.followRedirects: computing test cases
src/main/java/org/jsoup/helper/HttpConnection.java: org.jsoup.helper.HttpConnection.followRedirects: found 1 problems
src/main/java/org/jsoup/helper/HttpConnection.java: internal error: org.jsoup.helper.HttpConnection.followRedirects: unknown type kind
	data: unsupported(Connection/Request)
src/main/java/org/jsoup/helper/HttpConnection.java: org.jsoup.helper.HttpConnection.data: computing test cases
src/main/java/org/jsoup/helper/HttpConnection.java: org.jsoup.helper.HttpConnection.data: found 1 problems
src/main/java/org/jsoup/helper/HttpConnection.java: internal error: org.jsoup.helper.HttpConnection.data: unknown type kind
	data: unsupported(Connection/Request)
src/main/java/org/jsoup/helper/HttpConnection.java: org.jsoup.helper.HttpConnection.parser: computing test cases
src/main/java/org/jsoup/helper/HttpConnection.java: org.jsoup.helper.HttpConnection.parser: found 1 problems
src/main/java/org/jsoup/helper/HttpConnection.java: internal error: org.jsoup.helper.HttpConnection.parser: unknown type kind
	data: unsupported(Connection/Request)
src/main/java/org/jsoup/helper/HttpConnection.java: org.jsoup.helper.HttpConnection.Request.followRedirects: computing test cases
src/main/java/org/jsoup/helper/HttpConnection.java: org.jsoup.helper.HttpConnection.Request.followRedirects: found 1 problems
src/main/java/org/jsoup/helper/HttpConnection.java: internal error: org.jsoup.helper.HttpConnection.Request.followRedirects: unknown type kind
	data: unsupported(Proxy)
src/main/java/org/jsoup/helper/HttpConnection.java: org.jsoup.helper.HttpConnection.Request.parser: computing test cases
src/main/java/org/jsoup/helper/HttpConnection.java: org.jsoup.helper.HttpConnection.Request.parser: found 1 problems
src/main/java/org/jsoup/helper/HttpConnection.java: internal error: org.jsoup.helper.HttpConnection.Request.parser: unknown type kind
	data: unsupported(Proxy)
src/main/java/org/jsoup/helper/HttpConnection.java: org.jsoup.helper.HttpConnection.Response.statusMessage: computing test cases
src/main/java/org/jsoup/helper/HttpConnection.java: org.jsoup.helper.HttpConnection.Response.statusMessage: found 1 problems
src/main/java/org/jsoup/helper/HttpConnection.java: internal error: org.jsoup.helper.HttpConnection.Response.statusMessage: unknown type kind
	data: unsupported(java/nio/ByteBuffer)
src/main/java/org/jsoup/helper/HttpConnection.java: org.jsoup.helper.HttpConnection.connect: computing test cases
src/main/java/org/jsoup/helper/HttpConnection.java: org.jsoup.helper.HttpConnection.connect: computed 0 unit tests
src/main/java/org/jsoup/helper/HttpConnection.java: org.jsoup.helper.HttpConnection.connect: found 0 problems
src/main/java/org/jsoup/helper/HttpConnection.java: org.jsoup.helper.HttpConnection.Request.requestBody: computing test cases
src/main/java/org/jsoup/helper/HttpConnection.java: org.jsoup.helper.HttpConnection.Request.requestBody: found 1 problems
src/main/java/org/jsoup/helper/HttpConnection.java: internal error: org.jsoup.helper.HttpConnection.Request.requestBody: unknown type kind
	data: unsupported(Proxy)
src/main/java/org/jsoup/helper/HttpConnection.java: org.jsoup.helper.HttpConnection.Response.Response: computing test cases
src/main/java/org/jsoup/helper/HttpConnection.java: org.jsoup.helper.HttpConnection.Response.Response: found 1 problems
src/main/java/org/jsoup/helper/HttpConnection.java: internal error: org.jsoup.helper.HttpConnection.Response.Response: unknown type kind
	data: unsupported(java/nio/ByteBuffer)
src/main/java/org/jsoup/helper/HttpConnection.java: org.jsoup.helper.HttpConnection.Response.contentType: computing test cases
src/main/java/org/jsoup/helper/HttpConnection.java: org.jsoup.helper.HttpConnection.Response.contentType: found 1 problems
src/main/java/org/jsoup/helper/HttpConnection.java: internal error: org.jsoup.helper.HttpConnection.Response.contentType: unknown type kind
	data: unsupported(java/nio/ByteBuffer)
src/main/java/org/jsoup/helper/HttpConnection.java: org.jsoup.helper.HttpConnection.Request.timeout: computing test cases
src/main/java/org/jsoup/helper/HttpConnection.java: org.jsoup.helper.HttpConnection.Request.timeout: found 1 problems
src/main/java/org/jsoup/helper/HttpConnection.java: internal error: org.jsoup.helper.HttpConnection.Request.timeout: unknown type kind
	data: unsupported(Proxy)
src/main/java/org/jsoup/helper/HttpConnection.java: org.jsoup.helper.HttpConnection.Request.parser: computing test cases
src/main/java/org/jsoup/helper/HttpConnection.java: org.jsoup.helper.HttpConnection.Request.parser: found 1 problems
src/main/java/org/jsoup/helper/HttpConnection.java: internal error: org.jsoup.helper.HttpConnection.Request.parser: unknown type kind
	data: unsupported(Proxy)
src/main/java/org/jsoup/helper/HttpConnection.java: org.jsoup.helper.HttpConnection.data: computing test cases
src/main/java/org/jsoup/helper/HttpConnection.java: org.jsoup.helper.HttpConnection.data: found 1 problems
src/main/java/org/jsoup/helper/HttpConnection.java: internal error: org.jsoup.helper.HttpConnection.data: unknown type kind
	data: unsupported(Connection/Request)
src/main/java/org/jsoup/helper/HttpConnection.java: org.jsoup.helper.HttpConnection.postDataCharset: computing test cases
src/main/java/org/jsoup/helper/HttpConnection.java: org.jsoup.helper.HttpConnection.postDataCharset: found 1 problems
src/main/java/org/jsoup/helper/HttpConnection.java: internal error: org.jsoup.helper.HttpConnection.postDataCharset: unknown type kind
	data: unsupported(Connection/Request)
src/main/java/org/jsoup/helper/HttpConnection.java: org.jsoup.helper.HttpConnection.get: computing test cases
src/main/java/org/jsoup/helper/HttpConnection.java: org.jsoup.helper.HttpConnection.get: found 1 problems
src/main/java/org/jsoup/helper/HttpConnection.java: internal error: org.jsoup.helper.HttpConnection.get: unknown type kind
	data: unsupported(Connection/Request)
src/main/java/org/jsoup/helper/HttpConnection.java: org.jsoup.helper.HttpConnection.Request.ignoreContentType: computing test cases
src/main/java/org/jsoup/helper/HttpConnection.java: org.jsoup.helper.HttpConnection.Request.ignoreContentType: found 1 problems
src/main/java/org/jsoup/helper/HttpConnection.java: internal error: org.jsoup.helper.HttpConnection.Request.ignoreContentType: unknown type kind
	data: unsupported(Proxy)
src/main/java/org/jsoup/helper/HttpConnection.java: org.jsoup.helper.HttpConnection.header: computing test cases
src/main/java/org/jsoup/helper/HttpConnection.java: org.jsoup.helper.HttpConnection.header: found 1 problems
src/main/java/org/jsoup/helper/HttpConnection.java: internal error: org.jsoup.helper.HttpConnection.header: unknown type kind
	data: unsupported(Connection/Request)
src/main/java/org/jsoup/helper/HttpConnection.java: org.jsoup.helper.HttpConnection.response: computing test cases
src/main/java/org/jsoup/helper/HttpConnection.java: org.jsoup.helper.HttpConnection.response: found 1 problems
src/main/java/org/jsoup/helper/HttpConnection.java: internal error: org.jsoup.helper.HttpConnection.response: unknown type kind
	data: unsupported(Connection/Request)
src/main/java/org/jsoup/helper/HttpConnection.java: org.jsoup.helper.HttpConnection.KeyVal.create: computing test cases
src/main/java/org/jsoup/helper/HttpConnection.java: org.jsoup.helper.HttpConnection.KeyVal.create: found 1 problems
src/main/java/org/jsoup/helper/HttpConnection.java: internal error: org.jsoup.helper.HttpConnection.KeyVal.create: unknown type kind
	data: unsupported(Connection/Request)
src/main/java/org/jsoup/helper/HttpConnection.java: org.jsoup.helper.HttpConnection.post: computing test cases
src/main/java/org/jsoup/helper/HttpConnection.java: org.jsoup.helper.HttpConnection.post: found 1 problems
src/main/java/org/jsoup/helper/HttpConnection.java: internal error: org.jsoup.helper.HttpConnection.post: unknown type kind
	data: unsupported(Connection/Request)
src/main/java/org/jsoup/helper/HttpConnection.java: org.jsoup.helper.HttpConnection.Request.ignoreContentType: computing test cases
src/main/java/org/jsoup/helper/HttpConnection.java: org.jsoup.helper.HttpConnection.Request.ignoreContentType: found 1 problems
src/main/java/org/jsoup/helper/HttpConnection.java: internal error: org.jsoup.helper.HttpConnection.Request.ignoreContentType: unknown type kind
	data: unsupported(Proxy)
src/main/java/org/jsoup/helper/HttpConnection.java: org.jsoup.helper.HttpConnection.Request.postDataCharset: computing test cases
src/main/java/org/jsoup/helper/HttpConnection.java: org.jsoup.helper.HttpConnection.Request.postDataCharset: found 1 problems
src/main/java/org/jsoup/helper/HttpConnection.java: internal error: org.jsoup.helper.HttpConnection.Request.postDataCharset: unknown type kind
	data: unsupported(Proxy)
src/main/java/org/jsoup/helper/HttpConnection.java: org.jsoup.helper.HttpConnection.Response.execute: computing test cases
src/main/java/org/jsoup/helper/HttpConnection.java: org.jsoup.helper.HttpConnection.Response.execute: found 1 problems
src/main/java/org/jsoup/helper/HttpConnection.java: internal error: org.jsoup.helper.HttpConnection.Response.execute: unknown type kind
	data: unsupported(java/nio/ByteBuffer)
src/main/java/org/jsoup/helper/HttpConnection.java: org.jsoup.helper.HttpConnection.KeyVal.inputStream: computing test cases
src/main/java/org/jsoup/helper/HttpConnection.java: org.jsoup.helper.HttpConnection.KeyVal.inputStream: computed 1 unit tests
src/main/java/org/jsoup/helper/HttpConnection.java: org.jsoup.helper.HttpConnection.KeyVal.inputStream: found 0 problems
src/main/java/org/jsoup/helper/HttpConnection.java: org.jsoup.helper.HttpConnection.maxBodySize: computing test cases
src/main/java/org/jsoup/helper/HttpConnection.java: org.jsoup.helper.HttpConnection.maxBodySize: found 1 problems
src/main/java/org/jsoup/helper/HttpConnection.java: internal error: org.jsoup.helper.HttpConnection.maxBodySize: unknown type kind
	data: unsupported(Connection/Request)
src/main/java/org/jsoup/helper/HttpConnection.java: org.jsoup.helper.HttpConnection.request: computing test cases
src/main/java/org/jsoup/helper/HttpConnection.java: org.jsoup.helper.HttpConnection.request: found 1 problems
src/main/java/org/jsoup/helper/HttpConnection.java: internal error: org.jsoup.helper.HttpConnection.request: unknown type kind
	data: unsupported(Connection/Request)
src/main/java/org/jsoup/helper/HttpConnection.java: org.jsoup.helper.HttpConnection.Request.followRedirects: computing test cases
src/main/java/org/jsoup/helper/HttpConnection.java: org.jsoup.helper.HttpConnection.Request.followRedirects: found 1 problems
src/main/java/org/jsoup/helper/HttpConnection.java: internal error: org.jsoup.helper.HttpConnection.Request.followRedirects: unknown type kind
	data: unsupported(Proxy)
src/main/java/org/jsoup/helper/HttpConnection.java: org.jsoup.helper.HttpConnection.Request.ignoreHttpErrors: computing test cases
src/main/java/org/jsoup/helper/HttpConnection.java: org.jsoup.helper.HttpConnection.Request.ignoreHttpErrors: found 1 problems
src/main/java/org/jsoup/helper/HttpConnection.java: internal error: org.jsoup.helper.HttpConnection.Request.ignoreHttpErrors: unknown type kind
	data: unsupported(Proxy)
src/main/java/org/jsoup/helper/HttpConnection.java: org.jsoup.helper.HttpConnection.Request.requestBody: computing test cases
src/main/java/org/jsoup/helper/HttpConnection.java: org.jsoup.helper.HttpConnection.Request.requestBody: found 1 problems
src/main/java/org/jsoup/helper/HttpConnection.java: internal error: org.jsoup.helper.HttpConnection.Request.requestBody: unknown type kind
	data: unsupported(Proxy)
src/main/java/org/jsoup/helper/HttpConnection.java: org.jsoup.helper.HttpConnection.Request.postDataCharset: computing test cases
src/main/java/org/jsoup/helper/HttpConnection.java: org.jsoup.helper.HttpConnection.Request.postDataCharset: found 1 problems
src/main/java/org/jsoup/helper/HttpConnection.java: internal error: org.jsoup.helper.HttpConnection.Request.postDataCharset: unknown type kind
	data: unsupported(Proxy)
src/main/java/org/jsoup/helper/HttpConnection.java: org.jsoup.helper.HttpConnection.Response.bodyAsBytes: computing test cases
src/main/java/org/jsoup/helper/HttpConnection.java: org.jsoup.helper.HttpConnection.Response.bodyAsBytes: found 1 problems
src/main/java/org/jsoup/helper/HttpConnection.java: internal error: org.jsoup.helper.HttpConnection.Response.bodyAsBytes: unknown type kind
	data: unsupported(java/nio/ByteBuffer)
src/main/java/org/jsoup/helper/HttpConnection.java: org.jsoup.helper.HttpConnection.Response.body: computing test cases
src/main/java/org/jsoup/helper/HttpConnection.java: org.jsoup.helper.HttpConnection.Response.body: found 1 problems
src/main/java/org/jsoup/helper/HttpConnection.java: internal error: org.jsoup.helper.HttpConnection.Response.body: unknown type kind
	data: unsupported(java/nio/ByteBuffer)
src/main/java/org/jsoup/helper/HttpConnection.java: org.jsoup.helper.HttpConnection.KeyVal.hasInputStream: computing test cases
src/main/java/org/jsoup/helper/HttpConnection.java: org.jsoup.helper.HttpConnection.KeyVal.hasInputStream: computed 2 unit tests
src/main/java/org/jsoup/helper/HttpConnection.java: org.jsoup.helper.HttpConnection.KeyVal.hasInputStream: found 0 problems
src/main/java/org/jsoup/helper/HttpConnection.java: org.jsoup.helper.HttpConnection.url: computing test cases
src/main/java/org/jsoup/helper/HttpConnection.java: org.jsoup.helper.HttpConnection.url: found 1 problems
src/main/java/org/jsoup/helper/HttpConnection.java: internal error: org.jsoup.helper.HttpConnection.url: unknown type kind
	data: unsupported(Connection/Request)
src/main/java/org/jsoup/helper/HttpConnection.java: org.jsoup.helper.HttpConnection.execute: computing test cases
src/main/java/org/jsoup/helper/HttpConnection.java: org.jsoup.helper.HttpConnection.execute: found 1 problems
src/main/java/org/jsoup/helper/HttpConnection.java: internal error: org.jsoup.helper.HttpConnection.execute: unknown type kind
	data: unsupported(Connection/Request)
src/main/java/org/jsoup/helper/HttpConnection.java: org.jsoup.helper.HttpConnection.Request.validateTLSCertificates: computing test cases
src/main/java/org/jsoup/helper/HttpConnection.java: org.jsoup.helper.HttpConnection.Request.validateTLSCertificates: found 1 problems
src/main/java/org/jsoup/helper/HttpConnection.java: internal error: org.jsoup.helper.HttpConnection.Request.validateTLSCertificates: unknown type kind
	data: unsupported(Proxy)
src/main/java/org/jsoup/helper/HttpConnection.java: org.jsoup.helper.HttpConnection.Response.statusCode: computing test cases
src/main/java/org/jsoup/helper/HttpConnection.java: org.jsoup.helper.HttpConnection.Response.statusCode: found 1 problems
src/main/java/org/jsoup/helper/HttpConnection.java: internal error: org.jsoup.helper.HttpConnection.Response.statusCode: unknown type kind
	data: unsupported(java/nio/ByteBuffer)
src/main/java/org/jsoup/helper/StringUtil.java: org.jsoup.helper.StringUtil.padding: computing test cases
src/main/java/org/jsoup/helper/StringUtil.java: org.jsoup.helper.StringUtil.padding: computed 2 unit tests
src/main/java/org/jsoup/helper/StringUtil.java: org.jsoup.helper.StringUtil.padding: found 2 problems
src/main/java/org/jsoup/helper/StringUtil.java: info: org.jsoup.helper.StringUtil.padding: test generation timed out
src/main/java/org/jsoup/helper/StringUtil.java:55:13: critical: org.jsoup.helper.StringUtil.padding: uncaught java.lang.IllegalArgumentException
src/main/java/org/jsoup/helper/StringUtil.java: org.jsoup.helper.StringUtil.inSorted: computing test cases
src/main/java/org/jsoup/helper/StringUtil.java: org.jsoup.helper.StringUtil.inSorted: computed 0 unit tests
src/main/java/org/jsoup/helper/StringUtil.java: org.jsoup.helper.StringUtil.inSorted: found 0 problems
src/main/java/org/jsoup/helper/StringUtil.java: org.jsoup.helper.StringUtil.isBlank: computing test cases
src/main/java/org/jsoup/helper/StringUtil.java: org.jsoup.helper.StringUtil.isBlank: computed 2 unit tests
src/main/java/org/jsoup/helper/StringUtil.java: org.jsoup.helper.StringUtil.isBlank: found 1 problems
src/main/java/org/jsoup/helper/StringUtil.java: info: org.jsoup.helper.StringUtil.isBlank: solver timed out
	data: ExecutionResult{ExitStatus:-1, ResourceUsage{WallTime:10.00585006s, CPUTimeUser:9.919162s, CPUTimeSystem:63.994ms, MemoryUsage:182728}}
src/main/java/org/jsoup/helper/StringUtil.java: org.jsoup.helper.StringUtil.isWhitespace: computing test cases
src/main/java/org/jsoup/helper/StringUtil.java: org.jsoup.helper.StringUtil.isWhitespace: computed 6 unit tests
src/main/java/org/jsoup/helper/StringUtil.java: org.jsoup.helper.StringUtil.isWhitespace: found 0 problems
src/main/java/org/jsoup/helper/StringUtil.java: org.jsoup.helper.StringUtil.isNumeric: computing test cases
src/main/java/org/jsoup/helper/StringUtil.java: org.jsoup.helper.StringUtil.isNumeric: computed 2 unit tests
src/main/java/org/jsoup/helper/StringUtil.java: org.jsoup.helper.StringUtil.isNumeric: found 1 problems
src/main/java/org/jsoup/helper/StringUtil.java: info: org.jsoup.helper.StringUtil.isNumeric: solver timed out
	data: ExecutionResult{ExitStatus:-1, ResourceUsage{WallTime:10.005601971s, CPUTimeUser:9.915755s, CPUTimeSystem:88.033ms, MemoryUsage:182412}}
src/main/java/org/jsoup/helper/StringUtil.java: org.jsoup.helper.StringUtil.join: computing test cases
src/main/java/org/jsoup/helper/StringUtil.java: org.jsoup.helper.StringUtil.join: computed 0 unit tests
src/main/java/org/jsoup/helper/StringUtil.java: org.jsoup.helper.StringUtil.join: found 1 problems
src/main/java/org/jsoup/helper/StringUtil.java: unsupported: org.jsoup.helper.StringUtil.join: unsupported access
	data: function(variable(this, pointer(genericInstance(reference(java/lang/Iterable), [reference(T)]))), java/lang/Iterable//iterator!d41d8cd98f00b204e9800998ecf8427e, [], [variable(, pointer(genericInstance(reference(java/util/Iterator), [reference(T)])))], <nil>)
src/main/java/org/jsoup/helper/StringUtil.java: org.jsoup.helper.StringUtil.join: computing test cases
src/main/java/org/jsoup/helper/StringUtil.java: org.jsoup.helper.StringUtil.join: computed 0 unit tests
src/main/java/org/jsoup/helper/StringUtil.java: org.jsoup.helper.StringUtil.join: found 1 problems
src/main/java/org/jsoup/helper/StringUtil.java: unsupported: org.jsoup.helper.StringUtil.join: unsupported access
	data: function(variable(this, pointer(genericInstance(reference(java/util/Iterator), [reference(E)]))), java/util/Iterator//hasNext!d41d8cd98f00b204e9800998ecf8427e, [], [variable(, primitive(bool, 0, false))], <nil>)
src/main/java/org/jsoup/helper/StringUtil.java: org.jsoup.helper.StringUtil.normaliseWhitespace: computing test cases
src/main/java/org/jsoup/helper/StringUtil.java: org.jsoup.helper.StringUtil.normaliseWhitespace: computed 2 unit tests
src/main/java/org/jsoup/helper/StringUtil.java: org.jsoup.helper.StringUtil.normaliseWhitespace: found 1 problems
src/main/java/org/jsoup/helper/StringUtil.java:116:46: critical: org.jsoup.helper.StringUtil.normaliseWhitespace: uncaught java.lang.NullPointerException
src/main/java/org/jsoup/helper/StringUtil.java: org.jsoup.helper.StringUtil.appendNormalisedWhitespace: computing test cases
src/main/java/org/jsoup/helper/StringUtil.java: org.jsoup.helper.StringUtil.appendNormalisedWhitespace: computed 2 unit tests
src/main/java/org/jsoup/helper/StringUtil.java: org.jsoup.helper.StringUtil.appendNormalisedWhitespace: found 1 problems
src/main/java/org/jsoup/helper/StringUtil.java:131:19: critical: org.jsoup.helper.StringUtil.appendNormalisedWhitespace: uncaught java.lang.NullPointerException
src/main/java/org/jsoup/helper/StringUtil.java: org.jsoup.helper.StringUtil.resolve: computing test cases
src/main/java/org/jsoup/helper/StringUtil.java: org.jsoup.helper.StringUtil.resolve: computed 0 unit tests
src/main/java/org/jsoup/helper/StringUtil.java: org.jsoup.helper.StringUtil.resolve: found 0 problems
src/main/java/org/jsoup/helper/StringUtil.java: org.jsoup.helper.StringUtil.resolve: computing test cases
src/main/java/org/jsoup/helper/StringUtil.java: org.jsoup.helper.StringUtil.resolve: computed 0 unit tests
src/main/java/org/jsoup/helper/StringUtil.java: org.jsoup.helper.StringUtil.resolve: found 1 problems
src/main/java/org/jsoup/helper/StringUtil.java: unsupported: org.jsoup.helper.StringUtil.resolve: encountered an unsupported type
	data: unsupported(java/net/URL)
src/main/java/org/jsoup/helper/StringUtil.java: org.jsoup.helper.StringUtil.in: computing test cases
src/main/java/org/jsoup/helper/StringUtil.java: org.jsoup.helper.StringUtil.in: computed 6 unit tests
src/main/java/org/jsoup/helper/StringUtil.java: org.jsoup.helper.StringUtil.in: found 2 problems
src/main/java/org/jsoup/helper/StringUtil.java:150:27: critical: org.jsoup.helper.StringUtil.in: uncaught java.lang.NullPointerException
src/main/java/org/jsoup/helper/StringUtil.java:151:17: critical: org.jsoup.helper.StringUtil.in: uncaught java.lang.NullPointerException
src/main/java/org/jsoup/helper/Validate.java: org.jsoup.helper.Validate.isTrue: computing test cases
src/main/java/org/jsoup/helper/Validate.java: org.jsoup.helper.Validate.isTrue: computed 2 unit tests
src/main/java/org/jsoup/helper/Validate.java: org.jsoup.helper.Validate.isTrue: found 1 problems
src/main/java/org/jsoup/helper/Validate.java:35:13: critical: org.jsoup.helper.Validate.isTrue: uncaught java.lang.IllegalArgumentException
src/main/java/org/jsoup/helper/Validate.java: org.jsoup.helper.Validate.notEmpty: computing test cases
src/main/java/org/jsoup/helper/Validate.java: org.jsoup.helper.Validate.notEmpty: computed 3 unit tests
src/main/java/org/jsoup/helper/Validate.java: org.jsoup.helper.Validate.notEmpty: found 2 problems
src/main/java/org/jsoup/helper/Validate.java:102:13: critical: org.jsoup.helper.Validate.notEmpty: uncaught java.lang.IllegalArgumentException
src/main/java/org/jsoup/helper/Validate.java:102:13: critical: org.jsoup.helper.Validate.notEmpty: uncaught java.lang.IllegalArgumentException
src/main/java/org/jsoup/helper/Validate.java: org.jsoup.helper.Validate.notNull: computing test cases
src/main/java/org/jsoup/helper/Validate.java: org.jsoup.helper.Validate.notNull: computed 2 unit tests
src/main/java/org/jsoup/helper/Validate.java: org.jsoup.helper.Validate.notNull: found 1 problems
src/main/java/org/jsoup/helper/Validate.java:16:13: critical: org.jsoup.helper.Validate.notNull: uncaught java.lang.IllegalArgumentException
src/main/java/org/jsoup/helper/Validate.java: org.jsoup.helper.Validate.isTrue: computing test cases
src/main/java/org/jsoup/helper/Validate.java: org.jsoup.helper.Validate.isTrue: computed 2 unit tests
src/main/java/org/jsoup/helper/Validate.java: org.jsoup.helper.Validate.isTrue: found 1 problems
src/main/java/org/jsoup/helper/Validate.java:45:13: critical: org.jsoup.helper.Validate.isTrue: uncaught java.lang.IllegalArgumentException
src/main/java/org/jsoup/helper/Validate.java: org.jsoup.helper.Validate.isFalse: computing test cases
src/main/java/org/jsoup/helper/Validate.java: org.jsoup.helper.Validate.isFalse: computed 2 unit tests
src/main/java/org/jsoup/helper/Validate.java: org.jsoup.helper.Validate.isFalse: found 1 problems
src/main/java/org/jsoup/helper/Validate.java:64:13: critical: org.jsoup.helper.Validate.isFalse: uncaught java.lang.IllegalArgumentException
src/main/java/org/jsoup/helper/Validate.java: org.jsoup.helper.Validate.noNullElements: computing test cases
src/main/java/org/jsoup/helper/Validate.java: org.jsoup.helper.Validate.noNullElements: computed 4 unit tests
src/main/java/org/jsoup/helper/Validate.java: org.jsoup.helper.Validate.noNullElements: found 2 problems
src/main/java/org/jsoup/helper/Validate.java:81:27: critical: org.jsoup.helper.Validate.noNullElements: uncaught java.lang.NullPointerException
src/main/java/org/jsoup/helper/Validate.java:83:17: critical: org.jsoup.helper.Validate.noNullElements: uncaught java.lang.IllegalArgumentException
src/main/java/org/jsoup/helper/Validate.java: org.jsoup.helper.Validate.noNullElements: computing test cases
src/main/java/org/jsoup/helper/Validate.java: org.jsoup.helper.Validate.noNullElements: computed 2 unit tests
src/main/java/org/jsoup/helper/Validate.java: org.jsoup.helper.Validate.noNullElements: found 1 problems
src/main/java/org/jsoup/helper/Validate.java:81:27: critical: org.jsoup.helper.Validate.noNullElements: uncaught java.lang.NullPointerException
src/main/java/org/jsoup/helper/Validate.java: org.jsoup.helper.Validate.notNull: computing test cases
src/main/java/org/jsoup/helper/Validate.java: org.jsoup.helper.Validate.notNull: computed 2 unit tests
src/main/java/org/jsoup/helper/Validate.java: org.jsoup.helper.Validate.notNull: found 1 problems
src/main/java/org/jsoup/helper/Validate.java:26:13: critical: org.jsoup.helper.Validate.notNull: uncaught java.lang.IllegalArgumentException
src/main/java/org/jsoup/helper/Validate.java: org.jsoup.helper.Validate.isFalse: computing test cases
src/main/java/org/jsoup/helper/Validate.java: org.jsoup.helper.Validate.isFalse: computed 2 unit tests
src/main/java/org/jsoup/helper/Validate.java: org.jsoup.helper.Validate.isFalse: found 1 problems
src/main/java/org/jsoup/helper/Validate.java:54:13: critical: org.jsoup.helper.Validate.isFalse: uncaught java.lang.IllegalArgumentException
src/main/java/org/jsoup/helper/Validate.java: org.jsoup.helper.Validate.notEmpty: computing test cases
src/main/java/org/jsoup/helper/Validate.java: org.jsoup.helper.Validate.notEmpty: computed 3 unit tests
src/main/java/org/jsoup/helper/Validate.java: org.jsoup.helper.Validate.notEmpty: found 2 problems
src/main/java/org/jsoup/helper/Validate.java:92:13: critical: org.jsoup.helper.Validate.notEmpty: uncaught java.lang.IllegalArgumentException
src/main/java/org/jsoup/helper/Validate.java:92:13: critical: org.jsoup.helper.Validate.notEmpty: uncaught java.lang.IllegalArgumentException
src/main/java/org/jsoup/helper/Validate.java: org.jsoup.helper.Validate.fail: computing test cases
src/main/java/org/jsoup/helper/Validate.java: org.jsoup.helper.Validate.fail: computed 1 unit tests
src/main/java/org/jsoup/helper/Validate.java: org.jsoup.helper.Validate.fail: found 1 problems
src/main/java/org/jsoup/helper/Validate.java:110:9: critical: org.jsoup.helper.Validate.fail: uncaught java.lang.IllegalArgumentException
src/main/java/org/jsoup/helper/W3CDom.java: org.jsoup.helper.W3CDom.convert: computing test cases
src/main/java/org/jsoup/helper/W3CDom.java: org.jsoup.helper.W3CDom.convert: found 1 problems
src/main/java/org/jsoup/helper/W3CDom.java: internal error: org.jsoup.helper.W3CDom.convert: unknown type kind
	data: unsupported(javax/xml/parsers/DocumentBuilderFactory)
src/main/java/org/jsoup/helper/W3CDom.java: org.jsoup.helper.W3CDom.fromJsoup: computing test cases
src/main/java/org/jsoup/helper/W3CDom.java: org.jsoup.helper.W3CDom.fromJsoup: found 1 problems
src/main/java/org/jsoup/helper/W3CDom.java: internal error: org.jsoup.helper.W3CDom.fromJsoup: unknown type kind
	data: unsupported(javax/xml/parsers/DocumentBuilderFactory)
src/main/java/org/jsoup/helper/W3CDom.java: org.jsoup.helper.W3CDom.W3CBuilder.head: computing test cases
src/main/java/org/jsoup/helper/W3CDom.java: org.jsoup.helper.W3CDom.W3CBuilder.head: computed 0 unit tests
src/main/java/org/jsoup/helper/W3CDom.java: org.jsoup.helper.W3CDom.W3CBuilder.W3CBuilder: computing test cases
src/main/java/org/jsoup/helper/W3CDom.java: org.jsoup.helper.W3CDom.W3CBuilder.W3CBuilder: found 1 problems
src/main/java/org/jsoup/helper/W3CDom.java: internal error: org.jsoup.helper.W3CDom.W3CBuilder.W3CBuilder: unknown type kind
	data: unsupported(org/w3c/dom/Document)
src/main/java/org/jsoup/helper/W3CDom.java: org.jsoup.helper.W3CDom.W3CBuilder.tail: computing test cases
src/main/java/org/jsoup/helper/W3CDom.java: org.jsoup.helper.W3CDom.W3CBuilder.tail: computed 0 unit tests
src/main/java/org/jsoup/helper/W3CDom.java: org.jsoup.helper.W3CDom.asString: computing test cases
src/main/java/org/jsoup/helper/W3CDom.java: org.jsoup.helper.W3CDom.asString: found 1 problems
src/main/java/org/jsoup/helper/W3CDom.java: internal error: org.jsoup.helper.W3CDom.asString: unknown type kind
	data: unsupported(javax/xml/parsers/DocumentBuilderFactory)
src/main/java/org/jsoup/helper/DataUtil.java: org.jsoup.helper.DataUtil.crossStreams: computing test cases
src/main/java/org/jsoup/helper/DataUtil.java: org.jsoup.helper.DataUtil.crossStreams: computed 0 unit tests
src/main/java/org/jsoup/helper/DataUtil.java: org.jsoup.helper.DataUtil.crossStreams: found 0 problems
src/main/java/org/jsoup/helper/DataUtil.java: org.jsoup.helper.DataUtil.getCharsetFromContentType: computing test cases
src/main/java/org/jsoup/helper/DataUtil.java: org.jsoup.helper.DataUtil.getCharsetFromContentType: computed 0 unit tests
src/main/java/org/jsoup/helper/DataUtil.java: org.jsoup.helper.DataUtil.getCharsetFromContentType: found 0 problems
src/main/java/org/jsoup/helper/DataUtil.java: org.jsoup.helper.DataUtil.mimeBoundary: computing test cases
src/main/java/org/jsoup/helper/DataUtil.java: org.jsoup.helper.DataUtil.mimeBoundary: computed 0 unit tests
src/main/java/org/jsoup/helper/DataUtil.java: org.jsoup.helper.DataUtil.mimeBoundary: found 0 problems
src/main/java/org/jsoup/helper/DataUtil.java: org.jsoup.helper.DataUtil.load: computing test cases
src/main/java/org/jsoup/helper/DataUtil.java: org.jsoup.helper.DataUtil.load: computed 0 unit tests
src/main/java/org/jsoup/helper/DataUtil.java: org.jsoup.helper.DataUtil.load: found 0 problems
src/main/java/org/jsoup/helper/DataUtil.java: org.jsoup.helper.DataUtil.load: computing test cases
src/main/java/org/jsoup/helper/DataUtil.java: org.jsoup.helper.DataUtil.load: computed 0 unit tests
src/main/java/org/jsoup/helper/DataUtil.java: org.jsoup.helper.DataUtil.load: found 0 problems
src/main/java/org/jsoup/helper/DataUtil.java: org.jsoup.helper.DataUtil.readToByteBuffer: computing test cases
src/main/java/org/jsoup/helper/DataUtil.java: org.jsoup.helper.DataUtil.readToByteBuffer: computed 0 unit tests
src/main/java/org/jsoup/helper/DataUtil.java: org.jsoup.helper.DataUtil.readToByteBuffer: found 0 problems
src/main/java/org/jsoup/helper/DataUtil.java: org.jsoup.helper.DataUtil.load: computing test cases
src/main/java/org/jsoup/helper/DataUtil.java: org.jsoup.helper.DataUtil.load: computed 0 unit tests
src/main/java/org/jsoup/helper/DataUtil.java: org.jsoup.helper.DataUtil.load: found 0 problems
src/main/java/org/jsoup/helper/DataUtil.java: org.jsoup.helper.DataUtil.readToByteBuffer: computing test cases
src/main/java/org/jsoup/helper/DataUtil.java: org.jsoup.helper.DataUtil.readToByteBuffer: computed 0 unit tests
src/main/java/org/jsoup/helper/DataUtil.java: org.jsoup.helper.DataUtil.readToByteBuffer: found 0 problems
src/main/java/org/jsoup/helper/DataUtil.java: org.jsoup.helper.DataUtil.parseByteData: computing test cases
src/main/java/org/jsoup/helper/DataUtil.java: org.jsoup.helper.DataUtil.parseByteData: computed 0 unit tests
src/main/java/org/jsoup/helper/DataUtil.java: org.jsoup.helper.DataUtil.emptyByteBuffer: computing test cases
src/main/java/org/jsoup/helper/DataUtil.java: org.jsoup.helper.DataUtil.emptyByteBuffer: computed 0 unit tests
src/main/java/org/jsoup/helper/DataUtil.java: org.jsoup.helper.DataUtil.emptyByteBuffer: found 0 problems
src/main/java/org/jsoup/helper/DataUtil.java: org.jsoup.helper.DataUtil.readFileToByteBuffer: computing test cases
src/main/java/org/jsoup/helper/DataUtil.java: org.jsoup.helper.DataUtil.readFileToByteBuffer: computed 0 unit tests
src/main/java/org/jsoup/helper/DataUtil.java: org.jsoup.helper.DataUtil.readFileToByteBuffer: found 0 problems
Symflower's table driven test style is not supported, switching to basic style
src/main/java/org/jsoup/helper/HttpConnection.java: generated unit test file src/main/java/org/jsoup/helper/HttpConnectionSymflowerTest.java
Symflower's table driven test style is not supported, switching to basic style
src/main/java/org/jsoup/helper/StringUtil.java: generated unit test file src/main/java/org/jsoup/helper/StringUtilSymflowerTest.java
Symflower's table driven test style is not supported, switching to basic style
src/main/java/org/jsoup/helper/Validate.java: generated unit test file src/main/java/org/jsoup/helper/ValidateSymflowerTest.java
Analyzed 6 out of 6 source files
Had 8 errors that block a full analysis
Generated 56 tests
Found 30 potential problems
The following issues prevent a full analysis:

* 102 cases of "unknown type"
	Description: Types could not be resolved. This could be because of missing dependencies
  or a consequence of some other problem.

* 50 cases of "unknown import"
	Description: Imports could not be resolved. This is likely due to missing dependencies.

* 20 cases of "unknown function"
	Description: Functions could not be resolved. This occurs due to missing dependencies,
  or if a called function is removed due to some other problem.

* 1 case of "unsupported type"
	Description: Types required for analysis are not supported. This can include raw generics,
  or reflection types like "java.lang.Class".

* 22 cases of "other issues"
	Description: Uncategorized problems.

