Analyzing workspace /home/ph7/sqa-project/workspaces/jsoup_61b/
Search for Java files
Load dependency stdlib:@dev
src/main/java/org/jsoup/nodes/Element.java: org.jsoup.nodes.Element.accumulateParents: function is private and therefore inaccessible for tests
src/main/java/org/jsoup/nodes/Element.java: org.jsoup.nodes.Element.indexInList: function is private and therefore inaccessible for tests
src/main/java/org/jsoup/nodes/Element.java: org.jsoup.nodes.Element.ownText: function is private and therefore inaccessible for tests
src/main/java/org/jsoup/nodes/Element.java: org.jsoup.nodes.Element.appendNormalisedText: function is private and therefore inaccessible for tests
src/main/java/org/jsoup/nodes/Element.java: org.jsoup.nodes.Element.appendWhitespaceIfBr: function is private and therefore inaccessible for tests
src/main/java/org/jsoup/nodes/Element.java: org.jsoup.nodes.Element.html: function is private and therefore inaccessible for tests
src/main/java/org/jsoup/nodes/Attribute.java: error: unknown import
	data: java/util/Arrays
src/main/java/org/jsoup/nodes/Attribute.java: error: unknown type
	data: Appendable
src/main/java/org/jsoup/nodes/Attribute.java: error: unknown function
	data: [<nil> html [] [accum call(select(call(org/jsoup/nodes/Document//Document!efbb7192f0412fb225b1065a0117385c, [call(java/lang/String//String!9abf27636a492e46fe858f34bef8e9eb, [""])]), outputSettings!d41d8cd98f00b204e9800998ecf8427e), [])]]
src/main/java/org/jsoup/nodes/Attribute.java: error: unknown function
	data: [struct(java/lang/Object, [], [], []) java/lang/Object//clone [] []]
src/main/java/org/jsoup/nodes/Attribute.java: error: unknown import
	data: org/jsoup/SerializationException
src/main/java/org/jsoup/nodes/Attribute.java: error: unknown import
	data: org/jsoup/helper/Validate
src/main/java/org/jsoup/nodes/Attributes.java: error: unknown function
	data: [struct(java/lang/Object, [], [], []) java/lang/Object//clone [] []]
src/main/java/org/jsoup/nodes/Attributes.java: error: unknown import
	data: org/jsoup/SerializationException
src/main/java/org/jsoup/nodes/Attributes.java: error: unknown import
	data: org/jsoup/helper/Validate
src/main/java/org/jsoup/nodes/Attributes.java: error: unknown function
	data: [<nil> html [] [accum call(select(call(org/jsoup/nodes/Document//Document!efbb7192f0412fb225b1065a0117385c, [call(java/lang/String//String!9abf27636a492e46fe858f34bef8e9eb, [""])]), outputSettings!d41d8cd98f00b204e9800998ecf8427e), [])]]
src/main/java/org/jsoup/nodes/Attributes.java: error: not a boolean type
	data: unsupported
src/main/java/org/jsoup/nodes/Attributes.java: error: unknown import
	data: java/util/AbstractSet
src/main/java/org/jsoup/nodes/Attributes.java: error: unknown import
	data: java/util/Collections
src/main/java/org/jsoup/nodes/Attributes.java: error: unknown import
	data: java/util/LinkedHashMap
src/main/java/org/jsoup/nodes/Attributes.java: error: unknown type
	data: Appendable
src/main/java/org/jsoup/nodes/Attributes.java: error: unknown type
	data: Entry
src/main/java/org/jsoup/nodes/Attributes.java: error: unknown function
	data: [<nil> java/util/ArrayList//ArrayList [pointer(reference(org/jsoup/nodes/Attribute))] [unsupported]]
src/main/java/org/jsoup/nodes/Attributes.java: error: unknown import
	data: java/util/AbstractMap
src/main/java/org/jsoup/nodes/Attributes.java: error: unknown import
	data: java/util/Set
src/main/java/org/jsoup/nodes/Comment.java: error: unknown type
	data: Appendable
src/main/java/org/jsoup/nodes/DataNode.java: error: unknown type
	data: Appendable
src/main/java/org/jsoup/nodes/Document.java: error: unknown function
	data: [struct(java/lang/Object, [], [], []) java/lang/Object//clone [] []]
src/main/java/org/jsoup/nodes/Document.java: error: unknown import
	data: org/jsoup/parser/ParseSettings
src/main/java/org/jsoup/nodes/Document.java: error: unknown import
	data: org/jsoup/parser/Tag
src/main/java/org/jsoup/nodes/Document.java: internal error: no supported constructor available
	data: [struct(org/jsoup/nodes/Element, [], [pointer(reference(org/jsoup/nodes/Node))], []) function(variable(this, pointer(reference(org/jsoup/nodes/Node))), org/jsoup/nodes/Node//@@constructor!d41d8cd98f00b204e9800998ecf8427e, [], [variable(, pointer(reference(org/jsoup/nodes/Node)))], block([=(select(this, @java/lang/Object), call(select(&(composite(reference(java/lang/Object), [])), @@constructor!d41d8cd98f00b204e9800998ecf8427e), [])), =(select(this, childNodes), org/jsoup/nodes/Node//EMPTY_NODES), =(select(this, attributes), nil), return([this])]))]
src/main/java/org/jsoup/nodes/Document.java: error: unknown import
	data: org/jsoup/helper/StringUtil
src/main/java/org/jsoup/nodes/Document.java: error: unknown import
	data: org/jsoup/helper/Validate
src/main/java/org/jsoup/nodes/Document.java: error: unknown import
	data: org/jsoup/select/Elements
src/main/java/org/jsoup/nodes/Document.java: error: unknown import
	data: java/nio/charset/Charset
src/main/java/org/jsoup/nodes/Document.java: error: unknown import
	data: java/nio/charset/CharsetEncoder
src/main/java/org/jsoup/nodes/DocumentType.java: error: unknown import
	data: org/jsoup/helper/StringUtil
src/main/java/org/jsoup/nodes/DocumentType.java: error: unknown type
	data: Appendable
src/main/java/org/jsoup/nodes/Element.java: error: unknown import
	data: org/jsoup/select/Selector
src/main/java/org/jsoup/nodes/Element.java: error: unknown import
	data: java/util/Arrays
src/main/java/org/jsoup/nodes/Element.java: error: unknown type
	data: Appendable
src/main/java/org/jsoup/nodes/Element.java: error: unknown function
	data: [<nil> addChildren [] [call(select(ensure_not_nil(nodes), toArray!4ca58e31cd2242105fd0ef5028975b56), [cast(make(array(pointer(reference(org/jsoup/nodes/Node)), primitive(int, 32, false), 0), call(select(ensure_not_nil(nodes), size!d41d8cd98f00b204e9800998ecf8427e), [])), array(pointer(reference(java/lang/Object)), primitive(int, 32, false), 0))])]]
src/main/java/org/jsoup/nodes/Element.java: error: unknown function
	data: [pointer(reference(java/lang/StringBuilder)) java/lang/StringBuilder//insert [] [0 " > "]]
src/main/java/org/jsoup/nodes/Element.java: unsupported: unsupported AST node
	data: genericInstance(unsupported(java/util/Set), [pointer(reference(java/lang/String))])
src/main/java/org/jsoup/nodes/Element.java: unsupported: unsupported AST node
	data: genericInstance(unsupported(java/util/Set), [pointer(reference(java/lang/String))])
src/main/java/org/jsoup/nodes/Element.java: error: unknown import
	data: org/jsoup/parser/Tag
src/main/java/org/jsoup/nodes/Element.java: error: unknown import
	data: org/jsoup/select/Elements
src/main/java/org/jsoup/nodes/Element.java: error: unknown import
	data: java/util/LinkedHashSet
src/main/java/org/jsoup/nodes/Element.java: unsupported: unsupported type
	data: genericParameter(E, [pointer(reference(org/jsoup/nodes/Element))]) vs pointer(reference(org/jsoup/nodes/Element))
src/main/java/org/jsoup/nodes/Element.java: error: unknown import
	data: org/jsoup/select/Collector
src/main/java/org/jsoup/nodes/Element.java: error: unknown import
	data: org/jsoup/select/NodeTraversor
src/main/java/org/jsoup/nodes/Element.java: error: unknown import
	data: java/util/regex/PatternSyntaxException
src/main/java/org/jsoup/nodes/Element.java: error: unknown function
	data: [<nil> addChildren [] [0 call(select(ensure_not_nil(nodes), toArray!4ca58e31cd2242105fd0ef5028975b56), [cast(make(array(pointer(reference(org/jsoup/nodes/Node)), primitive(int, 32, false), 0), call(select(ensure_not_nil(nodes), size!d41d8cd98f00b204e9800998ecf8427e), [])), array(pointer(reference(java/lang/Object)), primitive(int, 32, false), 0))])]]
src/main/java/org/jsoup/nodes/Element.java: error: unknown import
	data: org/jsoup/helper/Validate
src/main/java/org/jsoup/nodes/Element.java: error: unknown import
	data: org/jsoup/parser/Parser
src/main/java/org/jsoup/nodes/Element.java: error: unknown import
	data: org/jsoup/select/Evaluator
src/main/java/org/jsoup/nodes/Element.java: error: unknown function
	data: [<nil> java/util/ArrayList//ArrayList [pointer(reference(org/jsoup/nodes/Element))] [call(select(ensure_not_nil(select(select(this, @org/jsoup/nodes/Node), childNodes)), size!d41d8cd98f00b204e9800998ecf8427e), [])]]
src/main/java/org/jsoup/nodes/Element.java: internal error: not all elements have the same type
	data: declaration([siblings], [pointer(genericInstance(reference(java/util/List), [pointer(reference(org/jsoup/nodes/Element))]))], [call(select(ensure_not_nil(call(select(this, parent!d41d8cd98f00b204e9800998ecf8427e), [])), children!d41d8cd98f00b204e9800998ecf8427e), [])], ModifierVisibilityPublic)
src/main/java/org/jsoup/nodes/Element.java: error: unknown function
	data: [pointer(reference(org/jsoup/nodes/Node)) org/jsoup/nodes/Node//outerHtml [] [accum]]
src/main/java/org/jsoup/nodes/Element.java: error: unknown import
	data: org/jsoup/helper/StringUtil
src/main/java/org/jsoup/nodes/Element.java: error: unknown import
	data: org/jsoup/select/NodeVisitor
src/main/java/org/jsoup/nodes/Element.java: error: unknown import
	data: org/jsoup/select/QueryParser
src/main/java/org/jsoup/nodes/Element.java: error: unknown import
	data: java/util/Set
src/main/java/org/jsoup/nodes/Element.java: internal error: not all elements have the same type
	data: declaration([nodeArray], [array(pointer(reference(org/jsoup/nodes/Node)), primitive(int, 32, false), 0)], [call(select(ensure_not_nil(nodes), toArray!4ca58e31cd2242105fd0ef5028975b56), [cast(make(array(pointer(reference(org/jsoup/nodes/Node)), primitive(int, 32, false), 0), call(select(ensure_not_nil(nodes), size!d41d8cd98f00b204e9800998ecf8427e), [])), array(pointer(reference(java/lang/Object)), primitive(int, 32, false), 0))])], ModifierVisibilityPublic)
src/main/java/org/jsoup/nodes/Element.java: internal error: not all elements have the same type
	data: declaration([elements], [pointer(genericInstance(reference(java/util/List), [pointer(reference(org/jsoup/nodes/Element))]))], [call(select(ensure_not_nil(call(select(this, parent!d41d8cd98f00b204e9800998ecf8427e), [])), children!d41d8cd98f00b204e9800998ecf8427e), [])], ModifierVisibilityPublic)
src/main/java/org/jsoup/nodes/Element.java: internal error: not all elements have the same type
	data: declaration([siblings], [pointer(genericInstance(reference(java/util/List), [pointer(reference(org/jsoup/nodes/Element))]))], [call(select(ensure_not_nil(call(select(this, parent!d41d8cd98f00b204e9800998ecf8427e), [])), children!d41d8cd98f00b204e9800998ecf8427e), [])], ModifierVisibilityPublic)
src/main/java/org/jsoup/nodes/Element.java: unsupported: unsupported AST node
	data: genericInstance(unsupported(java/util/Set), [pointer(reference(java/lang/String))])
src/main/java/org/jsoup/nodes/Element.java: error: unknown import
	data: java/util/regex/Pattern
src/main/java/org/jsoup/nodes/Element.java: error: error: unresolved type
	data: reference(E)
	child error: (error) Internal error: unknown type:
		"E"
		Stacktrace: goroutine 1 [running]:
		gitlab.nethead.at/symflower/symflower/model/errors.NewInternalError({0x21de060, 0x2d25a00}, {0x12473e0, 0xc0008c8dc0})
			gitlab.nethead.at/symflower/symflower/model/errors/error.go:852 +0x4e
		gitlab.nethead.at/symflower/symflower/model/errors.NewProblemWithErrorSeverity(...)
			gitlab.nethead.at/symflower/symflower/model/errors/problem.go:321
		gitlab.nethead.at/symflower/symflower/model/ast.(*Scope).GetType(0xc00095a0a8?, {0x2221be8, 0x1})
			gitlab.nethead.at/symflower/symflower/model/ast/scope.go:986 +0x85
		gitlab.nethead.at/symflower/symflower/model/ast.resolve(0xc000137aa0, {0x2205848?, 0xc00106aa20}, 0xe0)
			gitlab.nethead.at/symflower/symflower/model/ast/type-resolve.go:362 +0x78
		gitlab.nethead.at/symflower/symflower/model/ast.ResolveWithPointers(...)
			gitlab.nethead.at/symflower/symflower/model/ast/type-resolve.go:326
		gitlab.nethead.at/symflower/symflower/model/ast.(*TypeGenericInstance).IsCompatibleType(0xc0006e3b00, 0xc000137aa0, {0x2205728?, 0xc0015cbb80?})
			gitlab.nethead.at/symflower/symflower/model/ast/type.go:3369 +0x230
		gitlab.nethead.at/symflower/symflower/language/java/symbol.(*transpiler).checkFunctionApplicability(0xc0004c4140, 0xc0008c0100, {0x0?, 0x0?}, {0x0?, 0x43f908?, 0xc0005cd840?}, {0xc0015cb940, 0x2, 0x2})
			gitlab.nethead.at/symflower/symflower/language/java/symbol/overloading.go:406 +0x66b
		gitlab.nethead.at/symflower/symflower/language/java/symbol.(*transpiler).matchOverloadingFunction(0xc0004c4140, {0xc000819300, 0x1, 0x1}, {0x0, 0x0}, {0x0, 0x0, 0x0}, {0xc0015cb940, ...})
			gitlab.nethead.at/symflower/symflower/language/java/symbol/overloading.go:451 +0x217
		gitlab.nethead.at/symflower/symflower/language/java/symbol.(*transpiler).getFunction(0xc0004c4140, {0x0, 0x0}, {0xc0005cd840, 0xb}, {0x0, 0x0, 0x0}, {0xc0015cb940, 0x2, ...})
			gitlab.nethead.at/symflower/symflower/language/java/symbol/overloading.go:224 +0xd2
		gitlab.nethead.at/symflower/symflower/language/java/symbol.(*transpiler).handleMethodCallResolveOverloads(0xc0004c4140, {0xc0005cd840, 0xb}, {0x0?, 0x0?}, {0x0?, 0xc00095a948?, 0xe3d0b8?}, {0xc0015cb940, 0x2, ...})
			gitlab.nethead.at/symflower/symflower/language/java/symbol/handle.go:5426 +0x87
		gitlab.nethead.at/symflower/symflower/language/java/symbol.(*transpiler).handleExpressionMethodCall(0xc0004c4140, 0xc00088f2f0, 0xc000762180)
			gitlab.nethead.at/symflower/symflower/language/java/symbol/handle.go:5568 +0x68b
		gitlab.nethead.at/symflower/symflower/language/java/symbol.(*transpiler).handleExpression(0xc0004c4140, 0xc00088f2f0, {0x21f7d38, 0xc000762180})
			gitlab.nethead.at/symflower/symflower/language/java/symbol/handle.go:6903 +0x785
		gitlab.nethead.at/symflower/symflower/language/java/symbol.(*transpiler).handleExpressionVariableDeclaration(0xc0004c4140, 0xc00088f2f0, 0xc000762240)
			gitlab.nethead.at/symflower/symflower/language/java/symbol/handle.go:6477 +0x72f
		gitlab.nethead.at/symflower/symflower/language/java/symbol.(*transpiler).handleStatementExpression(0xc0004c4140?, 0xc00088f2f0?, {0x21f8100?, 0xc000762240?})
			gitlab.nethead.at/symflower/symflower/language/java/symbol/handle.go:3976 +0xc5
		gitlab.nethead.at/symflower/symflower/language/java/symbol.(*transpiler).handleStatement(0xc0004c4140, 0xc00088f2f0, {0x21f7238, 0xc00075f380})
			gitlab.nethead.at/symflower/symflower/language/java/symbol/handle.go:4415 +0x8aa
		gitlab.nethead.at/symflower/symflower/language/java/symbol.(*transpiler).handleStatements(0xc0004c4140, 0xc00088f2f0, {0xc00071f4f0, 0x5, 0xc000100008?})
			gitlab.nethead.at/symflower/symflower/language/java/symbol/handle.go:3731 +0x85
		gitlab.nethead.at/symflower/symflower/language/java/symbol.(*transpiler).handleBlock.func1()
			gitlab.nethead.at/symflower/symflower/language/java/symbol/handle.go:3712 +0x45
		gitlab.nethead.at/symflower/symflower/model/ast.(*Scope).Scoped(0xc000137aa0, 0xc00095ad50)
			gitlab.nethead.at/symflower/symflower/model/ast/scope.go:297 +0x162
		gitlab.nethead.at/symflower/symflower/language/java/symbol.(*transpiler).handleBlock(0xc0004c4140, 0xc00088f2f0, 0xc0007562d0)
			gitlab.nethead.at/symflower/symflower/language/java/symbol/handle.go:3711 +0x9e
		gitlab.nethead.at/symflower/symflower/language/java/symbol.(*transpiler).handleMethodDeclarationBody.(*transpiler).handleScopedBlockStatement.func2()
			gitlab.nethead.at/symflower/symflower/language/java/symbol/handle.go:2716 +0x205
		gitlab.nethead.at/symflower/symflower/model/ast.(*Scope).Scoped(0xc000137aa0, 0xc00095b160)
			gitlab.nethead.at/symflower/symflower/model/ast/scope.go:297 +0x162
		gitlab.nethead.at/symflower/symflower/language/java/symbol.(*transpiler).handleScopedBlockStatement(...)
			gitlab.nethead.at/symflower/symflower/language/java/symbol/handle.go:2693
		gitlab.nethead.at/symflower/symflower/language/java/symbol.(*transpiler).handleMethodDeclarationBody(0xc0004c4140, 0xc00088f2f0, {0x2208170, 0xc00089c600}, 0xc0008bfc00, 0x0)
			gitlab.nethead.at/symflower/symflower/language/java/symbol/handle.go:2523 +0x61b
		gitlab.nethead.at/symflower/symflower/language/java/symbol.(*transpiler).handleClassAndInterfaceDeclarationBodies(0xc0004c4140, 0xc00088f2f0, 0xc00089c600)
			gitlab.nethead.at/symflower/symflower/language/java/symbol/handle.go:1534 +0x2f7
		gitlab.nethead.at/symflower/symflower/language/java/symbol.(*transpiler).handleClassDeclarationBodies(0xc0004c4140, 0xc00088f2f0, 0xc00089c600)
			gitlab.nethead.at/symflower/symflower/language/java/symbol/handle.go:1419 +0x106
		gitlab.nethead.at/symflower/symflower/language/java/symbol.(*transpiler).handleBodies.func1(0xc00088f2f0, {0x2207578, 0xc00089c600})
			gitlab.nethead.at/symflower/symflower/language/java/symbol/symbols.go:532 +0x1ff
		gitlab.nethead.at/symflower/symflower/language/java/symbol.(*transpiler).walkSubDeclarations(0xc0004c4140, 0xc00088f2f0, 0xc00095b760, 0xc00086fda0, 0xc0008ba080, {0x2207578, 0xc00089c600})
			gitlab.nethead.at/symflower/symflower/language/java/symbol/symbols.go:869 +0x1ee
		gitlab.nethead.at/symflower/symflower/language/java/symbol.(*transpiler).walkFile(0xc0004c4140, 0x1, 0x2088c58, 0xc00095b760, 0xc00086fda0, 0xc0008ba080)
			gitlab.nethead.at/symflower/symflower/language/java/symbol/symbols.go:625 +0x3c5
		gitlab.nethead.at/symflower/symflower/language/java/symbol.(*transpiler).walkPackage(0xc0004c4140, 0x1, 0x2088c58, 0xc00095b760, 0xc00086fda0)
			gitlab.nethead.at/symflower/symflower/language/java/symbol/symbols.go:583 +0x225
		gitlab.nethead.at/symflower/symflower/language/java/symbol.(*transpiler).walkFilesAndDeclarations(0xc0004c4140, 0x1, 0x2088c58, 0xc00095b760)
			gitlab.nethead.at/symflower/symflower/language/java/symbol/symbols.go:566 +0xa5
		gitlab.nethead.at/symflower/symflower/language/java/symbol.(*transpiler).handleBodies(0xc0004c4140)
			gitlab.nethead.at/symflower/symflower/language/java/symbol/symbols.go:513 +0x65
		gitlab.nethead.at/symflower/symflower/language/java/symbol.symbolsWithDependencies(0xc000518378, {0x0?, 0x41aa94?, 0x13e43a0?}, 0x1)
			gitlab.nethead.at/symflower/symflower/language/java/symbol/symbols.go:486 +0x147
		gitlab.nethead.at/symflower/symflower/language/java/symbol.Symbols(0xc000518378, 0x1)
			gitlab.nethead.at/symflower/symflower/language/java/symbol/symbols.go:457 +0xf2
		gitlab.nethead.at/symflower/symflower/language/java.Adapter.Symbols(...)
			gitlab.nethead.at/symflower/symflower/language/java/symbols.go:29
		gitlab.nethead.at/symflower/symflower/cmd/symflower-local/generate.(*Generator).transpileLanguage(0xc00014b1a0, 0x0, 0x0, {0x220c620, 0x2e6b360})
			gitlab.nethead.at/symflower/symflower/cmd/symflower-local/generate/generate.go:136 +0x373
		gitlab.nethead.at/symflower/symflower/cmd/symflower-local/generate.(*Generator).Symbols(0xc00014b1a0, 0x0, 0x0)
			gitlab.nethead.at/symflower/symflower/cmd/symflower-local/generate/generate.go:94 +0x136
		gitlab.nethead.at/symflower/symflower/cmd/symflower-local/generate.(*AnalyzeEngineDefault).UnitTests(0x2a?, 0x124bba0?, {0x21eb890?, 0xc0005367d0?}, {0x20?, 0x4d?, 0x4?, 0x0?}, 0x2a?, {0xc0000fd320, ...})
			gitlab.nethead.at/symflower/symflower/cmd/symflower-local/generate/analyze.go:153 +0x77
		gitlab.nethead.at/symflower/symflower/cmd/symflower-local/cmd.(*commandUnitTests).Execute(0xc00051e3d8, {0xc00051e008?, 0x77bd2826b018?, 0xc00051e3d8?})
			gitlab.nethead.at/symflower/symflower/cmd/symflower-local/cmd/unit-tests.go:85 +0x2a6
		gitlab.nethead.at/symflower/symflower/cmd.ExecuteNoExit({0x21de020, 0xc00051e008}, {0xc00003e050?, 0x44?, 0x0?})
			gitlab.nethead.at/symflower/symflower/cmd/execute.go:59 +0x2ad
		gitlab.nethead.at/symflower/symflower/cmd.Execute({0x21de020?, 0xc00051e008?}, {0xc00003e050?, 0xc00007e000?, 0xc000413f10?})
			gitlab.nethead.at/symflower/symflower/cmd/execute.go:17 +0x26
		gitlab.nethead.at/symflower/symflower/cmd.ExecuteWithOSArguments(...)
			gitlab.nethead.at/symflower/symflower/cmd/execute.go:78
		main.main.func1()
			gitlab.nethead.at/symflower/symflower/cmd/symflower-demo/main.go:39 +0x34
		gitlab.nethead.at/symflower/symflower/cmd/symflower-local/cmd.(*Command).WithPanicReporter(0xc000110060?, 0x0?)
			gitlab.nethead.at/symflower/symflower/cmd/symflower-local/cmd/cmd.go:151 +0x33
		main.main()
			gitlab.nethead.at/symflower/symflower/cmd/symflower-demo/main.go:38 +0x7f
src/main/java/org/jsoup/nodes/Element.java: internal error: not all elements have the same type
	data: declaration([siblings], [pointer(genericInstance(reference(java/util/List), [pointer(reference(org/jsoup/nodes/Element))]))], [call(select(ensure_not_nil(call(select(this, parent!d41d8cd98f00b204e9800998ecf8427e), [])), children!d41d8cd98f00b204e9800998ecf8427e), [])], ModifierVisibilityPublic)
src/main/java/org/jsoup/nodes/Element.java: error: unknown identifier
	data: classNames
src/main/java/org/jsoup/nodes/Element.java: error: unknown function
	data: [pointer(reference(org/jsoup/nodes/Node)) org/jsoup/nodes/Node//outerHtml [] [appendable]]
src/main/java/org/jsoup/nodes/Element.java: unsupported: unsupported AST node
	data: block([declaration([node], [pointer(reference(org/jsoup/nodes/Node))], [call(select(ensure_not_nil(@@sfl_iterator), next!d41d8cd98f00b204e9800998ecf8427e), [])], ModifierVisibilityPublic), unsupported])
src/main/java/org/jsoup/nodes/Element.java: error: unknown function
	data: [<nil> java/util/ArrayList//ArrayList [pointer(reference(org/jsoup/nodes/Node))] [children]]
src/main/java/org/jsoup/nodes/Element.java: error: error: unresolved type
	data: reference(E)
	child error: (error) Internal error: unknown type:
		"E"
		Stacktrace: goroutine 1 [running]:
		gitlab.nethead.at/symflower/symflower/model/errors.NewInternalError({0x21de060, 0x2d25a00}, {0x12473e0, 0xc001e97ee0})
			gitlab.nethead.at/symflower/symflower/model/errors/error.go:852 +0x4e
		gitlab.nethead.at/symflower/symflower/model/errors.NewProblemWithErrorSeverity(...)
			gitlab.nethead.at/symflower/symflower/model/errors/problem.go:321
		gitlab.nethead.at/symflower/symflower/model/ast.(*Scope).GetType(0xc00095a0a8?, {0x2221be8, 0x1})
			gitlab.nethead.at/symflower/symflower/model/ast/scope.go:986 +0x85
		gitlab.nethead.at/symflower/symflower/model/ast.resolve(0xc000137aa0, {0x2205848?, 0xc00106aa20}, 0xe0)
			gitlab.nethead.at/symflower/symflower/model/ast/type-resolve.go:362 +0x78
		gitlab.nethead.at/symflower/symflower/model/ast.ResolveWithPointers(...)
			gitlab.nethead.at/symflower/symflower/model/ast/type-resolve.go:326
		gitlab.nethead.at/symflower/symflower/model/ast.(*TypeGenericInstance).IsCompatibleType(0xc0006e3b00, 0xc000137aa0, {0x2205728?, 0xc000e45ba0?})
			gitlab.nethead.at/symflower/symflower/model/ast/type.go:3369 +0x230
		gitlab.nethead.at/symflower/symflower/language/java/symbol.(*transpiler).checkFunctionApplicability(0xc0004c4140, 0xc0008c0100, {0x0?, 0x0?}, {0x0?, 0x43f908?, 0xc0005cd2a0?}, {0xc000e45940, 0x2, 0x2})
			gitlab.nethead.at/symflower/symflower/language/java/symbol/overloading.go:406 +0x66b
		gitlab.nethead.at/symflower/symflower/language/java/symbol.(*transpiler).matchOverloadingFunction(0xc0004c4140, {0xc000819300, 0x1, 0x1}, {0x0, 0x0}, {0x0, 0x0, 0x0}, {0xc000e45940, ...})
			gitlab.nethead.at/symflower/symflower/language/java/symbol/overloading.go:451 +0x217
		gitlab.nethead.at/symflower/symflower/language/java/symbol.(*transpiler).getFunction(0xc0004c4140, {0x0, 0x0}, {0xc0005cd2a0, 0xb}, {0x0, 0x0, 0x0}, {0xc000e45940, 0x2, ...})
			gitlab.nethead.at/symflower/symflower/language/java/symbol/overloading.go:224 +0xd2
		gitlab.nethead.at/symflower/symflower/language/java/symbol.(*transpiler).handleMethodCallResolveOverloads(0xc0004c4140, {0xc0005cd2a0, 0xb}, {0x0?, 0x0?}, {0x0?, 0xc00095a948?, 0xe3d0b8?}, {0xc000e45940, 0x2, ...})
			gitlab.nethead.at/symflower/symflower/language/java/symbol/handle.go:5426 +0x87
		gitlab.nethead.at/symflower/symflower/language/java/symbol.(*transpiler).handleExpressionMethodCall(0xc0004c4140, 0xc00088f2f0, 0xc000759b00)
			gitlab.nethead.at/symflower/symflower/language/java/symbol/handle.go:5568 +0x68b
		gitlab.nethead.at/symflower/symflower/language/java/symbol.(*transpiler).handleExpression(0xc0004c4140, 0xc00088f2f0, {0x21f7d38, 0xc000759b00})
			gitlab.nethead.at/symflower/symflower/language/java/symbol/handle.go:6903 +0x785
		gitlab.nethead.at/symflower/symflower/language/java/symbol.(*transpiler).handleExpressionVariableDeclaration(0xc0004c4140, 0xc00088f2f0, 0xc000759bc0)
			gitlab.nethead.at/symflower/symflower/language/java/symbol/handle.go:6477 +0x72f
		gitlab.nethead.at/symflower/symflower/language/java/symbol.(*transpiler).handleStatementExpression(0xc0004c4140?, 0xc00088f2f0?, {0x21f8100?, 0xc000759bc0?})
			gitlab.nethead.at/symflower/symflower/language/java/symbol/handle.go:3976 +0xc5
		gitlab.nethead.at/symflower/symflower/language/java/symbol.(*transpiler).handleStatement(0xc0004c4140, 0xc00088f2f0, {0x21f7238, 0xc00075de80})
			gitlab.nethead.at/symflower/symflower/language/java/symbol/handle.go:4415 +0x8aa
		gitlab.nethead.at/symflower/symflower/language/java/symbol.(*transpiler).handleStatements(0xc0004c4140, 0xc00088f2f0, {0xc00071f4a0, 0x5, 0xc000100008?})
			gitlab.nethead.at/symflower/symflower/language/java/symbol/handle.go:3731 +0x85
		gitlab.nethead.at/symflower/symflower/language/java/symbol.(*transpiler).handleBlock.func1()
			gitlab.nethead.at/symflower/symflower/language/java/symbol/handle.go:3712 +0x45
		gitlab.nethead.at/symflower/symflower/model/ast.(*Scope).Scoped(0xc000137aa0, 0xc00095ad50)
			gitlab.nethead.at/symflower/symflower/model/ast/scope.go:297 +0x162
		gitlab.nethead.at/symflower/symflower/language/java/symbol.(*transpiler).handleBlock(0xc0004c4140, 0xc00088f2f0, 0xc000756240)
			gitlab.nethead.at/symflower/symflower/language/java/symbol/handle.go:3711 +0x9e
		gitlab.nethead.at/symflower/symflower/language/java/symbol.(*transpiler).handleMethodDeclarationBody.(*transpiler).handleScopedBlockStatement.func2()
			gitlab.nethead.at/symflower/symflower/language/java/symbol/handle.go:2716 +0x205
		gitlab.nethead.at/symflower/symflower/model/ast.(*Scope).Scoped(0xc000137aa0, 0xc00095b160)
			gitlab.nethead.at/symflower/symflower/model/ast/scope.go:297 +0x162
		gitlab.nethead.at/symflower/symflower/language/java/symbol.(*transpiler).handleScopedBlockStatement(...)
			gitlab.nethead.at/symflower/symflower/language/java/symbol/handle.go:2693
		gitlab.nethead.at/symflower/symflower/language/java/symbol.(*transpiler).handleMethodDeclarationBody(0xc0004c4140, 0xc00088f2f0, {0x2208170, 0xc00089c600}, 0xc0008bfb00, 0x0)
			gitlab.nethead.at/symflower/symflower/language/java/symbol/handle.go:2523 +0x61b
		gitlab.nethead.at/symflower/symflower/language/java/symbol.(*transpiler).handleClassAndInterfaceDeclarationBodies(0xc0004c4140, 0xc00088f2f0, 0xc00089c600)
			gitlab.nethead.at/symflower/symflower/language/java/symbol/handle.go:1534 +0x2f7
		gitlab.nethead.at/symflower/symflower/language/java/symbol.(*transpiler).handleClassDeclarationBodies(0xc0004c4140, 0xc00088f2f0, 0xc00089c600)
			gitlab.nethead.at/symflower/symflower/language/java/symbol/handle.go:1419 +0x106
		gitlab.nethead.at/symflower/symflower/language/java/symbol.(*transpiler).handleBodies.func1(0xc00088f2f0, {0x2207578, 0xc00089c600})
			gitlab.nethead.at/symflower/symflower/language/java/symbol/symbols.go:532 +0x1ff
		gitlab.nethead.at/symflower/symflower/language/java/symbol.(*transpiler).walkSubDeclarations(0xc0004c4140, 0xc00088f2f0, 0xc00095b760, 0xc00086fda0, 0xc0008ba080, {0x2207578, 0xc00089c600})
			gitlab.nethead.at/symflower/symflower/language/java/symbol/symbols.go:869 +0x1ee
		gitlab.nethead.at/symflower/symflower/language/java/symbol.(*transpiler).walkFile(0xc0004c4140, 0x1, 0x2088c58, 0xc00095b760, 0xc00086fda0, 0xc0008ba080)
			gitlab.nethead.at/symflower/symflower/language/java/symbol/symbols.go:625 +0x3c5
		gitlab.nethead.at/symflower/symflower/language/java/symbol.(*transpiler).walkPackage(0xc0004c4140, 0x1, 0x2088c58, 0xc00095b760, 0xc00086fda0)
			gitlab.nethead.at/symflower/symflower/language/java/symbol/symbols.go:583 +0x225
		gitlab.nethead.at/symflower/symflower/language/java/symbol.(*transpiler).walkFilesAndDeclarations(0xc0004c4140, 0x1, 0x2088c58, 0xc00095b760)
			gitlab.nethead.at/symflower/symflower/language/java/symbol/symbols.go:566 +0xa5
		gitlab.nethead.at/symflower/symflower/language/java/symbol.(*transpiler).handleBodies(0xc0004c4140)
			gitlab.nethead.at/symflower/symflower/language/java/symbol/symbols.go:513 +0x65
		gitlab.nethead.at/symflower/symflower/language/java/symbol.symbolsWithDependencies(0xc000518378, {0x0?, 0x41aa94?, 0x13e43a0?}, 0x1)
			gitlab.nethead.at/symflower/symflower/language/java/symbol/symbols.go:486 +0x147
		gitlab.nethead.at/symflower/symflower/language/java/symbol.Symbols(0xc000518378, 0x1)
			gitlab.nethead.at/symflower/symflower/language/java/symbol/symbols.go:457 +0xf2
		gitlab.nethead.at/symflower/symflower/language/java.Adapter.Symbols(...)
			gitlab.nethead.at/symflower/symflower/language/java/symbols.go:29
		gitlab.nethead.at/symflower/symflower/cmd/symflower-local/generate.(*Generator).transpileLanguage(0xc00014b1a0, 0x0, 0x0, {0x220c620, 0x2e6b360})
			gitlab.nethead.at/symflower/symflower/cmd/symflower-local/generate/generate.go:136 +0x373
		gitlab.nethead.at/symflower/symflower/cmd/symflower-local/generate.(*Generator).Symbols(0xc00014b1a0, 0x0, 0x0)
			gitlab.nethead.at/symflower/symflower/cmd/symflower-local/generate/generate.go:94 +0x136
		gitlab.nethead.at/symflower/symflower/cmd/symflower-local/generate.(*AnalyzeEngineDefault).UnitTests(0x2a?, 0x124bba0?, {0x21eb890?, 0xc0005367d0?}, {0x20?, 0x4d?, 0x4?, 0x0?}, 0x2a?, {0xc0000fd320, ...})
			gitlab.nethead.at/symflower/symflower/cmd/symflower-local/generate/analyze.go:153 +0x77
		gitlab.nethead.at/symflower/symflower/cmd/symflower-local/cmd.(*commandUnitTests).Execute(0xc00051e3d8, {0xc00051e008?, 0x77bd2826b018?, 0xc00051e3d8?})
			gitlab.nethead.at/symflower/symflower/cmd/symflower-local/cmd/unit-tests.go:85 +0x2a6
		gitlab.nethead.at/symflower/symflower/cmd.ExecuteNoExit({0x21de020, 0xc00051e008}, {0xc00003e050?, 0x44?, 0x0?})
			gitlab.nethead.at/symflower/symflower/cmd/execute.go:59 +0x2ad
		gitlab.nethead.at/symflower/symflower/cmd.Execute({0x21de020?, 0xc00051e008?}, {0xc00003e050?, 0xc00007e000?, 0xc000413f10?})
			gitlab.nethead.at/symflower/symflower/cmd/execute.go:17 +0x26
		gitlab.nethead.at/symflower/symflower/cmd.ExecuteWithOSArguments(...)
			gitlab.nethead.at/symflower/symflower/cmd/execute.go:78
		main.main.func1()
			gitlab.nethead.at/symflower/symflower/cmd/symflower-demo/main.go:39 +0x34
		gitlab.nethead.at/symflower/symflower/cmd/symflower-local/cmd.(*Command).WithPanicReporter(0xc000110060?, 0x0?)
			gitlab.nethead.at/symflower/symflower/cmd/symflower-local/cmd/cmd.go:151 +0x33
		main.main()
			gitlab.nethead.at/symflower/symflower/cmd/symflower-demo/main.go:38 +0x7f
src/main/java/org/jsoup/nodes/Element.java: internal error: not all elements have the same type
	data: declaration([siblings], [pointer(genericInstance(reference(java/util/List), [pointer(reference(org/jsoup/nodes/Element))]))], [call(select(ensure_not_nil(call(select(this, parent!d41d8cd98f00b204e9800998ecf8427e), [])), children!d41d8cd98f00b204e9800998ecf8427e), [])], ModifierVisibilityPublic)
src/main/java/org/jsoup/nodes/Element.java: unsupported: not an array type
	data: unsupported(@@unsupported)
src/main/java/org/jsoup/nodes/Element.java: unsupported: unsupported AST node
	data: genericInstance(unsupported(java/util/Set), [pointer(reference(java/lang/String))])
src/main/java/org/jsoup/nodes/Element.java: error: unknown import
	data: org/jsoup/parser/ParseSettings
src/main/java/org/jsoup/nodes/Element.java: error: unknown import
	data: java/util/Collections
src/main/java/org/jsoup/nodes/Entities.java: error: unknown import
	data: java/util/HashMap
src/main/java/org/jsoup/nodes/Entities.java: error: unknown type
	data: Appendable
src/main/java/org/jsoup/nodes/Entities.java: error: unknown field
	data: [Character struct(java/lang/Character, [], [pointer(reference(java/lang/Object))], []) MIN_SUPPLEMENTARY_CODE_POINT]
src/main/java/org/jsoup/nodes/Entities.java: error: unknown function
	data: [genericInstance(reference(java/lang/Class), [pointer(reference(java/lang/Object))]) java/lang/Class<java/lang/Object>//getResourceAsStream [] [file]]
src/main/java/org/jsoup/nodes/Entities.java: error: unknown function
	data: [<nil> load [] [this file size]]
src/main/java/org/jsoup/nodes/Entities.java: error: unknown import
	data: org/jsoup/SerializationException
src/main/java/org/jsoup/nodes/Entities.java: error: unknown import
	data: org/jsoup/helper/StringUtil
src/main/java/org/jsoup/nodes/Entities.java: error: unknown import
	data: org/jsoup/parser/CharacterReader
src/main/java/org/jsoup/nodes/Entities.java: error: unknown import
	data: java/nio/ByteBuffer
src/main/java/org/jsoup/nodes/Entities.java: error: unknown function
	data: [genericInstance(reference(java/lang/Class), [pointer(reference(java/lang/Object))]) java/lang/Class<java/lang/Object>//getCanonicalName [] []]
src/main/java/org/jsoup/nodes/Entities.java: error: unknown function
	data: [<nil> escape [] [accum string out false false false]]
src/main/java/org/jsoup/nodes/Entities.java: error: unknown import
	data: java/nio/charset/Charset
src/main/java/org/jsoup/nodes/Entities.java: error: unknown import
	data: java/util/Arrays
src/main/java/org/jsoup/nodes/Entities.java: internal error: not all elements have the same type
	data: primitive(char, 16, true) vs primitive(int, 32, false)
src/main/java/org/jsoup/nodes/Entities.java: error: unknown import
	data: org/jsoup/helper/DataUtil
src/main/java/org/jsoup/nodes/Entities.java: error: unknown import
	data: org/jsoup/parser/Parser
src/main/java/org/jsoup/nodes/Entities.java: error: unknown import
	data: java/nio/charset/CharsetEncoder
src/main/java/org/jsoup/nodes/FormElement.java: error: unknown import
	data: org/jsoup/Connection
src/main/java/org/jsoup/nodes/FormElement.java: error: unknown import
	data: org/jsoup/Jsoup
src/main/java/org/jsoup/nodes/FormElement.java: error: unknown import
	data: org/jsoup/helper/HttpConnection
src/main/java/org/jsoup/nodes/FormElement.java: error: unknown import
	data: org/jsoup/helper/Validate
src/main/java/org/jsoup/nodes/FormElement.java: error: unknown import
	data: org/jsoup/parser/Tag
src/main/java/org/jsoup/nodes/FormElement.java: error: unknown import
	data: org/jsoup/select/Elements
src/main/java/org/jsoup/nodes/FormElement.java: internal error: no supported constructor available
	data: [struct(org/jsoup/nodes/Element, [], [pointer(reference(org/jsoup/nodes/Node))], []) function(variable(this, pointer(reference(org/jsoup/nodes/Node))), org/jsoup/nodes/Node//@@constructor!d41d8cd98f00b204e9800998ecf8427e, [], [variable(, pointer(reference(org/jsoup/nodes/Node)))], block([=(select(this, @java/lang/Object), call(select(&(composite(reference(java/lang/Object), [])), @@constructor!d41d8cd98f00b204e9800998ecf8427e), [])), =(select(this, childNodes), org/jsoup/nodes/Node//EMPTY_NODES), =(select(this, attributes), nil), return([this])]))]
src/main/java/org/jsoup/nodes/Node.java: error: unknown function
	data: [<nil> java/util/ArrayList//ArrayList [pointer(reference(org/jsoup/nodes/Node))] [-(call(select(ensure_not_nil(nodes), size!d41d8cd98f00b204e9800998ecf8427e), []), 1)]]
src/main/java/org/jsoup/nodes/Node.java: error: unknown import
	data: org/jsoup/helper/StringUtil
src/main/java/org/jsoup/nodes/Node.java: error: unknown import
	data: org/jsoup/select/NodeTraversor
src/main/java/org/jsoup/nodes/Node.java: error: unknown function
	data: [struct(org/jsoup/nodes/Node, [], [pointer(reference(java/lang/Object))], [reference(java/lang/Cloneable)]) org/jsoup/nodes/Node//addChildren [] [index call(select(ensure_not_nil(nodes), toArray!4ca58e31cd2242105fd0ef5028975b56), [cast(make(array(pointer(reference(org/jsoup/nodes/Node)), primitive(int, 32, false), 0), call(select(ensure_not_nil(nodes), size!d41d8cd98f00b204e9800998ecf8427e), [])), array(pointer(reference(java/lang/Object)), primitive(int, 32, false), 0))])]]
src/main/java/org/jsoup/nodes/Node.java: error: unknown function
	data: [struct(java/lang/Object, [], [], []) java/lang/Object//clone [] []]
src/main/java/org/jsoup/nodes/Node.java: error: unknown function
	data: [<nil> java/util/ArrayList//ArrayList [pointer(reference(org/jsoup/nodes/Node))] [call(select(ensure_not_nil(select(this, childNodes)), size!d41d8cd98f00b204e9800998ecf8427e), [])]]
src/main/java/org/jsoup/nodes/Node.java: error: unknown function
	data: [<nil> outerHtml [] [accum]]
src/main/java/org/jsoup/nodes/Node.java: error: unknown function
	data: [<nil> getClass [] []]
src/main/java/org/jsoup/nodes/Node.java: error: unknown function
	data: [pointer(reference(java/lang/Object)) java/lang/Object//getClass [] []]
src/main/java/org/jsoup/nodes/Node.java: error: unknown import
	data: org/jsoup/SerializationException
src/main/java/org/jsoup/nodes/Node.java: error: unknown import
	data: org/jsoup/helper/Validate
src/main/java/org/jsoup/nodes/Node.java: error: unknown import
	data: org/jsoup/parser/Parser
src/main/java/org/jsoup/nodes/Node.java: error: unknown import
	data: java/util/Collections
src/main/java/org/jsoup/nodes/Node.java: error: unknown type
	data: Appendable
src/main/java/org/jsoup/nodes/Node.java: error: unknown function
	data: [<nil> java/util/ArrayList//ArrayList [pointer(reference(org/jsoup/nodes/Node))] [call(select(ensure_not_nil(select(this, childNodes)), size!d41d8cd98f00b204e9800998ecf8427e), [])]]
src/main/java/org/jsoup/nodes/Node.java: error: unknown function
	data: [<nil> outerHtml [] [appendable]]
src/main/java/org/jsoup/nodes/Node.java: error: unknown import
	data: org/jsoup/select/NodeVisitor
src/main/java/org/jsoup/nodes/Node.java: error: unknown import
	data: java/util/LinkedList
src/main/java/org/jsoup/nodes/Node.java: internal error: not all elements have the same type
	data: declaration([children], [pointer(genericInstance(reference(java/util/List), [pointer(reference(org/jsoup/nodes/Element))]))], [call(select(ensure_not_nil(el), children!d41d8cd98f00b204e9800998ecf8427e), [])], ModifierVisibilityPublic)
src/main/java/org/jsoup/nodes/Node.java: error: unknown function
	data: [<nil> java/util/ArrayList//ArrayList [pointer(reference(org/jsoup/nodes/Node))] [4]]
src/main/java/org/jsoup/nodes/TextNode.java: error: unknown import
	data: org/jsoup/helper/StringUtil
src/main/java/org/jsoup/nodes/TextNode.java: error: unknown import
	data: org/jsoup/helper/Validate
src/main/java/org/jsoup/nodes/TextNode.java: error: unknown type
	data: Appendable
src/main/java/org/jsoup/nodes/XmlDeclaration.java: error: unknown import
	data: org/jsoup/helper/Validate
src/main/java/org/jsoup/nodes/XmlDeclaration.java: error: unknown type
	data: Appendable
internal error: scope leak
	data: map[handledNode:struct(org/jsoup/nodes/Attributes//Dataset, [], [genericInstance(unsupported(java/util/AbstractMap), [pointer(reference(java/lang/String)), pointer(reference(java/lang/String))])], []) scopeLevelAtEntry:7 scopeLevelAtExit:8]
internal error: scope leak
	data: map[handledNode:struct(org/jsoup/nodes/Attributes, [], [pointer(reference(java/lang/Object))], [pointer(genericInstance(reference(java/lang/Iterable), [pointer(reference(org/jsoup/nodes/Attribute))])), reference(java/lang/Cloneable)]) scopeLevelAtEntry:6 scopeLevelAtExit:7]
Found 1 Java files
Found 125 problems in Java files
src/main/java/org/jsoup/nodes/Element.java: found 87 symbols
src/main/java/org/jsoup/nodes/Element.java: org.jsoup.nodes.Element.getElementsByAttribute: computing test cases
src/main/java/org/jsoup/nodes/Element.java: org.jsoup.nodes.Element.getElementsByAttribute: found 1 problems
src/main/java/org/jsoup/nodes/Element.java: internal error: org.jsoup.nodes.Element.getElementsByAttribute: unknown type kind
	data: unsupported(org/jsoup/parser/Tag)
src/main/java/org/jsoup/nodes/Element.java: org.jsoup.nodes.Element.getElementsByAttributeValueEnding: computing test cases
src/main/java/org/jsoup/nodes/Element.java: org.jsoup.nodes.Element.getElementsByAttributeValueEnding: found 1 problems
src/main/java/org/jsoup/nodes/Element.java: internal error: org.jsoup.nodes.Element.getElementsByAttributeValueEnding: unknown type kind
	data: unsupported(org/jsoup/parser/Tag)
src/main/java/org/jsoup/nodes/Element.java: org.jsoup.nodes.Element.hasClass: computing test cases
src/main/java/org/jsoup/nodes/Element.java: org.jsoup.nodes.Element.hasClass: found 1 problems
src/main/java/org/jsoup/nodes/Element.java: internal error: org.jsoup.nodes.Element.hasClass: unknown type kind
	data: unsupported(org/jsoup/parser/Tag)
src/main/java/org/jsoup/nodes/Element.java: org.jsoup.nodes.Element.nodeName: computing test cases
src/main/java/org/jsoup/nodes/Element.java: org.jsoup.nodes.Element.nodeName: found 1 problems
src/main/java/org/jsoup/nodes/Element.java: internal error: org.jsoup.nodes.Element.nodeName: unknown type kind
	data: unsupported(org/jsoup/parser/Tag)
src/main/java/org/jsoup/nodes/Element.java: org.jsoup.nodes.Element.appendChild: computing test cases
src/main/java/org/jsoup/nodes/Element.java: org.jsoup.nodes.Element.appendChild: found 1 problems
src/main/java/org/jsoup/nodes/Element.java: internal error: org.jsoup.nodes.Element.appendChild: unknown type kind
	data: unsupported(org/jsoup/parser/Tag)
src/main/java/org/jsoup/nodes/Element.java: org.jsoup.nodes.Element.prependChild: computing test cases
src/main/java/org/jsoup/nodes/Element.java: org.jsoup.nodes.Element.prependChild: found 1 problems
src/main/java/org/jsoup/nodes/Element.java: internal error: org.jsoup.nodes.Element.prependChild: unknown type kind
	data: unsupported(org/jsoup/parser/Tag)
src/main/java/org/jsoup/nodes/Element.java: org.jsoup.nodes.Element.siblingElements: computing test cases
src/main/java/org/jsoup/nodes/Element.java: org.jsoup.nodes.Element.siblingElements: computed 0 unit tests
src/main/java/org/jsoup/nodes/Element.java: org.jsoup.nodes.Element.after: computing test cases
src/main/java/org/jsoup/nodes/Element.java: org.jsoup.nodes.Element.after: found 1 problems
src/main/java/org/jsoup/nodes/Element.java: internal error: org.jsoup.nodes.Element.after: unknown type kind
	data: unsupported(org/jsoup/parser/Tag)
src/main/java/org/jsoup/nodes/Element.java: org.jsoup.nodes.Element.Element: computing test cases
src/main/java/org/jsoup/nodes/Element.java: org.jsoup.nodes.Element.Element: found 1 problems
src/main/java/org/jsoup/nodes/Element.java: internal error: org.jsoup.nodes.Element.Element: unknown type kind
	data: unsupported(org/jsoup/parser/Tag)
src/main/java/org/jsoup/nodes/Element.java: org.jsoup.nodes.Element.id: computing test cases
src/main/java/org/jsoup/nodes/Element.java: org.jsoup.nodes.Element.id: found 1 problems
src/main/java/org/jsoup/nodes/Element.java: internal error: org.jsoup.nodes.Element.id: unknown type kind
	data: unsupported(org/jsoup/parser/Tag)
src/main/java/org/jsoup/nodes/Element.java: org.jsoup.nodes.Element.getElementsByAttributeValueMatching: computing test cases
src/main/java/org/jsoup/nodes/Element.java: org.jsoup.nodes.Element.getElementsByAttributeValueMatching: found 1 problems
src/main/java/org/jsoup/nodes/Element.java: internal error: org.jsoup.nodes.Element.getElementsByAttributeValueMatching: unknown type kind
	data: unsupported(org/jsoup/parser/Tag)
src/main/java/org/jsoup/nodes/Element.java: org.jsoup.nodes.Element.getElementsMatchingText: computing test cases
src/main/java/org/jsoup/nodes/Element.java: org.jsoup.nodes.Element.getElementsMatchingText: found 1 problems
src/main/java/org/jsoup/nodes/Element.java: internal error: org.jsoup.nodes.Element.getElementsMatchingText: unknown type kind
	data: unsupported(org/jsoup/parser/Tag)
src/main/java/org/jsoup/nodes/Element.java: org.jsoup.nodes.Element.html: computing test cases
src/main/java/org/jsoup/nodes/Element.java: org.jsoup.nodes.Element.html: found 1 problems
src/main/java/org/jsoup/nodes/Element.java: internal error: org.jsoup.nodes.Element.html: unknown type kind
	data: unsupported(org/jsoup/parser/Tag)
src/main/java/org/jsoup/nodes/Element.java: org.jsoup.nodes.Element.before: computing test cases
src/main/java/org/jsoup/nodes/Element.java: org.jsoup.nodes.Element.before: found 1 problems
src/main/java/org/jsoup/nodes/Element.java: internal error: org.jsoup.nodes.Element.before: unknown type kind
	data: unsupported(org/jsoup/parser/Tag)
src/main/java/org/jsoup/nodes/Element.java: org.jsoup.nodes.Element.outerHtmlTail: computing test cases
src/main/java/org/jsoup/nodes/Element.java: org.jsoup.nodes.Element.outerHtmlTail: found 1 problems
src/main/java/org/jsoup/nodes/Element.java: internal error: org.jsoup.nodes.Element.outerHtmlTail: unknown type kind
	data: unsupported(org/jsoup/parser/Tag)
src/main/java/org/jsoup/nodes/Element.java: org.jsoup.nodes.Element.classNames: computing test cases
src/main/java/org/jsoup/nodes/Element.java: org.jsoup.nodes.Element.classNames: computed 0 unit tests
src/main/java/org/jsoup/nodes/Element.java: org.jsoup.nodes.Element.parents: computing test cases
src/main/java/org/jsoup/nodes/Element.java: org.jsoup.nodes.Element.parents: found 1 problems
src/main/java/org/jsoup/nodes/Element.java: internal error: org.jsoup.nodes.Element.parents: unknown type kind
	data: unsupported(org/jsoup/parser/Tag)
src/main/java/org/jsoup/nodes/Element.java: org.jsoup.nodes.Element.dataNodes: computing test cases
src/main/java/org/jsoup/nodes/Element.java: org.jsoup.nodes.Element.dataNodes: found 1 problems
src/main/java/org/jsoup/nodes/Element.java: internal error: org.jsoup.nodes.Element.dataNodes: unknown type kind
	data: unsupported(org/jsoup/parser/Tag)
src/main/java/org/jsoup/nodes/Element.java: org.jsoup.nodes.Element.data: computing test cases
src/main/java/org/jsoup/nodes/Element.java: org.jsoup.nodes.Element.data: found 1 problems
src/main/java/org/jsoup/nodes/Element.java: internal error: org.jsoup.nodes.Element.data: unknown type kind
	data: unsupported(org/jsoup/parser/Tag)
src/main/java/org/jsoup/nodes/Element.java: org.jsoup.nodes.Element.getAllElements: computing test cases
src/main/java/org/jsoup/nodes/Element.java: org.jsoup.nodes.Element.getAllElements: found 1 problems
src/main/java/org/jsoup/nodes/Element.java: internal error: org.jsoup.nodes.Element.getAllElements: unknown type kind
	data: unsupported(org/jsoup/parser/Tag)
src/main/java/org/jsoup/nodes/Element.java: org.jsoup.nodes.Element.is: computing test cases
src/main/java/org/jsoup/nodes/Element.java: org.jsoup.nodes.Element.is: found 1 problems
src/main/java/org/jsoup/nodes/Element.java: internal error: org.jsoup.nodes.Element.is: unknown type kind
	data: unsupported(org/jsoup/parser/Tag)
src/main/java/org/jsoup/nodes/Element.java: org.jsoup.nodes.Element.insertChildren: computing test cases
src/main/java/org/jsoup/nodes/Element.java: org.jsoup.nodes.Element.insertChildren: computed 0 unit tests
src/main/java/org/jsoup/nodes/Element.java: org.jsoup.nodes.Element.classNames: computing test cases
src/main/java/org/jsoup/nodes/Element.java: org.jsoup.nodes.Element.classNames: found 1 problems
src/main/java/org/jsoup/nodes/Element.java: internal error: org.jsoup.nodes.Element.classNames: unknown type kind
	data: unsupported(org/jsoup/parser/Tag)
src/main/java/org/jsoup/nodes/Element.java: org.jsoup.nodes.Element.val: computing test cases
src/main/java/org/jsoup/nodes/Element.java: org.jsoup.nodes.Element.val: found 1 problems
src/main/java/org/jsoup/nodes/Element.java: internal error: org.jsoup.nodes.Element.val: unknown type kind
	data: unsupported(org/jsoup/parser/Tag)
src/main/java/org/jsoup/nodes/Element.java: org.jsoup.nodes.Element.append: computing test cases
src/main/java/org/jsoup/nodes/Element.java: org.jsoup.nodes.Element.append: found 1 problems
src/main/java/org/jsoup/nodes/Element.java: internal error: org.jsoup.nodes.Element.append: unknown type kind
	data: unsupported(org/jsoup/parser/Tag)
src/main/java/org/jsoup/nodes/Element.java: org.jsoup.nodes.Element.nextElementSibling: computing test cases
src/main/java/org/jsoup/nodes/Element.java: org.jsoup.nodes.Element.nextElementSibling: computed 0 unit tests
src/main/java/org/jsoup/nodes/Element.java: org.jsoup.nodes.Element.prependText: computing test cases
src/main/java/org/jsoup/nodes/Element.java: org.jsoup.nodes.Element.prependText: found 1 problems
src/main/java/org/jsoup/nodes/Element.java: internal error: org.jsoup.nodes.Element.prependText: unknown type kind
	data: unsupported(org/jsoup/parser/Tag)
src/main/java/org/jsoup/nodes/Element.java: org.jsoup.nodes.Element.isBlock: computing test cases
src/main/java/org/jsoup/nodes/Element.java: org.jsoup.nodes.Element.isBlock: found 1 problems
src/main/java/org/jsoup/nodes/Element.java: internal error: org.jsoup.nodes.Element.isBlock: unknown type kind
	data: unsupported(org/jsoup/parser/Tag)
src/main/java/org/jsoup/nodes/Element.java: org.jsoup.nodes.Element.child: computing test cases
src/main/java/org/jsoup/nodes/Element.java: org.jsoup.nodes.Element.child: found 1 problems
src/main/java/org/jsoup/nodes/Element.java: internal error: org.jsoup.nodes.Element.child: unknown type kind
	data: unsupported(org/jsoup/parser/Tag)
src/main/java/org/jsoup/nodes/Element.java: org.jsoup.nodes.Element.attr: computing test cases
src/main/java/org/jsoup/nodes/Element.java: org.jsoup.nodes.Element.attr: found 1 problems
src/main/java/org/jsoup/nodes/Element.java: internal error: org.jsoup.nodes.Element.attr: unknown type kind
	data: unsupported(org/jsoup/parser/Tag)
src/main/java/org/jsoup/nodes/Element.java: org.jsoup.nodes.Element.is: computing test cases
src/main/java/org/jsoup/nodes/Element.java: org.jsoup.nodes.Element.is: found 1 problems
src/main/java/org/jsoup/nodes/Element.java: internal error: org.jsoup.nodes.Element.is: unknown type kind
	data: unsupported(org/jsoup/parser/Tag)
src/main/java/org/jsoup/nodes/Element.java: org.jsoup.nodes.Element.prepend: computing test cases
src/main/java/org/jsoup/nodes/Element.java: org.jsoup.nodes.Element.prepend: found 1 problems
src/main/java/org/jsoup/nodes/Element.java: internal error: org.jsoup.nodes.Element.prepend: unknown type kind
	data: unsupported(org/jsoup/parser/Tag)
src/main/java/org/jsoup/nodes/Element.java: org.jsoup.nodes.Element.getElementsByAttributeValueMatching: computing test cases
src/main/java/org/jsoup/nodes/Element.java: org.jsoup.nodes.Element.getElementsByAttributeValueMatching: found 1 problems
src/main/java/org/jsoup/nodes/Element.java: internal error: org.jsoup.nodes.Element.getElementsByAttributeValueMatching: unknown type kind
	data: unsupported(org/jsoup/parser/Tag)
src/main/java/org/jsoup/nodes/Element.java: org.jsoup.nodes.Element.getElementsMatchingOwnText: computing test cases
src/main/java/org/jsoup/nodes/Element.java: org.jsoup.nodes.Element.getElementsMatchingOwnText: found 1 problems
src/main/java/org/jsoup/nodes/Element.java: internal error: org.jsoup.nodes.Element.getElementsMatchingOwnText: unknown type kind
	data: unsupported(org/jsoup/parser/Tag)
src/main/java/org/jsoup/nodes/Element.java: org.jsoup.nodes.Element.hasText: computing test cases
src/main/java/org/jsoup/nodes/Element.java: org.jsoup.nodes.Element.hasText: found 1 problems
src/main/java/org/jsoup/nodes/Element.java: internal error: org.jsoup.nodes.Element.hasText: unknown type kind
	data: unsupported(org/jsoup/parser/Tag)
src/main/java/org/jsoup/nodes/Element.java: org.jsoup.nodes.Element.getElementsByTag: computing test cases
src/main/java/org/jsoup/nodes/Element.java: org.jsoup.nodes.Element.getElementsByTag: found 1 problems
src/main/java/org/jsoup/nodes/Element.java: internal error: org.jsoup.nodes.Element.getElementsByTag: unknown type kind
	data: unsupported(org/jsoup/parser/Tag)
src/main/java/org/jsoup/nodes/Element.java: org.jsoup.nodes.Element.toString: computing test cases
src/main/java/org/jsoup/nodes/Element.java: org.jsoup.nodes.Element.toString: found 1 problems
src/main/java/org/jsoup/nodes/Element.java: internal error: org.jsoup.nodes.Element.toString: unknown type kind
	data: unsupported(org/jsoup/parser/Tag)
src/main/java/org/jsoup/nodes/Element.java: org.jsoup.nodes.Element.lastElementSibling: computing test cases
src/main/java/org/jsoup/nodes/Element.java: org.jsoup.nodes.Element.lastElementSibling: computed 0 unit tests
src/main/java/org/jsoup/nodes/Element.java: org.jsoup.nodes.Element.getElementsByIndexGreaterThan: computing test cases
src/main/java/org/jsoup/nodes/Element.java: org.jsoup.nodes.Element.getElementsByIndexGreaterThan: found 1 problems
src/main/java/org/jsoup/nodes/Element.java: internal error: org.jsoup.nodes.Element.getElementsByIndexGreaterThan: unknown type kind
	data: unsupported(org/jsoup/parser/Tag)
src/main/java/org/jsoup/nodes/Element.java: org.jsoup.nodes.Element.getElementsContainingText: computing test cases
src/main/java/org/jsoup/nodes/Element.java: org.jsoup.nodes.Element.getElementsContainingText: found 1 problems
src/main/java/org/jsoup/nodes/Element.java: internal error: org.jsoup.nodes.Element.getElementsContainingText: unknown type kind
	data: unsupported(org/jsoup/parser/Tag)
src/main/java/org/jsoup/nodes/Element.java: org.jsoup.nodes.Element.firstElementSibling: computing test cases
src/main/java/org/jsoup/nodes/Element.java: org.jsoup.nodes.Element.firstElementSibling: computed 0 unit tests
src/main/java/org/jsoup/nodes/Element.java: org.jsoup.nodes.Element.preserveWhitespace: computing test cases
src/main/java/org/jsoup/nodes/Element.java: org.jsoup.nodes.Element.preserveWhitespace: found 1 problems
src/main/java/org/jsoup/nodes/Element.java: internal error: org.jsoup.nodes.Element.preserveWhitespace: unknown type kind
	data: unsupported(org/jsoup/parser/Tag)
src/main/java/org/jsoup/nodes/Element.java: org.jsoup.nodes.Element.tagName: computing test cases
src/main/java/org/jsoup/nodes/Element.java: org.jsoup.nodes.Element.tagName: found 1 problems
src/main/java/org/jsoup/nodes/Element.java: internal error: org.jsoup.nodes.Element.tagName: unknown type kind
	data: unsupported(org/jsoup/parser/Tag)
src/main/java/org/jsoup/nodes/Element.java: org.jsoup.nodes.Element.tag: computing test cases
src/main/java/org/jsoup/nodes/Element.java: org.jsoup.nodes.Element.tag: found 1 problems
src/main/java/org/jsoup/nodes/Element.java: internal error: org.jsoup.nodes.Element.tag: unknown type kind
	data: unsupported(org/jsoup/parser/Tag)
src/main/java/org/jsoup/nodes/Element.java: org.jsoup.nodes.Element.before: computing test cases
src/main/java/org/jsoup/nodes/Element.java: org.jsoup.nodes.Element.before: found 1 problems
src/main/java/org/jsoup/nodes/Element.java: internal error: org.jsoup.nodes.Element.before: unknown type kind
	data: unsupported(org/jsoup/parser/Tag)
src/main/java/org/jsoup/nodes/Element.java: org.jsoup.nodes.Element.toggleClass: computing test cases
src/main/java/org/jsoup/nodes/Element.java: org.jsoup.nodes.Element.toggleClass: found 1 problems
src/main/java/org/jsoup/nodes/Element.java: internal error: org.jsoup.nodes.Element.toggleClass: unknown type kind
	data: unsupported(org/jsoup/parser/Tag)
src/main/java/org/jsoup/nodes/Element.java: org.jsoup.nodes.Element.prependElement: computing test cases
src/main/java/org/jsoup/nodes/Element.java: org.jsoup.nodes.Element.prependElement: found 1 problems
src/main/java/org/jsoup/nodes/Element.java: internal error: org.jsoup.nodes.Element.prependElement: unknown type kind
	data: unsupported(org/jsoup/parser/Tag)
src/main/java/org/jsoup/nodes/Element.java: org.jsoup.nodes.Element.wrap: computing test cases
src/main/java/org/jsoup/nodes/Element.java: org.jsoup.nodes.Element.wrap: found 1 problems
src/main/java/org/jsoup/nodes/Element.java: internal error: org.jsoup.nodes.Element.wrap: unknown type kind
	data: unsupported(org/jsoup/parser/Tag)
src/main/java/org/jsoup/nodes/Element.java: org.jsoup.nodes.Element.getElementsByIndexEquals: computing test cases
src/main/java/org/jsoup/nodes/Element.java: org.jsoup.nodes.Element.getElementsByIndexEquals: found 1 problems
src/main/java/org/jsoup/nodes/Element.java: internal error: org.jsoup.nodes.Element.getElementsByIndexEquals: unknown type kind
	data: unsupported(org/jsoup/parser/Tag)
src/main/java/org/jsoup/nodes/Element.java: org.jsoup.nodes.Element.addClass: computing test cases
src/main/java/org/jsoup/nodes/Element.java: org.jsoup.nodes.Element.addClass: found 1 problems
src/main/java/org/jsoup/nodes/Element.java: internal error: org.jsoup.nodes.Element.addClass: unknown type kind
	data: unsupported(org/jsoup/parser/Tag)
src/main/java/org/jsoup/nodes/Element.java: org.jsoup.nodes.Element.after: computing test cases
src/main/java/org/jsoup/nodes/Element.java: org.jsoup.nodes.Element.after: found 1 problems
src/main/java/org/jsoup/nodes/Element.java: internal error: org.jsoup.nodes.Element.after: unknown type kind
	data: unsupported(org/jsoup/parser/Tag)
src/main/java/org/jsoup/nodes/Element.java: org.jsoup.nodes.Element.getElementsByClass: computing test cases
src/main/java/org/jsoup/nodes/Element.java: org.jsoup.nodes.Element.getElementsByClass: found 1 problems
src/main/java/org/jsoup/nodes/Element.java: internal error: org.jsoup.nodes.Element.getElementsByClass: unknown type kind
	data: unsupported(org/jsoup/parser/Tag)
src/main/java/org/jsoup/nodes/Element.java: org.jsoup.nodes.Element.previousElementSibling: computing test cases
src/main/java/org/jsoup/nodes/Element.java: org.jsoup.nodes.Element.previousElementSibling: computed 0 unit tests
src/main/java/org/jsoup/nodes/Element.java: org.jsoup.nodes.Element.attr: computing test cases
src/main/java/org/jsoup/nodes/Element.java: org.jsoup.nodes.Element.attr: found 1 problems
src/main/java/org/jsoup/nodes/Element.java: internal error: org.jsoup.nodes.Element.attr: unknown type kind
	data: unsupported(org/jsoup/parser/Tag)
src/main/java/org/jsoup/nodes/Element.java: org.jsoup.nodes.Element.cssSelector: computing test cases
src/main/java/org/jsoup/nodes/Element.java: org.jsoup.nodes.Element.cssSelector: found 1 problems
src/main/java/org/jsoup/nodes/Element.java: internal error: org.jsoup.nodes.Element.cssSelector: unknown type kind
	data: unsupported(org/jsoup/parser/Tag)
src/main/java/org/jsoup/nodes/Element.java: org.jsoup.nodes.Element.textNodes: computing test cases
src/main/java/org/jsoup/nodes/Element.java: org.jsoup.nodes.Element.textNodes: found 1 problems
src/main/java/org/jsoup/nodes/Element.java: internal error: org.jsoup.nodes.Element.textNodes: unknown type kind
	data: unsupported(org/jsoup/parser/Tag)
src/main/java/org/jsoup/nodes/Element.java: org.jsoup.nodes.Element.getElementsByAttributeValueContaining: computing test cases
src/main/java/org/jsoup/nodes/Element.java: org.jsoup.nodes.Element.getElementsByAttributeValueContaining: found 1 problems
src/main/java/org/jsoup/nodes/Element.java: internal error: org.jsoup.nodes.Element.getElementsByAttributeValueContaining: unknown type kind
	data: unsupported(org/jsoup/parser/Tag)
src/main/java/org/jsoup/nodes/Element.java: org.jsoup.nodes.Element.outerHtmlHead: computing test cases
src/main/java/org/jsoup/nodes/Element.java: org.jsoup.nodes.Element.outerHtmlHead: found 1 problems
src/main/java/org/jsoup/nodes/Element.java: internal error: org.jsoup.nodes.Element.outerHtmlHead: unknown type kind
	data: unsupported(org/jsoup/parser/Tag)
src/main/java/org/jsoup/nodes/Element.java: org.jsoup.nodes.Element.getElementsMatchingOwnText: computing test cases
src/main/java/org/jsoup/nodes/Element.java: org.jsoup.nodes.Element.getElementsMatchingOwnText: found 1 problems
src/main/java/org/jsoup/nodes/Element.java: internal error: org.jsoup.nodes.Element.getElementsMatchingOwnText: unknown type kind
	data: unsupported(org/jsoup/parser/Tag)
src/main/java/org/jsoup/nodes/Element.java: org.jsoup.nodes.Element.getElementById: computing test cases
src/main/java/org/jsoup/nodes/Element.java: org.jsoup.nodes.Element.getElementById: found 1 problems
src/main/java/org/jsoup/nodes/Element.java: internal error: org.jsoup.nodes.Element.getElementById: unknown type kind
	data: unsupported(org/jsoup/parser/Tag)
src/main/java/org/jsoup/nodes/Element.java: org.jsoup.nodes.Element.clone: computing test cases
src/main/java/org/jsoup/nodes/Element.java: org.jsoup.nodes.Element.clone: found 1 problems
src/main/java/org/jsoup/nodes/Element.java: internal error: org.jsoup.nodes.Element.clone: unknown type kind
	data: unsupported(org/jsoup/parser/Tag)
src/main/java/org/jsoup/nodes/Element.java: org.jsoup.nodes.Element.getElementsByAttributeValueStarting: computing test cases
src/main/java/org/jsoup/nodes/Element.java: org.jsoup.nodes.Element.getElementsByAttributeValueStarting: found 1 problems
src/main/java/org/jsoup/nodes/Element.java: internal error: org.jsoup.nodes.Element.getElementsByAttributeValueStarting: unknown type kind
	data: unsupported(org/jsoup/parser/Tag)
src/main/java/org/jsoup/nodes/Element.java: org.jsoup.nodes.Element.ownText: computing test cases
src/main/java/org/jsoup/nodes/Element.java: org.jsoup.nodes.Element.ownText: found 1 problems
src/main/java/org/jsoup/nodes/Element.java: internal error: org.jsoup.nodes.Element.ownText: unknown type kind
	data: unsupported(org/jsoup/parser/Tag)
src/main/java/org/jsoup/nodes/Element.java: org.jsoup.nodes.Element.className: computing test cases
src/main/java/org/jsoup/nodes/Element.java: org.jsoup.nodes.Element.className: found 1 problems
src/main/java/org/jsoup/nodes/Element.java: internal error: org.jsoup.nodes.Element.className: unknown type kind
	data: unsupported(org/jsoup/parser/Tag)
src/main/java/org/jsoup/nodes/Element.java: org.jsoup.nodes.Element.tagName: computing test cases
src/main/java/org/jsoup/nodes/Element.java: org.jsoup.nodes.Element.tagName: found 1 problems
src/main/java/org/jsoup/nodes/Element.java: internal error: org.jsoup.nodes.Element.tagName: unknown type kind
	data: unsupported(org/jsoup/parser/Tag)
src/main/java/org/jsoup/nodes/Element.java: org.jsoup.nodes.Element.appendText: computing test cases
src/main/java/org/jsoup/nodes/Element.java: org.jsoup.nodes.Element.appendText: found 1 problems
src/main/java/org/jsoup/nodes/Element.java: internal error: org.jsoup.nodes.Element.appendText: unknown type kind
	data: unsupported(org/jsoup/parser/Tag)
src/main/java/org/jsoup/nodes/Element.java: org.jsoup.nodes.Element.removeClass: computing test cases
src/main/java/org/jsoup/nodes/Element.java: org.jsoup.nodes.Element.removeClass: found 1 problems
src/main/java/org/jsoup/nodes/Element.java: internal error: org.jsoup.nodes.Element.removeClass: unknown type kind
	data: unsupported(org/jsoup/parser/Tag)
src/main/java/org/jsoup/nodes/Element.java: org.jsoup.nodes.Element.getElementsByAttributeValueNot: computing test cases
src/main/java/org/jsoup/nodes/Element.java: org.jsoup.nodes.Element.getElementsByAttributeValueNot: found 1 problems
src/main/java/org/jsoup/nodes/Element.java: internal error: org.jsoup.nodes.Element.getElementsByAttributeValueNot: unknown type kind
	data: unsupported(org/jsoup/parser/Tag)
src/main/java/org/jsoup/nodes/Element.java: org.jsoup.nodes.Element.getElementsByIndexLessThan: computing test cases
src/main/java/org/jsoup/nodes/Element.java: org.jsoup.nodes.Element.getElementsByIndexLessThan: found 1 problems
src/main/java/org/jsoup/nodes/Element.java: internal error: org.jsoup.nodes.Element.getElementsByIndexLessThan: unknown type kind
	data: unsupported(org/jsoup/parser/Tag)
src/main/java/org/jsoup/nodes/Element.java: org.jsoup.nodes.Element.getElementsByAttributeStarting: computing test cases
src/main/java/org/jsoup/nodes/Element.java: org.jsoup.nodes.Element.getElementsByAttributeStarting: found 1 problems
src/main/java/org/jsoup/nodes/Element.java: internal error: org.jsoup.nodes.Element.getElementsByAttributeStarting: unknown type kind
	data: unsupported(org/jsoup/parser/Tag)
src/main/java/org/jsoup/nodes/Element.java: org.jsoup.nodes.Element.empty: computing test cases
src/main/java/org/jsoup/nodes/Element.java: org.jsoup.nodes.Element.empty: found 1 problems
src/main/java/org/jsoup/nodes/Element.java: internal error: org.jsoup.nodes.Element.empty: unknown type kind
	data: unsupported(org/jsoup/parser/Tag)
src/main/java/org/jsoup/nodes/Element.java: org.jsoup.nodes.Element.getElementsContainingOwnText: computing test cases
src/main/java/org/jsoup/nodes/Element.java: org.jsoup.nodes.Element.getElementsContainingOwnText: found 1 problems
src/main/java/org/jsoup/nodes/Element.java: internal error: org.jsoup.nodes.Element.getElementsContainingOwnText: unknown type kind
	data: unsupported(org/jsoup/parser/Tag)
src/main/java/org/jsoup/nodes/Element.java: org.jsoup.nodes.Element.text: computing test cases
src/main/java/org/jsoup/nodes/Element.java: org.jsoup.nodes.Element.text: found 1 problems
src/main/java/org/jsoup/nodes/Element.java: internal error: org.jsoup.nodes.Element.text: unknown type kind
	data: unsupported(org/jsoup/parser/Tag)
src/main/java/org/jsoup/nodes/Element.java: org.jsoup.nodes.Element.html: computing test cases
src/main/java/org/jsoup/nodes/Element.java: org.jsoup.nodes.Element.html: found 1 problems
src/main/java/org/jsoup/nodes/Element.java: internal error: org.jsoup.nodes.Element.html: unknown type kind
	data: unsupported(org/jsoup/parser/Tag)
src/main/java/org/jsoup/nodes/Element.java: org.jsoup.nodes.Element.getElementsMatchingText: computing test cases
src/main/java/org/jsoup/nodes/Element.java: org.jsoup.nodes.Element.getElementsMatchingText: found 1 problems
src/main/java/org/jsoup/nodes/Element.java: internal error: org.jsoup.nodes.Element.getElementsMatchingText: unknown type kind
	data: unsupported(org/jsoup/parser/Tag)
src/main/java/org/jsoup/nodes/Element.java: org.jsoup.nodes.Element.appendElement: computing test cases
src/main/java/org/jsoup/nodes/Element.java: org.jsoup.nodes.Element.appendElement: found 1 problems
src/main/java/org/jsoup/nodes/Element.java: internal error: org.jsoup.nodes.Element.appendElement: unknown type kind
	data: unsupported(org/jsoup/parser/Tag)
src/main/java/org/jsoup/nodes/Element.java: org.jsoup.nodes.Element.children: computing test cases
src/main/java/org/jsoup/nodes/Element.java: org.jsoup.nodes.Element.children: found 1 problems
src/main/java/org/jsoup/nodes/Element.java: internal error: org.jsoup.nodes.Element.children: unknown type kind
	data: unsupported(org/jsoup/parser/Tag)
src/main/java/org/jsoup/nodes/Element.java: org.jsoup.nodes.Element.elementSiblingIndex: computing test cases
src/main/java/org/jsoup/nodes/Element.java: org.jsoup.nodes.Element.elementSiblingIndex: found 1 problems
src/main/java/org/jsoup/nodes/Element.java: internal error: org.jsoup.nodes.Element.elementSiblingIndex: unknown type kind
	data: unsupported(org/jsoup/parser/Tag)
src/main/java/org/jsoup/nodes/Element.java: org.jsoup.nodes.Element.val: computing test cases
src/main/java/org/jsoup/nodes/Element.java: org.jsoup.nodes.Element.val: found 1 problems
src/main/java/org/jsoup/nodes/Element.java: internal error: org.jsoup.nodes.Element.val: unknown type kind
	data: unsupported(org/jsoup/parser/Tag)
src/main/java/org/jsoup/nodes/Element.java: org.jsoup.nodes.Element.Element: computing test cases
src/main/java/org/jsoup/nodes/Element.java: org.jsoup.nodes.Element.Element: found 1 problems
src/main/java/org/jsoup/nodes/Element.java: internal error: org.jsoup.nodes.Element.Element: unknown type kind
	data: unsupported(org/jsoup/parser/Tag)
src/main/java/org/jsoup/nodes/Element.java: org.jsoup.nodes.Element.dataset: computing test cases
src/main/java/org/jsoup/nodes/Element.java: org.jsoup.nodes.Element.dataset: found 1 problems
src/main/java/org/jsoup/nodes/Element.java: internal error: org.jsoup.nodes.Element.dataset: unknown type kind
	data: unsupported(org/jsoup/parser/Tag)
src/main/java/org/jsoup/nodes/Element.java: org.jsoup.nodes.Element.getElementsByAttributeValue: computing test cases
src/main/java/org/jsoup/nodes/Element.java: org.jsoup.nodes.Element.getElementsByAttributeValue: found 1 problems
src/main/java/org/jsoup/nodes/Element.java: internal error: org.jsoup.nodes.Element.getElementsByAttributeValue: unknown type kind
	data: unsupported(org/jsoup/parser/Tag)
src/main/java/org/jsoup/nodes/Element.java: org.jsoup.nodes.Element.text: computing test cases
src/main/java/org/jsoup/nodes/Element.java: org.jsoup.nodes.Element.text: found 1 problems
src/main/java/org/jsoup/nodes/Element.java: internal error: org.jsoup.nodes.Element.text: unknown type kind
	data: unsupported(org/jsoup/parser/Tag)
src/main/java/org/jsoup/nodes/Element.java: org.jsoup.nodes.Element.html: computing test cases
src/main/java/org/jsoup/nodes/Element.java: org.jsoup.nodes.Element.html: computed 0 unit tests
src/main/java/org/jsoup/nodes/Element.java: org.jsoup.nodes.Element.select: computing test cases
src/main/java/org/jsoup/nodes/Element.java: org.jsoup.nodes.Element.select: found 1 problems
src/main/java/org/jsoup/nodes/Element.java: internal error: org.jsoup.nodes.Element.select: unknown type kind
	data: unsupported(org/jsoup/parser/Tag)
src/main/java/org/jsoup/nodes/Element.java: org.jsoup.nodes.Element.parent: computing test cases
src/main/java/org/jsoup/nodes/Element.java: org.jsoup.nodes.Element.parent: found 1 problems
src/main/java/org/jsoup/nodes/Element.java: internal error: org.jsoup.nodes.Element.parent: unknown type kind
	data: unsupported(org/jsoup/parser/Tag)
src/main/java/org/jsoup/nodes/Element.java: org.jsoup.nodes.Element.Element: computing test cases
src/main/java/org/jsoup/nodes/Element.java: org.jsoup.nodes.Element.Element: found 1 problems
src/main/java/org/jsoup/nodes/Element.java: internal error: org.jsoup.nodes.Element.Element: unknown type kind
	data: unsupported(org/jsoup/parser/Tag)
Analyzed 1 out of 12 source files
Had 3 errors that block a full analysis
Generated 0 tests
Found 0 potential problems
The following issues prevent a full analysis:

* 92 cases of "unknown type"
	Description: Types could not be resolved. This could be because of missing dependencies
  or a consequence of some other problem.

* 63 cases of "unknown import"
	Description: Imports could not be resolved. This is likely due to missing dependencies.

* 27 cases of "unknown function"
	Description: Functions could not be resolved. This occurs due to missing dependencies,
  or if a called function is removed due to some other problem.

* 8 cases of "not all elements have the same type"
	Description: Arguments of a function call do not match the parameter types. This usually
  occurs if a called method is removed due to some other problem, and another
  method with the same name is selected to be called.

* 1 case of "unsupported type"
	Description: Types required for analysis are not supported. This can include raw generics,
  or reflection types like "java.lang.Class".

* 10 cases of "other issues"
	Description: Uncategorized problems.

