Analyzing workspace /home/ph7/sqa-project/workspaces/jsoup_51b/
Search for Java files
Load dependency stdlib:@dev
src/main/java/org/jsoup/parser/CharacterReader.java: org.jsoup.parser.CharacterReader.cacheString: function is private and therefore inaccessible for tests
src/main/java/org/jsoup/parser/CharacterReader.java: error: unknown function
	data: [pointer(reference(java/lang/String)) java/lang/String//toUpperCase [] [unsupported]]
src/main/java/org/jsoup/parser/CharacterReader.java: error: unknown import
	data: org/jsoup/helper/Validate
src/main/java/org/jsoup/parser/CharacterReader.java: error: unknown import
	data: java/util/Arrays
src/main/java/org/jsoup/parser/CharacterReader.java: error: unknown import
	data: java/util/Locale
src/main/java/org/jsoup/parser/CharacterReader.java: unsupported: unsupported AST node
	data: &{0xc0005982a0 <nil> [] 0xc000597c80 0xc000593050 {None [] [] None}}
src/main/java/org/jsoup/parser/CharacterReader.java: error: unknown field
	data: [this struct(org/jsoup/parser/CharacterReader, [], [pointer(reference(java/lang/Object))], []) TokeniserState]
src/main/java/org/jsoup/parser/CharacterReader.java: error: unknown field
	data: [this struct(org/jsoup/parser/CharacterReader, [], [pointer(reference(java/lang/Object))], []) TokeniserState]
src/main/java/org/jsoup/parser/CharacterReader.java: error: unknown function
	data: [pointer(reference(java/lang/String)) java/lang/String//toLowerCase [] [unsupported]]
src/main/java/org/jsoup/parser/CharacterReader.java: warning: overflow of cast
src/main/java/org/jsoup/parser/HtmlTreeBuilder.java: error: unknown field
	data: [this struct(org/jsoup/parser/HtmlTreeBuilder, [], [pointer(reference(org/jsoup/parser/TreeBuilder))], []) HtmlTreeBuilderState]
src/main/java/org/jsoup/parser/HtmlTreeBuilder.java: error: unknown import
	data: org/jsoup/helper/Validate
src/main/java/org/jsoup/parser/HtmlTreeBuilder.java: error: unknown type
	data: Element
src/main/java/org/jsoup/parser/HtmlTreeBuilder.java: error: unknown type
	data: Document
src/main/java/org/jsoup/parser/HtmlTreeBuilder.java: internal error: missing type
	data: %!v(PANIC=String method: Internal error: type not defined:
		&modelast.LiteralComposite{
		    CompactFileRange: location.CompactFileRange{Start:location.NewCompactFileLocationRaw(2, 432, 44), End:location.NewCompactFileLocationRaw(2, 432, 49)},
		    Values:           []modelast.Expression{
		        &modelast.Nil{
		            CompactFileRange: location.CompactFileRange{Start:location.NewCompactFileLocationRaw(2, 432, 45), End:location.NewCompactFileLocationRaw(2, 432, 48)},
		        },
		    },
		}
		Stacktrace: goroutine 1 [running]:
		gitlab.nethead.at/symflower/symflower/model/errors.NewInternalError({0x21de060, 0x2d258a0}, {0x13dc6c0, 0xc000e87cc0})
			gitlab.nethead.at/symflower/symflower/model/errors/error.go:852 +0x4e
		gitlab.nethead.at/symflower/symflower/model/ast.(*LiteralComposite).String(0x2d28ad0?)
			gitlab.nethead.at/symflower/symflower/model/ast/literal.go:444 +0x1cc
		fmt.(*pp).handleMethods(0xc000786b60, 0x1fe600a?)
			fmt/print.go:673 +0x31f
		fmt.(*pp).printArg(0xc000786b60, {0x13dc6c0, 0xc000e87cc0}, 0x76)
			fmt/print.go:756 +0x438
		fmt.(*pp).doPrint(0xc000786b60, {0xc000051570?, 0x1, 0x41b525?})
			fmt/print.go:1208 +0x45
		fmt.Sprint({0xc000051570, 0x1, 0x1})
			fmt/print.go:279 +0x3e
		gitlab.nethead.at/symflower/symflower/language.formatErrorRecursive({0x220c620, 0x2e6b360}, {0x21de380, 0xc0012f8cc0}, 0x1)
			gitlab.nethead.at/symflower/symflower/language/format.go:91 +0x145
		gitlab.nethead.at/symflower/symflower/language.formatErrorRecursive({0x220c620, 0x2e6b360}, {0x21de540, 0xc0007860d0}, 0x1)
			gitlab.nethead.at/symflower/symflower/language/format.go:102 +0x637
		gitlab.nethead.at/symflower/symflower/language.formatErrorRecursive({0x220c620, 0x2e6b360}, {0x21de520, 0xc0007860d0}, 0x1)
			gitlab.nethead.at/symflower/symflower/language/format.go:62 +0x257
		gitlab.nethead.at/symflower/symflower/language.FormatError({0x220c620, 0x2e6b360}, {0x21de520?, 0xc0007860d0?}, 0x1?)
			gitlab.nethead.at/symflower/symflower/language/format.go:37 +0x2a
		gitlab.nethead.at/symflower/symflower/cmd/symflower-local/generate.addProblemToResults({0x8?, 0x48?, 0xb?, 0x0?}, {0x220c620?, 0x2e6b360?}, 0x474719?, {0x21de520?, 0xc0007860d0?}, 0x0)
			gitlab.nethead.at/symflower/symflower/cmd/symflower-local/generate/analyze.go:207 +0x85
		gitlab.nethead.at/symflower/symflower/cmd/symflower-local/generate.(*Generator).transpileLanguage(0xc000397080, 0x0, 0x0, {0x220c620, 0x2e6b360})
			gitlab.nethead.at/symflower/symflower/cmd/symflower-local/generate/generate.go:139 +0x5c5
		gitlab.nethead.at/symflower/symflower/cmd/symflower-local/generate.(*Generator).Symbols(0xc000397080, 0x0, 0x0)
			gitlab.nethead.at/symflower/symflower/cmd/symflower-local/generate/generate.go:94 +0x136
		gitlab.nethead.at/symflower/symflower/cmd/symflower-local/generate.(*AnalyzeEngineDefault).UnitTests(0x2a?, 0x124bba0?, {0x21eb890?, 0xc000188870?}, {0x50?, 0x7?, 0x13?, 0x0?}, 0x2a?, {0xc000396840, ...})
			gitlab.nethead.at/symflower/symflower/cmd/symflower-local/generate/analyze.go:153 +0x77
		gitlab.nethead.at/symflower/symflower/cmd/symflower-local/cmd.(*commandUnitTests).Execute(0xc0001123d8, {0xc000112008?, 0x706adc5ad618?, 0xc0001123d8?})
			gitlab.nethead.at/symflower/symflower/cmd/symflower-local/cmd/unit-tests.go:85 +0x2a6
		gitlab.nethead.at/symflower/symflower/cmd.ExecuteNoExit({0x21de020, 0xc000112008}, {0xc00019e000?, 0x44?, 0x0?})
			gitlab.nethead.at/symflower/symflower/cmd/execute.go:59 +0x2ad
		gitlab.nethead.at/symflower/symflower/cmd.Execute({0x21de020?, 0xc000112008?}, {0xc00019e000?, 0xc000180008?, 0xc0004a3f10?})
			gitlab.nethead.at/symflower/symflower/cmd/execute.go:17 +0x26
		gitlab.nethead.at/symflower/symflower/cmd.ExecuteWithOSArguments(...)
			gitlab.nethead.at/symflower/symflower/cmd/execute.go:78
		main.main.func1()
			gitlab.nethead.at/symflower/symflower/cmd/symflower-demo/main.go:39 +0x34
		gitlab.nethead.at/symflower/symflower/cmd/symflower-local/cmd.(*Command).WithPanicReporter(0xc0000b2060?, 0x0?)
			gitlab.nethead.at/symflower/symflower/cmd/symflower-local/cmd/cmd.go:151 +0x33
		main.main()
			gitlab.nethead.at/symflower/symflower/cmd/symflower-demo/main.go:38 +0x7f
		)
src/main/java/org/jsoup/parser/HtmlTreeBuilder.java: error: unknown field
	data: [this struct(org/jsoup/parser/HtmlTreeBuilder, [], [pointer(reference(org/jsoup/parser/TreeBuilder))], []) HtmlTreeBuilderState]
src/main/java/org/jsoup/parser/HtmlTreeBuilder.java: error: unknown type
	data: Comment
src/main/java/org/jsoup/parser/HtmlTreeBuilder.java: error: unknown type
	data: TextNode
src/main/java/org/jsoup/parser/HtmlTreeBuilder.java: internal error: type does not support nil values
	data: unsupported(Element)
src/main/java/org/jsoup/parser/HtmlTreeBuilder.java: error: unknown import
	data: org/jsoup/helper/StringUtil
src/main/java/org/jsoup/parser/HtmlTreeBuilder.java: error: unknown type
	data: Node
src/main/java/org/jsoup/parser/HtmlTreeBuilder.java: error: unknown field
	data: [this struct(org/jsoup/parser/HtmlTreeBuilder, [], [pointer(reference(org/jsoup/parser/TreeBuilder))], []) TokeniserState]
src/main/java/org/jsoup/parser/HtmlTreeBuilder.java: error: unknown field
	data: [this struct(org/jsoup/parser/HtmlTreeBuilder, [], [pointer(reference(org/jsoup/parser/TreeBuilder))], []) TokeniserState]
src/main/java/org/jsoup/parser/HtmlTreeBuilder.java: error: unknown import
	data: org/jsoup/nodes
src/main/java/org/jsoup/parser/HtmlTreeBuilder.java: error: unknown type
	data: DataNode
src/main/java/org/jsoup/parser/HtmlTreeBuilder.java: error: not a boolean type
	data: unsupported
src/main/java/org/jsoup/parser/HtmlTreeBuilder.java: error: unknown import
	data: org/jsoup/select/Elements
src/main/java/org/jsoup/parser/HtmlTreeBuilder.java: error: unknown type
	data: HtmlTreeBuilderState
src/main/java/org/jsoup/parser/HtmlTreeBuilder.java: error: unknown type
	data: FormElement
src/main/java/org/jsoup/parser/HtmlTreeBuilder.java: error: unknown field
	data: [this struct(org/jsoup/parser/HtmlTreeBuilder, [], [pointer(reference(org/jsoup/parser/TreeBuilder))], []) HtmlTreeBuilderState]
src/main/java/org/jsoup/parser/HtmlTreeBuilderState.java: error: unknown import
	data: org/jsoup/helper/StringUtil
src/main/java/org/jsoup/parser/HtmlTreeBuilderState.java: error: unknown import
	data: org/jsoup/nodes
src/main/java/org/jsoup/parser/ParseErrorList.java: error: unknown function
	data: [genericInstance(reference(java/util/ArrayList), [pointer(reference(org/jsoup/parser/ParseError))]) java/util/ArrayList//@@constructor [] [initialCapacity]]
src/main/java/org/jsoup/parser/ParseErrorList.java: error: unknown type
	data: E
src/main/java/org/jsoup/parser/Parser.java: error: unknown import
	data: org/jsoup/nodes/Document
src/main/java/org/jsoup/parser/Parser.java: error: unknown import
	data: org/jsoup/nodes/Element
src/main/java/org/jsoup/parser/Parser.java: error: unknown import
	data: org/jsoup/nodes/Node
src/main/java/org/jsoup/parser/Parser.java: internal error: not all elements have the same type
	data: [function(variable(this, pointer(reference(org/jsoup/parser/XmlTreeBuilder))), org/jsoup/parser/XmlTreeBuilder//parseFragment!0c7e1f3d460a3ef95abf363e3f8c1aab, [variable(inputFragment, pointer(reference(java/lang/String))), variable(baseUri, pointer(reference(java/lang/String))), variable(errors, pointer(reference(org/jsoup/parser/ParseErrorList)))], [variable(, genericInstance(unsupported(List), [unsupported(Node)]))], block([never_nil(this), call(select(this, initialiseParse!0c7e1f3d460a3ef95abf363e3f8c1aab), [inputFragment, baseUri, errors]), call(select(this, runParser!d41d8cd98f00b204e9800998ecf8427e), []), unsupported])) return([call(select(ensure_not_nil(treeBuilder), parseFragment!0c7e1f3d460a3ef95abf363e3f8c1aab), [fragmentXml, baseUri, call(org/jsoup/parser/ParseErrorList//noTracking!d41d8cd98f00b204e9800998ecf8427e, [])])])]
src/main/java/org/jsoup/parser/Parser.java: error: unknown function
	data: [pointer(genericInstance(reference(java/util/List), [unsupported(org/jsoup/nodes/Node)])) java/util/List<org/jsoup/nodes/Node>//toArray [] [make(array(unsupported(org/jsoup/nodes/Node), primitive(int, 32, false), 0), call(select(ensure_not_nil(nodeList), size!d41d8cd98f00b204e9800998ecf8427e), []))]]
src/main/java/org/jsoup/parser/Tag.java: error: unknown import
	data: org/jsoup/helper/Validate
src/main/java/org/jsoup/parser/Tag.java: error: unknown import
	data: java/util/HashMap
src/main/java/org/jsoup/parser/Token.java: error: unknown import
	data: org/jsoup/helper/Validate
src/main/java/org/jsoup/parser/Token.java: error: unknown import
	data: org/jsoup/nodes/BooleanAttribute
src/main/java/org/jsoup/parser/Token.java: error: unknown function
	data: [pointer(reference(java/lang/StringBuilder)) java/lang/StringBuilder//delete [] [0 call(select(ensure_not_nil(sb), length!d41d8cd98f00b204e9800998ecf8427e), [])]]
src/main/java/org/jsoup/parser/Token.java: internal error: recovered panic
	data: runtime error: invalid memory address or nil pointer dereference
src/main/java/org/jsoup/parser/Token.java: error: unknown import
	data: org/jsoup/nodes/Attribute
src/main/java/org/jsoup/parser/Token.java: error: unknown import
	data: org/jsoup/nodes/Attributes
src/main/java/org/jsoup/parser/Token.java: error: unknown type
	data: SuppressWarnings
src/main/java/org/jsoup/parser/Token.java: error: unknown function
	data: [pointer(reference(org/jsoup/parser/Token)) org/jsoup/parser/Token//getClass [] []]
src/main/java/org/jsoup/parser/Token.java: error: unknown function
	data: [struct(java/lang/StringBuilder, [], [pointer(reference(java/lang/Object))], [reference(java/lang/CharSequence)]) java/lang/StringBuilder//append [] [append]]
src/main/java/org/jsoup/parser/TokenQueue.java: internal error: not all elements have the same type
	data: primitive(char, 16, true) vs primitive(int, 32, false)
src/main/java/org/jsoup/parser/TokenQueue.java: error: unknown import
	data: org/jsoup/helper/StringUtil
src/main/java/org/jsoup/parser/TokenQueue.java: error: unknown import
	data: org/jsoup/helper/Validate
src/main/java/org/jsoup/parser/Tokeniser.java: error: unknown type
	data: TokeniserState
src/main/java/org/jsoup/parser/Tokeniser.java: error: unknown field
	data: [this struct(org/jsoup/parser/Tokeniser, [], [pointer(reference(java/lang/Object))], []) TokeniserState]
src/main/java/org/jsoup/parser/Tokeniser.java: error: unknown function
	data: [struct(java/lang/StringBuilder, [], [pointer(reference(java/lang/Object))], [reference(java/lang/CharSequence)]) java/lang/StringBuilder//delete [] [0 call(select(ensure_not_nil(select(this, charsBuilder)), length!d41d8cd98f00b204e9800998ecf8427e), [])]]
src/main/java/org/jsoup/parser/Tokeniser.java: error: unknown field
	data: [Character struct(java/lang/Character, [], [pointer(reference(java/lang/Object))], []) MIN_SUPPLEMENTARY_CODE_POINT]
src/main/java/org/jsoup/parser/Tokeniser.java: error: unknown function
	data: [pointer(reference(java/lang/StringBuilder)) java/lang/StringBuilder//append [] [c]]
src/main/java/org/jsoup/parser/Tokeniser.java: error: unknown import
	data: org/jsoup/helper/Validate
src/main/java/org/jsoup/parser/Tokeniser.java: error: unknown import
	data: org/jsoup/nodes/Entities
src/main/java/org/jsoup/parser/Tokeniser.java: error: unknown import
	data: java/util/Arrays
src/main/java/org/jsoup/parser/TokeniserState.java: error: unknown import
	data: java/util/Arrays
src/main/java/org/jsoup/parser/TreeBuilder.java: error: unknown import
	data: org/jsoup/helper/Validate
src/main/java/org/jsoup/parser/TreeBuilder.java: error: unknown import
	data: org/jsoup/nodes/Attributes
src/main/java/org/jsoup/parser/TreeBuilder.java: error: unknown import
	data: org/jsoup/nodes/Document
src/main/java/org/jsoup/parser/TreeBuilder.java: error: unknown import
	data: org/jsoup/nodes/Element
src/main/java/org/jsoup/parser/TreeBuilder.java: error: unknown function
	data: [<nil> java/util/ArrayList//ArrayList [unsupported(org/jsoup/nodes/Element)] [32]]
src/main/java/org/jsoup/parser/XmlTreeBuilder.java: error: unknown type
	data: Comment
src/main/java/org/jsoup/parser/XmlTreeBuilder.java: error: unknown type
	data: XmlDeclaration
src/main/java/org/jsoup/parser/XmlTreeBuilder.java: error: unknown type
	data: DocumentType
src/main/java/org/jsoup/parser/XmlTreeBuilder.java: error: unknown import
	data: org/jsoup/nodes
src/main/java/org/jsoup/parser/XmlTreeBuilder.java: error: unknown import
	data: org/jsoup/helper/Validate
src/main/java/org/jsoup/parser/XmlTreeBuilder.java: error: unknown type
	data: Node
src/main/java/org/jsoup/parser/XmlTreeBuilder.java: error: unknown type
	data: Element
src/main/java/org/jsoup/parser/XmlTreeBuilder.java: error: unknown field
	data: [this struct(org/jsoup/parser/XmlTreeBuilder, [], [pointer(reference(org/jsoup/parser/TreeBuilder))], []) Document]
internal error: scope leak
	data: map[handledNode:block([unsupported]) scopeLevelAtEntry:9 scopeLevelAtExit:10]
internal error: scope leak
	data: map[handledNode:block([unsupported]) scopeLevelAtEntry:9 scopeLevelAtExit:10]
internal error: scope leak
	data: map[handledNode:block([unsupported]) scopeLevelAtEntry:9 scopeLevelAtExit:10]
internal error: scope leak
	data: map[handledNode:block([unsupported]) scopeLevelAtEntry:9 scopeLevelAtExit:10]
internal error: scope leak
	data: map[handledNode:block([unsupported]) scopeLevelAtEntry:9 scopeLevelAtExit:10]
Found 1 Java files
Found 79 problems in Java files
src/main/java/org/jsoup/parser/CharacterReader.java: found 35 symbols
src/main/java/org/jsoup/parser/CharacterReader.java: org.jsoup.parser.CharacterReader.CharacterReader: computing test cases
src/main/java/org/jsoup/parser/CharacterReader.java: org.jsoup.parser.CharacterReader.CharacterReader: computed 0 unit tests
src/main/java/org/jsoup/parser/CharacterReader.java: org.jsoup.parser.CharacterReader.CharacterReader: found 0 problems
src/main/java/org/jsoup/parser/CharacterReader.java: org.jsoup.parser.CharacterReader.consumeDigitSequence: computing test cases
src/main/java/org/jsoup/parser/CharacterReader.java: org.jsoup.parser.CharacterReader.consumeDigitSequence: computed 0 unit tests
src/main/java/org/jsoup/parser/CharacterReader.java: org.jsoup.parser.CharacterReader.consumeDigitSequence: found 1 problems
src/main/java/org/jsoup/parser/CharacterReader.java: internal error: org.jsoup.parser.CharacterReader.consumeDigitSequence: unknown type kind
	data: [==(select(VariableReference(@m_0, pointer(struct(org/jsoup/parser/CharacterReader, [], [pointer(reference(java/lang/Object))], [])), @m_0_0), input), nil) array(primitive(char, 16, true), primitive(int, 32, false), 0)]
src/main/java/org/jsoup/parser/CharacterReader.java: org.jsoup.parser.CharacterReader.matches: computing test cases
src/main/java/org/jsoup/parser/CharacterReader.java: org.jsoup.parser.CharacterReader.matches: computed 0 unit tests
src/main/java/org/jsoup/parser/CharacterReader.java: org.jsoup.parser.CharacterReader.matches: found 1 problems
src/main/java/org/jsoup/parser/CharacterReader.java: internal error: org.jsoup.parser.CharacterReader.matches: unknown type kind
	data: [==(select(VariableReference(@m_0, pointer(struct(org/jsoup/parser/CharacterReader, [], [pointer(reference(java/lang/Object))], [])), @m_0_0), input), nil) array(primitive(char, 16, true), primitive(int, 32, false), 0)]
src/main/java/org/jsoup/parser/CharacterReader.java: org.jsoup.parser.CharacterReader.matchesDigit: computing test cases
src/main/java/org/jsoup/parser/CharacterReader.java: org.jsoup.parser.CharacterReader.matchesDigit: computed 0 unit tests
src/main/java/org/jsoup/parser/CharacterReader.java: org.jsoup.parser.CharacterReader.matchesDigit: found 1 problems
src/main/java/org/jsoup/parser/CharacterReader.java: internal error: org.jsoup.parser.CharacterReader.matchesDigit: unknown type kind
	data: [==(select(VariableReference(@m_0, pointer(struct(org/jsoup/parser/CharacterReader, [], [pointer(reference(java/lang/Object))], [])), @m_0_0), input), nil) array(primitive(char, 16, true), primitive(int, 32, false), 0)]
src/main/java/org/jsoup/parser/CharacterReader.java: org.jsoup.parser.CharacterReader.matchesAnySorted: computing test cases
src/main/java/org/jsoup/parser/CharacterReader.java: org.jsoup.parser.CharacterReader.matchesAnySorted: computed 0 unit tests
src/main/java/org/jsoup/parser/CharacterReader.java: org.jsoup.parser.CharacterReader.matchesAnySorted: found 1 problems
src/main/java/org/jsoup/parser/CharacterReader.java: internal error: org.jsoup.parser.CharacterReader.matchesAnySorted: unknown type kind
	data: [==(select(VariableReference(@m_0, pointer(struct(org/jsoup/parser/CharacterReader, [], [pointer(reference(java/lang/Object))], [])), @m_0_0), input), nil) array(primitive(char, 16, true), primitive(int, 32, false), 0)]
src/main/java/org/jsoup/parser/CharacterReader.java: org.jsoup.parser.CharacterReader.consume: computing test cases
src/main/java/org/jsoup/parser/CharacterReader.java: org.jsoup.parser.CharacterReader.consume: computed 0 unit tests
src/main/java/org/jsoup/parser/CharacterReader.java: org.jsoup.parser.CharacterReader.consume: found 1 problems
src/main/java/org/jsoup/parser/CharacterReader.java: internal error: org.jsoup.parser.CharacterReader.consume: unknown type kind
	data: [==(select(VariableReference(@m_0, pointer(struct(org/jsoup/parser/CharacterReader, [], [pointer(reference(java/lang/Object))], [])), @m_0_0), input), nil) array(primitive(char, 16, true), primitive(int, 32, false), 0)]
src/main/java/org/jsoup/parser/CharacterReader.java: org.jsoup.parser.CharacterReader.advance: computing test cases
src/main/java/org/jsoup/parser/CharacterReader.java: org.jsoup.parser.CharacterReader.advance: computed 0 unit tests
src/main/java/org/jsoup/parser/CharacterReader.java: org.jsoup.parser.CharacterReader.advance: found 1 problems
src/main/java/org/jsoup/parser/CharacterReader.java: internal error: org.jsoup.parser.CharacterReader.advance: unknown type kind
	data: [==(select(VariableReference(@m_0, pointer(struct(org/jsoup/parser/CharacterReader, [], [pointer(reference(java/lang/Object))], [])), @m_0_0), input), nil) array(primitive(char, 16, true), primitive(int, 32, false), 0)]
src/main/java/org/jsoup/parser/CharacterReader.java: org.jsoup.parser.CharacterReader.consumeTo: computing test cases
src/main/java/org/jsoup/parser/CharacterReader.java: org.jsoup.parser.CharacterReader.consumeTo: computed 0 unit tests
src/main/java/org/jsoup/parser/CharacterReader.java: org.jsoup.parser.CharacterReader.consumeTo: found 1 problems
src/main/java/org/jsoup/parser/CharacterReader.java: internal error: org.jsoup.parser.CharacterReader.consumeTo: unknown type kind
	data: [==(select(VariableReference(@m_0, pointer(struct(org/jsoup/parser/CharacterReader, [], [pointer(reference(java/lang/Object))], [])), @m_0_0), input), nil) array(primitive(char, 16, true), primitive(int, 32, false), 0)]
src/main/java/org/jsoup/parser/CharacterReader.java: org.jsoup.parser.CharacterReader.matchConsumeIgnoreCase: computing test cases
src/main/java/org/jsoup/parser/CharacterReader.java: org.jsoup.parser.CharacterReader.matchConsumeIgnoreCase: computed 0 unit tests
src/main/java/org/jsoup/parser/CharacterReader.java: org.jsoup.parser.CharacterReader.matchConsumeIgnoreCase: found 1 problems
src/main/java/org/jsoup/parser/CharacterReader.java: internal error: org.jsoup.parser.CharacterReader.matchConsumeIgnoreCase: unknown type kind
	data: [==(select(VariableReference(@m_0, pointer(struct(org/jsoup/parser/CharacterReader, [], [pointer(reference(java/lang/Object))], [])), @m_0_0), input), nil) array(primitive(char, 16, true), primitive(int, 32, false), 0)]
src/main/java/org/jsoup/parser/CharacterReader.java: org.jsoup.parser.CharacterReader.nextIndexOf: computing test cases
src/main/java/org/jsoup/parser/CharacterReader.java: org.jsoup.parser.CharacterReader.nextIndexOf: computed 0 unit tests
src/main/java/org/jsoup/parser/CharacterReader.java: org.jsoup.parser.CharacterReader.nextIndexOf: found 1 problems
src/main/java/org/jsoup/parser/CharacterReader.java: internal error: org.jsoup.parser.CharacterReader.nextIndexOf: unknown type kind
	data: [==(select(VariableReference(@m_0, pointer(struct(org/jsoup/parser/CharacterReader, [], [pointer(reference(java/lang/Object))], [])), @m_0_0), input), nil) array(primitive(char, 16, true), primitive(int, 32, false), 0)]
src/main/java/org/jsoup/parser/CharacterReader.java: org.jsoup.parser.CharacterReader.matchesLetter: computing test cases
src/main/java/org/jsoup/parser/CharacterReader.java: org.jsoup.parser.CharacterReader.matchesLetter: computed 0 unit tests
src/main/java/org/jsoup/parser/CharacterReader.java: org.jsoup.parser.CharacterReader.matchesLetter: found 1 problems
src/main/java/org/jsoup/parser/CharacterReader.java: internal error: org.jsoup.parser.CharacterReader.matchesLetter: unknown type kind
	data: [==(select(VariableReference(@m_0, pointer(struct(org/jsoup/parser/CharacterReader, [], [pointer(reference(java/lang/Object))], [])), @m_0_0), input), nil) array(primitive(char, 16, true), primitive(int, 32, false), 0)]
src/main/java/org/jsoup/parser/CharacterReader.java: org.jsoup.parser.CharacterReader.consumeAsString: computing test cases
src/main/java/org/jsoup/parser/CharacterReader.java: org.jsoup.parser.CharacterReader.consumeAsString: computed 0 unit tests
src/main/java/org/jsoup/parser/CharacterReader.java: org.jsoup.parser.CharacterReader.consumeAsString: found 1 problems
src/main/java/org/jsoup/parser/CharacterReader.java: internal error: org.jsoup.parser.CharacterReader.consumeAsString: unknown type kind
	data: [==(select(VariableReference(@m_0, pointer(struct(org/jsoup/parser/CharacterReader, [], [pointer(reference(java/lang/Object))], [])), @m_0_0), input), nil) array(primitive(char, 16, true), primitive(int, 32, false), 0)]
src/main/java/org/jsoup/parser/CharacterReader.java: org.jsoup.parser.CharacterReader.consumeTo: computing test cases
src/main/java/org/jsoup/parser/CharacterReader.java: org.jsoup.parser.CharacterReader.consumeTo: computed 0 unit tests
src/main/java/org/jsoup/parser/CharacterReader.java: org.jsoup.parser.CharacterReader.consumeTo: found 1 problems
src/main/java/org/jsoup/parser/CharacterReader.java: internal error: org.jsoup.parser.CharacterReader.consumeTo: unknown type kind
	data: [==(select(VariableReference(@m_0, pointer(struct(org/jsoup/parser/CharacterReader, [], [pointer(reference(java/lang/Object))], [])), @m_0_0), input), nil) array(primitive(char, 16, true), primitive(int, 32, false), 0)]
src/main/java/org/jsoup/parser/CharacterReader.java: org.jsoup.parser.CharacterReader.consumeToEnd: computing test cases
src/main/java/org/jsoup/parser/CharacterReader.java: org.jsoup.parser.CharacterReader.consumeToEnd: computed 0 unit tests
src/main/java/org/jsoup/parser/CharacterReader.java: org.jsoup.parser.CharacterReader.consumeToEnd: found 1 problems
src/main/java/org/jsoup/parser/CharacterReader.java: internal error: org.jsoup.parser.CharacterReader.consumeToEnd: unknown type kind
	data: [==(select(VariableReference(@m_0, pointer(struct(org/jsoup/parser/CharacterReader, [], [pointer(reference(java/lang/Object))], [])), @m_0_0), input), nil) array(primitive(char, 16, true), primitive(int, 32, false), 0)]
src/main/java/org/jsoup/parser/CharacterReader.java: org.jsoup.parser.CharacterReader.isEmpty: computing test cases
src/main/java/org/jsoup/parser/CharacterReader.java: org.jsoup.parser.CharacterReader.isEmpty: computed 0 unit tests
src/main/java/org/jsoup/parser/CharacterReader.java: org.jsoup.parser.CharacterReader.isEmpty: found 1 problems
src/main/java/org/jsoup/parser/CharacterReader.java: internal error: org.jsoup.parser.CharacterReader.isEmpty: unknown type kind
	data: [==(select(VariableReference(@m_0, pointer(struct(org/jsoup/parser/CharacterReader, [], [pointer(reference(java/lang/Object))], [])), @m_0_0), input), nil) array(primitive(char, 16, true), primitive(int, 32, false), 0)]
src/main/java/org/jsoup/parser/CharacterReader.java: org.jsoup.parser.CharacterReader.matchConsume: computing test cases
src/main/java/org/jsoup/parser/CharacterReader.java: org.jsoup.parser.CharacterReader.matchConsume: computed 0 unit tests
src/main/java/org/jsoup/parser/CharacterReader.java: org.jsoup.parser.CharacterReader.matchConsume: found 1 problems
src/main/java/org/jsoup/parser/CharacterReader.java: internal error: org.jsoup.parser.CharacterReader.matchConsume: unknown type kind
	data: [==(select(VariableReference(@m_0, pointer(struct(org/jsoup/parser/CharacterReader, [], [pointer(reference(java/lang/Object))], [])), @m_0_0), input), nil) array(primitive(char, 16, true), primitive(int, 32, false), 0)]
src/main/java/org/jsoup/parser/CharacterReader.java: org.jsoup.parser.CharacterReader.toString: computing test cases
src/main/java/org/jsoup/parser/CharacterReader.java: org.jsoup.parser.CharacterReader.toString: computed 0 unit tests
src/main/java/org/jsoup/parser/CharacterReader.java: org.jsoup.parser.CharacterReader.toString: found 1 problems
src/main/java/org/jsoup/parser/CharacterReader.java: internal error: org.jsoup.parser.CharacterReader.toString: unknown type kind
	data: [==(select(VariableReference(@m_0, pointer(struct(org/jsoup/parser/CharacterReader, [], [pointer(reference(java/lang/Object))], [])), @m_0_0), input), nil) array(primitive(char, 16, true), primitive(int, 32, false), 0)]
src/main/java/org/jsoup/parser/CharacterReader.java: org.jsoup.parser.CharacterReader.pos: computing test cases
src/main/java/org/jsoup/parser/CharacterReader.java: org.jsoup.parser.CharacterReader.pos: computed 0 unit tests
src/main/java/org/jsoup/parser/CharacterReader.java: org.jsoup.parser.CharacterReader.pos: found 1 problems
src/main/java/org/jsoup/parser/CharacterReader.java: internal error: org.jsoup.parser.CharacterReader.pos: unknown type kind
	data: [==(select(VariableReference(@m_0, pointer(struct(org/jsoup/parser/CharacterReader, [], [pointer(reference(java/lang/Object))], [])), @m_0_0), input), nil) array(primitive(char, 16, true), primitive(int, 32, false), 0)]
src/main/java/org/jsoup/parser/CharacterReader.java: org.jsoup.parser.CharacterReader.rewindToMark: computing test cases
src/main/java/org/jsoup/parser/CharacterReader.java: org.jsoup.parser.CharacterReader.rewindToMark: computed 0 unit tests
src/main/java/org/jsoup/parser/CharacterReader.java: org.jsoup.parser.CharacterReader.rewindToMark: found 1 problems
src/main/java/org/jsoup/parser/CharacterReader.java: internal error: org.jsoup.parser.CharacterReader.rewindToMark: unknown type kind
	data: [==(select(VariableReference(@m_0, pointer(struct(org/jsoup/parser/CharacterReader, [], [pointer(reference(java/lang/Object))], [])), @m_0_0), input), nil) array(primitive(char, 16, true), primitive(int, 32, false), 0)]
src/main/java/org/jsoup/parser/CharacterReader.java: org.jsoup.parser.CharacterReader.consumeTagName: computing test cases
src/main/java/org/jsoup/parser/CharacterReader.java: org.jsoup.parser.CharacterReader.consumeTagName: computed 0 unit tests
src/main/java/org/jsoup/parser/CharacterReader.java: org.jsoup.parser.CharacterReader.consumeTagName: found 1 problems
src/main/java/org/jsoup/parser/CharacterReader.java: internal error: org.jsoup.parser.CharacterReader.consumeTagName: unknown type kind
	data: [==(select(VariableReference(@m_0, pointer(struct(org/jsoup/parser/CharacterReader, [], [pointer(reference(java/lang/Object))], [])), @m_0_0), input), nil) array(primitive(char, 16, true), primitive(int, 32, false), 0)]
src/main/java/org/jsoup/parser/CharacterReader.java: org.jsoup.parser.CharacterReader.consumeHexSequence: computing test cases
src/main/java/org/jsoup/parser/CharacterReader.java: org.jsoup.parser.CharacterReader.consumeHexSequence: computed 0 unit tests
src/main/java/org/jsoup/parser/CharacterReader.java: org.jsoup.parser.CharacterReader.consumeHexSequence: found 1 problems
src/main/java/org/jsoup/parser/CharacterReader.java: internal error: org.jsoup.parser.CharacterReader.consumeHexSequence: unknown type kind
	data: [==(select(VariableReference(@m_0, pointer(struct(org/jsoup/parser/CharacterReader, [], [pointer(reference(java/lang/Object))], [])), @m_0_0), input), nil) array(primitive(char, 16, true), primitive(int, 32, false), 0)]
src/main/java/org/jsoup/parser/CharacterReader.java: org.jsoup.parser.CharacterReader.rangeEquals: computing test cases
src/main/java/org/jsoup/parser/CharacterReader.java: org.jsoup.parser.CharacterReader.rangeEquals: computed 0 unit tests
src/main/java/org/jsoup/parser/CharacterReader.java: org.jsoup.parser.CharacterReader.rangeEquals: found 1 problems
src/main/java/org/jsoup/parser/CharacterReader.java: internal error: org.jsoup.parser.CharacterReader.rangeEquals: unknown type kind
	data: [==(select(VariableReference(@m_0, pointer(struct(org/jsoup/parser/CharacterReader, [], [pointer(reference(java/lang/Object))], [])), @m_0_0), input), nil) array(primitive(char, 16, true), primitive(int, 32, false), 0)]
src/main/java/org/jsoup/parser/CharacterReader.java: org.jsoup.parser.CharacterReader.nextIndexOf: computing test cases
src/main/java/org/jsoup/parser/CharacterReader.java: org.jsoup.parser.CharacterReader.nextIndexOf: computed 0 unit tests
src/main/java/org/jsoup/parser/CharacterReader.java: org.jsoup.parser.CharacterReader.nextIndexOf: found 1 problems
src/main/java/org/jsoup/parser/CharacterReader.java: internal error: org.jsoup.parser.CharacterReader.nextIndexOf: unknown type kind
	data: [==(select(VariableReference(@m_0, pointer(struct(org/jsoup/parser/CharacterReader, [], [pointer(reference(java/lang/Object))], [])), @m_0_0), input), nil) array(primitive(char, 16, true), primitive(int, 32, false), 0)]
src/main/java/org/jsoup/parser/CharacterReader.java: org.jsoup.parser.CharacterReader.consumeToAny: computing test cases
src/main/java/org/jsoup/parser/CharacterReader.java: org.jsoup.parser.CharacterReader.consumeToAny: computed 0 unit tests
src/main/java/org/jsoup/parser/CharacterReader.java: org.jsoup.parser.CharacterReader.consumeToAny: found 1 problems
src/main/java/org/jsoup/parser/CharacterReader.java: internal error: org.jsoup.parser.CharacterReader.consumeToAny: unknown type kind
	data: [==(select(VariableReference(@m_0, pointer(struct(org/jsoup/parser/CharacterReader, [], [pointer(reference(java/lang/Object))], [])), @m_0_0), input), nil) array(primitive(char, 16, true), primitive(int, 32, false), 0)]
src/main/java/org/jsoup/parser/CharacterReader.java: org.jsoup.parser.CharacterReader.matchesIgnoreCase: computing test cases
src/main/java/org/jsoup/parser/CharacterReader.java: org.jsoup.parser.CharacterReader.matchesIgnoreCase: computed 0 unit tests
src/main/java/org/jsoup/parser/CharacterReader.java: org.jsoup.parser.CharacterReader.matchesIgnoreCase: found 1 problems
src/main/java/org/jsoup/parser/CharacterReader.java: internal error: org.jsoup.parser.CharacterReader.matchesIgnoreCase: unknown type kind
	data: [==(select(VariableReference(@m_0, pointer(struct(org/jsoup/parser/CharacterReader, [], [pointer(reference(java/lang/Object))], [])), @m_0_0), input), nil) array(primitive(char, 16, true), primitive(int, 32, false), 0)]
src/main/java/org/jsoup/parser/CharacterReader.java: org.jsoup.parser.CharacterReader.containsIgnoreCase: computing test cases
src/main/java/org/jsoup/parser/CharacterReader.java: org.jsoup.parser.CharacterReader.containsIgnoreCase: computed 0 unit tests
src/main/java/org/jsoup/parser/CharacterReader.java: org.jsoup.parser.CharacterReader.containsIgnoreCase: found 1 problems
src/main/java/org/jsoup/parser/CharacterReader.java: internal error: org.jsoup.parser.CharacterReader.containsIgnoreCase: unknown type kind
	data: [==(select(VariableReference(@m_0, pointer(struct(org/jsoup/parser/CharacterReader, [], [pointer(reference(java/lang/Object))], [])), @m_0_0), input), nil) array(primitive(char, 16, true), primitive(int, 32, false), 0)]
src/main/java/org/jsoup/parser/CharacterReader.java: org.jsoup.parser.CharacterReader.current: computing test cases
src/main/java/org/jsoup/parser/CharacterReader.java: org.jsoup.parser.CharacterReader.current: computed 0 unit tests
src/main/java/org/jsoup/parser/CharacterReader.java: org.jsoup.parser.CharacterReader.current: found 1 problems
src/main/java/org/jsoup/parser/CharacterReader.java: internal error: org.jsoup.parser.CharacterReader.current: unknown type kind
	data: [==(select(VariableReference(@m_0, pointer(struct(org/jsoup/parser/CharacterReader, [], [pointer(reference(java/lang/Object))], [])), @m_0_0), input), nil) array(primitive(char, 16, true), primitive(int, 32, false), 0)]
src/main/java/org/jsoup/parser/CharacterReader.java: org.jsoup.parser.CharacterReader.consumeData: computing test cases
src/main/java/org/jsoup/parser/CharacterReader.java: org.jsoup.parser.CharacterReader.consumeData: computed 0 unit tests
src/main/java/org/jsoup/parser/CharacterReader.java: org.jsoup.parser.CharacterReader.consumeData: found 1 problems
src/main/java/org/jsoup/parser/CharacterReader.java: internal error: org.jsoup.parser.CharacterReader.consumeData: unknown type kind
	data: [==(select(VariableReference(@m_0, pointer(struct(org/jsoup/parser/CharacterReader, [], [pointer(reference(java/lang/Object))], [])), @m_0_0), input), nil) array(primitive(char, 16, true), primitive(int, 32, false), 0)]
src/main/java/org/jsoup/parser/CharacterReader.java: org.jsoup.parser.CharacterReader.unconsume: computing test cases
src/main/java/org/jsoup/parser/CharacterReader.java: org.jsoup.parser.CharacterReader.unconsume: computed 0 unit tests
src/main/java/org/jsoup/parser/CharacterReader.java: org.jsoup.parser.CharacterReader.unconsume: found 1 problems
src/main/java/org/jsoup/parser/CharacterReader.java: internal error: org.jsoup.parser.CharacterReader.unconsume: unknown type kind
	data: [==(select(VariableReference(@m_0, pointer(struct(org/jsoup/parser/CharacterReader, [], [pointer(reference(java/lang/Object))], [])), @m_0_0), input), nil) array(primitive(char, 16, true), primitive(int, 32, false), 0)]
src/main/java/org/jsoup/parser/CharacterReader.java: org.jsoup.parser.CharacterReader.matchesAny: computing test cases
src/main/java/org/jsoup/parser/CharacterReader.java: org.jsoup.parser.CharacterReader.matchesAny: computed 0 unit tests
src/main/java/org/jsoup/parser/CharacterReader.java: org.jsoup.parser.CharacterReader.matchesAny: found 1 problems
src/main/java/org/jsoup/parser/CharacterReader.java: internal error: org.jsoup.parser.CharacterReader.matchesAny: unknown type kind
	data: [==(select(VariableReference(@m_0, pointer(struct(org/jsoup/parser/CharacterReader, [], [pointer(reference(java/lang/Object))], [])), @m_0_0), input), nil) array(primitive(char, 16, true), primitive(int, 32, false), 0)]
src/main/java/org/jsoup/parser/CharacterReader.java: org.jsoup.parser.CharacterReader.consumeToAnySorted: computing test cases
src/main/java/org/jsoup/parser/CharacterReader.java: org.jsoup.parser.CharacterReader.consumeToAnySorted: computed 0 unit tests
src/main/java/org/jsoup/parser/CharacterReader.java: org.jsoup.parser.CharacterReader.consumeToAnySorted: found 1 problems
src/main/java/org/jsoup/parser/CharacterReader.java: internal error: org.jsoup.parser.CharacterReader.consumeToAnySorted: unknown type kind
	data: [==(select(VariableReference(@m_0, pointer(struct(org/jsoup/parser/CharacterReader, [], [pointer(reference(java/lang/Object))], [])), @m_0_0), input), nil) array(primitive(char, 16, true), primitive(int, 32, false), 0)]
src/main/java/org/jsoup/parser/CharacterReader.java: org.jsoup.parser.CharacterReader.consumeLetterSequence: computing test cases
src/main/java/org/jsoup/parser/CharacterReader.java: org.jsoup.parser.CharacterReader.consumeLetterSequence: computed 0 unit tests
src/main/java/org/jsoup/parser/CharacterReader.java: org.jsoup.parser.CharacterReader.consumeLetterSequence: found 1 problems
src/main/java/org/jsoup/parser/CharacterReader.java: internal error: org.jsoup.parser.CharacterReader.consumeLetterSequence: unknown type kind
	data: [==(select(VariableReference(@m_0, pointer(struct(org/jsoup/parser/CharacterReader, [], [pointer(reference(java/lang/Object))], [])), @m_0_0), input), nil) array(primitive(char, 16, true), primitive(int, 32, false), 0)]
src/main/java/org/jsoup/parser/CharacterReader.java: org.jsoup.parser.CharacterReader.consumeLetterThenDigitSequence: computing test cases
src/main/java/org/jsoup/parser/CharacterReader.java: org.jsoup.parser.CharacterReader.consumeLetterThenDigitSequence: computed 0 unit tests
src/main/java/org/jsoup/parser/CharacterReader.java: org.jsoup.parser.CharacterReader.consumeLetterThenDigitSequence: found 1 problems
src/main/java/org/jsoup/parser/CharacterReader.java: internal error: org.jsoup.parser.CharacterReader.consumeLetterThenDigitSequence: unknown type kind
	data: [==(select(VariableReference(@m_0, pointer(struct(org/jsoup/parser/CharacterReader, [], [pointer(reference(java/lang/Object))], [])), @m_0_0), input), nil) array(primitive(char, 16, true), primitive(int, 32, false), 0)]
src/main/java/org/jsoup/parser/CharacterReader.java: org.jsoup.parser.CharacterReader.mark: computing test cases
src/main/java/org/jsoup/parser/CharacterReader.java: org.jsoup.parser.CharacterReader.mark: computed 0 unit tests
src/main/java/org/jsoup/parser/CharacterReader.java: org.jsoup.parser.CharacterReader.mark: found 1 problems
src/main/java/org/jsoup/parser/CharacterReader.java: internal error: org.jsoup.parser.CharacterReader.mark: unknown type kind
	data: [==(select(VariableReference(@m_0, pointer(struct(org/jsoup/parser/CharacterReader, [], [pointer(reference(java/lang/Object))], [])), @m_0_0), input), nil) array(primitive(char, 16, true), primitive(int, 32, false), 0)]
src/main/java/org/jsoup/parser/CharacterReader.java: org.jsoup.parser.CharacterReader.matches: computing test cases
src/main/java/org/jsoup/parser/CharacterReader.java: org.jsoup.parser.CharacterReader.matches: computed 0 unit tests
src/main/java/org/jsoup/parser/CharacterReader.java: org.jsoup.parser.CharacterReader.matches: found 1 problems
src/main/java/org/jsoup/parser/CharacterReader.java: internal error: org.jsoup.parser.CharacterReader.matches: unknown type kind
	data: [==(select(VariableReference(@m_0, pointer(struct(org/jsoup/parser/CharacterReader, [], [pointer(reference(java/lang/Object))], [])), @m_0_0), input), nil) array(primitive(char, 16, true), primitive(int, 32, false), 0)]
Analyzed 1 out of 12 source files
Had 11 errors that block a full analysis
Generated 0 tests
Found 1 potential problem
The following issues prevent a full analysis:

* 50 cases of "unknown type"
	Description: Types could not be resolved. This could be because of missing dependencies
  or a consequence of some other problem.

* 30 cases of "unknown import"
	Description: Imports could not be resolved. This is likely due to missing dependencies.

* 10 cases of "unknown function"
	Description: Functions could not be resolved. This occurs due to missing dependencies,
  or if a called function is removed due to some other problem.

* 2 cases of "not all elements have the same type"
	Description: Arguments of a function call do not match the parameter types. This usually
  occurs if a called method is removed due to some other problem, and another
  method with the same name is selected to be called.

* 9 cases of "other issues"
	Description: Uncategorized problems.

