Analyzing workspace /home/ph7/sqa-project/workspaces/lang_3b/
Search for Java files
Load dependency stdlib:@dev
src/main/java/org/apache/commons/lang3/math/NumberUtils.java: org.apache.commons.lang3.math.NumberUtils.isAllZeros: function is private and therefore inaccessible for tests
src/main/java/org/apache/commons/lang3/math/NumberUtils.java: org.apache.commons.lang3.math.NumberUtils.validateArray: function is private and therefore inaccessible for tests
src/main/java/org/apache/commons/lang3/math/Fraction.java: error: unknown import
	data: java/math/BigInteger
src/main/java/org/apache/commons/lang3/math/Fraction.java: error: unknown field
	data: [Double struct(java/lang/Double, [], [pointer(reference(java/lang/Object))], []) MAX_VALUE]
src/main/java/org/apache/commons/lang3/math/NumberUtils.java: error: unknown function
	data: [<nil> validateArray [] [array]]
src/main/java/org/apache/commons/lang3/math/NumberUtils.java: error: unknown function
	data: [<nil> validateArray [] [array]]
src/main/java/org/apache/commons/lang3/math/NumberUtils.java: error: unknown field
	data: [Double struct(java/lang/Double, [], [pointer(reference(java/lang/Object))], []) NaN]
src/main/java/org/apache/commons/lang3/math/NumberUtils.java: error: unknown function
	data: [<nil> validateArray [] [array]]
src/main/java/org/apache/commons/lang3/math/NumberUtils.java: error: unknown function
	data: [<nil> validateArray [] [array]]
src/main/java/org/apache/commons/lang3/math/NumberUtils.java: error: unknown function
	data: [<nil> validateArray [] [array]]
src/main/java/org/apache/commons/lang3/math/NumberUtils.java: error: unknown function
	data: [<nil> validateArray [] [array]]
src/main/java/org/apache/commons/lang3/math/NumberUtils.java: error: unknown import
	data: java/lang/reflect/Array
src/main/java/org/apache/commons/lang3/math/NumberUtils.java: error: unknown import
	data: org/apache/commons/lang3/StringUtils
src/main/java/org/apache/commons/lang3/math/NumberUtils.java: error: unknown function
	data: [<nil> validateArray [] [array]]
src/main/java/org/apache/commons/lang3/math/NumberUtils.java: error: unknown field
	data: [Float struct(java/lang/Float, [], [pointer(reference(java/lang/Object))], []) NaN]
src/main/java/org/apache/commons/lang3/math/NumberUtils.java: error: unknown function
	data: [<nil> validateArray [] [array]]
src/main/java/org/apache/commons/lang3/math/NumberUtils.java: error: unknown function
	data: [<nil> validateArray [] [array]]
src/main/java/org/apache/commons/lang3/math/NumberUtils.java: error: unknown field
	data: [Float struct(java/lang/Float, [], [pointer(reference(java/lang/Object))], []) NaN]
src/main/java/org/apache/commons/lang3/math/NumberUtils.java: error: unknown import
	data: java/math/BigInteger
src/main/java/org/apache/commons/lang3/math/NumberUtils.java: error: unknown function
	data: [<nil> validateArray [] [array]]
src/main/java/org/apache/commons/lang3/math/NumberUtils.java: error: unknown function
	data: [<nil> validateArray [] [array]]
src/main/java/org/apache/commons/lang3/math/NumberUtils.java: error: unknown import
	data: java/math/BigDecimal
src/main/java/org/apache/commons/lang3/math/NumberUtils.java: unsupported: unsupported type
	data: pointer(reference(java/lang/Number)) vs pointer(reference(java/lang/Float))
src/main/java/org/apache/commons/lang3/math/NumberUtils.java: error: unknown function
	data: [<nil> validateArray [] [array]]
src/main/java/org/apache/commons/lang3/math/NumberUtils.java: error: unknown field
	data: [Double struct(java/lang/Double, [], [pointer(reference(java/lang/Object))], []) NaN]
Found 1 Java files
Found 23 problems in Java files
src/main/java/org/apache/commons/lang3/math/NumberUtils.java: found 46 symbols
src/main/java/org/apache/commons/lang3/math/NumberUtils.java: org.apache.commons.lang3.math.NumberUtils.min: computing test cases
src/main/java/org/apache/commons/lang3/math/NumberUtils.java: org.apache.commons.lang3.math.NumberUtils.min: computed 0 unit tests
src/main/java/org/apache/commons/lang3/math/NumberUtils.java: org.apache.commons.lang3.math.NumberUtils.min: found 0 problems
src/main/java/org/apache/commons/lang3/math/NumberUtils.java: org.apache.commons.lang3.math.NumberUtils.min: computing test cases
src/main/java/org/apache/commons/lang3/math/NumberUtils.java: org.apache.commons.lang3.math.NumberUtils.min: computed 0 unit tests
src/main/java/org/apache/commons/lang3/math/NumberUtils.java: org.apache.commons.lang3.math.NumberUtils.min: found 0 problems
src/main/java/org/apache/commons/lang3/math/NumberUtils.java: org.apache.commons.lang3.math.NumberUtils.toFloat: computing test cases
src/main/java/org/apache/commons/lang3/math/NumberUtils.java: org.apache.commons.lang3.math.NumberUtils.toFloat: computed 0 unit tests
src/main/java/org/apache/commons/lang3/math/NumberUtils.java: org.apache.commons.lang3.math.NumberUtils.toFloat: found 0 problems
src/main/java/org/apache/commons/lang3/math/NumberUtils.java: org.apache.commons.lang3.math.NumberUtils.toDouble: computing test cases
src/main/java/org/apache/commons/lang3/math/NumberUtils.java: org.apache.commons.lang3.math.NumberUtils.toDouble: computed 0 unit tests
src/main/java/org/apache/commons/lang3/math/NumberUtils.java: org.apache.commons.lang3.math.NumberUtils.toDouble: found 0 problems
src/main/java/org/apache/commons/lang3/math/NumberUtils.java: org.apache.commons.lang3.math.NumberUtils.toShort: computing test cases
src/main/java/org/apache/commons/lang3/math/NumberUtils.java: org.apache.commons.lang3.math.NumberUtils.toShort: computed 0 unit tests
src/main/java/org/apache/commons/lang3/math/NumberUtils.java: org.apache.commons.lang3.math.NumberUtils.toShort: found 0 problems
src/main/java/org/apache/commons/lang3/math/NumberUtils.java: org.apache.commons.lang3.math.NumberUtils.min: computing test cases
src/main/java/org/apache/commons/lang3/math/NumberUtils.java: org.apache.commons.lang3.math.NumberUtils.min: computed 0 unit tests
src/main/java/org/apache/commons/lang3/math/NumberUtils.java: org.apache.commons.lang3.math.NumberUtils.min: found 0 problems
src/main/java/org/apache/commons/lang3/math/NumberUtils.java: org.apache.commons.lang3.math.NumberUtils.min: computing test cases
src/main/java/org/apache/commons/lang3/math/NumberUtils.java: org.apache.commons.lang3.math.NumberUtils.min: computed 0 unit tests
src/main/java/org/apache/commons/lang3/math/NumberUtils.java: org.apache.commons.lang3.math.NumberUtils.min: found 0 problems
src/main/java/org/apache/commons/lang3/math/NumberUtils.java: org.apache.commons.lang3.math.NumberUtils.max: computing test cases
src/main/java/org/apache/commons/lang3/math/NumberUtils.java: org.apache.commons.lang3.math.NumberUtils.max: computed 0 unit tests
src/main/java/org/apache/commons/lang3/math/NumberUtils.java: org.apache.commons.lang3.math.NumberUtils.max: found 0 problems
src/main/java/org/apache/commons/lang3/math/NumberUtils.java: org.apache.commons.lang3.math.NumberUtils.toLong: computing test cases
src/main/java/org/apache/commons/lang3/math/NumberUtils.java: org.apache.commons.lang3.math.NumberUtils.toLong: computed 0 unit tests
src/main/java/org/apache/commons/lang3/math/NumberUtils.java: org.apache.commons.lang3.math.NumberUtils.toLong: found 0 problems
src/main/java/org/apache/commons/lang3/math/NumberUtils.java: org.apache.commons.lang3.math.NumberUtils.min: computing test cases
src/main/java/org/apache/commons/lang3/math/NumberUtils.java: org.apache.commons.lang3.math.NumberUtils.min: computed 0 unit tests
src/main/java/org/apache/commons/lang3/math/NumberUtils.java: org.apache.commons.lang3.math.NumberUtils.min: found 0 problems
src/main/java/org/apache/commons/lang3/math/NumberUtils.java: org.apache.commons.lang3.math.NumberUtils.max: computing test cases
src/main/java/org/apache/commons/lang3/math/NumberUtils.java: org.apache.commons.lang3.math.NumberUtils.max: computed 0 unit tests
src/main/java/org/apache/commons/lang3/math/NumberUtils.java: org.apache.commons.lang3.math.NumberUtils.max: found 0 problems
src/main/java/org/apache/commons/lang3/math/NumberUtils.java: org.apache.commons.lang3.math.NumberUtils.max: computing test cases
src/main/java/org/apache/commons/lang3/math/NumberUtils.java: org.apache.commons.lang3.math.NumberUtils.max: computed 0 unit tests
src/main/java/org/apache/commons/lang3/math/NumberUtils.java: org.apache.commons.lang3.math.NumberUtils.max: found 0 problems
src/main/java/org/apache/commons/lang3/math/NumberUtils.java: org.apache.commons.lang3.math.NumberUtils.isNumber: computing test cases
src/main/java/org/apache/commons/lang3/math/NumberUtils.java: org.apache.commons.lang3.math.NumberUtils.isNumber: computed 0 unit tests
src/main/java/org/apache/commons/lang3/math/NumberUtils.java: org.apache.commons.lang3.math.NumberUtils.isNumber: found 0 problems
src/main/java/org/apache/commons/lang3/math/NumberUtils.java: org.apache.commons.lang3.math.NumberUtils.min: computing test cases
src/main/java/org/apache/commons/lang3/math/NumberUtils.java: org.apache.commons.lang3.math.NumberUtils.min: computed 0 unit tests
src/main/java/org/apache/commons/lang3/math/NumberUtils.java: org.apache.commons.lang3.math.NumberUtils.min: found 0 problems
src/main/java/org/apache/commons/lang3/math/NumberUtils.java: org.apache.commons.lang3.math.NumberUtils.isDigits: computing test cases
src/main/java/org/apache/commons/lang3/math/NumberUtils.java: org.apache.commons.lang3.math.NumberUtils.isDigits: computed 0 unit tests
src/main/java/org/apache/commons/lang3/math/NumberUtils.java: org.apache.commons.lang3.math.NumberUtils.isDigits: found 0 problems
src/main/java/org/apache/commons/lang3/math/NumberUtils.java: org.apache.commons.lang3.math.NumberUtils.NumberUtils: computing test cases
src/main/java/org/apache/commons/lang3/math/NumberUtils.java: org.apache.commons.lang3.math.NumberUtils.NumberUtils: computed 0 unit tests
src/main/java/org/apache/commons/lang3/math/NumberUtils.java: org.apache.commons.lang3.math.NumberUtils.NumberUtils: found 0 problems
src/main/java/org/apache/commons/lang3/math/NumberUtils.java: org.apache.commons.lang3.math.NumberUtils.toInt: computing test cases
src/main/java/org/apache/commons/lang3/math/NumberUtils.java: org.apache.commons.lang3.math.NumberUtils.toInt: computed 0 unit tests
src/main/java/org/apache/commons/lang3/math/NumberUtils.java: org.apache.commons.lang3.math.NumberUtils.toInt: found 0 problems
src/main/java/org/apache/commons/lang3/math/NumberUtils.java: org.apache.commons.lang3.math.NumberUtils.toFloat: computing test cases
src/main/java/org/apache/commons/lang3/math/NumberUtils.java: org.apache.commons.lang3.math.NumberUtils.toFloat: computed 0 unit tests
src/main/java/org/apache/commons/lang3/math/NumberUtils.java: org.apache.commons.lang3.math.NumberUtils.toFloat: found 0 problems
src/main/java/org/apache/commons/lang3/math/NumberUtils.java: org.apache.commons.lang3.math.NumberUtils.min: computing test cases
src/main/java/org/apache/commons/lang3/math/NumberUtils.java: org.apache.commons.lang3.math.NumberUtils.min: computed 0 unit tests
src/main/java/org/apache/commons/lang3/math/NumberUtils.java: org.apache.commons.lang3.math.NumberUtils.min: found 0 problems
src/main/java/org/apache/commons/lang3/math/NumberUtils.java: org.apache.commons.lang3.math.NumberUtils.toShort: computing test cases
src/main/java/org/apache/commons/lang3/math/NumberUtils.java: org.apache.commons.lang3.math.NumberUtils.toShort: computed 0 unit tests
src/main/java/org/apache/commons/lang3/math/NumberUtils.java: org.apache.commons.lang3.math.NumberUtils.toShort: found 0 problems
src/main/java/org/apache/commons/lang3/math/NumberUtils.java: org.apache.commons.lang3.math.NumberUtils.min: computing test cases
src/main/java/org/apache/commons/lang3/math/NumberUtils.java: org.apache.commons.lang3.math.NumberUtils.min: computed 0 unit tests
src/main/java/org/apache/commons/lang3/math/NumberUtils.java: org.apache.commons.lang3.math.NumberUtils.min: found 0 problems
src/main/java/org/apache/commons/lang3/math/NumberUtils.java: org.apache.commons.lang3.math.NumberUtils.toDouble: computing test cases
src/main/java/org/apache/commons/lang3/math/NumberUtils.java: org.apache.commons.lang3.math.NumberUtils.toDouble: computed 0 unit tests
src/main/java/org/apache/commons/lang3/math/NumberUtils.java: org.apache.commons.lang3.math.NumberUtils.toDouble: found 0 problems
src/main/java/org/apache/commons/lang3/math/NumberUtils.java: org.apache.commons.lang3.math.NumberUtils.toByte: computing test cases
src/main/java/org/apache/commons/lang3/math/NumberUtils.java: org.apache.commons.lang3.math.NumberUtils.toByte: computed 0 unit tests
src/main/java/org/apache/commons/lang3/math/NumberUtils.java: org.apache.commons.lang3.math.NumberUtils.toByte: found 0 problems
src/main/java/org/apache/commons/lang3/math/NumberUtils.java: org.apache.commons.lang3.math.NumberUtils.createNumber: computing test cases
src/main/java/org/apache/commons/lang3/math/NumberUtils.java: org.apache.commons.lang3.math.NumberUtils.createNumber: computed 0 unit tests
src/main/java/org/apache/commons/lang3/math/NumberUtils.java: org.apache.commons.lang3.math.NumberUtils.createFloat: computing test cases
src/main/java/org/apache/commons/lang3/math/NumberUtils.java: org.apache.commons.lang3.math.NumberUtils.createFloat: computed 0 unit tests
src/main/java/org/apache/commons/lang3/math/NumberUtils.java: org.apache.commons.lang3.math.NumberUtils.createFloat: found 0 problems
src/main/java/org/apache/commons/lang3/math/NumberUtils.java: org.apache.commons.lang3.math.NumberUtils.createBigInteger: computing test cases
src/main/java/org/apache/commons/lang3/math/NumberUtils.java: org.apache.commons.lang3.math.NumberUtils.createBigInteger: computed 0 unit tests
src/main/java/org/apache/commons/lang3/math/NumberUtils.java: org.apache.commons.lang3.math.NumberUtils.createBigInteger: found 0 problems
src/main/java/org/apache/commons/lang3/math/NumberUtils.java: org.apache.commons.lang3.math.NumberUtils.min: computing test cases
src/main/java/org/apache/commons/lang3/math/NumberUtils.java: org.apache.commons.lang3.math.NumberUtils.min: computed 0 unit tests
src/main/java/org/apache/commons/lang3/math/NumberUtils.java: org.apache.commons.lang3.math.NumberUtils.min: found 0 problems
src/main/java/org/apache/commons/lang3/math/NumberUtils.java: org.apache.commons.lang3.math.NumberUtils.min: computing test cases
src/main/java/org/apache/commons/lang3/math/NumberUtils.java: org.apache.commons.lang3.math.NumberUtils.min: computed 0 unit tests
src/main/java/org/apache/commons/lang3/math/NumberUtils.java: org.apache.commons.lang3.math.NumberUtils.min: found 0 problems
src/main/java/org/apache/commons/lang3/math/NumberUtils.java: org.apache.commons.lang3.math.NumberUtils.max: computing test cases
src/main/java/org/apache/commons/lang3/math/NumberUtils.java: org.apache.commons.lang3.math.NumberUtils.max: computed 0 unit tests
src/main/java/org/apache/commons/lang3/math/NumberUtils.java: org.apache.commons.lang3.math.NumberUtils.max: found 0 problems
src/main/java/org/apache/commons/lang3/math/NumberUtils.java: org.apache.commons.lang3.math.NumberUtils.createDouble: computing test cases
src/main/java/org/apache/commons/lang3/math/NumberUtils.java: org.apache.commons.lang3.math.NumberUtils.createDouble: computed 0 unit tests
src/main/java/org/apache/commons/lang3/math/NumberUtils.java: org.apache.commons.lang3.math.NumberUtils.createDouble: found 0 problems
src/main/java/org/apache/commons/lang3/math/NumberUtils.java: org.apache.commons.lang3.math.NumberUtils.createInteger: computing test cases
src/main/java/org/apache/commons/lang3/math/NumberUtils.java: org.apache.commons.lang3.math.NumberUtils.createInteger: computed 0 unit tests
src/main/java/org/apache/commons/lang3/math/NumberUtils.java: org.apache.commons.lang3.math.NumberUtils.createInteger: found 0 problems
src/main/java/org/apache/commons/lang3/math/NumberUtils.java: org.apache.commons.lang3.math.NumberUtils.createLong: computing test cases
src/main/java/org/apache/commons/lang3/math/NumberUtils.java: org.apache.commons.lang3.math.NumberUtils.createLong: computed 0 unit tests
src/main/java/org/apache/commons/lang3/math/NumberUtils.java: org.apache.commons.lang3.math.NumberUtils.createLong: found 0 problems
src/main/java/org/apache/commons/lang3/math/NumberUtils.java: org.apache.commons.lang3.math.NumberUtils.min: computing test cases
src/main/java/org/apache/commons/lang3/math/NumberUtils.java: org.apache.commons.lang3.math.NumberUtils.min: computed 0 unit tests
src/main/java/org/apache/commons/lang3/math/NumberUtils.java: org.apache.commons.lang3.math.NumberUtils.min: found 0 problems
src/main/java/org/apache/commons/lang3/math/NumberUtils.java: org.apache.commons.lang3.math.NumberUtils.max: computing test cases
src/main/java/org/apache/commons/lang3/math/NumberUtils.java: org.apache.commons.lang3.math.NumberUtils.max: computed 0 unit tests
src/main/java/org/apache/commons/lang3/math/NumberUtils.java: org.apache.commons.lang3.math.NumberUtils.max: found 0 problems
src/main/java/org/apache/commons/lang3/math/NumberUtils.java: org.apache.commons.lang3.math.NumberUtils.createBigDecimal: computing test cases
src/main/java/org/apache/commons/lang3/math/NumberUtils.java: org.apache.commons.lang3.math.NumberUtils.createBigDecimal: computed 0 unit tests
src/main/java/org/apache/commons/lang3/math/NumberUtils.java: org.apache.commons.lang3.math.NumberUtils.createBigDecimal: found 0 problems
src/main/java/org/apache/commons/lang3/math/NumberUtils.java: org.apache.commons.lang3.math.NumberUtils.max: computing test cases
src/main/java/org/apache/commons/lang3/math/NumberUtils.java: org.apache.commons.lang3.math.NumberUtils.max: computed 0 unit tests
src/main/java/org/apache/commons/lang3/math/NumberUtils.java: org.apache.commons.lang3.math.NumberUtils.max: found 0 problems
src/main/java/org/apache/commons/lang3/math/NumberUtils.java: org.apache.commons.lang3.math.NumberUtils.max: computing test cases
src/main/java/org/apache/commons/lang3/math/NumberUtils.java: org.apache.commons.lang3.math.NumberUtils.max: computed 0 unit tests
src/main/java/org/apache/commons/lang3/math/NumberUtils.java: org.apache.commons.lang3.math.NumberUtils.max: found 0 problems
src/main/java/org/apache/commons/lang3/math/NumberUtils.java: org.apache.commons.lang3.math.NumberUtils.max: computing test cases
src/main/java/org/apache/commons/lang3/math/NumberUtils.java: org.apache.commons.lang3.math.NumberUtils.max: computed 0 unit tests
src/main/java/org/apache/commons/lang3/math/NumberUtils.java: org.apache.commons.lang3.math.NumberUtils.max: found 0 problems
src/main/java/org/apache/commons/lang3/math/NumberUtils.java: org.apache.commons.lang3.math.NumberUtils.max: computing test cases
src/main/java/org/apache/commons/lang3/math/NumberUtils.java: org.apache.commons.lang3.math.NumberUtils.max: computed 0 unit tests
src/main/java/org/apache/commons/lang3/math/NumberUtils.java: org.apache.commons.lang3.math.NumberUtils.max: found 0 problems
src/main/java/org/apache/commons/lang3/math/NumberUtils.java: org.apache.commons.lang3.math.NumberUtils.toInt: computing test cases
src/main/java/org/apache/commons/lang3/math/NumberUtils.java: org.apache.commons.lang3.math.NumberUtils.toInt: computed 0 unit tests
src/main/java/org/apache/commons/lang3/math/NumberUtils.java: org.apache.commons.lang3.math.NumberUtils.toInt: found 0 problems
src/main/java/org/apache/commons/lang3/math/NumberUtils.java: org.apache.commons.lang3.math.NumberUtils.toLong: computing test cases
src/main/java/org/apache/commons/lang3/math/NumberUtils.java: org.apache.commons.lang3.math.NumberUtils.toLong: computed 0 unit tests
src/main/java/org/apache/commons/lang3/math/NumberUtils.java: org.apache.commons.lang3.math.NumberUtils.toLong: found 0 problems
src/main/java/org/apache/commons/lang3/math/NumberUtils.java: org.apache.commons.lang3.math.NumberUtils.max: computing test cases
src/main/java/org/apache/commons/lang3/math/NumberUtils.java: org.apache.commons.lang3.math.NumberUtils.max: computed 0 unit tests
src/main/java/org/apache/commons/lang3/math/NumberUtils.java: org.apache.commons.lang3.math.NumberUtils.max: found 0 problems
src/main/java/org/apache/commons/lang3/math/NumberUtils.java: org.apache.commons.lang3.math.NumberUtils.max: computing test cases
src/main/java/org/apache/commons/lang3/math/NumberUtils.java: org.apache.commons.lang3.math.NumberUtils.max: computed 0 unit tests
src/main/java/org/apache/commons/lang3/math/NumberUtils.java: org.apache.commons.lang3.math.NumberUtils.max: found 0 problems
src/main/java/org/apache/commons/lang3/math/NumberUtils.java: org.apache.commons.lang3.math.NumberUtils.max: computing test cases
src/main/java/org/apache/commons/lang3/math/NumberUtils.java: org.apache.commons.lang3.math.NumberUtils.max: computed 0 unit tests
src/main/java/org/apache/commons/lang3/math/NumberUtils.java: org.apache.commons.lang3.math.NumberUtils.max: found 0 problems
src/main/java/org/apache/commons/lang3/math/NumberUtils.java: org.apache.commons.lang3.math.NumberUtils.min: computing test cases
src/main/java/org/apache/commons/lang3/math/NumberUtils.java: org.apache.commons.lang3.math.NumberUtils.min: computed 0 unit tests
src/main/java/org/apache/commons/lang3/math/NumberUtils.java: org.apache.commons.lang3.math.NumberUtils.min: found 0 problems
src/main/java/org/apache/commons/lang3/math/NumberUtils.java: org.apache.commons.lang3.math.NumberUtils.toByte: computing test cases
src/main/java/org/apache/commons/lang3/math/NumberUtils.java: org.apache.commons.lang3.math.NumberUtils.toByte: computed 0 unit tests
src/main/java/org/apache/commons/lang3/math/NumberUtils.java: org.apache.commons.lang3.math.NumberUtils.toByte: found 0 problems
Analyzed 1 out of 2 source files
Had 5 errors that block a full analysis
Generated 0 tests
Found 0 potential problems
The following issues prevent a full analysis:

* 12 cases of "unknown function"
	Description: Functions could not be resolved. This occurs due to missing dependencies,
  or if a called function is removed due to some other problem.

* 5 cases of "unknown import"
	Description: Imports could not be resolved. This is likely due to missing dependencies.

* 1 case of "unsupported type"
	Description: Types required for analysis are not supported. This can include raw generics,
  or reflection types like "java.lang.Class".


