Analyzing workspace /home/ph7/sqa-project/workspaces/math_55b/
Search for Go files
Found 0 Go files
Search for Java files
Load dependency stdlib:@dev
src/main/java/org/apache/commons/math/geometry/Rotation.java: org.apache.commons.math.geometry.Rotation.orthogonalizeMatrix: function is private and therefore inaccessible for tests
src/main/java/org/apache/commons/math/geometry/RotationOrder.java: org.apache.commons.math.geometry.RotationOrder.RotationOrder: function is private and therefore inaccessible for tests
src/main/java/org/apache/commons/math/geometry/CardanEulerSingularityException.java: error: unknown import
	data: org/apache/commons/math/exception/util/LocalizedFormats
src/main/java/org/apache/commons/math/geometry/CardanEulerSingularityException.java: error: unknown import
	data: org/apache/commons/math/MathException
src/main/java/org/apache/commons/math/geometry/NotARotationMatrixException.java: error: unknown import
	data: org/apache/commons/math/MathException
src/main/java/org/apache/commons/math/geometry/NotARotationMatrixException.java: error: unknown import
	data: org/apache/commons/math/exception/util/Localizable
src/main/java/org/apache/commons/math/geometry/Rotation.java: error: unknown import
	data: org/apache/commons/math/MathRuntimeException
src/main/java/org/apache/commons/math/geometry/Rotation.java: error: unknown import
	data: org/apache/commons/math/exception/util/LocalizedFormats
src/main/java/org/apache/commons/math/geometry/Rotation.java: error: unknown import
	data: org/apache/commons/math/util/FastMath
src/main/java/org/apache/commons/math/geometry/Vector3D.java: error: unknown function
	data: [<nil> org/apache/commons/math/geometry/Vector3D//Vector3D [] [POSITIVE_INFINITY POSITIVE_INFINITY POSITIVE_INFINITY]]
src/main/java/org/apache/commons/math/geometry/Vector3D.java: error: unknown function
	data: [<nil> org/apache/commons/math/geometry/Vector3D//Vector3D [] [NEGATIVE_INFINITY NEGATIVE_INFINITY NEGATIVE_INFINITY]]
src/main/java/org/apache/commons/math/geometry/Vector3D.java: error: unknown import
	data: org/apache/commons/math/exception/MathArithmeticException
src/main/java/org/apache/commons/math/geometry/Vector3D.java: error: unknown import
	data: org/apache/commons/math/exception/util/LocalizedFormats
src/main/java/org/apache/commons/math/geometry/Vector3D.java: error: unknown import
	data: org/apache/commons/math/util/MathUtils
src/main/java/org/apache/commons/math/geometry/Vector3D.java: error: unknown import
	data: org/apache/commons/math/util/FastMath
src/main/java/org/apache/commons/math/geometry/Vector3D.java: error: unknown function
	data: [<nil> org/apache/commons/math/geometry/Vector3D//Vector3D [] [NaN NaN NaN]]
src/main/java/org/apache/commons/math/geometry/Vector3DFormat.java: error: unknown function
	data: [pointer(reference(java/lang/StringBuffer)) java/lang/StringBuffer//append [] [select(this, separator)]]
src/main/java/org/apache/commons/math/geometry/Vector3DFormat.java: error: unknown function
	data: [pointer(reference(java/lang/StringBuffer)) java/lang/StringBuffer//append [] [select(this, suffix)]]
src/main/java/org/apache/commons/math/geometry/Vector3DFormat.java: error: unknown import
	data: java/text/NumberFormat
src/main/java/org/apache/commons/math/geometry/Vector3DFormat.java: error: unknown import
	data: java/util/Locale
src/main/java/org/apache/commons/math/geometry/Vector3DFormat.java: error: unknown import
	data: org/apache/commons/math/exception/MathParseException
src/main/java/org/apache/commons/math/geometry/Vector3DFormat.java: error: unknown function
	data: [pointer(reference(java/lang/StringBuffer)) java/lang/StringBuffer//append [] [select(this, prefix)]]
src/main/java/org/apache/commons/math/geometry/Vector3DFormat.java: error: unknown function
	data: [pointer(reference(java/lang/StringBuffer)) java/lang/StringBuffer//append [] [select(this, separator)]]
src/main/java/org/apache/commons/math/geometry/Vector3DFormat.java: error: unknown function
	data: [pointer(reference(java/lang/Number)) java/lang/Number//doubleValue [] []]
src/main/java/org/apache/commons/math/geometry/Vector3DFormat.java: error: unknown import
	data: java/text/FieldPosition
src/main/java/org/apache/commons/math/geometry/Vector3DFormat.java: error: unknown import
	data: java/text/ParsePosition
src/main/java/org/apache/commons/math/geometry/Vector3DFormat.java: error: unknown import
	data: org/apache/commons/math/util/CompositeFormat
Found 6 Java files
Found 25 problems in Java files
src/main/java/org/apache/commons/math/geometry/NotARotationMatrixException.java: found 1 symbols
src/main/java/org/apache/commons/math/geometry/Rotation.java: found 20 symbols
src/main/java/org/apache/commons/math/geometry/RotationOrder.java: found 4 symbols
src/main/java/org/apache/commons/math/geometry/Vector3D.java: found 35 symbols
src/main/java/org/apache/commons/math/geometry/Vector3DFormat.java: found 15 symbols
src/main/java/org/apache/commons/math/geometry/CardanEulerSingularityException.java: found 1 symbols
src/main/java/org/apache/commons/math/geometry/CardanEulerSingularityException.java: org.apache.commons.math.geometry.CardanEulerSingularityException.CardanEulerSingularityException: computing test cases
src/main/java/org/apache/commons/math/geometry/CardanEulerSingularityException.java: org.apache.commons.math.geometry.CardanEulerSingularityException.CardanEulerSingularityException: computed 0 unit tests
src/main/java/org/apache/commons/math/geometry/CardanEulerSingularityException.java: org.apache.commons.math.geometry.CardanEulerSingularityException.CardanEulerSingularityException: found 0 problems
src/main/java/org/apache/commons/math/geometry/NotARotationMatrixException.java: org.apache.commons.math.geometry.NotARotationMatrixException.NotARotationMatrixException: computing test cases
src/main/java/org/apache/commons/math/geometry/NotARotationMatrixException.java: org.apache.commons.math.geometry.NotARotationMatrixException.NotARotationMatrixException: computed 0 unit tests
src/main/java/org/apache/commons/math/geometry/NotARotationMatrixException.java: org.apache.commons.math.geometry.NotARotationMatrixException.NotARotationMatrixException: found 0 problems
src/main/java/org/apache/commons/math/geometry/Rotation.java: org.apache.commons.math.geometry.Rotation.Rotation: computing test cases
src/main/java/org/apache/commons/math/geometry/Rotation.java: org.apache.commons.math.geometry.Rotation.Rotation: computed 0 unit tests
src/main/java/org/apache/commons/math/geometry/Rotation.java: org.apache.commons.math.geometry.Rotation.Rotation: found 0 problems
src/main/java/org/apache/commons/math/geometry/Rotation.java: org.apache.commons.math.geometry.Rotation.Rotation: computing test cases
src/main/java/org/apache/commons/math/geometry/Rotation.java: org.apache.commons.math.geometry.Rotation.Rotation: computed 0 unit tests
src/main/java/org/apache/commons/math/geometry/Rotation.java: org.apache.commons.math.geometry.Rotation.Rotation: found 0 problems
src/main/java/org/apache/commons/math/geometry/Rotation.java: org.apache.commons.math.geometry.Rotation.getAxis: computing test cases
src/main/java/org/apache/commons/math/geometry/Rotation.java: org.apache.commons.math.geometry.Rotation.getAxis: computed 0 unit tests
src/main/java/org/apache/commons/math/geometry/Rotation.java: org.apache.commons.math.geometry.Rotation.getAxis: found 0 problems
src/main/java/org/apache/commons/math/geometry/Rotation.java: org.apache.commons.math.geometry.Rotation.getQ2: computing test cases
src/main/java/org/apache/commons/math/geometry/Rotation.java: org.apache.commons.math.geometry.Rotation.getQ2: computed 1 unit tests
src/main/java/org/apache/commons/math/geometry/Rotation.java: org.apache.commons.math.geometry.Rotation.getQ2: found 0 problems
src/main/java/org/apache/commons/math/geometry/Rotation.java: org.apache.commons.math.geometry.Rotation.Rotation: computing test cases
src/main/java/org/apache/commons/math/geometry/Rotation.java: org.apache.commons.math.geometry.Rotation.Rotation: computed 0 unit tests
src/main/java/org/apache/commons/math/geometry/Rotation.java: org.apache.commons.math.geometry.Rotation.Rotation: found 1 problems
src/main/java/org/apache/commons/math/geometry/Rotation.java: internal error: org.apache.commons.math.geometry.Rotation.Rotation: found errors: (error "line 515 column 75: unknown constant mkPointer (Bool (_ BitVec 32) Pointer) 
		declared: (declare-fun mkPointer (Bool (_ BitVec 32) Any) Pointer) ")
		sat
	
	data: ExecutionResult{StdOut:"(error \"line 515 column 75: unknown constant mkPointer (Bool (_ BitVec 32) Pointer) \ndeclared: (declare-fun mkPointer (Bool (_ BitVec 32) Any) Pointer) \")\nsat\n", ExitStatus:1, ResourceUsage{WallTime:55.200389ms, CPUTimeUser:23.825ms, CPUTimeSystem:14.295ms, MemoryUsage:44784}}
src/main/java/org/apache/commons/math/geometry/Rotation.java: org.apache.commons.math.geometry.Rotation.applyTo: computing test cases
src/main/java/org/apache/commons/math/geometry/Rotation.java: org.apache.commons.math.geometry.Rotation.applyTo: computed 0 unit tests
src/main/java/org/apache/commons/math/geometry/Rotation.java: org.apache.commons.math.geometry.Rotation.applyTo: found 0 problems
src/main/java/org/apache/commons/math/geometry/Rotation.java: org.apache.commons.math.geometry.Rotation.applyInverseTo: computing test cases
src/main/java/org/apache/commons/math/geometry/Rotation.java: org.apache.commons.math.geometry.Rotation.applyInverseTo: computed 1 unit tests
src/main/java/org/apache/commons/math/geometry/Rotation.java: org.apache.commons.math.geometry.Rotation.applyInverseTo: found 2 problems
src/main/java/org/apache/commons/math/geometry/Rotation.java: info: org.apache.commons.math.geometry.Rotation.applyInverseTo: solver timed out
	data: ExecutionResult{ExitStatus:-1, ResourceUsage{WallTime:10.03874796s, CPUTimeUser:9.815269s, CPUTimeSystem:175.843ms, MemoryUsage:525948}}
src/main/java/org/apache/commons/math/geometry/Rotation.java:939:26: critical: org.apache.commons.math.geometry.Rotation.applyInverseTo: uncaught java.lang.NullPointerException
src/main/java/org/apache/commons/math/geometry/Rotation.java: org.apache.commons.math.geometry.Rotation.revert: computing test cases
src/main/java/org/apache/commons/math/geometry/Rotation.java: org.apache.commons.math.geometry.Rotation.revert: computed 1 unit tests
src/main/java/org/apache/commons/math/geometry/Rotation.java: org.apache.commons.math.geometry.Rotation.revert: found 0 problems
src/main/java/org/apache/commons/math/geometry/Rotation.java: org.apache.commons.math.geometry.Rotation.getAngles: computing test cases
src/main/java/org/apache/commons/math/geometry/Rotation.java: org.apache.commons.math.geometry.Rotation.getAngles: found 1 problems
src/main/java/org/apache/commons/math/geometry/Rotation.java: unsupported: org.apache.commons.math.geometry.Rotation.getAngles: unsupported AST node
	data: -(unsupported)
src/main/java/org/apache/commons/math/geometry/Rotation.java: org.apache.commons.math.geometry.Rotation.Rotation: computing test cases
src/main/java/org/apache/commons/math/geometry/Rotation.java: org.apache.commons.math.geometry.Rotation.Rotation: computed 0 unit tests
src/main/java/org/apache/commons/math/geometry/Rotation.java: org.apache.commons.math.geometry.Rotation.Rotation: found 0 problems
src/main/java/org/apache/commons/math/geometry/Rotation.java: org.apache.commons.math.geometry.Rotation.getAngle: computing test cases
src/main/java/org/apache/commons/math/geometry/Rotation.java: org.apache.commons.math.geometry.Rotation.getAngle: computed 0 unit tests
src/main/java/org/apache/commons/math/geometry/Rotation.java: org.apache.commons.math.geometry.Rotation.getAngle: found 0 problems
src/main/java/org/apache/commons/math/geometry/Rotation.java: org.apache.commons.math.geometry.Rotation.Rotation: computing test cases
src/main/java/org/apache/commons/math/geometry/Rotation.java: org.apache.commons.math.geometry.Rotation.Rotation: computed 1 unit tests
src/main/java/org/apache/commons/math/geometry/Rotation.java: org.apache.commons.math.geometry.Rotation.Rotation: found 0 problems
src/main/java/org/apache/commons/math/geometry/Rotation.java: org.apache.commons.math.geometry.Rotation.Rotation: computing test cases
src/main/java/org/apache/commons/math/geometry/Rotation.java: org.apache.commons.math.geometry.Rotation.Rotation: computed 0 unit tests
src/main/java/org/apache/commons/math/geometry/Rotation.java: org.apache.commons.math.geometry.Rotation.Rotation: found 0 problems
src/main/java/org/apache/commons/math/geometry/Rotation.java: org.apache.commons.math.geometry.Rotation.getQ0: computing test cases
src/main/java/org/apache/commons/math/geometry/Rotation.java: org.apache.commons.math.geometry.Rotation.getQ0: computed 1 unit tests
src/main/java/org/apache/commons/math/geometry/Rotation.java: org.apache.commons.math.geometry.Rotation.getQ0: found 0 problems
src/main/java/org/apache/commons/math/geometry/Rotation.java: org.apache.commons.math.geometry.Rotation.getQ1: computing test cases
src/main/java/org/apache/commons/math/geometry/Rotation.java: org.apache.commons.math.geometry.Rotation.getQ1: computed 1 unit tests
src/main/java/org/apache/commons/math/geometry/Rotation.java: org.apache.commons.math.geometry.Rotation.getQ1: found 0 problems
src/main/java/org/apache/commons/math/geometry/Rotation.java: org.apache.commons.math.geometry.Rotation.getMatrix: computing test cases
src/main/java/org/apache/commons/math/geometry/Rotation.java: org.apache.commons.math.geometry.Rotation.getMatrix: computed 0 unit tests
src/main/java/org/apache/commons/math/geometry/Rotation.java: org.apache.commons.math.geometry.Rotation.getMatrix: found 1 problems
src/main/java/org/apache/commons/math/geometry/Rotation.java: info: org.apache.commons.math.geometry.Rotation.getMatrix: solver timed out
	data: ExecutionResult{ExitStatus:-1, ResourceUsage{WallTime:10.025670817s, CPUTimeUser:9.81624s, CPUTimeSystem:204.005ms, MemoryUsage:544892}}
src/main/java/org/apache/commons/math/geometry/Rotation.java: org.apache.commons.math.geometry.Rotation.applyTo: computing test cases
src/main/java/org/apache/commons/math/geometry/Rotation.java: org.apache.commons.math.geometry.Rotation.applyTo: computed 1 unit tests
src/main/java/org/apache/commons/math/geometry/Rotation.java: org.apache.commons.math.geometry.Rotation.applyTo: found 2 problems
src/main/java/org/apache/commons/math/geometry/Rotation.java: info: org.apache.commons.math.geometry.Rotation.applyTo: solver timed out
	data: ExecutionResult{ExitStatus:-1, ResourceUsage{WallTime:10.024144002s, CPUTimeUser:9.839803s, CPUTimeSystem:179.923ms, MemoryUsage:532068}}
src/main/java/org/apache/commons/math/geometry/Rotation.java:920:25: critical: org.apache.commons.math.geometry.Rotation.applyTo: uncaught java.lang.NullPointerException
src/main/java/org/apache/commons/math/geometry/Rotation.java: org.apache.commons.math.geometry.Rotation.distance: computing test cases
src/main/java/org/apache/commons/math/geometry/Rotation.java: org.apache.commons.math.geometry.Rotation.distance: computed 2 unit tests
src/main/java/org/apache/commons/math/geometry/Rotation.java: org.apache.commons.math.geometry.Rotation.distance: found 3 problems
src/main/java/org/apache/commons/math/geometry/Rotation.java: info: org.apache.commons.math.geometry.Rotation.distance: solver timed out
	data: ExecutionResult{ExitStatus:-1, ResourceUsage{WallTime:10.020551038s, CPUTimeUser:9.82429s, CPUTimeSystem:191.927ms, MemoryUsage:525944}}
src/main/java/org/apache/commons/math/geometry/Rotation.java:1069:14: critical: org.apache.commons.math.geometry.Rotation.distance: uncaught java.lang.NullPointerException
src/main/java/org/apache/commons/math/geometry/Rotation.java:939:26: critical: org.apache.commons.math.geometry.Rotation.distance: uncaught java.lang.NullPointerException
src/main/java/org/apache/commons/math/geometry/Rotation.java: org.apache.commons.math.geometry.Rotation.getQ3: computing test cases
src/main/java/org/apache/commons/math/geometry/Rotation.java: org.apache.commons.math.geometry.Rotation.getQ3: computed 1 unit tests
src/main/java/org/apache/commons/math/geometry/Rotation.java: org.apache.commons.math.geometry.Rotation.getQ3: found 0 problems
src/main/java/org/apache/commons/math/geometry/Rotation.java: org.apache.commons.math.geometry.Rotation.applyInverseTo: computing test cases
src/main/java/org/apache/commons/math/geometry/Rotation.java: org.apache.commons.math.geometry.Rotation.applyInverseTo: computed 0 unit tests
src/main/java/org/apache/commons/math/geometry/Rotation.java: org.apache.commons.math.geometry.Rotation.applyInverseTo: found 0 problems
src/main/java/org/apache/commons/math/geometry/RotationOrder.java: org.apache.commons.math.geometry.RotationOrder.toString: computing test cases
src/main/java/org/apache/commons/math/geometry/RotationOrder.java: org.apache.commons.math.geometry.RotationOrder.toString: computed 1 unit tests
src/main/java/org/apache/commons/math/geometry/RotationOrder.java: org.apache.commons.math.geometry.RotationOrder.toString: found 0 problems
src/main/java/org/apache/commons/math/geometry/RotationOrder.java: org.apache.commons.math.geometry.RotationOrder.getA3: computing test cases
src/main/java/org/apache/commons/math/geometry/RotationOrder.java: org.apache.commons.math.geometry.RotationOrder.getA3: computed 0 unit tests
src/main/java/org/apache/commons/math/geometry/RotationOrder.java: org.apache.commons.math.geometry.RotationOrder.getA3: found 0 problems
src/main/java/org/apache/commons/math/geometry/RotationOrder.java: org.apache.commons.math.geometry.RotationOrder.getA1: computing test cases
src/main/java/org/apache/commons/math/geometry/RotationOrder.java: org.apache.commons.math.geometry.RotationOrder.getA1: computed 0 unit tests
src/main/java/org/apache/commons/math/geometry/RotationOrder.java: org.apache.commons.math.geometry.RotationOrder.getA1: found 0 problems
src/main/java/org/apache/commons/math/geometry/RotationOrder.java: org.apache.commons.math.geometry.RotationOrder.getA2: computing test cases
src/main/java/org/apache/commons/math/geometry/RotationOrder.java: org.apache.commons.math.geometry.RotationOrder.getA2: computed 0 unit tests
src/main/java/org/apache/commons/math/geometry/RotationOrder.java: org.apache.commons.math.geometry.RotationOrder.getA2: found 0 problems
src/main/java/org/apache/commons/math/geometry/Vector3D.java: org.apache.commons.math.geometry.Vector3D.Vector3D: computing test cases
src/main/java/org/apache/commons/math/geometry/Vector3D.java: org.apache.commons.math.geometry.Vector3D.Vector3D: computed 0 unit tests
src/main/java/org/apache/commons/math/geometry/Vector3D.java: org.apache.commons.math.geometry.Vector3D.Vector3D: found 0 problems
src/main/java/org/apache/commons/math/geometry/Vector3D.java: org.apache.commons.math.geometry.Vector3D.add: computing test cases
src/main/java/org/apache/commons/math/geometry/Vector3D.java: org.apache.commons.math.geometry.Vector3D.add: computed 0 unit tests
src/main/java/org/apache/commons/math/geometry/Vector3D.java: org.apache.commons.math.geometry.Vector3D.add: found 0 problems
src/main/java/org/apache/commons/math/geometry/Vector3D.java: org.apache.commons.math.geometry.Vector3D.subtract: computing test cases
src/main/java/org/apache/commons/math/geometry/Vector3D.java: org.apache.commons.math.geometry.Vector3D.subtract: computed 0 unit tests
src/main/java/org/apache/commons/math/geometry/Vector3D.java: org.apache.commons.math.geometry.Vector3D.subtract: found 0 problems
src/main/java/org/apache/commons/math/geometry/Vector3D.java: org.apache.commons.math.geometry.Vector3D.isNaN: computing test cases
src/main/java/org/apache/commons/math/geometry/Vector3D.java: org.apache.commons.math.geometry.Vector3D.isNaN: computed 0 unit tests
src/main/java/org/apache/commons/math/geometry/Vector3D.java: org.apache.commons.math.geometry.Vector3D.isNaN: found 0 problems
src/main/java/org/apache/commons/math/geometry/Vector3D.java: org.apache.commons.math.geometry.Vector3D.distance1: computing test cases
src/main/java/org/apache/commons/math/geometry/Vector3D.java: org.apache.commons.math.geometry.Vector3D.distance1: computed 0 unit tests
src/main/java/org/apache/commons/math/geometry/Vector3D.java: org.apache.commons.math.geometry.Vector3D.distance1: found 0 problems
src/main/java/org/apache/commons/math/geometry/Vector3D.java: org.apache.commons.math.geometry.Vector3D.getAlpha: computing test cases
src/main/java/org/apache/commons/math/geometry/Vector3D.java: org.apache.commons.math.geometry.Vector3D.getAlpha: computed 0 unit tests
src/main/java/org/apache/commons/math/geometry/Vector3D.java: org.apache.commons.math.geometry.Vector3D.getAlpha: found 0 problems
src/main/java/org/apache/commons/math/geometry/Vector3D.java: org.apache.commons.math.geometry.Vector3D.dotProduct: computing test cases
src/main/java/org/apache/commons/math/geometry/Vector3D.java: org.apache.commons.math.geometry.Vector3D.dotProduct: computed 0 unit tests
src/main/java/org/apache/commons/math/geometry/Vector3D.java: org.apache.commons.math.geometry.Vector3D.dotProduct: found 0 problems
src/main/java/org/apache/commons/math/geometry/Vector3D.java: org.apache.commons.math.geometry.Vector3D.getNorm: computing test cases
src/main/java/org/apache/commons/math/geometry/Vector3D.java: org.apache.commons.math.geometry.Vector3D.getNorm: computed 0 unit tests
src/main/java/org/apache/commons/math/geometry/Vector3D.java: org.apache.commons.math.geometry.Vector3D.getNorm: found 0 problems
src/main/java/org/apache/commons/math/geometry/Vector3D.java: org.apache.commons.math.geometry.Vector3D.scalarMultiply: computing test cases
src/main/java/org/apache/commons/math/geometry/Vector3D.java: org.apache.commons.math.geometry.Vector3D.scalarMultiply: computed 0 unit tests
src/main/java/org/apache/commons/math/geometry/Vector3D.java: org.apache.commons.math.geometry.Vector3D.scalarMultiply: found 0 problems
src/main/java/org/apache/commons/math/geometry/Vector3D.java: org.apache.commons.math.geometry.Vector3D.distance: computing test cases
src/main/java/org/apache/commons/math/geometry/Vector3D.java: org.apache.commons.math.geometry.Vector3D.distance: computed 0 unit tests
src/main/java/org/apache/commons/math/geometry/Vector3D.java: org.apache.commons.math.geometry.Vector3D.distance: found 0 problems
src/main/java/org/apache/commons/math/geometry/Vector3D.java: org.apache.commons.math.geometry.Vector3D.toString: computing test cases
src/main/java/org/apache/commons/math/geometry/Vector3D.java: org.apache.commons.math.geometry.Vector3D.toString: found 1 problems
src/main/java/org/apache/commons/math/geometry/Vector3D.java: internal error: org.apache.commons.math.geometry.Vector3D.toString: unknown type kind
	data: unsupported(java/text/NumberFormat)
src/main/java/org/apache/commons/math/geometry/Vector3D.java: org.apache.commons.math.geometry.Vector3D.Vector3D: computing test cases
src/main/java/org/apache/commons/math/geometry/Vector3D.java: org.apache.commons.math.geometry.Vector3D.Vector3D: computed 0 unit tests
src/main/java/org/apache/commons/math/geometry/Vector3D.java: org.apache.commons.math.geometry.Vector3D.Vector3D: found 0 problems
src/main/java/org/apache/commons/math/geometry/Vector3D.java: org.apache.commons.math.geometry.Vector3D.getY: computing test cases
src/main/java/org/apache/commons/math/geometry/Vector3D.java: org.apache.commons.math.geometry.Vector3D.getY: computed 0 unit tests
src/main/java/org/apache/commons/math/geometry/Vector3D.java: org.apache.commons.math.geometry.Vector3D.getY: found 0 problems
src/main/java/org/apache/commons/math/geometry/Vector3D.java: org.apache.commons.math.geometry.Vector3D.getNormSq: computing test cases
src/main/java/org/apache/commons/math/geometry/Vector3D.java: org.apache.commons.math.geometry.Vector3D.getNormSq: computed 0 unit tests
src/main/java/org/apache/commons/math/geometry/Vector3D.java: org.apache.commons.math.geometry.Vector3D.getNormSq: found 0 problems
src/main/java/org/apache/commons/math/geometry/Vector3D.java: org.apache.commons.math.geometry.Vector3D.isInfinite: computing test cases
src/main/java/org/apache/commons/math/geometry/Vector3D.java: org.apache.commons.math.geometry.Vector3D.isInfinite: computed 0 unit tests
src/main/java/org/apache/commons/math/geometry/Vector3D.java: org.apache.commons.math.geometry.Vector3D.isInfinite: found 0 problems
src/main/java/org/apache/commons/math/geometry/Vector3D.java: org.apache.commons.math.geometry.Vector3D.getNormInf: computing test cases
src/main/java/org/apache/commons/math/geometry/Vector3D.java: org.apache.commons.math.geometry.Vector3D.getNormInf: computed 0 unit tests
src/main/java/org/apache/commons/math/geometry/Vector3D.java: org.apache.commons.math.geometry.Vector3D.getNormInf: found 0 problems
src/main/java/org/apache/commons/math/geometry/Vector3D.java: org.apache.commons.math.geometry.Vector3D.normalize: computing test cases
src/main/java/org/apache/commons/math/geometry/Vector3D.java: org.apache.commons.math.geometry.Vector3D.normalize: computed 0 unit tests
src/main/java/org/apache/commons/math/geometry/Vector3D.java: org.apache.commons.math.geometry.Vector3D.normalize: found 0 problems
src/main/java/org/apache/commons/math/geometry/Vector3D.java: org.apache.commons.math.geometry.Vector3D.Vector3D: computing test cases
src/main/java/org/apache/commons/math/geometry/Vector3D.java: org.apache.commons.math.geometry.Vector3D.Vector3D: computed 0 unit tests
src/main/java/org/apache/commons/math/geometry/Vector3D.java: org.apache.commons.math.geometry.Vector3D.Vector3D: found 0 problems
src/main/java/org/apache/commons/math/geometry/Vector3D.java: org.apache.commons.math.geometry.Vector3D.getZ: computing test cases
src/main/java/org/apache/commons/math/geometry/Vector3D.java: org.apache.commons.math.geometry.Vector3D.getZ: computed 0 unit tests
src/main/java/org/apache/commons/math/geometry/Vector3D.java: org.apache.commons.math.geometry.Vector3D.getZ: found 0 problems
src/main/java/org/apache/commons/math/geometry/Vector3D.java: org.apache.commons.math.geometry.Vector3D.orthogonal: computing test cases
src/main/java/org/apache/commons/math/geometry/Vector3D.java: org.apache.commons.math.geometry.Vector3D.orthogonal: computed 0 unit tests
src/main/java/org/apache/commons/math/geometry/Vector3D.java: org.apache.commons.math.geometry.Vector3D.orthogonal: found 0 problems
src/main/java/org/apache/commons/math/geometry/Vector3D.java: org.apache.commons.math.geometry.Vector3D.Vector3D: computing test cases
src/main/java/org/apache/commons/math/geometry/Vector3D.java: org.apache.commons.math.geometry.Vector3D.Vector3D: computed 0 unit tests
src/main/java/org/apache/commons/math/geometry/Vector3D.java: org.apache.commons.math.geometry.Vector3D.Vector3D: found 0 problems
src/main/java/org/apache/commons/math/geometry/Vector3D.java: org.apache.commons.math.geometry.Vector3D.getX: computing test cases
src/main/java/org/apache/commons/math/geometry/Vector3D.java: org.apache.commons.math.geometry.Vector3D.getX: computed 0 unit tests
src/main/java/org/apache/commons/math/geometry/Vector3D.java: org.apache.commons.math.geometry.Vector3D.getX: found 0 problems
src/main/java/org/apache/commons/math/geometry/Vector3D.java: org.apache.commons.math.geometry.Vector3D.subtract: computing test cases
src/main/java/org/apache/commons/math/geometry/Vector3D.java: org.apache.commons.math.geometry.Vector3D.subtract: computed 0 unit tests
src/main/java/org/apache/commons/math/geometry/Vector3D.java: org.apache.commons.math.geometry.Vector3D.subtract: found 0 problems
src/main/java/org/apache/commons/math/geometry/Vector3D.java: org.apache.commons.math.geometry.Vector3D.hashCode: computing test cases
src/main/java/org/apache/commons/math/geometry/Vector3D.java: org.apache.commons.math.geometry.Vector3D.hashCode: computed 0 unit tests
src/main/java/org/apache/commons/math/geometry/Vector3D.java: org.apache.commons.math.geometry.Vector3D.hashCode: found 0 problems
src/main/java/org/apache/commons/math/geometry/Vector3D.java: org.apache.commons.math.geometry.Vector3D.Vector3D: computing test cases
src/main/java/org/apache/commons/math/geometry/Vector3D.java: org.apache.commons.math.geometry.Vector3D.Vector3D: computed 0 unit tests
src/main/java/org/apache/commons/math/geometry/Vector3D.java: org.apache.commons.math.geometry.Vector3D.Vector3D: found 0 problems
src/main/java/org/apache/commons/math/geometry/Vector3D.java: org.apache.commons.math.geometry.Vector3D.Vector3D: computing test cases
src/main/java/org/apache/commons/math/geometry/Vector3D.java: org.apache.commons.math.geometry.Vector3D.Vector3D: computed 0 unit tests
src/main/java/org/apache/commons/math/geometry/Vector3D.java: org.apache.commons.math.geometry.Vector3D.Vector3D: found 0 problems
src/main/java/org/apache/commons/math/geometry/Vector3D.java: org.apache.commons.math.geometry.Vector3D.distanceInf: computing test cases
src/main/java/org/apache/commons/math/geometry/Vector3D.java: org.apache.commons.math.geometry.Vector3D.distanceInf: computed 0 unit tests
src/main/java/org/apache/commons/math/geometry/Vector3D.java: org.apache.commons.math.geometry.Vector3D.distanceInf: found 0 problems
src/main/java/org/apache/commons/math/geometry/Vector3D.java: org.apache.commons.math.geometry.Vector3D.angle: computing test cases
src/main/java/org/apache/commons/math/geometry/Vector3D.java: org.apache.commons.math.geometry.Vector3D.angle: computed 0 unit tests
src/main/java/org/apache/commons/math/geometry/Vector3D.java: org.apache.commons.math.geometry.Vector3D.angle: found 0 problems
src/main/java/org/apache/commons/math/geometry/Vector3D.java: org.apache.commons.math.geometry.Vector3D.distanceSq: computing test cases
src/main/java/org/apache/commons/math/geometry/Vector3D.java: org.apache.commons.math.geometry.Vector3D.distanceSq: computed 0 unit tests
src/main/java/org/apache/commons/math/geometry/Vector3D.java: org.apache.commons.math.geometry.Vector3D.distanceSq: found 0 problems
src/main/java/org/apache/commons/math/geometry/Vector3D.java: org.apache.commons.math.geometry.Vector3D.getNorm1: computing test cases
src/main/java/org/apache/commons/math/geometry/Vector3D.java: org.apache.commons.math.geometry.Vector3D.getNorm1: computed 0 unit tests
src/main/java/org/apache/commons/math/geometry/Vector3D.java: org.apache.commons.math.geometry.Vector3D.getNorm1: found 0 problems
src/main/java/org/apache/commons/math/geometry/Vector3D.java: org.apache.commons.math.geometry.Vector3D.getDelta: computing test cases
src/main/java/org/apache/commons/math/geometry/Vector3D.java: org.apache.commons.math.geometry.Vector3D.getDelta: computed 0 unit tests
src/main/java/org/apache/commons/math/geometry/Vector3D.java: org.apache.commons.math.geometry.Vector3D.getDelta: found 0 problems
src/main/java/org/apache/commons/math/geometry/Vector3D.java: org.apache.commons.math.geometry.Vector3D.add: computing test cases
src/main/java/org/apache/commons/math/geometry/Vector3D.java: org.apache.commons.math.geometry.Vector3D.add: computed 0 unit tests
src/main/java/org/apache/commons/math/geometry/Vector3D.java: org.apache.commons.math.geometry.Vector3D.add: found 0 problems
src/main/java/org/apache/commons/math/geometry/Vector3D.java: org.apache.commons.math.geometry.Vector3D.negate: computing test cases
src/main/java/org/apache/commons/math/geometry/Vector3D.java: org.apache.commons.math.geometry.Vector3D.negate: computed 0 unit tests
src/main/java/org/apache/commons/math/geometry/Vector3D.java: org.apache.commons.math.geometry.Vector3D.negate: found 0 problems
src/main/java/org/apache/commons/math/geometry/Vector3D.java: org.apache.commons.math.geometry.Vector3D.equals: computing test cases
src/main/java/org/apache/commons/math/geometry/Vector3D.java: org.apache.commons.math.geometry.Vector3D.equals: computed 0 unit tests
src/main/java/org/apache/commons/math/geometry/Vector3D.java: org.apache.commons.math.geometry.Vector3D.equals: found 0 problems
src/main/java/org/apache/commons/math/geometry/Vector3D.java: org.apache.commons.math.geometry.Vector3D.crossProduct: computing test cases
src/main/java/org/apache/commons/math/geometry/Vector3D.java: org.apache.commons.math.geometry.Vector3D.crossProduct: computed 0 unit tests
src/main/java/org/apache/commons/math/geometry/Vector3D.java: org.apache.commons.math.geometry.Vector3D.crossProduct: found 0 problems
src/main/java/org/apache/commons/math/geometry/Vector3DFormat.java: org.apache.commons.math.geometry.Vector3DFormat.getSuffix: computing test cases
src/main/java/org/apache/commons/math/geometry/Vector3DFormat.java: org.apache.commons.math.geometry.Vector3DFormat.getSuffix: found 1 problems
src/main/java/org/apache/commons/math/geometry/Vector3DFormat.java: internal error: org.apache.commons.math.geometry.Vector3DFormat.getSuffix: unknown type kind
	data: unsupported(java/text/NumberFormat)
src/main/java/org/apache/commons/math/geometry/Vector3DFormat.java: org.apache.commons.math.geometry.Vector3DFormat.getFormat: computing test cases
src/main/java/org/apache/commons/math/geometry/Vector3DFormat.java: org.apache.commons.math.geometry.Vector3DFormat.getFormat: found 1 problems
src/main/java/org/apache/commons/math/geometry/Vector3DFormat.java: internal error: org.apache.commons.math.geometry.Vector3DFormat.getFormat: unknown type kind
	data: unsupported(java/text/NumberFormat)
src/main/java/org/apache/commons/math/geometry/Vector3DFormat.java: org.apache.commons.math.geometry.Vector3DFormat.getInstance: computing test cases
src/main/java/org/apache/commons/math/geometry/Vector3DFormat.java: org.apache.commons.math.geometry.Vector3DFormat.getInstance: found 1 problems
src/main/java/org/apache/commons/math/geometry/Vector3DFormat.java: internal error: org.apache.commons.math.geometry.Vector3DFormat.getInstance: unknown type kind
	data: unsupported(java/text/NumberFormat)
src/main/java/org/apache/commons/math/geometry/Vector3DFormat.java: org.apache.commons.math.geometry.Vector3DFormat.parse: computing test cases
src/main/java/org/apache/commons/math/geometry/Vector3DFormat.java: org.apache.commons.math.geometry.Vector3DFormat.parse: found 1 problems
src/main/java/org/apache/commons/math/geometry/Vector3DFormat.java: internal error: org.apache.commons.math.geometry.Vector3DFormat.parse: unknown type kind
	data: unsupported(java/text/NumberFormat)
src/main/java/org/apache/commons/math/geometry/Vector3DFormat.java: org.apache.commons.math.geometry.Vector3DFormat.format: computing test cases
src/main/java/org/apache/commons/math/geometry/Vector3DFormat.java: org.apache.commons.math.geometry.Vector3DFormat.format: found 1 problems
src/main/java/org/apache/commons/math/geometry/Vector3DFormat.java: internal error: org.apache.commons.math.geometry.Vector3DFormat.format: unknown type kind
	data: unsupported(java/text/NumberFormat)
src/main/java/org/apache/commons/math/geometry/Vector3DFormat.java: org.apache.commons.math.geometry.Vector3DFormat.parse: computing test cases
src/main/java/org/apache/commons/math/geometry/Vector3DFormat.java: org.apache.commons.math.geometry.Vector3DFormat.parse: found 1 problems
src/main/java/org/apache/commons/math/geometry/Vector3DFormat.java: internal error: org.apache.commons.math.geometry.Vector3DFormat.parse: unknown type kind
	data: unsupported(java/text/NumberFormat)
src/main/java/org/apache/commons/math/geometry/Vector3DFormat.java: org.apache.commons.math.geometry.Vector3DFormat.format: computing test cases
src/main/java/org/apache/commons/math/geometry/Vector3DFormat.java: org.apache.commons.math.geometry.Vector3DFormat.format: found 1 problems
src/main/java/org/apache/commons/math/geometry/Vector3DFormat.java: internal error: org.apache.commons.math.geometry.Vector3DFormat.format: unknown type kind
	data: unsupported(java/text/NumberFormat)
src/main/java/org/apache/commons/math/geometry/Vector3DFormat.java: org.apache.commons.math.geometry.Vector3DFormat.Vector3DFormat: computing test cases
src/main/java/org/apache/commons/math/geometry/Vector3DFormat.java: org.apache.commons.math.geometry.Vector3DFormat.Vector3DFormat: found 1 problems
src/main/java/org/apache/commons/math/geometry/Vector3DFormat.java: internal error: org.apache.commons.math.geometry.Vector3DFormat.Vector3DFormat: unknown type kind
	data: unsupported(java/text/NumberFormat)
src/main/java/org/apache/commons/math/geometry/Vector3DFormat.java: org.apache.commons.math.geometry.Vector3DFormat.Vector3DFormat: computing test cases
src/main/java/org/apache/commons/math/geometry/Vector3DFormat.java: org.apache.commons.math.geometry.Vector3DFormat.Vector3DFormat: found 1 problems
src/main/java/org/apache/commons/math/geometry/Vector3DFormat.java: internal error: org.apache.commons.math.geometry.Vector3DFormat.Vector3DFormat: unknown type kind
	data: unsupported(java/text/NumberFormat)
src/main/java/org/apache/commons/math/geometry/Vector3DFormat.java: org.apache.commons.math.geometry.Vector3DFormat.getAvailableLocales: computing test cases
src/main/java/org/apache/commons/math/geometry/Vector3DFormat.java: org.apache.commons.math.geometry.Vector3DFormat.getAvailableLocales: computed 0 unit tests
src/main/java/org/apache/commons/math/geometry/Vector3DFormat.java: org.apache.commons.math.geometry.Vector3DFormat.getAvailableLocales: found 0 problems
src/main/java/org/apache/commons/math/geometry/Vector3DFormat.java: org.apache.commons.math.geometry.Vector3DFormat.getInstance: computing test cases
src/main/java/org/apache/commons/math/geometry/Vector3DFormat.java: org.apache.commons.math.geometry.Vector3DFormat.getInstance: found 1 problems
src/main/java/org/apache/commons/math/geometry/Vector3DFormat.java: internal error: org.apache.commons.math.geometry.Vector3DFormat.getInstance: unknown type kind
	data: unsupported(java/text/NumberFormat)
src/main/java/org/apache/commons/math/geometry/Vector3DFormat.java: org.apache.commons.math.geometry.Vector3DFormat.getSeparator: computing test cases
src/main/java/org/apache/commons/math/geometry/Vector3DFormat.java: org.apache.commons.math.geometry.Vector3DFormat.getSeparator: found 1 problems
src/main/java/org/apache/commons/math/geometry/Vector3DFormat.java: internal error: org.apache.commons.math.geometry.Vector3DFormat.getSeparator: unknown type kind
	data: unsupported(java/text/NumberFormat)
src/main/java/org/apache/commons/math/geometry/Vector3DFormat.java: org.apache.commons.math.geometry.Vector3DFormat.Vector3DFormat: computing test cases
src/main/java/org/apache/commons/math/geometry/Vector3DFormat.java: org.apache.commons.math.geometry.Vector3DFormat.Vector3DFormat: found 1 problems
src/main/java/org/apache/commons/math/geometry/Vector3DFormat.java: internal error: org.apache.commons.math.geometry.Vector3DFormat.Vector3DFormat: unknown type kind
	data: unsupported(java/text/NumberFormat)
src/main/java/org/apache/commons/math/geometry/Vector3DFormat.java: org.apache.commons.math.geometry.Vector3DFormat.Vector3DFormat: computing test cases
src/main/java/org/apache/commons/math/geometry/Vector3DFormat.java: org.apache.commons.math.geometry.Vector3DFormat.Vector3DFormat: found 1 problems
src/main/java/org/apache/commons/math/geometry/Vector3DFormat.java: internal error: org.apache.commons.math.geometry.Vector3DFormat.Vector3DFormat: unknown type kind
	data: unsupported(java/text/NumberFormat)
src/main/java/org/apache/commons/math/geometry/Vector3DFormat.java: org.apache.commons.math.geometry.Vector3DFormat.getPrefix: computing test cases
src/main/java/org/apache/commons/math/geometry/Vector3DFormat.java: org.apache.commons.math.geometry.Vector3DFormat.getPrefix: found 1 problems
src/main/java/org/apache/commons/math/geometry/Vector3DFormat.java: internal error: org.apache.commons.math.geometry.Vector3DFormat.getPrefix: unknown type kind
	data: unsupported(java/text/NumberFormat)
Symflower's table driven test style is not supported, switching to basic style
src/main/java/org/apache/commons/math/geometry/Rotation.java: could not generate unit test file for "src/main/java/org/apache/commons/math/geometry/Rotation.java": Internal error: cannot set a final field:
	&modelast.Variable{
	    CompactFileRange: location.CompactFileRange{Start:location.NewCompactFileLocationRaw(3, 104, 24), End:location.NewCompactFileLocationRaw(3, 104, 25)},
	    Name:             "q0",
	    Type:             &modelast.TypePrimitive{
	        Kind: "float",
	        Size: 0x40,
	    },
	    Modifier: modelast.ModifierFinal|modelast.ModifierVisibilityPrivate,
	}
	Stacktrace: goroutine 1 [running]:
	gitlab.nethead.at/symflower/symflower/model/errors.NewInternalError({0x21de060, 0x2d25d80}, {0x13e5e60, 0xc0006da120})
		gitlab.nethead.at/symflower/symflower/model/errors/error.go:852 +0x4e
	gitlab.nethead.at/symflower/symflower/language/java/ast.(*Generator).objectCreation(0xc0003f6cb0, {0x2205848?, 0xc000962e20?}, {0x21f7de8, 0xc0006e0e00}, {0x2208850, 0xc0012a1700})
		gitlab.nethead.at/symflower/symflower/language/java/ast/generate.go:1928 +0x34dc
	gitlab.nethead.at/symflower/symflower/language/java/ast.(*Generator).literalForReferenceType(0xc0003f6cb0, {0x21f7de8, 0xc0006e0e00}, {0x2205848?, 0xc000962de0?}, {0x2208850, 0xc0012a1700})
		gitlab.nethead.at/symflower/symflower/language/java/ast/generate.go:1427 +0x17da
	gitlab.nethead.at/symflower/symflower/language/java/ast.(*Generator).Literal(0xc0003f6cb0, {0x21f7de8, 0xc0006e0e00}, {0x2205848?, 0xc000962da0?}, {0x2208850, 0xc0012a1700})
		gitlab.nethead.at/symflower/symflower/language/java/ast/generate.go:1138 +0x1318
	gitlab.nethead.at/symflower/symflower/language/java/ast.(*Generator).Literal(0xc0003f6cb0, {0x21f7de8, 0xc0006e0e00}, {0x2205728?, 0xc0006d6800?}, {0x22089b0, 0xc000eeaf60})
		gitlab.nethead.at/symflower/symflower/language/java/ast/generate.go:1128 +0x245
	gitlab.nethead.at/symflower/symflower/language/java/ast.(*Generator).VariableDeclarationWithAssignment(0xc0003f6cb0, {0x2205728, 0xc0006d6800}, {0xc000127230, 0x2}, {0x22089b0, 0xc000eeaf60}, {0x0, 0x0})
		gitlab.nethead.at/symflower/symflower/language/java/ast/generate.go:548 +0x125
	gitlab.nethead.at/symflower/symflower/language/java/ast.InitializeVariableOfType(0xc0003f6cb0, {0x2205728, 0xc0006d6800}, {0x22089b0, 0xc000eeaf60}, {0x0, 0x0})
		gitlab.nethead.at/symflower/symflower/language/java/ast/generate.go:3198 +0x16c
	gitlab.nethead.at/symflower/symflower/language/java/unittest.(*TestGeneratorJUnit).receiverInitialization(0xc000672800, 0xc0003e20a0, 0xc0?)
		gitlab.nethead.at/symflower/symflower/language/java/unittest/junit.go:132 +0x61b
	gitlab.nethead.at/symflower/symflower/language/java/unittest.(*TestGeneratorJUnit).generateUnitTestAddTestInternal(0xc000672800, 0xc000cfd3c0, {0x0, 0x0})
		gitlab.nethead.at/symflower/symflower/language/java/unittest/junit.go:356 +0xdc9
	gitlab.nethead.at/symflower/symflower/language/java/unittest.(*TestGeneratorJUnit).generateUnitTestAddTest(...)
		gitlab.nethead.at/symflower/symflower/language/java/unittest/junit.go:249
	gitlab.nethead.at/symflower/symflower/language/java/unittest.(*TestGeneratorJUnit).AddTest(0xc000672800, 0xc000a5fce0?)
		gitlab.nethead.at/symflower/symflower/language/java/unittest/junit.go:61 +0x1d
	gitlab.nethead.at/symflower/symflower/language/java/unittest.(*testStyleBasic).addTest(0xc000bd5dd0, 0xc000cfd3c0)
		gitlab.nethead.at/symflower/symflower/language/java/unittest/test-style-basic.go:253 +0x318
	gitlab.nethead.at/symflower/symflower/language/java/unittest.(*testStyleBasic).AddTest(0xc00128d710?, 0xc0000d2dc0?)
		gitlab.nethead.at/symflower/symflower/language/java/unittest/test-style-basic.go:215 +0x1a
	gitlab.nethead.at/symflower/symflower/language/java.generateUnitTestFileForType(0xc000a99ee0, {0xc000846680, 0xa, 0x15?}, {0xc00047d0c8?, 0xa5b512?}, 0xc0008465e0?)
		gitlab.nethead.at/symflower/symflower/language/java/unit-test.go:173 +0x647
	gitlab.nethead.at/symflower/symflower/language/java.Adapter.GenerateUnitTest({{{0x0, 0x0}, {0x0, 0x0}, {0x0, 0x0}}}, 0xc000a99ee0, {0xc000ce5780, 0xa, 0x10})
		gitlab.nethead.at/symflower/symflower/language/java/unit-test.go:99 +0x8c8
	gitlab.nethead.at/symflower/symflower/cmd/symflower-local/generate.(*Generator).updateTestFiles.func1({0xc0000be87a, 0x3c})
		gitlab.nethead.at/symflower/symflower/cmd/symflower-local/generate/generate.go:345 +0x55e
	gitlab.nethead.at/symflower/symflower/cmd/symflower-local/generate.updateTestFiles({0xc0000446c0, 0x2a}, 0xc00128d5f0, {0xc000a99d40?, 0x1?, 0xc000051a00?}, 0x1, 0xc001317b08)
		gitlab.nethead.at/symflower/symflower/cmd/symflower-local/generate/tests.go:41 +0xc3
	gitlab.nethead.at/symflower/symflower/cmd/symflower-local/generate.(*Generator).updateTestFiles(0xc00014d230, 0xc000c38fc0, 0x1, 0x1)
		gitlab.nethead.at/symflower/symflower/cmd/symflower-local/generate/generate.go:330 +0x3e5
	gitlab.nethead.at/symflower/symflower/cmd/symflower-local/generate.(*Generator).UpdateSymflowerTestSuite(0xc00014d230?, 0xc00014d260?)
		gitlab.nethead.at/symflower/symflower/cmd/symflower-local/generate/generate.go:307 +0x3b
	gitlab.nethead.at/symflower/symflower/cmd/symflower-local/generate.(*AnalyzeEngineDefault).UnitTests(0x29?, 0x124bba0?, {0x21eb890?, 0xc000128910?}, {0x50?, 0x44?, 0x4?, 0x0?}, 0x29?, {0xc0000f30b0, ...})
		gitlab.nethead.at/symflower/symflower/cmd/symflower-local/generate/analyze.go:162 +0xaa
	gitlab.nethead.at/symflower/symflower/cmd/symflower-local/cmd.(*commandUnitTests).Execute(0xc0005712d8, {0xc000570f08?, 0x7faec015c3d8?, 0xc0005712d8?})
		gitlab.nethead.at/symflower/symflower/cmd/symflower-local/cmd/unit-tests.go:85 +0x2a6
	gitlab.nethead.at/symflower/symflower/cmd.ExecuteNoExit({0x21de020, 0xc000570f08}, {0xc00003e050?, 0x0?, 0x0?})
		gitlab.nethead.at/symflower/symflower/cmd/execute.go:59 +0x2ad
	gitlab.nethead.at/symflower/symflower/cmd.Execute({0x21de020?, 0xc000570f08?}, {0xc00003e050?, 0xc0004aa0f8?, 0xc00055ff10?})
		gitlab.nethead.at/symflower/symflower/cmd/execute.go:17 +0x26
	gitlab.nethead.at/symflower/symflower/cmd.ExecuteWithOSArguments(...)
		gitlab.nethead.at/symflower/symflower/cmd/execute.go:78
	main.main.func1()
		gitlab.nethead.at/symflower/symflower/cmd/symflower-demo/main.go:39 +0x34
	gitlab.nethead.at/symflower/symflower/cmd/symflower-local/cmd.(*Command).WithPanicReporter(0xc000110060?, 0x0?)
		gitlab.nethead.at/symflower/symflower/cmd/symflower-local/cmd/cmd.go:151 +0x33
	main.main()
		gitlab.nethead.at/symflower/symflower/cmd/symflower-demo/main.go:38 +0x7f
Symflower's table driven test style is not supported, switching to basic style
src/main/java/org/apache/commons/math/geometry/RotationOrder.java: generated unit test file src/main/java/org/apache/commons/math/geometry/RotationOrderSymflowerTest.java
Analyzed 6 out of 6 source files
Had 0 errors that block a full analysis
Generated 11 tests
Found 4 potential problems
The following issues prevent a full analysis:

* 17 cases of "unknown import"
	Description: Imports could not be resolved. This is likely due to missing dependencies.

* 15 cases of "unknown type"
	Description: Types could not be resolved. This could be because of missing dependencies
  or a consequence of some other problem.

* 8 cases of "unknown function"
	Description: Functions could not be resolved. This occurs due to missing dependencies,
  or if a called function is removed due to some other problem.

* 6 cases of "other issues"
	Description: Uncategorized problems.

