Analyzing workspace /home/ph7/sqa-project/workspaces/math_34b/
Search for Java files
Load dependency stdlib:@dev
src/main/java/org/apache/commons/math3/genetics/AbstractListChromosome.java: error: unknown import
	data: java/util/Arrays
src/main/java/org/apache/commons/math3/genetics/AbstractListChromosome.java: error: unknown import
	data: java/util/Collections
src/main/java/org/apache/commons/math3/genetics/AbstractListChromosome.java: error: unknown function
	data: [<nil> java/util/ArrayList//ArrayList [reference(T)] [representation]]
src/main/java/org/apache/commons/math3/genetics/BinaryChromosome.java: error: unknown type
	data: T
src/main/java/org/apache/commons/math3/genetics/BinaryChromosome.java: error: unknown import
	data: org/apache/commons/math3/exception/util/LocalizedFormats
src/main/java/org/apache/commons/math3/genetics/BinaryChromosome.java: error: unknown function
	data: [<nil> java/util/ArrayList//ArrayList [pointer(reference(java/lang/Integer))] [length]]
src/main/java/org/apache/commons/math3/genetics/BinaryMutation.java: error: unknown function
	data: [<nil> java/util/ArrayList//ArrayList [pointer(reference(java/lang/Integer))] [call(select(ensure_not_nil(origChrom), getRepresentation!d41d8cd98f00b204e9800998ecf8427e), [])]]
src/main/java/org/apache/commons/math3/genetics/BinaryMutation.java: error: unknown import
	data: org/apache/commons/math3/exception/MathIllegalArgumentException
src/main/java/org/apache/commons/math3/genetics/BinaryMutation.java: error: unknown import
	data: org/apache/commons/math3/exception/util/LocalizedFormats
src/main/java/org/apache/commons/math3/genetics/Chromosome.java: error: unknown field
	data: [Double struct(java/lang/Double, [], [pointer(reference(java/lang/Object))], []) NEGATIVE_INFINITY]
src/main/java/org/apache/commons/math3/genetics/ElitisticListPopulation.java: error: unknown import
	data: org/apache/commons/math3/util/FastMath
src/main/java/org/apache/commons/math3/genetics/ElitisticListPopulation.java: error: unknown import
	data: java/util/Collections
src/main/java/org/apache/commons/math3/genetics/ElitisticListPopulation.java: error: unknown import
	data: org/apache/commons/math3/exception/OutOfRangeException
src/main/java/org/apache/commons/math3/genetics/ElitisticListPopulation.java: error: unknown import
	data: org/apache/commons/math3/exception/util/LocalizedFormats
src/main/java/org/apache/commons/math3/genetics/FixedElapsedTime.java: error: unknown import
	data: java/util/concurrent/TimeUnit
src/main/java/org/apache/commons/math3/genetics/FixedElapsedTime.java: error: unknown import
	data: org/apache/commons/math3/exception/NumberIsTooSmallException
src/main/java/org/apache/commons/math3/genetics/FixedElapsedTime.java: error: unknown function
	data: [struct(java/lang/System, [], [pointer(reference(java/lang/Object))], []) java/lang/System//nanoTime [] []]
src/main/java/org/apache/commons/math3/genetics/FixedGenerationCount.java: error: unknown import
	data: org/apache/commons/math3/exception/NumberIsTooSmallException
src/main/java/org/apache/commons/math3/genetics/GeneticAlgorithm.java: error: unknown import
	data: org/apache/commons/math3/exception/util/LocalizedFormats
src/main/java/org/apache/commons/math3/genetics/GeneticAlgorithm.java: error: unknown import
	data: org/apache/commons/math3/random/RandomGenerator
src/main/java/org/apache/commons/math3/genetics/GeneticAlgorithm.java: error: unknown import
	data: org/apache/commons/math3/random/JDKRandomGenerator
src/main/java/org/apache/commons/math3/genetics/GeneticAlgorithm.java: error: unknown import
	data: org/apache/commons/math3/exception/OutOfRangeException
src/main/java/org/apache/commons/math3/genetics/InvalidRepresentationException.java: error: unknown import
	data: org/apache/commons/math3/exception/MathIllegalArgumentException
src/main/java/org/apache/commons/math3/genetics/InvalidRepresentationException.java: error: unknown import
	data: org/apache/commons/math3/exception/util/Localizable
src/main/java/org/apache/commons/math3/genetics/ListPopulation.java: error: unknown import
	data: org/apache/commons/math3/exception/NullArgumentException
src/main/java/org/apache/commons/math3/genetics/ListPopulation.java: error: unknown function
	data: [genericInstance(reference(java/util/List), [pointer(reference(org/apache/commons/math3/genetics/Chromosome))]) java/util/List<org/apache/commons/math3/genetics/Chromosome>//addAll [] [chromosomes]]
src/main/java/org/apache/commons/math3/genetics/ListPopulation.java: error: unknown function
	data: [genericInstance(reference(java/util/List), [pointer(reference(org/apache/commons/math3/genetics/Chromosome))]) java/util/List<org/apache/commons/math3/genetics/Chromosome>//addAll [] [chromosomes]]
src/main/java/org/apache/commons/math3/genetics/ListPopulation.java: error: unknown function
	data: [genericInstance(reference(java/util/List), [pointer(reference(org/apache/commons/math3/genetics/Chromosome))]) java/util/List<org/apache/commons/math3/genetics/Chromosome>//addAll [] [chromosomeColl]]
src/main/java/org/apache/commons/math3/genetics/ListPopulation.java: error: unknown import
	data: org/apache/commons/math3/exception/util/LocalizedFormats
src/main/java/org/apache/commons/math3/genetics/ListPopulation.java: error: unknown import
	data: org/apache/commons/math3/exception/NotPositiveException
src/main/java/org/apache/commons/math3/genetics/ListPopulation.java: error: unknown import
	data: org/apache/commons/math3/exception/NumberIsTooLargeException
src/main/java/org/apache/commons/math3/genetics/ListPopulation.java: error: unknown import
	data: org/apache/commons/math3/exception/NumberIsTooSmallException
src/main/java/org/apache/commons/math3/genetics/ListPopulation.java: error: unknown function
	data: [<nil> java/util/ArrayList//ArrayList [pointer(reference(org/apache/commons/math3/genetics/Chromosome))] [populationLimit]]
src/main/java/org/apache/commons/math3/genetics/ListPopulation.java: error: unknown import
	data: java/util/Collections
src/main/java/org/apache/commons/math3/genetics/OnePointCrossover.java: error: unknown import
	data: org/apache/commons/math3/exception/DimensionMismatchException
src/main/java/org/apache/commons/math3/genetics/OnePointCrossover.java: error: unknown import
	data: org/apache/commons/math3/exception/MathIllegalArgumentException
src/main/java/org/apache/commons/math3/genetics/OnePointCrossover.java: error: unknown import
	data: org/apache/commons/math3/exception/util/LocalizedFormats
src/main/java/org/apache/commons/math3/genetics/OnePointCrossover.java: error: unknown type
	data: SuppressWarnings
src/main/java/org/apache/commons/math3/genetics/OnePointCrossover.java: error: unknown function
	data: [<nil> java/util/ArrayList//ArrayList [reference(T)] [call(select(ensure_not_nil(first), getLength!d41d8cd98f00b204e9800998ecf8427e), [])]]
src/main/java/org/apache/commons/math3/genetics/OnePointCrossover.java: error: unknown function
	data: [<nil> java/util/ArrayList//ArrayList [reference(T)] [call(select(ensure_not_nil(second), getLength!d41d8cd98f00b204e9800998ecf8427e), [])]]
src/main/java/org/apache/commons/math3/genetics/RandomKey.java: error: unknown import
	data: org/apache/commons/math3/exception/DimensionMismatchException
src/main/java/org/apache/commons/math3/genetics/RandomKey.java: internal error: no supported constructor available
	data: [struct(org/apache/commons/math3/genetics/AbstractListChromosome, [], [pointer(reference(org/apache/commons/math3/genetics/Chromosome))], []) function(variable(this, pointer(reference(org/apache/commons/math3/genetics/Chromosome))), org/apache/commons/math3/genetics/Chromosome//@@constructor!d41d8cd98f00b204e9800998ecf8427e, [], [variable(, pointer(reference(org/apache/commons/math3/genetics/Chromosome)))], block([=(select(this, @java/lang/Object), call(select(&(composite(reference(java/lang/Object), [])), @@constructor!d41d8cd98f00b204e9800998ecf8427e), [])), call(select(this, @@init!d41d8cd98f00b204e9800998ecf8427e), []), return([this])]))]
src/main/java/org/apache/commons/math3/genetics/RandomKey.java: error: error: unresolved type
	data: reference(S)
	child error: (error) Internal error: unknown type:
		"S"
		Stacktrace: goroutine 1 [running]:
		gitlab.nethead.at/symflower/symflower/model/errors.NewInternalError({0x21de060, 0x2d25a00}, {0x12473e0, 0xc000bb2090})
			gitlab.nethead.at/symflower/symflower/model/errors/error.go:852 +0x4e
		gitlab.nethead.at/symflower/symflower/model/errors.NewProblemWithErrorSeverity(...)
			gitlab.nethead.at/symflower/symflower/model/errors/problem.go:321
		gitlab.nethead.at/symflower/symflower/model/ast.(*Scope).GetType(0xc000ab6210?, {0x2221c58, 0x1})
			gitlab.nethead.at/symflower/symflower/model/ast/scope.go:986 +0x85
		gitlab.nethead.at/symflower/symflower/model/ast.resolve(0xc00019cde0, {0x2205848?, 0xc000630060}, 0xe0)
			gitlab.nethead.at/symflower/symflower/model/ast/type-resolve.go:362 +0x78
		gitlab.nethead.at/symflower/symflower/model/ast.ResolveWithPointers(...)
			gitlab.nethead.at/symflower/symflower/model/ast/type-resolve.go:326
		gitlab.nethead.at/symflower/symflower/model/ast.(*TypeGenericInstance).IsCompatibleType(0xc000995740, 0xc00019cde0, {0x2205728?, 0xc001490f80?})
			gitlab.nethead.at/symflower/symflower/model/ast/type.go:3369 +0x230
		gitlab.nethead.at/symflower/symflower/language/java/symbol.(*transpiler).checkFunctionApplicability(0xc0005ae3c0, 0xc000956600, {0x0?, 0x0?}, {0x0?, 0x0?, 0xc000192c50?}, {0xc001362450, 0x3, 0x3})
			gitlab.nethead.at/symflower/symflower/language/java/symbol/overloading.go:406 +0x66b
		gitlab.nethead.at/symflower/symflower/language/java/symbol.(*transpiler).matchOverloadingFunction(0xc0005ae3c0, {0xc000586cd0, 0x1, 0x1}, {0x0, 0x0}, {0x0, 0x0, 0x0}, {0xc001362450, ...})
			gitlab.nethead.at/symflower/symflower/language/java/symbol/overloading.go:451 +0x217
		gitlab.nethead.at/symflower/symflower/language/java/symbol.(*transpiler).getFunction(0xc0005ae3c0, {0x0, 0x0}, {0xc000192c50, 0xd}, {0x0, 0x0, 0x0}, {0xc001362450, 0x3, ...})
			gitlab.nethead.at/symflower/symflower/language/java/symbol/overloading.go:224 +0xd2
		gitlab.nethead.at/symflower/symflower/language/java/symbol.(*transpiler).handleMethodCallResolveOverloads(0xc0005ae3c0, {0xc000192c50, 0xd}, {0x0?, 0x0?}, {0x0?, 0xab7207?, 0xc00019cde0?}, {0xc001362450, 0x3, ...})
			gitlab.nethead.at/symflower/symflower/language/java/symbol/handle.go:5426 +0x87
		gitlab.nethead.at/symflower/symflower/language/java/symbol.(*transpiler).handleExpressionMethodCall(0xc0005ae3c0, 0xc0009528d0, 0xc00060dec0)
			gitlab.nethead.at/symflower/symflower/language/java/symbol/handle.go:5568 +0x68b
		gitlab.nethead.at/symflower/symflower/language/java/symbol.(*transpiler).handleExpression(0xc0005ae3c0, 0xc0009528d0, {0x21f7d38, 0xc00060dec0})
			gitlab.nethead.at/symflower/symflower/language/java/symbol/handle.go:6903 +0x785
		gitlab.nethead.at/symflower/symflower/language/java/symbol.(*transpiler).handleStatementReturn(0xc0005ae3c0, 0xc0009528d0, 0xc0000e4700)
			gitlab.nethead.at/symflower/symflower/language/java/symbol/handle.go:4352 +0x7c
		gitlab.nethead.at/symflower/symflower/language/java/symbol.(*transpiler).handleStatement(0xc0005ae3c0, 0xc0009528d0, {0x21f74a0, 0xc0000e4700})
			gitlab.nethead.at/symflower/symflower/language/java/symbol/handle.go:4423 +0x745
		gitlab.nethead.at/symflower/symflower/language/java/symbol.(*transpiler).handleStatements(0xc0005ae3c0, 0xc0009528d0, {0xc000189700, 0x1, 0xc00019cde0?})
			gitlab.nethead.at/symflower/symflower/language/java/symbol/handle.go:3731 +0x85
		gitlab.nethead.at/symflower/symflower/language/java/symbol.(*transpiler).handleBlock.func1()
			gitlab.nethead.at/symflower/symflower/language/java/symbol/handle.go:3712 +0x45
		gitlab.nethead.at/symflower/symflower/model/ast.(*Scope).Scoped(0xc00019cde0, 0xc000ab6d50)
			gitlab.nethead.at/symflower/symflower/model/ast/scope.go:297 +0x162
		gitlab.nethead.at/symflower/symflower/language/java/symbol.(*transpiler).handleBlock(0xc0005ae3c0, 0xc0009528d0, 0xc0000e0d80)
			gitlab.nethead.at/symflower/symflower/language/java/symbol/handle.go:3711 +0x9e
		gitlab.nethead.at/symflower/symflower/language/java/symbol.(*transpiler).handleMethodDeclarationBody.(*transpiler).handleScopedBlockStatement.func2()
			gitlab.nethead.at/symflower/symflower/language/java/symbol/handle.go:2716 +0x205
		gitlab.nethead.at/symflower/symflower/model/ast.(*Scope).Scoped(0xc00019cde0, 0xc000ab7160)
			gitlab.nethead.at/symflower/symflower/model/ast/scope.go:297 +0x162
		gitlab.nethead.at/symflower/symflower/language/java/symbol.(*transpiler).handleScopedBlockStatement(...)
			gitlab.nethead.at/symflower/symflower/language/java/symbol/handle.go:2693
		gitlab.nethead.at/symflower/symflower/language/java/symbol.(*transpiler).handleMethodDeclarationBody(0xc0005ae3c0, 0xc0009528d0, {0x2208170, 0xc00094e780}, 0xc000956500, 0x0)
			gitlab.nethead.at/symflower/symflower/language/java/symbol/handle.go:2523 +0x61b
		gitlab.nethead.at/symflower/symflower/language/java/symbol.(*transpiler).handleClassAndInterfaceDeclarationBodies(0xc0005ae3c0, 0xc0009528d0, 0xc00094e780)
			gitlab.nethead.at/symflower/symflower/language/java/symbol/handle.go:1534 +0x2f7
		gitlab.nethead.at/symflower/symflower/language/java/symbol.(*transpiler).handleClassDeclarationBodies(0xc0005ae3c0, 0xc0009528d0, 0xc00094e780)
			gitlab.nethead.at/symflower/symflower/language/java/symbol/handle.go:1419 +0x106
		gitlab.nethead.at/symflower/symflower/language/java/symbol.(*transpiler).handleBodies.func1(0xc0009528d0, {0x2207578, 0xc00094e780})
			gitlab.nethead.at/symflower/symflower/language/java/symbol/symbols.go:532 +0x1ff
		gitlab.nethead.at/symflower/symflower/language/java/symbol.(*transpiler).walkSubDeclarations(0xc0005ae3c0, 0xc0009528d0, 0xc000ab7760, 0xc00092fc80, 0xc00094cfc0, {0x2207578, 0xc00094e780})
			gitlab.nethead.at/symflower/symflower/language/java/symbol/symbols.go:869 +0x1ee
		gitlab.nethead.at/symflower/symflower/language/java/symbol.(*transpiler).walkFile(0xc0005ae3c0, 0x1, 0x2088c58, 0xc000ab7760, 0xc00092fc80, 0xc00094cfc0)
			gitlab.nethead.at/symflower/symflower/language/java/symbol/symbols.go:625 +0x3c5
		gitlab.nethead.at/symflower/symflower/language/java/symbol.(*transpiler).walkPackage(0xc0005ae3c0, 0x1, 0x2088c58, 0xc000ab7760, 0xc00092fc80)
			gitlab.nethead.at/symflower/symflower/language/java/symbol/symbols.go:583 +0x225
		gitlab.nethead.at/symflower/symflower/language/java/symbol.(*transpiler).walkFilesAndDeclarations(0xc0005ae3c0, 0x1, 0x2088c58, 0xc000ab7760)
			gitlab.nethead.at/symflower/symflower/language/java/symbol/symbols.go:566 +0xa5
		gitlab.nethead.at/symflower/symflower/language/java/symbol.(*transpiler).handleBodies(0xc0005ae3c0)
			gitlab.nethead.at/symflower/symflower/language/java/symbol/symbols.go:513 +0x65
		gitlab.nethead.at/symflower/symflower/language/java/symbol.symbolsWithDependencies(0xc000594510, {0x0?, 0x41aa94?, 0x13e43a0?}, 0x1)
			gitlab.nethead.at/symflower/symflower/language/java/symbol/symbols.go:486 +0x147
		gitlab.nethead.at/symflower/symflower/language/java/symbol.Symbols(0xc000594510, 0x1)
			gitlab.nethead.at/symflower/symflower/language/java/symbol/symbols.go:457 +0xf2
		gitlab.nethead.at/symflower/symflower/language/java.Adapter.Symbols(...)
			gitlab.nethead.at/symflower/symflower/language/java/symbols.go:29
		gitlab.nethead.at/symflower/symflower/cmd/symflower-local/generate.(*Generator).transpileLanguage(0xc00013f410, 0x0, 0x0, {0x220c620, 0x2e6b360})
			gitlab.nethead.at/symflower/symflower/cmd/symflower-local/generate/generate.go:136 +0x373
		gitlab.nethead.at/symflower/symflower/cmd/symflower-local/generate.(*Generator).Symbols(0xc00013f410, 0x0, 0x0)
			gitlab.nethead.at/symflower/symflower/cmd/symflower-local/generate/generate.go:94 +0x136
		gitlab.nethead.at/symflower/symflower/cmd/symflower-local/generate.(*AnalyzeEngineDefault).UnitTests(0x29?, 0x124bba0?, {0x21eb890?, 0xc0005281b0?}, {0x50?, 0xa?, 0x1c?, 0x0?}, 0x29?, {0xc0001df320, ...})
			gitlab.nethead.at/symflower/symflower/cmd/symflower-local/generate/analyze.go:153 +0x77
		gitlab.nethead.at/symflower/symflower/cmd/symflower-local/cmd.(*commandUnitTests).Execute(0xc0000183d8, {0xc000018008?, 0x7a1302503158?, 0xc0000183d8?})
			gitlab.nethead.at/symflower/symflower/cmd/symflower-local/cmd/unit-tests.go:85 +0x2a6
		gitlab.nethead.at/symflower/symflower/cmd.ExecuteNoExit({0x21de020, 0xc000018008}, {0xc00019e000?, 0x44?, 0x0?})
			gitlab.nethead.at/symflower/symflower/cmd/execute.go:59 +0x2ad
		gitlab.nethead.at/symflower/symflower/cmd.Execute({0x21de020?, 0xc000018008?}, {0xc00019e000?, 0xc00007e000?, 0xc000051f10?})
			gitlab.nethead.at/symflower/symflower/cmd/execute.go:17 +0x26
		gitlab.nethead.at/symflower/symflower/cmd.ExecuteWithOSArguments(...)
			gitlab.nethead.at/symflower/symflower/cmd/execute.go:78
		main.main.func1()
			gitlab.nethead.at/symflower/symflower/cmd/symflower-demo/main.go:39 +0x34
		gitlab.nethead.at/symflower/symflower/cmd/symflower-local/cmd.(*Command).WithPanicReporter(0xc0000b2060?, 0x0?)
			gitlab.nethead.at/symflower/symflower/cmd/symflower-local/cmd/cmd.go:151 +0x33
		main.main()
			gitlab.nethead.at/symflower/symflower/cmd/symflower-demo/main.go:38 +0x7f
src/main/java/org/apache/commons/math3/genetics/RandomKey.java: error: unknown function
	data: [<nil> java/util/ArrayList//ArrayList [pointer(reference(java/lang/Double))] [l]]
src/main/java/org/apache/commons/math3/genetics/RandomKey.java: error: unknown function
	data: [<nil> java/util/ArrayList//ArrayList [reference(S)] [data]]
src/main/java/org/apache/commons/math3/genetics/RandomKey.java: error: unknown function
	data: [<nil> inducedPermutation [] [data sortedData]]
src/main/java/org/apache/commons/math3/genetics/RandomKey.java: error: unknown import
	data: java/util/Arrays
src/main/java/org/apache/commons/math3/genetics/RandomKey.java: error: unknown import
	data: java/util/Collections
src/main/java/org/apache/commons/math3/genetics/RandomKey.java: error: unknown import
	data: org/apache/commons/math3/exception/MathIllegalArgumentException
src/main/java/org/apache/commons/math3/genetics/RandomKey.java: error: unknown import
	data: org/apache/commons/math3/exception/util/LocalizedFormats
src/main/java/org/apache/commons/math3/genetics/RandomKey.java: error: unknown function
	data: [pointer(genericInstance(reference(java/util/List), [reference(S)])) java/util/List<S>//indexOf [] [call(select(ensure_not_nil(permutedData), get!82a13d2b9378b45b5451d30242dc1218), [i])]]
src/main/java/org/apache/commons/math3/genetics/RandomKey.java: error: error: unresolved type
	data: reference(S)
	child error: (error) Internal error: unknown type:
		"S"
		Stacktrace: goroutine 1 [running]:
		gitlab.nethead.at/symflower/symflower/model/errors.NewInternalError({0x21de060, 0x2d25a00}, {0x12473e0, 0xc000999d70})
			gitlab.nethead.at/symflower/symflower/model/errors/error.go:852 +0x4e
		gitlab.nethead.at/symflower/symflower/model/errors.NewProblemWithErrorSeverity(...)
			gitlab.nethead.at/symflower/symflower/model/errors/problem.go:321
		gitlab.nethead.at/symflower/symflower/model/ast.(*Scope).GetType(0xc0006f8058?, {0x2221c58, 0x1})
			gitlab.nethead.at/symflower/symflower/model/ast/scope.go:986 +0x85
		gitlab.nethead.at/symflower/symflower/model/ast.resolve(0xc00019cde0, {0x2205848?, 0xc000630060}, 0xe0)
			gitlab.nethead.at/symflower/symflower/model/ast/type-resolve.go:362 +0x78
		gitlab.nethead.at/symflower/symflower/model/ast.ResolveWithPointers(...)
			gitlab.nethead.at/symflower/symflower/model/ast/type-resolve.go:326
		gitlab.nethead.at/symflower/symflower/model/ast.(*TypeGenericInstance).IsCompatibleType(0xc000995740, 0xc00019cde0, {0x2205728?, 0xc000631040?})
			gitlab.nethead.at/symflower/symflower/model/ast/type.go:3369 +0x230
		gitlab.nethead.at/symflower/symflower/language/java/symbol.(*transpiler).checkFunctionApplicability(0xc0005ae3c0, 0xc000956600, {0x0?, 0x0?}, {0x0?, 0x0?, 0xc00052bf80?}, {0xc000a9e000, 0x3, 0x3})
			gitlab.nethead.at/symflower/symflower/language/java/symbol/overloading.go:406 +0x66b
		gitlab.nethead.at/symflower/symflower/language/java/symbol.(*transpiler).matchOverloadingFunction(0xc0005ae3c0, {0xc000586cd0, 0x1, 0x1}, {0x0, 0x0}, {0x0, 0x0, 0x0}, {0xc000a9e000, ...})
			gitlab.nethead.at/symflower/symflower/language/java/symbol/overloading.go:451 +0x217
		gitlab.nethead.at/symflower/symflower/language/java/symbol.(*transpiler).getFunction(0xc0005ae3c0, {0x0, 0x0}, {0xc00052bf80, 0xd}, {0x0, 0x0, 0x0}, {0xc000a9e000, 0x3, ...})
			gitlab.nethead.at/symflower/symflower/language/java/symbol/overloading.go:224 +0xd2
		gitlab.nethead.at/symflower/symflower/language/java/symbol.(*transpiler).handleMethodCallResolveOverloads(0xc0005ae3c0, {0xc00052bf80, 0xd}, {0x0?, 0x0?}, {0x0?, 0x0?, 0x0?}, {0xc000a9e000, 0x3, ...})
			gitlab.nethead.at/symflower/symflower/language/java/symbol/handle.go:5426 +0x87
		gitlab.nethead.at/symflower/symflower/language/java/symbol.(*transpiler).handleExpressionMethodCall(0xc0005ae3c0, 0xc0009528d0, 0xc00060db00)
			gitlab.nethead.at/symflower/symflower/language/java/symbol/handle.go:5568 +0x68b
		gitlab.nethead.at/symflower/symflower/language/java/symbol.(*transpiler).handleExpression(0xc0005ae3c0, 0xc0009528d0, {0x21f7d38, 0xc00060db00})
			gitlab.nethead.at/symflower/symflower/language/java/symbol/handle.go:6903 +0x785
		gitlab.nethead.at/symflower/symflower/language/java/symbol.(*transpiler).handleArguments(0xc0005ae3c0, 0xc0009528d0, {0xc0001896a0, 0x1, 0x13ea980?})
			gitlab.nethead.at/symflower/symflower/language/java/symbol/handle.go:5656 +0x9e
		gitlab.nethead.at/symflower/symflower/language/java/symbol.(*transpiler).handleExpressionMethodCall(0xc0005ae3c0, 0xc0009528d0, 0xc00060dbc0)
			gitlab.nethead.at/symflower/symflower/language/java/symbol/handle.go:5452 +0xa5
		gitlab.nethead.at/symflower/symflower/language/java/symbol.(*transpiler).handleExpression(0xc0005ae3c0, 0xc0009528d0, {0x21f7d38, 0xc00060dbc0})
			gitlab.nethead.at/symflower/symflower/language/java/symbol/handle.go:6903 +0x785
		gitlab.nethead.at/symflower/symflower/language/java/symbol.(*transpiler).handleStatementExpressionAssign(0xc0005ae3c0, 0xc0009528d0, 0xc0000274a0)
			gitlab.nethead.at/symflower/symflower/language/java/symbol/handle.go:3771 +0xe5
		gitlab.nethead.at/symflower/symflower/language/java/symbol.(*transpiler).handleStatementExpression(0xc0005ae3c0?, 0xc0009528d0?, {0x21f79c8?, 0xc0000274a0?})
			gitlab.nethead.at/symflower/symflower/language/java/symbol/handle.go:3932 +0x53
		gitlab.nethead.at/symflower/symflower/language/java/symbol.(*transpiler).handleStatement(0xc0005ae3c0, 0xc0009528d0, {0x21f7238, 0xc0000ddb00})
			gitlab.nethead.at/symflower/symflower/language/java/symbol/handle.go:4415 +0x8aa
		gitlab.nethead.at/symflower/symflower/language/java/symbol.(*transpiler).handleStatements(0xc0005ae3c0, 0xc0009528d0, {0xc0000d9720, 0x5, 0xc00019cde0?})
			gitlab.nethead.at/symflower/symflower/language/java/symbol/handle.go:3731 +0x85
		gitlab.nethead.at/symflower/symflower/language/java/symbol.(*transpiler).handleBlock.func1()
			gitlab.nethead.at/symflower/symflower/language/java/symbol/handle.go:3712 +0x45
		gitlab.nethead.at/symflower/symflower/model/ast.(*Scope).Scoped(0xc00019cde0, 0xc0006f8e90)
			gitlab.nethead.at/symflower/symflower/model/ast/scope.go:297 +0x162
		gitlab.nethead.at/symflower/symflower/language/java/symbol.(*transpiler).handleBlock(0xc0005ae3c0, 0xc0009528d0, 0xc0000e0c60)
			gitlab.nethead.at/symflower/symflower/language/java/symbol/handle.go:3711 +0x9e
		gitlab.nethead.at/symflower/symflower/language/java/symbol.(*transpiler).handleConstructorDeclarationBody.(*transpiler).handleScopedBlockStatement.func1()
			gitlab.nethead.at/symflower/symflower/language/java/symbol/handle.go:2716 +0x205
		gitlab.nethead.at/symflower/symflower/model/ast.(*Scope).Scoped(0xc00019cde0, 0xc0006f9158)
			gitlab.nethead.at/symflower/symflower/model/ast/scope.go:297 +0x162
		gitlab.nethead.at/symflower/symflower/language/java/symbol.(*transpiler).handleScopedBlockStatement(...)
			gitlab.nethead.at/symflower/symflower/language/java/symbol/handle.go:2693
		gitlab.nethead.at/symflower/symflower/language/java/symbol.(*transpiler).handleConstructorDeclarationBody(0xc0005ae3c0, 0xc0009528d0, 0xc000956100)
			gitlab.nethead.at/symflower/symflower/language/java/symbol/handle.go:1723 +0x2b1
		gitlab.nethead.at/symflower/symflower/language/java/symbol.(*transpiler).handleClassAndInterfaceDeclarationBodies(0xc0005ae3c0, 0xc0009528d0, 0xc00094e780)
			gitlab.nethead.at/symflower/symflower/language/java/symbol/handle.go:1530 +0x30e
		gitlab.nethead.at/symflower/symflower/language/java/symbol.(*transpiler).handleClassDeclarationBodies(0xc0005ae3c0, 0xc0009528d0, 0xc00094e780)
			gitlab.nethead.at/symflower/symflower/language/java/symbol/handle.go:1419 +0x106
		gitlab.nethead.at/symflower/symflower/language/java/symbol.(*transpiler).handleBodies.func1(0xc0009528d0, {0x2207578, 0xc00094e780})
			gitlab.nethead.at/symflower/symflower/language/java/symbol/symbols.go:532 +0x1ff
		gitlab.nethead.at/symflower/symflower/language/java/symbol.(*transpiler).walkSubDeclarations(0xc0005ae3c0, 0xc0009528d0, 0xc0006f9760, 0xc00092fc80, 0xc00094cfc0, {0x2207578, 0xc00094e780})
			gitlab.nethead.at/symflower/symflower/language/java/symbol/symbols.go:869 +0x1ee
		gitlab.nethead.at/symflower/symflower/language/java/symbol.(*transpiler).walkFile(0xc0005ae3c0, 0x1, 0x2088c58, 0xc0006f9760, 0xc00092fc80, 0xc00094cfc0)
			gitlab.nethead.at/symflower/symflower/language/java/symbol/symbols.go:625 +0x3c5
		gitlab.nethead.at/symflower/symflower/language/java/symbol.(*transpiler).walkPackage(0xc0005ae3c0, 0x1, 0x2088c58, 0xc0006f9760, 0xc00092fc80)
			gitlab.nethead.at/symflower/symflower/language/java/symbol/symbols.go:583 +0x225
		gitlab.nethead.at/symflower/symflower/language/java/symbol.(*transpiler).walkFilesAndDeclarations(0xc0005ae3c0, 0x1, 0x2088c58, 0xc0006f9760)
			gitlab.nethead.at/symflower/symflower/language/java/symbol/symbols.go:566 +0xa5
		gitlab.nethead.at/symflower/symflower/language/java/symbol.(*transpiler).handleBodies(0xc0005ae3c0)
			gitlab.nethead.at/symflower/symflower/language/java/symbol/symbols.go:513 +0x65
		gitlab.nethead.at/symflower/symflower/language/java/symbol.symbolsWithDependencies(0xc000594510, {0x0?, 0x41aa94?, 0x13e43a0?}, 0x1)
			gitlab.nethead.at/symflower/symflower/language/java/symbol/symbols.go:486 +0x147
		gitlab.nethead.at/symflower/symflower/language/java/symbol.Symbols(0xc000594510, 0x1)
			gitlab.nethead.at/symflower/symflower/language/java/symbol/symbols.go:457 +0xf2
		gitlab.nethead.at/symflower/symflower/language/java.Adapter.Symbols(...)
			gitlab.nethead.at/symflower/symflower/language/java/symbols.go:29
		gitlab.nethead.at/symflower/symflower/cmd/symflower-local/generate.(*Generator).transpileLanguage(0xc00013f410, 0x0, 0x0, {0x220c620, 0x2e6b360})
			gitlab.nethead.at/symflower/symflower/cmd/symflower-local/generate/generate.go:136 +0x373
		gitlab.nethead.at/symflower/symflower/cmd/symflower-local/generate.(*Generator).Symbols(0xc00013f410, 0x0, 0x0)
			gitlab.nethead.at/symflower/symflower/cmd/symflower-local/generate/generate.go:94 +0x136
		gitlab.nethead.at/symflower/symflower/cmd/symflower-local/generate.(*AnalyzeEngineDefault).UnitTests(0x29?, 0x124bba0?, {0x21eb890?, 0xc0005281b0?}, {0x50?, 0xa?, 0x1c?, 0x0?}, 0x29?, {0xc0001df320, ...})
			gitlab.nethead.at/symflower/symflower/cmd/symflower-local/generate/analyze.go:153 +0x77
		gitlab.nethead.at/symflower/symflower/cmd/symflower-local/cmd.(*commandUnitTests).Execute(0xc0000183d8, {0xc000018008?, 0x7a1302503158?, 0xc0000183d8?})
			gitlab.nethead.at/symflower/symflower/cmd/symflower-local/cmd/unit-tests.go:85 +0x2a6
		gitlab.nethead.at/symflower/symflower/cmd.ExecuteNoExit({0x21de020, 0xc000018008}, {0xc00019e000?, 0x44?, 0x0?})
			gitlab.nethead.at/symflower/symflower/cmd/execute.go:59 +0x2ad
		gitlab.nethead.at/symflower/symflower/cmd.Execute({0x21de020?, 0xc000018008?}, {0xc00019e000?, 0xc00007e000?, 0xc000051f10?})
			gitlab.nethead.at/symflower/symflower/cmd/execute.go:17 +0x26
		gitlab.nethead.at/symflower/symflower/cmd.ExecuteWithOSArguments(...)
			gitlab.nethead.at/symflower/symflower/cmd/execute.go:78
		main.main.func1()
			gitlab.nethead.at/symflower/symflower/cmd/symflower-demo/main.go:39 +0x34
		gitlab.nethead.at/symflower/symflower/cmd/symflower-local/cmd.(*Command).WithPanicReporter(0xc0000b2060?, 0x0?)
			gitlab.nethead.at/symflower/symflower/cmd/symflower-local/cmd/cmd.go:151 +0x33
		main.main()
			gitlab.nethead.at/symflower/symflower/cmd/symflower-demo/main.go:38 +0x7f
src/main/java/org/apache/commons/math3/genetics/RandomKey.java: error: unknown function
	data: [<nil> java/util/ArrayList//ArrayList [reference(S)] [l]]
src/main/java/org/apache/commons/math3/genetics/RandomKey.java: error: unknown function
	data: [<nil> java/util/ArrayList//ArrayList [pointer(reference(java/lang/Double))] [l]]
src/main/java/org/apache/commons/math3/genetics/RandomKey.java: error: unknown function
	data: [<nil> java/util/ArrayList//ArrayList [reference(S)] [originalData]]
src/main/java/org/apache/commons/math3/genetics/RandomKey.java: error: unknown function
	data: [<nil> java/util/ArrayList//ArrayList [pointer(reference(java/lang/Integer))] [l]]
src/main/java/org/apache/commons/math3/genetics/RandomKey.java: error: unknown function
	data: [<nil> java/util/ArrayList//ArrayList [pointer(reference(java/lang/Double))] [call(select(this, getRepresentation!d41d8cd98f00b204e9800998ecf8427e), [])]]
src/main/java/org/apache/commons/math3/genetics/RandomKey.java: error: unknown function
	data: [<nil> java/util/ArrayList//ArrayList [pointer(reference(java/lang/Double))] [representation]]
src/main/java/org/apache/commons/math3/genetics/RandomKeyMutation.java: error: unknown function
	data: [<nil> java/util/ArrayList//ArrayList [pointer(reference(java/lang/Double))] [repr]]
src/main/java/org/apache/commons/math3/genetics/RandomKeyMutation.java: error: unknown import
	data: org/apache/commons/math3/exception/MathIllegalArgumentException
src/main/java/org/apache/commons/math3/genetics/RandomKeyMutation.java: error: unknown import
	data: org/apache/commons/math3/exception/util/LocalizedFormats
src/main/java/org/apache/commons/math3/genetics/TournamentSelection.java: error: unknown import
	data: org/apache/commons/math3/exception/MathIllegalArgumentException
src/main/java/org/apache/commons/math3/genetics/TournamentSelection.java: error: unknown import
	data: org/apache/commons/math3/exception/util/LocalizedFormats
src/main/java/org/apache/commons/math3/genetics/TournamentSelection.java: error: unknown function
	data: [<nil> java/util/ArrayList//ArrayList [pointer(reference(org/apache/commons/math3/genetics/Chromosome))] [call(select(ensure_not_nil(population), getChromosomes!d41d8cd98f00b204e9800998ecf8427e), [])]]
Found 1 Java files
Found 64 problems in Java files
src/main/java/org/apache/commons/math3/genetics/ListPopulation.java: found 13 symbols
src/main/java/org/apache/commons/math3/genetics/ListPopulation.java: org.apache.commons.math3.genetics.ListPopulation.addChromosomes: computing test cases
src/main/java/org/apache/commons/math3/genetics/ListPopulation.java: org.apache.commons.math3.genetics.ListPopulation.addChromosomes: computed 0 unit tests
src/main/java/org/apache/commons/math3/genetics/ListPopulation.java: org.apache.commons.math3.genetics.ListPopulation.addChromosome: computing test cases
src/main/java/org/apache/commons/math3/genetics/ListPopulation.java: org.apache.commons.math3.genetics.ListPopulation.addChromosome: computed 0 unit tests
src/main/java/org/apache/commons/math3/genetics/ListPopulation.java: org.apache.commons.math3.genetics.ListPopulation.iterator: computing test cases
src/main/java/org/apache/commons/math3/genetics/ListPopulation.java: org.apache.commons.math3.genetics.ListPopulation.iterator: computed 0 unit tests
src/main/java/org/apache/commons/math3/genetics/ListPopulation.java: org.apache.commons.math3.genetics.ListPopulation.getChromosomes: computing test cases
src/main/java/org/apache/commons/math3/genetics/ListPopulation.java: org.apache.commons.math3.genetics.ListPopulation.getChromosomes: computed 0 unit tests
src/main/java/org/apache/commons/math3/genetics/ListPopulation.java: org.apache.commons.math3.genetics.ListPopulation.setPopulationLimit: computing test cases
src/main/java/org/apache/commons/math3/genetics/ListPopulation.java: org.apache.commons.math3.genetics.ListPopulation.setPopulationLimit: computed 0 unit tests
src/main/java/org/apache/commons/math3/genetics/ListPopulation.java: org.apache.commons.math3.genetics.ListPopulation.ListPopulation: computing test cases
src/main/java/org/apache/commons/math3/genetics/ListPopulation.java: org.apache.commons.math3.genetics.ListPopulation.ListPopulation: computed 0 unit tests
src/main/java/org/apache/commons/math3/genetics/ListPopulation.java: org.apache.commons.math3.genetics.ListPopulation.getPopulationLimit: computing test cases
src/main/java/org/apache/commons/math3/genetics/ListPopulation.java: org.apache.commons.math3.genetics.ListPopulation.getPopulationLimit: computed 0 unit tests
src/main/java/org/apache/commons/math3/genetics/ListPopulation.java: org.apache.commons.math3.genetics.ListPopulation.getPopulationSize: computing test cases
src/main/java/org/apache/commons/math3/genetics/ListPopulation.java: org.apache.commons.math3.genetics.ListPopulation.getPopulationSize: computed 0 unit tests
src/main/java/org/apache/commons/math3/genetics/ListPopulation.java: org.apache.commons.math3.genetics.ListPopulation.ListPopulation: computing test cases
src/main/java/org/apache/commons/math3/genetics/ListPopulation.java: org.apache.commons.math3.genetics.ListPopulation.ListPopulation: computed 0 unit tests
src/main/java/org/apache/commons/math3/genetics/ListPopulation.java: org.apache.commons.math3.genetics.ListPopulation.setChromosomes: computing test cases
src/main/java/org/apache/commons/math3/genetics/ListPopulation.java: org.apache.commons.math3.genetics.ListPopulation.setChromosomes: computed 0 unit tests
src/main/java/org/apache/commons/math3/genetics/ListPopulation.java: org.apache.commons.math3.genetics.ListPopulation.getChromosomeList: computing test cases
src/main/java/org/apache/commons/math3/genetics/ListPopulation.java: org.apache.commons.math3.genetics.ListPopulation.getChromosomeList: computed 0 unit tests
src/main/java/org/apache/commons/math3/genetics/ListPopulation.java: org.apache.commons.math3.genetics.ListPopulation.toString: computing test cases
src/main/java/org/apache/commons/math3/genetics/ListPopulation.java: org.apache.commons.math3.genetics.ListPopulation.toString: computed 0 unit tests
src/main/java/org/apache/commons/math3/genetics/ListPopulation.java: org.apache.commons.math3.genetics.ListPopulation.getFittestChromosome: computing test cases
src/main/java/org/apache/commons/math3/genetics/ListPopulation.java: org.apache.commons.math3.genetics.ListPopulation.getFittestChromosome: computed 0 unit tests
Analyzed 1 out of 14 source files
Had 1 error that blocks a full analysis
Generated 0 tests
Found 0 potential problems
The following issues prevent a full analysis:

* 36 cases of "unknown import"
	Description: Imports could not be resolved. This is likely due to missing dependencies.

* 22 cases of "unknown function"
	Description: Functions could not be resolved. This occurs due to missing dependencies,
  or if a called function is removed due to some other problem.

* 4 cases of "unknown type"
	Description: Types could not be resolved. This could be because of missing dependencies
  or a consequence of some other problem.

* 1 case of "other issues"
	Description: Uncategorized problems.

