Analyzing workspace /home/ph7/sqa-project/workspaces/math_14b/
Search for Go files
Found 0 Go files
Search for Java files
Load dependency stdlib:@dev
src/main/java/org/apache/commons/math3/optim/nonlinear/vector/jacobian/AbstractLeastSquaresOptimizer.java: org.apache.commons.math3.optim.nonlinear.vector.jacobian.AbstractLeastSquaresOptimizer.parseOptimizationData: function is private and therefore inaccessible for tests
src/main/java/org/apache/commons/math3/optim/nonlinear/vector/jacobian/AbstractLeastSquaresOptimizer.java: org.apache.commons.math3.optim.nonlinear.vector.jacobian.AbstractLeastSquaresOptimizer.squareRoot: function is private and therefore inaccessible for tests
src/main/java/org/apache/commons/math3/optim/nonlinear/vector/jacobian/LevenbergMarquardtOptimizer.java: org.apache.commons.math3.optim.nonlinear.vector.jacobian.LevenbergMarquardtOptimizer.determineLMParameter: function is private and therefore inaccessible for tests
src/main/java/org/apache/commons/math3/optim/nonlinear/vector/jacobian/LevenbergMarquardtOptimizer.java: org.apache.commons.math3.optim.nonlinear.vector.jacobian.LevenbergMarquardtOptimizer.determineLMDirection: function is private and therefore inaccessible for tests
src/main/java/org/apache/commons/math3/optim/nonlinear/vector/jacobian/LevenbergMarquardtOptimizer.java: org.apache.commons.math3.optim.nonlinear.vector.jacobian.LevenbergMarquardtOptimizer.qrDecomposition: function is private and therefore inaccessible for tests
src/main/java/org/apache/commons/math3/optim/nonlinear/vector/jacobian/LevenbergMarquardtOptimizer.java: org.apache.commons.math3.optim.nonlinear.vector.jacobian.LevenbergMarquardtOptimizer.qTy: function is private and therefore inaccessible for tests
src/main/java/org/apache/commons/math3/optim/nonlinear/vector/jacobian/AbstractLeastSquaresOptimizer.java: error: unknown import
	data: org/apache/commons/math3/exception/DimensionMismatchException
src/main/java/org/apache/commons/math3/optim/nonlinear/vector/jacobian/AbstractLeastSquaresOptimizer.java: error: unknown import
	data: org/apache/commons/math3/linear/ArrayRealVector
src/main/java/org/apache/commons/math3/optim/nonlinear/vector/jacobian/AbstractLeastSquaresOptimizer.java: error: unknown import
	data: org/apache/commons/math3/linear/QRDecomposition
src/main/java/org/apache/commons/math3/optim/nonlinear/vector/jacobian/AbstractLeastSquaresOptimizer.java: error: unknown import
	data: org/apache/commons/math3/linear/EigenDecomposition
src/main/java/org/apache/commons/math3/optim/nonlinear/vector/jacobian/AbstractLeastSquaresOptimizer.java: error: unknown function
	data: [<nil> computeJacobian [] [params]]
src/main/java/org/apache/commons/math3/optim/nonlinear/vector/jacobian/AbstractLeastSquaresOptimizer.java: error: unknown function
	data: [<nil> getWeight [] []]
src/main/java/org/apache/commons/math3/optim/nonlinear/vector/jacobian/AbstractLeastSquaresOptimizer.java: error: unknown import
	data: org/apache/commons/math3/exception/TooManyEvaluationsException
src/main/java/org/apache/commons/math3/optim/nonlinear/vector/jacobian/AbstractLeastSquaresOptimizer.java: error: unknown import
	data: org/apache/commons/math3/linear/DecompositionSolver
src/main/java/org/apache/commons/math3/optim/nonlinear/vector/jacobian/AbstractLeastSquaresOptimizer.java: error: unknown import
	data: org/apache/commons/math3/linear/MatrixUtils
src/main/java/org/apache/commons/math3/optim/nonlinear/vector/jacobian/AbstractLeastSquaresOptimizer.java: error: unknown import
	data: org/apache/commons/math3/util/FastMath
src/main/java/org/apache/commons/math3/optim/nonlinear/vector/jacobian/AbstractLeastSquaresOptimizer.java: error: unknown function
	data: [<nil> getTarget [] []]
src/main/java/org/apache/commons/math3/optim/nonlinear/vector/jacobian/AbstractLeastSquaresOptimizer.java: internal error: type does not support nil values
	data: unsupported(org/apache/commons/math3/optim/nonlinear/vector/Weight)
src/main/java/org/apache/commons/math3/optim/nonlinear/vector/jacobian/AbstractLeastSquaresOptimizer.java: error: unknown import
	data: org/apache/commons/math3/optim/ConvergenceChecker
src/main/java/org/apache/commons/math3/optim/nonlinear/vector/jacobian/AbstractLeastSquaresOptimizer.java: error: unknown import
	data: org/apache/commons/math3/linear/RealMatrix
src/main/java/org/apache/commons/math3/optim/nonlinear/vector/jacobian/AbstractLeastSquaresOptimizer.java: error: unknown import
	data: org/apache/commons/math3/linear/DiagonalMatrix
src/main/java/org/apache/commons/math3/optim/nonlinear/vector/jacobian/AbstractLeastSquaresOptimizer.java: error: unknown import
	data: org/apache/commons/math3/optim/OptimizationData
src/main/java/org/apache/commons/math3/optim/nonlinear/vector/jacobian/AbstractLeastSquaresOptimizer.java: error: unknown import
	data: org/apache/commons/math3/optim/PointVectorValuePair
src/main/java/org/apache/commons/math3/optim/nonlinear/vector/jacobian/AbstractLeastSquaresOptimizer.java: error: unknown import
	data: org/apache/commons/math3/optim/nonlinear/vector/Weight
src/main/java/org/apache/commons/math3/optim/nonlinear/vector/jacobian/AbstractLeastSquaresOptimizer.java: error: unknown import
	data: org/apache/commons/math3/optim/nonlinear/vector/JacobianMultivariateVectorOptimizer
src/main/java/org/apache/commons/math3/optim/nonlinear/vector/jacobian/AbstractLeastSquaresOptimizer.java: error: unknown function
	data: [<nil> getTargetSize [] []]
src/main/java/org/apache/commons/math3/optim/nonlinear/vector/jacobian/GaussNewtonOptimizer.java: error: unknown import
	data: org/apache/commons/math3/optim/PointVectorValuePair
src/main/java/org/apache/commons/math3/optim/nonlinear/vector/jacobian/GaussNewtonOptimizer.java: error: unknown function
	data: [<nil> computeObjectiveValue [] [currentPoint]]
src/main/java/org/apache/commons/math3/optim/nonlinear/vector/jacobian/GaussNewtonOptimizer.java: error: unknown identifier
	data: checker
src/main/java/org/apache/commons/math3/optim/nonlinear/vector/jacobian/GaussNewtonOptimizer.java: error: unknown import
	data: org/apache/commons/math3/linear/LUDecomposition
src/main/java/org/apache/commons/math3/optim/nonlinear/vector/jacobian/GaussNewtonOptimizer.java: error: unknown import
	data: org/apache/commons/math3/linear/QRDecomposition
src/main/java/org/apache/commons/math3/optim/nonlinear/vector/jacobian/GaussNewtonOptimizer.java: error: unknown function
	data: [<nil> getConvergenceChecker [] []]
src/main/java/org/apache/commons/math3/optim/nonlinear/vector/jacobian/GaussNewtonOptimizer.java: error: unknown import
	data: org/apache/commons/math3/exception/NullArgumentException
src/main/java/org/apache/commons/math3/optim/nonlinear/vector/jacobian/GaussNewtonOptimizer.java: error: unknown import
	data: org/apache/commons/math3/exception/MathInternalError
src/main/java/org/apache/commons/math3/optim/nonlinear/vector/jacobian/GaussNewtonOptimizer.java: error: unknown import
	data: org/apache/commons/math3/linear/BlockRealMatrix
src/main/java/org/apache/commons/math3/optim/nonlinear/vector/jacobian/GaussNewtonOptimizer.java: error: unknown import
	data: org/apache/commons/math3/linear/RealMatrix
src/main/java/org/apache/commons/math3/optim/nonlinear/vector/jacobian/GaussNewtonOptimizer.java: error: unknown function
	data: [<nil> getTarget [] []]
src/main/java/org/apache/commons/math3/optim/nonlinear/vector/jacobian/GaussNewtonOptimizer.java: unsupported: unsupported AST node
	data: genericInstance(unsupported(org/apache/commons/math3/optim/ConvergenceChecker), [unsupported(org/apache/commons/math3/optim/PointVectorValuePair)])
src/main/java/org/apache/commons/math3/optim/nonlinear/vector/jacobian/GaussNewtonOptimizer.java: error: unknown import
	data: org/apache/commons/math3/exception/ConvergenceException
src/main/java/org/apache/commons/math3/optim/nonlinear/vector/jacobian/GaussNewtonOptimizer.java: error: unknown import
	data: org/apache/commons/math3/exception/util/LocalizedFormats
src/main/java/org/apache/commons/math3/optim/nonlinear/vector/jacobian/GaussNewtonOptimizer.java: error: unknown import
	data: org/apache/commons/math3/optim/ConvergenceChecker
src/main/java/org/apache/commons/math3/optim/nonlinear/vector/jacobian/GaussNewtonOptimizer.java: error: unknown function
	data: [<nil> getStartPoint [] []]
src/main/java/org/apache/commons/math3/optim/nonlinear/vector/jacobian/GaussNewtonOptimizer.java: error: unknown import
	data: org/apache/commons/math3/linear/ArrayRealVector
src/main/java/org/apache/commons/math3/optim/nonlinear/vector/jacobian/GaussNewtonOptimizer.java: error: unknown import
	data: org/apache/commons/math3/linear/DecompositionSolver
src/main/java/org/apache/commons/math3/optim/nonlinear/vector/jacobian/GaussNewtonOptimizer.java: error: unknown import
	data: org/apache/commons/math3/linear/SingularMatrixException
src/main/java/org/apache/commons/math3/optim/nonlinear/vector/jacobian/LevenbergMarquardtOptimizer.java: unsupported: unsupported AST node
	data: genericInstance(unsupported(org/apache/commons/math3/optim/ConvergenceChecker), [unsupported(org/apache/commons/math3/optim/PointVectorValuePair)])
src/main/java/org/apache/commons/math3/optim/nonlinear/vector/jacobian/LevenbergMarquardtOptimizer.java: internal error: not all elements have the same type
	data: primitive(float, 64, false) vs primitive(int, 32, false)
src/main/java/org/apache/commons/math3/optim/nonlinear/vector/jacobian/LevenbergMarquardtOptimizer.java: error: unknown field
	data: [Double struct(java/lang/Double, [], [pointer(reference(java/lang/Object))], []) NEGATIVE_INFINITY]
src/main/java/org/apache/commons/math3/optim/nonlinear/vector/jacobian/LevenbergMarquardtOptimizer.java: error: unknown import
	data: org/apache/commons/math3/optim/PointVectorValuePair
src/main/java/org/apache/commons/math3/optim/nonlinear/vector/jacobian/LevenbergMarquardtOptimizer.java: error: unknown import
	data: org/apache/commons/math3/linear/RealMatrix
src/main/java/org/apache/commons/math3/optim/nonlinear/vector/jacobian/LevenbergMarquardtOptimizer.java: error: unknown function
	data: [<nil> computeObjectiveValue [] [currentPoint]]
src/main/java/org/apache/commons/math3/optim/nonlinear/vector/jacobian/LevenbergMarquardtOptimizer.java: error: unknown import
	data: org/apache/commons/math3/exception/util/LocalizedFormats
src/main/java/org/apache/commons/math3/optim/nonlinear/vector/jacobian/LevenbergMarquardtOptimizer.java: error: unknown import
	data: org/apache/commons/math3/util/FastMath
src/main/java/org/apache/commons/math3/optim/nonlinear/vector/jacobian/LevenbergMarquardtOptimizer.java: error: unknown function
	data: [<nil> getTarget [] []]
src/main/java/org/apache/commons/math3/optim/nonlinear/vector/jacobian/LevenbergMarquardtOptimizer.java: error: unknown function
	data: [<nil> getStartPoint [] []]
src/main/java/org/apache/commons/math3/optim/nonlinear/vector/jacobian/LevenbergMarquardtOptimizer.java: error: unknown function
	data: [<nil> getConvergenceChecker [] []]
src/main/java/org/apache/commons/math3/optim/nonlinear/vector/jacobian/LevenbergMarquardtOptimizer.java: error: unknown identifier
	data: alpha
src/main/java/org/apache/commons/math3/optim/nonlinear/vector/jacobian/LevenbergMarquardtOptimizer.java: error: unknown function
	data: [<nil> computeObjectiveValue [] [currentPoint]]
src/main/java/org/apache/commons/math3/optim/nonlinear/vector/jacobian/LevenbergMarquardtOptimizer.java: error: unknown import
	data: java/util/Arrays
src/main/java/org/apache/commons/math3/optim/nonlinear/vector/jacobian/LevenbergMarquardtOptimizer.java: error: unknown import
	data: org/apache/commons/math3/exception/ConvergenceException
src/main/java/org/apache/commons/math3/optim/nonlinear/vector/jacobian/LevenbergMarquardtOptimizer.java: error: unknown import
	data: org/apache/commons/math3/optim/ConvergenceChecker
src/main/java/org/apache/commons/math3/optim/nonlinear/vector/jacobian/LevenbergMarquardtOptimizer.java: error: unknown import
	data: org/apache/commons/math3/util/Precision
src/main/java/org/apache/commons/math3/optim/nonlinear/vector/jacobian/LevenbergMarquardtOptimizer.java: error: unknown function
	data: [struct(org/apache/commons/math3/optim/nonlinear/vector/jacobian/AbstractLeastSquaresOptimizer, [], [unsupported(org/apache/commons/math3/optim/nonlinear/vector/JacobianMultivariateVectorOptimizer)], []) org/apache/commons/math3/optim/nonlinear/vector/jacobian/AbstractLeastSquaresOptimizer//@@constructor [] []]
Found 4 Java files
Found 57 problems in Java files
src/main/java/org/apache/commons/math3/optim/nonlinear/vector/jacobian/AbstractLeastSquaresOptimizer.java: found 11 symbols
src/main/java/org/apache/commons/math3/optim/nonlinear/vector/jacobian/GaussNewtonOptimizer.java: found 3 symbols
src/main/java/org/apache/commons/math3/optim/nonlinear/vector/jacobian/LevenbergMarquardtOptimizer.java: found 6 symbols
src/main/java/org/apache/commons/math3/optim/nonlinear/vector/jacobian/package-info.java: found 0 symbols
src/main/java/org/apache/commons/math3/optim/nonlinear/vector/jacobian/AbstractLeastSquaresOptimizer.java: org.apache.commons.math3.optim.nonlinear.vector.jacobian.AbstractLeastSquaresOptimizer.getRMS: computing test cases
src/main/java/org/apache/commons/math3/optim/nonlinear/vector/jacobian/AbstractLeastSquaresOptimizer.java: org.apache.commons.math3.optim.nonlinear.vector.jacobian.AbstractLeastSquaresOptimizer.getRMS: computed 0 unit tests
src/main/java/org/apache/commons/math3/optim/nonlinear/vector/jacobian/AbstractLeastSquaresOptimizer.java: org.apache.commons.math3.optim.nonlinear.vector.jacobian.AbstractLeastSquaresOptimizer.setCost: computing test cases
src/main/java/org/apache/commons/math3/optim/nonlinear/vector/jacobian/AbstractLeastSquaresOptimizer.java: org.apache.commons.math3.optim.nonlinear.vector.jacobian.AbstractLeastSquaresOptimizer.setCost: computed 0 unit tests
src/main/java/org/apache/commons/math3/optim/nonlinear/vector/jacobian/AbstractLeastSquaresOptimizer.java: org.apache.commons.math3.optim.nonlinear.vector.jacobian.AbstractLeastSquaresOptimizer.computeResiduals: computing test cases
src/main/java/org/apache/commons/math3/optim/nonlinear/vector/jacobian/AbstractLeastSquaresOptimizer.java: org.apache.commons.math3.optim.nonlinear.vector.jacobian.AbstractLeastSquaresOptimizer.computeResiduals: computed 0 unit tests
src/main/java/org/apache/commons/math3/optim/nonlinear/vector/jacobian/AbstractLeastSquaresOptimizer.java: org.apache.commons.math3.optim.nonlinear.vector.jacobian.AbstractLeastSquaresOptimizer.getWeightSquareRoot: computing test cases
src/main/java/org/apache/commons/math3/optim/nonlinear/vector/jacobian/AbstractLeastSquaresOptimizer.java: org.apache.commons.math3.optim.nonlinear.vector.jacobian.AbstractLeastSquaresOptimizer.getWeightSquareRoot: computed 0 unit tests
src/main/java/org/apache/commons/math3/optim/nonlinear/vector/jacobian/AbstractLeastSquaresOptimizer.java: org.apache.commons.math3.optim.nonlinear.vector.jacobian.AbstractLeastSquaresOptimizer.computeSigma: computing test cases
src/main/java/org/apache/commons/math3/optim/nonlinear/vector/jacobian/AbstractLeastSquaresOptimizer.java: org.apache.commons.math3.optim.nonlinear.vector.jacobian.AbstractLeastSquaresOptimizer.computeSigma: computed 0 unit tests
src/main/java/org/apache/commons/math3/optim/nonlinear/vector/jacobian/AbstractLeastSquaresOptimizer.java: org.apache.commons.math3.optim.nonlinear.vector.jacobian.AbstractLeastSquaresOptimizer.optimize: computing test cases
src/main/java/org/apache/commons/math3/optim/nonlinear/vector/jacobian/AbstractLeastSquaresOptimizer.java: org.apache.commons.math3.optim.nonlinear.vector.jacobian.AbstractLeastSquaresOptimizer.optimize: computed 0 unit tests
src/main/java/org/apache/commons/math3/optim/nonlinear/vector/jacobian/AbstractLeastSquaresOptimizer.java: org.apache.commons.math3.optim.nonlinear.vector.jacobian.AbstractLeastSquaresOptimizer.AbstractLeastSquaresOptimizer: computing test cases
src/main/java/org/apache/commons/math3/optim/nonlinear/vector/jacobian/AbstractLeastSquaresOptimizer.java: org.apache.commons.math3.optim.nonlinear.vector.jacobian.AbstractLeastSquaresOptimizer.AbstractLeastSquaresOptimizer: computed 0 unit tests
src/main/java/org/apache/commons/math3/optim/nonlinear/vector/jacobian/AbstractLeastSquaresOptimizer.java: org.apache.commons.math3.optim.nonlinear.vector.jacobian.AbstractLeastSquaresOptimizer.getChiSquare: computing test cases
src/main/java/org/apache/commons/math3/optim/nonlinear/vector/jacobian/AbstractLeastSquaresOptimizer.java: org.apache.commons.math3.optim.nonlinear.vector.jacobian.AbstractLeastSquaresOptimizer.getChiSquare: computed 0 unit tests
src/main/java/org/apache/commons/math3/optim/nonlinear/vector/jacobian/AbstractLeastSquaresOptimizer.java: org.apache.commons.math3.optim.nonlinear.vector.jacobian.AbstractLeastSquaresOptimizer.computeCovariances: computing test cases
src/main/java/org/apache/commons/math3/optim/nonlinear/vector/jacobian/AbstractLeastSquaresOptimizer.java: org.apache.commons.math3.optim.nonlinear.vector.jacobian.AbstractLeastSquaresOptimizer.computeCovariances: computed 0 unit tests
src/main/java/org/apache/commons/math3/optim/nonlinear/vector/jacobian/AbstractLeastSquaresOptimizer.java: org.apache.commons.math3.optim.nonlinear.vector.jacobian.AbstractLeastSquaresOptimizer.computeWeightedJacobian: computing test cases
src/main/java/org/apache/commons/math3/optim/nonlinear/vector/jacobian/AbstractLeastSquaresOptimizer.java: org.apache.commons.math3.optim.nonlinear.vector.jacobian.AbstractLeastSquaresOptimizer.computeWeightedJacobian: computed 0 unit tests
src/main/java/org/apache/commons/math3/optim/nonlinear/vector/jacobian/AbstractLeastSquaresOptimizer.java: org.apache.commons.math3.optim.nonlinear.vector.jacobian.AbstractLeastSquaresOptimizer.computeCost: computing test cases
src/main/java/org/apache/commons/math3/optim/nonlinear/vector/jacobian/AbstractLeastSquaresOptimizer.java: org.apache.commons.math3.optim.nonlinear.vector.jacobian.AbstractLeastSquaresOptimizer.computeCost: computed 0 unit tests
src/main/java/org/apache/commons/math3/optim/nonlinear/vector/jacobian/GaussNewtonOptimizer.java: org.apache.commons.math3.optim.nonlinear.vector.jacobian.GaussNewtonOptimizer.GaussNewtonOptimizer: computing test cases
src/main/java/org/apache/commons/math3/optim/nonlinear/vector/jacobian/GaussNewtonOptimizer.java: org.apache.commons.math3.optim.nonlinear.vector.jacobian.GaussNewtonOptimizer.GaussNewtonOptimizer: found 1 problems
src/main/java/org/apache/commons/math3/optim/nonlinear/vector/jacobian/GaussNewtonOptimizer.java: internal error: org.apache.commons.math3.optim.nonlinear.vector.jacobian.GaussNewtonOptimizer.GaussNewtonOptimizer: unknown type kind
	data: unsupported(org/apache/commons/math3/linear/RealMatrix)
src/main/java/org/apache/commons/math3/optim/nonlinear/vector/jacobian/GaussNewtonOptimizer.java: org.apache.commons.math3.optim.nonlinear.vector.jacobian.GaussNewtonOptimizer.GaussNewtonOptimizer: computing test cases
src/main/java/org/apache/commons/math3/optim/nonlinear/vector/jacobian/GaussNewtonOptimizer.java: org.apache.commons.math3.optim.nonlinear.vector.jacobian.GaussNewtonOptimizer.GaussNewtonOptimizer: found 1 problems
src/main/java/org/apache/commons/math3/optim/nonlinear/vector/jacobian/GaussNewtonOptimizer.java: internal error: org.apache.commons.math3.optim.nonlinear.vector.jacobian.GaussNewtonOptimizer.GaussNewtonOptimizer: unknown type kind
	data: unsupported(org/apache/commons/math3/linear/RealMatrix)
src/main/java/org/apache/commons/math3/optim/nonlinear/vector/jacobian/GaussNewtonOptimizer.java: org.apache.commons.math3.optim.nonlinear.vector.jacobian.GaussNewtonOptimizer.doOptimize: computing test cases
src/main/java/org/apache/commons/math3/optim/nonlinear/vector/jacobian/GaussNewtonOptimizer.java: org.apache.commons.math3.optim.nonlinear.vector.jacobian.GaussNewtonOptimizer.doOptimize: computed 0 unit tests
src/main/java/org/apache/commons/math3/optim/nonlinear/vector/jacobian/LevenbergMarquardtOptimizer.java: org.apache.commons.math3.optim.nonlinear.vector.jacobian.LevenbergMarquardtOptimizer.LevenbergMarquardtOptimizer: computing test cases
src/main/java/org/apache/commons/math3/optim/nonlinear/vector/jacobian/LevenbergMarquardtOptimizer.java: org.apache.commons.math3.optim.nonlinear.vector.jacobian.LevenbergMarquardtOptimizer.LevenbergMarquardtOptimizer: computed 0 unit tests
src/main/java/org/apache/commons/math3/optim/nonlinear/vector/jacobian/LevenbergMarquardtOptimizer.java: org.apache.commons.math3.optim.nonlinear.vector.jacobian.LevenbergMarquardtOptimizer.LevenbergMarquardtOptimizer: computing test cases
src/main/java/org/apache/commons/math3/optim/nonlinear/vector/jacobian/LevenbergMarquardtOptimizer.java: org.apache.commons.math3.optim.nonlinear.vector.jacobian.LevenbergMarquardtOptimizer.LevenbergMarquardtOptimizer: found 1 problems
src/main/java/org/apache/commons/math3/optim/nonlinear/vector/jacobian/LevenbergMarquardtOptimizer.java: internal error: org.apache.commons.math3.optim.nonlinear.vector.jacobian.LevenbergMarquardtOptimizer.LevenbergMarquardtOptimizer: unknown type kind
	data: unsupported(org/apache/commons/math3/linear/RealMatrix)
src/main/java/org/apache/commons/math3/optim/nonlinear/vector/jacobian/LevenbergMarquardtOptimizer.java: org.apache.commons.math3.optim.nonlinear.vector.jacobian.LevenbergMarquardtOptimizer.LevenbergMarquardtOptimizer: computing test cases
src/main/java/org/apache/commons/math3/optim/nonlinear/vector/jacobian/LevenbergMarquardtOptimizer.java: org.apache.commons.math3.optim.nonlinear.vector.jacobian.LevenbergMarquardtOptimizer.LevenbergMarquardtOptimizer: computed 0 unit tests
src/main/java/org/apache/commons/math3/optim/nonlinear/vector/jacobian/LevenbergMarquardtOptimizer.java: org.apache.commons.math3.optim.nonlinear.vector.jacobian.LevenbergMarquardtOptimizer.LevenbergMarquardtOptimizer: computing test cases
src/main/java/org/apache/commons/math3/optim/nonlinear/vector/jacobian/LevenbergMarquardtOptimizer.java: org.apache.commons.math3.optim.nonlinear.vector.jacobian.LevenbergMarquardtOptimizer.LevenbergMarquardtOptimizer: computed 0 unit tests
src/main/java/org/apache/commons/math3/optim/nonlinear/vector/jacobian/LevenbergMarquardtOptimizer.java: org.apache.commons.math3.optim.nonlinear.vector.jacobian.LevenbergMarquardtOptimizer.LevenbergMarquardtOptimizer: computing test cases
src/main/java/org/apache/commons/math3/optim/nonlinear/vector/jacobian/LevenbergMarquardtOptimizer.java: org.apache.commons.math3.optim.nonlinear.vector.jacobian.LevenbergMarquardtOptimizer.LevenbergMarquardtOptimizer: found 1 problems
src/main/java/org/apache/commons/math3/optim/nonlinear/vector/jacobian/LevenbergMarquardtOptimizer.java: internal error: org.apache.commons.math3.optim.nonlinear.vector.jacobian.LevenbergMarquardtOptimizer.LevenbergMarquardtOptimizer: unknown type kind
	data: unsupported(org/apache/commons/math3/linear/RealMatrix)
src/main/java/org/apache/commons/math3/optim/nonlinear/vector/jacobian/LevenbergMarquardtOptimizer.java: org.apache.commons.math3.optim.nonlinear.vector.jacobian.LevenbergMarquardtOptimizer.doOptimize: computing test cases
src/main/java/org/apache/commons/math3/optim/nonlinear/vector/jacobian/LevenbergMarquardtOptimizer.java: org.apache.commons.math3.optim.nonlinear.vector.jacobian.LevenbergMarquardtOptimizer.doOptimize: computed 0 unit tests
Analyzed 4 out of 4 source files
Had 3 errors that block a full analysis
Generated 0 tests
Found 0 potential problems
The following issues prevent a full analysis:

* 36 cases of "unknown import"
	Description: Imports could not be resolved. This is likely due to missing dependencies.

* 14 cases of "unknown function"
	Description: Functions could not be resolved. This occurs due to missing dependencies,
  or if a called function is removed due to some other problem.

* 4 cases of "unknown type"
	Description: Types could not be resolved. This could be because of missing dependencies
  or a consequence of some other problem.

* 1 case of "not all elements have the same type"
	Description: Arguments of a function call do not match the parameter types. This usually
  occurs if a called method is removed due to some other problem, and another
  method with the same name is selected to be called.

* 3 cases of "other issues"
	Description: Uncategorized problems.

