Analyzing workspace /home/ph7/sqa-project/workspaces/math_13b/
Search for Go files
Found 0 Go files
Search for Java files
Load dependency stdlib:@dev
src/main/java/org/apache/commons/math3/optimization/general/AbstractLeastSquaresOptimizer.java: org.apache.commons.math3.optimization.general.AbstractLeastSquaresOptimizer.squareRoot: function is private and therefore inaccessible for tests
src/main/java/org/apache/commons/math3/optimization/general/LevenbergMarquardtOptimizer.java: org.apache.commons.math3.optimization.general.LevenbergMarquardtOptimizer.determineLMParameter: function is private and therefore inaccessible for tests
src/main/java/org/apache/commons/math3/optimization/general/LevenbergMarquardtOptimizer.java: org.apache.commons.math3.optimization.general.LevenbergMarquardtOptimizer.determineLMDirection: function is private and therefore inaccessible for tests
src/main/java/org/apache/commons/math3/optimization/general/LevenbergMarquardtOptimizer.java: org.apache.commons.math3.optimization.general.LevenbergMarquardtOptimizer.qrDecomposition: function is private and therefore inaccessible for tests
src/main/java/org/apache/commons/math3/optimization/general/LevenbergMarquardtOptimizer.java: org.apache.commons.math3.optimization.general.LevenbergMarquardtOptimizer.qTy: function is private and therefore inaccessible for tests
src/main/java/org/apache/commons/math3/optimization/general/NonLinearConjugateGradientOptimizer.java: org.apache.commons.math3.optimization.general.NonLinearConjugateGradientOptimizer.findUpperBound: function is private and therefore inaccessible for tests
src/main/java/org/apache/commons/math3/optimization/general/NonLinearConjugateGradientOptimizer.java: org.apache.commons.math3.optimization.general.NonLinearConjugateGradientOptimizer.LineSearchFunction.LineSearchFunction: function is private and therefore inaccessible for tests
src/main/java/org/apache/commons/math3/optimization/general/NonLinearConjugateGradientOptimizer.java: org.apache.commons.math3.optimization.general.NonLinearConjugateGradientOptimizer.LineSearchFunction.value: function is private and therefore inaccessible for tests
src/main/java/org/apache/commons/math3/optimization/general/AbstractDifferentiableOptimizer.java: error: unknown import
	data: org/apache/commons/math3/optimization/InitialGuess
src/main/java/org/apache/commons/math3/optimization/general/AbstractDifferentiableOptimizer.java: error: unknown import
	data: org/apache/commons/math3/optimization/direct/BaseAbstractMultivariateOptimizer
src/main/java/org/apache/commons/math3/optimization/general/AbstractDifferentiableOptimizer.java: error: unknown type
	data: Deprecated
src/main/java/org/apache/commons/math3/optimization/general/AbstractDifferentiableOptimizer.java: error: unknown import
	data: org/apache/commons/math3/analysis/differentiation/GradientFunction
src/main/java/org/apache/commons/math3/optimization/general/AbstractDifferentiableOptimizer.java: error: unknown import
	data: org/apache/commons/math3/analysis/differentiation/MultivariateDifferentiableFunction
src/main/java/org/apache/commons/math3/optimization/general/AbstractDifferentiableOptimizer.java: error: unknown import
	data: org/apache/commons/math3/optimization/ConvergenceChecker
src/main/java/org/apache/commons/math3/optimization/general/AbstractDifferentiableOptimizer.java: error: unknown import
	data: org/apache/commons/math3/optimization/GoalType
src/main/java/org/apache/commons/math3/optimization/general/AbstractDifferentiableOptimizer.java: error: unknown import
	data: org/apache/commons/math3/optimization/OptimizationData
src/main/java/org/apache/commons/math3/optimization/general/AbstractDifferentiableOptimizer.java: error: unknown import
	data: org/apache/commons/math3/optimization/PointValuePair
src/main/java/org/apache/commons/math3/optimization/general/AbstractDifferentiableOptimizer.java: error: unknown import
	data: org/apache/commons/math3/analysis/MultivariateVectorFunction
src/main/java/org/apache/commons/math3/optimization/general/AbstractLeastSquaresOptimizer.java: error: unknown import
	data: org/apache/commons/math3/exception/DimensionMismatchException
src/main/java/org/apache/commons/math3/optimization/general/AbstractLeastSquaresOptimizer.java: error: unknown import
	data: org/apache/commons/math3/linear/EigenDecomposition
src/main/java/org/apache/commons/math3/optimization/general/AbstractLeastSquaresOptimizer.java: error: unknown import
	data: org/apache/commons/math3/optimization/direct/BaseAbstractMultivariateVectorOptimizer
src/main/java/org/apache/commons/math3/optimization/general/AbstractLeastSquaresOptimizer.java: error: unknown function
	data: [<nil> computeObjectiveValue [] [select(this, point)]]
src/main/java/org/apache/commons/math3/optimization/general/AbstractLeastSquaresOptimizer.java: error: unknown function
	data: [<nil> getStartPoint [] []]
src/main/java/org/apache/commons/math3/optimization/general/AbstractLeastSquaresOptimizer.java: error: unknown import
	data: org/apache/commons/math3/analysis/DifferentiableMultivariateVectorFunction
src/main/java/org/apache/commons/math3/optimization/general/AbstractLeastSquaresOptimizer.java: error: unknown import
	data: org/apache/commons/math3/analysis/FunctionUtils
src/main/java/org/apache/commons/math3/optimization/general/AbstractLeastSquaresOptimizer.java: error: unknown import
	data: org/apache/commons/math3/optimization/OptimizationData
src/main/java/org/apache/commons/math3/optimization/general/AbstractLeastSquaresOptimizer.java: error: unknown import
	data: org/apache/commons/math3/optimization/Weight
src/main/java/org/apache/commons/math3/optimization/general/AbstractLeastSquaresOptimizer.java: error: unknown function
	data: [<nil> getWeight [] []]
src/main/java/org/apache/commons/math3/optimization/general/AbstractLeastSquaresOptimizer.java: error: unknown import
	data: org/apache/commons/math3/linear/QRDecomposition
src/main/java/org/apache/commons/math3/optimization/general/AbstractLeastSquaresOptimizer.java: error: unknown function
	data: [<nil> getTarget [] []]
src/main/java/org/apache/commons/math3/optimization/general/AbstractLeastSquaresOptimizer.java: error: unknown import
	data: org/apache/commons/math3/linear/DiagonalMatrix
src/main/java/org/apache/commons/math3/optimization/general/AbstractLeastSquaresOptimizer.java: error: unknown import
	data: org/apache/commons/math3/linear/MatrixUtils
src/main/java/org/apache/commons/math3/optimization/general/AbstractLeastSquaresOptimizer.java: error: unknown import
	data: org/apache/commons/math3/optimization/ConvergenceChecker
src/main/java/org/apache/commons/math3/optimization/general/AbstractLeastSquaresOptimizer.java: error: unknown import
	data: org/apache/commons/math3/optimization/PointVectorValuePair
src/main/java/org/apache/commons/math3/optimization/general/AbstractLeastSquaresOptimizer.java: error: unknown import
	data: org/apache/commons/math3/util/FastMath
src/main/java/org/apache/commons/math3/optimization/general/AbstractLeastSquaresOptimizer.java: error: unknown import
	data: org/apache/commons/math3/exception/util/LocalizedFormats
src/main/java/org/apache/commons/math3/optimization/general/AbstractLeastSquaresOptimizer.java: error: unknown import
	data: org/apache/commons/math3/optimization/InitialGuess
src/main/java/org/apache/commons/math3/optimization/general/AbstractLeastSquaresOptimizer.java: error: unknown import
	data: org/apache/commons/math3/optimization/Target
src/main/java/org/apache/commons/math3/optimization/general/AbstractLeastSquaresOptimizer.java: error: unknown import
	data: org/apache/commons/math3/analysis/differentiation/DerivativeStructure
src/main/java/org/apache/commons/math3/optimization/general/AbstractLeastSquaresOptimizer.java: error: unknown import
	data: org/apache/commons/math3/analysis/differentiation/MultivariateDifferentiableVectorFunction
src/main/java/org/apache/commons/math3/optimization/general/AbstractLeastSquaresOptimizer.java: error: unknown import
	data: org/apache/commons/math3/exception/NumberIsTooSmallException
src/main/java/org/apache/commons/math3/optimization/general/AbstractLeastSquaresOptimizer.java: error: unknown import
	data: org/apache/commons/math3/linear/RealMatrix
src/main/java/org/apache/commons/math3/optimization/general/AbstractLeastSquaresOptimizer.java: error: unknown import
	data: org/apache/commons/math3/linear/DecompositionSolver
src/main/java/org/apache/commons/math3/optimization/general/AbstractLeastSquaresOptimizer.java: error: unknown import
	data: org/apache/commons/math3/optimization/DifferentiableMultivariateVectorOptimizer
src/main/java/org/apache/commons/math3/optimization/general/AbstractLeastSquaresOptimizer.java: error: unknown import
	data: org/apache/commons/math3/linear/ArrayRealVector
src/main/java/org/apache/commons/math3/optimization/general/AbstractLeastSquaresOptimizer.java: error: unknown type
	data: Deprecated
src/main/java/org/apache/commons/math3/optimization/general/AbstractLeastSquaresOptimizer.java: error: unknown function
	data: [<nil> getObjectiveFunction [] []]
src/main/java/org/apache/commons/math3/optimization/general/AbstractScalarDifferentiableOptimizer.java: error: unknown import
	data: org/apache/commons/math3/analysis/MultivariateVectorFunction
src/main/java/org/apache/commons/math3/optimization/general/AbstractScalarDifferentiableOptimizer.java: error: unknown import
	data: org/apache/commons/math3/optimization/GoalType
src/main/java/org/apache/commons/math3/optimization/general/AbstractScalarDifferentiableOptimizer.java: error: unknown import
	data: org/apache/commons/math3/optimization/direct/BaseAbstractMultivariateOptimizer
src/main/java/org/apache/commons/math3/optimization/general/AbstractScalarDifferentiableOptimizer.java: error: unknown import
	data: org/apache/commons/math3/analysis/FunctionUtils
src/main/java/org/apache/commons/math3/optimization/general/AbstractScalarDifferentiableOptimizer.java: error: unknown import
	data: org/apache/commons/math3/analysis/differentiation/MultivariateDifferentiableFunction
src/main/java/org/apache/commons/math3/optimization/general/AbstractScalarDifferentiableOptimizer.java: error: unknown import
	data: org/apache/commons/math3/optimization/DifferentiableMultivariateOptimizer
src/main/java/org/apache/commons/math3/optimization/general/AbstractScalarDifferentiableOptimizer.java: error: unknown import
	data: org/apache/commons/math3/optimization/ConvergenceChecker
src/main/java/org/apache/commons/math3/optimization/general/AbstractScalarDifferentiableOptimizer.java: error: unknown import
	data: org/apache/commons/math3/optimization/PointValuePair
src/main/java/org/apache/commons/math3/optimization/general/AbstractScalarDifferentiableOptimizer.java: error: unknown type
	data: Deprecated
src/main/java/org/apache/commons/math3/optimization/general/AbstractScalarDifferentiableOptimizer.java: error: unknown import
	data: org/apache/commons/math3/analysis/DifferentiableMultivariateFunction
src/main/java/org/apache/commons/math3/optimization/general/GaussNewtonOptimizer.java: error: unknown import
	data: org/apache/commons/math3/linear/RealMatrix
src/main/java/org/apache/commons/math3/optimization/general/GaussNewtonOptimizer.java: error: unknown function
	data: [<nil> getConvergenceChecker [] []]
src/main/java/org/apache/commons/math3/optimization/general/GaussNewtonOptimizer.java: error: unknown function
	data: [<nil> getTarget [] []]
src/main/java/org/apache/commons/math3/optimization/general/GaussNewtonOptimizer.java: error: unknown function
	data: [<nil> getStartPoint [] []]
src/main/java/org/apache/commons/math3/optimization/general/GaussNewtonOptimizer.java: error: unknown identifier
	data: checker
src/main/java/org/apache/commons/math3/optimization/general/GaussNewtonOptimizer.java: error: unknown import
	data: org/apache/commons/math3/optimization/SimpleVectorValueChecker
src/main/java/org/apache/commons/math3/optimization/general/GaussNewtonOptimizer.java: error: unknown import
	data: org/apache/commons/math3/optimization/PointVectorValuePair
src/main/java/org/apache/commons/math3/optimization/general/GaussNewtonOptimizer.java: error: unknown import
	data: org/apache/commons/math3/linear/ArrayRealVector
src/main/java/org/apache/commons/math3/optimization/general/GaussNewtonOptimizer.java: error: unknown import
	data: org/apache/commons/math3/linear/BlockRealMatrix
src/main/java/org/apache/commons/math3/optimization/general/GaussNewtonOptimizer.java: error: unknown function
	data: [<nil> computeObjectiveValue [] [currentPoint]]
src/main/java/org/apache/commons/math3/optimization/general/GaussNewtonOptimizer.java: error: unknown import
	data: org/apache/commons/math3/exception/MathInternalError
src/main/java/org/apache/commons/math3/optimization/general/GaussNewtonOptimizer.java: error: unknown import
	data: org/apache/commons/math3/linear/LUDecomposition
src/main/java/org/apache/commons/math3/optimization/general/GaussNewtonOptimizer.java: error: unknown import
	data: org/apache/commons/math3/optimization/ConvergenceChecker
src/main/java/org/apache/commons/math3/optimization/general/GaussNewtonOptimizer.java: error: unknown type
	data: Deprecated
src/main/java/org/apache/commons/math3/optimization/general/GaussNewtonOptimizer.java: unsupported: unsupported AST node
	data: genericInstance(unsupported(org/apache/commons/math3/optimization/ConvergenceChecker), [unsupported(org/apache/commons/math3/optimization/PointVectorValuePair)])
src/main/java/org/apache/commons/math3/optimization/general/GaussNewtonOptimizer.java: error: unknown import
	data: org/apache/commons/math3/linear/SingularMatrixException
src/main/java/org/apache/commons/math3/optimization/general/GaussNewtonOptimizer.java: error: unknown import
	data: org/apache/commons/math3/exception/ConvergenceException
src/main/java/org/apache/commons/math3/optimization/general/GaussNewtonOptimizer.java: error: unknown import
	data: org/apache/commons/math3/exception/NullArgumentException
src/main/java/org/apache/commons/math3/optimization/general/GaussNewtonOptimizer.java: error: unknown import
	data: org/apache/commons/math3/exception/util/LocalizedFormats
src/main/java/org/apache/commons/math3/optimization/general/GaussNewtonOptimizer.java: error: unknown import
	data: org/apache/commons/math3/linear/DecompositionSolver
src/main/java/org/apache/commons/math3/optimization/general/GaussNewtonOptimizer.java: error: unknown import
	data: org/apache/commons/math3/linear/QRDecomposition
src/main/java/org/apache/commons/math3/optimization/general/LevenbergMarquardtOptimizer.java: error: unknown function
	data: [<nil> computeObjectiveValue [] [currentPoint]]
src/main/java/org/apache/commons/math3/optimization/general/LevenbergMarquardtOptimizer.java: error: unknown function
	data: [<nil> getConvergenceChecker [] []]
src/main/java/org/apache/commons/math3/optimization/general/LevenbergMarquardtOptimizer.java: error: unknown import
	data: java/util/Arrays
src/main/java/org/apache/commons/math3/optimization/general/LevenbergMarquardtOptimizer.java: error: unknown import
	data: org/apache/commons/math3/util/Precision
src/main/java/org/apache/commons/math3/optimization/general/LevenbergMarquardtOptimizer.java: error: unknown function
	data: [<nil> getTarget [] []]
src/main/java/org/apache/commons/math3/optimization/general/LevenbergMarquardtOptimizer.java: unsupported: unsupported AST node
	data: genericInstance(unsupported(org/apache/commons/math3/optimization/ConvergenceChecker), [unsupported(org/apache/commons/math3/optimization/PointVectorValuePair)])
src/main/java/org/apache/commons/math3/optimization/general/LevenbergMarquardtOptimizer.java: error: unknown function
	data: [<nil> computeObjectiveValue [] [currentPoint]]
src/main/java/org/apache/commons/math3/optimization/general/LevenbergMarquardtOptimizer.java: error: unknown import
	data: org/apache/commons/math3/exception/ConvergenceException
src/main/java/org/apache/commons/math3/optimization/general/LevenbergMarquardtOptimizer.java: error: unknown import
	data: org/apache/commons/math3/optimization/PointVectorValuePair
src/main/java/org/apache/commons/math3/optimization/general/LevenbergMarquardtOptimizer.java: error: unknown type
	data: Deprecated
src/main/java/org/apache/commons/math3/optimization/general/LevenbergMarquardtOptimizer.java: internal error: not all elements have the same type
	data: primitive(float, 64, false) vs primitive(int, 32, false)
src/main/java/org/apache/commons/math3/optimization/general/LevenbergMarquardtOptimizer.java: error: unknown identifier
	data: alpha
src/main/java/org/apache/commons/math3/optimization/general/LevenbergMarquardtOptimizer.java: error: unknown import
	data: org/apache/commons/math3/optimization/ConvergenceChecker
src/main/java/org/apache/commons/math3/optimization/general/LevenbergMarquardtOptimizer.java: error: unknown import
	data: org/apache/commons/math3/linear/RealMatrix
src/main/java/org/apache/commons/math3/optimization/general/LevenbergMarquardtOptimizer.java: error: unknown import
	data: org/apache/commons/math3/exception/util/LocalizedFormats
src/main/java/org/apache/commons/math3/optimization/general/LevenbergMarquardtOptimizer.java: error: unknown import
	data: org/apache/commons/math3/util/FastMath
src/main/java/org/apache/commons/math3/optimization/general/LevenbergMarquardtOptimizer.java: error: unknown function
	data: [<nil> getStartPoint [] []]
src/main/java/org/apache/commons/math3/optimization/general/NonLinearConjugateGradientOptimizer.java: error: unknown import
	data: org/apache/commons/math3/optimization/SimpleValueChecker
src/main/java/org/apache/commons/math3/optimization/general/NonLinearConjugateGradientOptimizer.java: error: unknown import
	data: org/apache/commons/math3/optimization/ConvergenceChecker
src/main/java/org/apache/commons/math3/optimization/general/NonLinearConjugateGradientOptimizer.java: unsupported: unsupported AST node
	data: genericInstance(unsupported(org/apache/commons/math3/optimization/ConvergenceChecker), [unsupported(org/apache/commons/math3/optimization/PointValuePair)])
src/main/java/org/apache/commons/math3/optimization/general/NonLinearConjugateGradientOptimizer.java: error: unknown import
	data: org/apache/commons/math3/exception/MathIllegalStateException
src/main/java/org/apache/commons/math3/optimization/general/NonLinearConjugateGradientOptimizer.java: error: unknown function
	data: [<nil> computeObjectiveValue [] [select(this, point)]]
src/main/java/org/apache/commons/math3/optimization/general/NonLinearConjugateGradientOptimizer.java: error: not a named type
	data: array(primitive(float, 64, false), primitive(int, 32, false), 0)
src/main/java/org/apache/commons/math3/optimization/general/NonLinearConjugateGradientOptimizer.java: error: unknown import
	data: org/apache/commons/math3/util/FastMath
src/main/java/org/apache/commons/math3/optimization/general/NonLinearConjugateGradientOptimizer.java: error: unknown type
	data: Deprecated
src/main/java/org/apache/commons/math3/optimization/general/NonLinearConjugateGradientOptimizer.java: error: unknown function
	data: [<nil> getStartPoint [] []]
src/main/java/org/apache/commons/math3/optimization/general/NonLinearConjugateGradientOptimizer.java: error: unknown import
	data: org/apache/commons/math3/analysis/UnivariateFunction
src/main/java/org/apache/commons/math3/optimization/general/NonLinearConjugateGradientOptimizer.java: error: unknown import
	data: org/apache/commons/math3/analysis/solvers/UnivariateSolver
src/main/java/org/apache/commons/math3/optimization/general/NonLinearConjugateGradientOptimizer.java: error: unknown import
	data: org/apache/commons/math3/optimization/PointValuePair
src/main/java/org/apache/commons/math3/optimization/general/NonLinearConjugateGradientOptimizer.java: error: not a named type
	data: array(primitive(float, 64, false), primitive(int, 32, false), 0)
src/main/java/org/apache/commons/math3/optimization/general/NonLinearConjugateGradientOptimizer.java: error: not a named type
	data: array(primitive(float, 64, false), primitive(int, 32, false), 0)
src/main/java/org/apache/commons/math3/optimization/general/NonLinearConjugateGradientOptimizer.java: error: unknown function
	data: [<nil> getMaxEvaluations [] []]
src/main/java/org/apache/commons/math3/optimization/general/NonLinearConjugateGradientOptimizer.java: internal error: missing return statement
	data: function(variable(this, pointer(reference(org/apache/commons/math3/optimization/general/NonLinearConjugateGradientOptimizer))), org/apache/commons/math3/optimization/general/NonLinearConjugateGradientOptimizer//doOptimize!d41d8cd98f00b204e9800998ecf8427e, [], [variable(, unsupported(org/apache/commons/math3/optimization/PointValuePair))], block([unsupported]))
src/main/java/org/apache/commons/math3/optimization/general/NonLinearConjugateGradientOptimizer.java: error: unknown function
	data: [<nil> getConvergenceChecker [] []]
src/main/java/org/apache/commons/math3/optimization/general/NonLinearConjugateGradientOptimizer.java: error: unknown import
	data: org/apache/commons/math3/analysis/solvers/BrentSolver
src/main/java/org/apache/commons/math3/optimization/general/NonLinearConjugateGradientOptimizer.java: error: unknown import
	data: org/apache/commons/math3/exception/util/LocalizedFormats
src/main/java/org/apache/commons/math3/optimization/general/NonLinearConjugateGradientOptimizer.java: error: unknown import
	data: org/apache/commons/math3/optimization/GoalType
src/main/java/org/apache/commons/math3/optimization/general/Preconditioner.java: error: unknown type
	data: Deprecated
Found 9 Java files
Found 108 problems in Java files
src/main/java/org/apache/commons/math3/optimization/general/AbstractDifferentiableOptimizer.java: found 4 symbols
src/main/java/org/apache/commons/math3/optimization/general/GaussNewtonOptimizer.java: found 5 symbols
src/main/java/org/apache/commons/math3/optimization/general/NonLinearConjugateGradientOptimizer.java: found 7 symbols
src/main/java/org/apache/commons/math3/optimization/general/package-info.java: found 0 symbols
src/main/java/org/apache/commons/math3/optimization/general/AbstractLeastSquaresOptimizer.java: found 21 symbols
src/main/java/org/apache/commons/math3/optimization/general/AbstractScalarDifferentiableOptimizer.java: found 5 symbols
src/main/java/org/apache/commons/math3/optimization/general/ConjugateGradientFormula.java: found 0 symbols
src/main/java/org/apache/commons/math3/optimization/general/LevenbergMarquardtOptimizer.java: found 6 symbols
src/main/java/org/apache/commons/math3/optimization/general/Preconditioner.java: found 1 symbols
src/main/java/org/apache/commons/math3/optimization/general/AbstractLeastSquaresOptimizer.java: org.apache.commons.math3.optimization.general.AbstractLeastSquaresOptimizer.getWeightSquareRoot: computing test cases
src/main/java/org/apache/commons/math3/optimization/general/AbstractLeastSquaresOptimizer.java: org.apache.commons.math3.optimization.general.AbstractLeastSquaresOptimizer.getWeightSquareRoot: computed 0 unit tests
src/main/java/org/apache/commons/math3/optimization/general/AbstractLeastSquaresOptimizer.java: org.apache.commons.math3.optimization.general.AbstractLeastSquaresOptimizer.guessParametersErrors: computing test cases
src/main/java/org/apache/commons/math3/optimization/general/AbstractLeastSquaresOptimizer.java: org.apache.commons.math3.optimization.general.AbstractLeastSquaresOptimizer.guessParametersErrors: computed 0 unit tests
src/main/java/org/apache/commons/math3/optimization/general/AbstractLeastSquaresOptimizer.java: org.apache.commons.math3.optimization.general.AbstractLeastSquaresOptimizer.computeSigma: computing test cases
src/main/java/org/apache/commons/math3/optimization/general/AbstractLeastSquaresOptimizer.java: org.apache.commons.math3.optimization.general.AbstractLeastSquaresOptimizer.computeSigma: computed 0 unit tests
src/main/java/org/apache/commons/math3/optimization/general/AbstractLeastSquaresOptimizer.java: org.apache.commons.math3.optimization.general.AbstractLeastSquaresOptimizer.optimize: computing test cases
src/main/java/org/apache/commons/math3/optimization/general/AbstractLeastSquaresOptimizer.java: org.apache.commons.math3.optimization.general.AbstractLeastSquaresOptimizer.optimize: computed 0 unit tests
src/main/java/org/apache/commons/math3/optimization/general/AbstractLeastSquaresOptimizer.java: org.apache.commons.math3.optimization.general.AbstractLeastSquaresOptimizer.optimize: computing test cases
src/main/java/org/apache/commons/math3/optimization/general/AbstractLeastSquaresOptimizer.java: org.apache.commons.math3.optimization.general.AbstractLeastSquaresOptimizer.optimize: computed 0 unit tests
src/main/java/org/apache/commons/math3/optimization/general/AbstractLeastSquaresOptimizer.java: org.apache.commons.math3.optimization.general.AbstractLeastSquaresOptimizer.AbstractLeastSquaresOptimizer: computing test cases
src/main/java/org/apache/commons/math3/optimization/general/AbstractLeastSquaresOptimizer.java: org.apache.commons.math3.optimization.general.AbstractLeastSquaresOptimizer.AbstractLeastSquaresOptimizer: computed 0 unit tests
src/main/java/org/apache/commons/math3/optimization/general/AbstractLeastSquaresOptimizer.java: org.apache.commons.math3.optimization.general.AbstractLeastSquaresOptimizer.AbstractLeastSquaresOptimizer: computing test cases
src/main/java/org/apache/commons/math3/optimization/general/AbstractLeastSquaresOptimizer.java: org.apache.commons.math3.optimization.general.AbstractLeastSquaresOptimizer.AbstractLeastSquaresOptimizer: computed 0 unit tests
src/main/java/org/apache/commons/math3/optimization/general/AbstractLeastSquaresOptimizer.java: org.apache.commons.math3.optimization.general.AbstractLeastSquaresOptimizer.computeCost: computing test cases
src/main/java/org/apache/commons/math3/optimization/general/AbstractLeastSquaresOptimizer.java: org.apache.commons.math3.optimization.general.AbstractLeastSquaresOptimizer.computeCost: computed 0 unit tests
src/main/java/org/apache/commons/math3/optimization/general/AbstractLeastSquaresOptimizer.java: org.apache.commons.math3.optimization.general.AbstractLeastSquaresOptimizer.getRMS: computing test cases
src/main/java/org/apache/commons/math3/optimization/general/AbstractLeastSquaresOptimizer.java: org.apache.commons.math3.optimization.general.AbstractLeastSquaresOptimizer.getRMS: computed 0 unit tests
src/main/java/org/apache/commons/math3/optimization/general/AbstractLeastSquaresOptimizer.java: org.apache.commons.math3.optimization.general.AbstractLeastSquaresOptimizer.getJacobianEvaluations: computing test cases
src/main/java/org/apache/commons/math3/optimization/general/AbstractLeastSquaresOptimizer.java: org.apache.commons.math3.optimization.general.AbstractLeastSquaresOptimizer.getJacobianEvaluations: computed 0 unit tests
src/main/java/org/apache/commons/math3/optimization/general/AbstractLeastSquaresOptimizer.java: org.apache.commons.math3.optimization.general.AbstractLeastSquaresOptimizer.getCovariances: computing test cases
src/main/java/org/apache/commons/math3/optimization/general/AbstractLeastSquaresOptimizer.java: org.apache.commons.math3.optimization.general.AbstractLeastSquaresOptimizer.getCovariances: computed 0 unit tests
src/main/java/org/apache/commons/math3/optimization/general/AbstractLeastSquaresOptimizer.java: org.apache.commons.math3.optimization.general.AbstractLeastSquaresOptimizer.computeCovariances: computing test cases
src/main/java/org/apache/commons/math3/optimization/general/AbstractLeastSquaresOptimizer.java: org.apache.commons.math3.optimization.general.AbstractLeastSquaresOptimizer.computeCovariances: computed 0 unit tests
src/main/java/org/apache/commons/math3/optimization/general/AbstractLeastSquaresOptimizer.java: org.apache.commons.math3.optimization.general.AbstractLeastSquaresOptimizer.updateResidualsAndCost: computing test cases
src/main/java/org/apache/commons/math3/optimization/general/AbstractLeastSquaresOptimizer.java: org.apache.commons.math3.optimization.general.AbstractLeastSquaresOptimizer.updateResidualsAndCost: computed 0 unit tests
src/main/java/org/apache/commons/math3/optimization/general/AbstractLeastSquaresOptimizer.java: org.apache.commons.math3.optimization.general.AbstractLeastSquaresOptimizer.updateJacobian: computing test cases
src/main/java/org/apache/commons/math3/optimization/general/AbstractLeastSquaresOptimizer.java: org.apache.commons.math3.optimization.general.AbstractLeastSquaresOptimizer.updateJacobian: computed 0 unit tests
src/main/java/org/apache/commons/math3/optimization/general/AbstractLeastSquaresOptimizer.java: org.apache.commons.math3.optimization.general.AbstractLeastSquaresOptimizer.setCost: computing test cases
src/main/java/org/apache/commons/math3/optimization/general/AbstractLeastSquaresOptimizer.java: org.apache.commons.math3.optimization.general.AbstractLeastSquaresOptimizer.setCost: computed 0 unit tests
src/main/java/org/apache/commons/math3/optimization/general/AbstractLeastSquaresOptimizer.java: org.apache.commons.math3.optimization.general.AbstractLeastSquaresOptimizer.computeWeightedJacobian: computing test cases
src/main/java/org/apache/commons/math3/optimization/general/AbstractLeastSquaresOptimizer.java: org.apache.commons.math3.optimization.general.AbstractLeastSquaresOptimizer.computeWeightedJacobian: computed 0 unit tests
src/main/java/org/apache/commons/math3/optimization/general/AbstractLeastSquaresOptimizer.java: org.apache.commons.math3.optimization.general.AbstractLeastSquaresOptimizer.getChiSquare: computing test cases
src/main/java/org/apache/commons/math3/optimization/general/AbstractLeastSquaresOptimizer.java: org.apache.commons.math3.optimization.general.AbstractLeastSquaresOptimizer.getChiSquare: computed 0 unit tests
src/main/java/org/apache/commons/math3/optimization/general/AbstractLeastSquaresOptimizer.java: org.apache.commons.math3.optimization.general.AbstractLeastSquaresOptimizer.computeResiduals: computing test cases
src/main/java/org/apache/commons/math3/optimization/general/AbstractLeastSquaresOptimizer.java: org.apache.commons.math3.optimization.general.AbstractLeastSquaresOptimizer.computeResiduals: computed 0 unit tests
src/main/java/org/apache/commons/math3/optimization/general/AbstractLeastSquaresOptimizer.java: org.apache.commons.math3.optimization.general.AbstractLeastSquaresOptimizer.getCovariances: computing test cases
src/main/java/org/apache/commons/math3/optimization/general/AbstractLeastSquaresOptimizer.java: org.apache.commons.math3.optimization.general.AbstractLeastSquaresOptimizer.getCovariances: computed 0 unit tests
src/main/java/org/apache/commons/math3/optimization/general/AbstractLeastSquaresOptimizer.java: org.apache.commons.math3.optimization.general.AbstractLeastSquaresOptimizer.optimizeInternal: computing test cases
src/main/java/org/apache/commons/math3/optimization/general/AbstractLeastSquaresOptimizer.java: org.apache.commons.math3.optimization.general.AbstractLeastSquaresOptimizer.optimizeInternal: computed 0 unit tests
src/main/java/org/apache/commons/math3/optimization/general/AbstractLeastSquaresOptimizer.java: org.apache.commons.math3.optimization.general.AbstractLeastSquaresOptimizer.setUp: computing test cases
src/main/java/org/apache/commons/math3/optimization/general/AbstractLeastSquaresOptimizer.java: org.apache.commons.math3.optimization.general.AbstractLeastSquaresOptimizer.setUp: computed 0 unit tests
src/main/java/org/apache/commons/math3/optimization/general/AbstractScalarDifferentiableOptimizer.java: org.apache.commons.math3.optimization.general.AbstractScalarDifferentiableOptimizer.AbstractScalarDifferentiableOptimizer: computing test cases
src/main/java/org/apache/commons/math3/optimization/general/AbstractScalarDifferentiableOptimizer.java: org.apache.commons.math3.optimization.general.AbstractScalarDifferentiableOptimizer.AbstractScalarDifferentiableOptimizer: computed 0 unit tests
src/main/java/org/apache/commons/math3/optimization/general/AbstractScalarDifferentiableOptimizer.java: org.apache.commons.math3.optimization.general.AbstractScalarDifferentiableOptimizer.AbstractScalarDifferentiableOptimizer: computing test cases
src/main/java/org/apache/commons/math3/optimization/general/AbstractScalarDifferentiableOptimizer.java: org.apache.commons.math3.optimization.general.AbstractScalarDifferentiableOptimizer.AbstractScalarDifferentiableOptimizer: computed 0 unit tests
src/main/java/org/apache/commons/math3/optimization/general/AbstractScalarDifferentiableOptimizer.java: org.apache.commons.math3.optimization.general.AbstractScalarDifferentiableOptimizer.optimize: computing test cases
src/main/java/org/apache/commons/math3/optimization/general/AbstractScalarDifferentiableOptimizer.java: org.apache.commons.math3.optimization.general.AbstractScalarDifferentiableOptimizer.optimize: computed 0 unit tests
src/main/java/org/apache/commons/math3/optimization/general/AbstractScalarDifferentiableOptimizer.java: org.apache.commons.math3.optimization.general.AbstractScalarDifferentiableOptimizer.optimizeInternal: computing test cases
src/main/java/org/apache/commons/math3/optimization/general/AbstractScalarDifferentiableOptimizer.java: org.apache.commons.math3.optimization.general.AbstractScalarDifferentiableOptimizer.optimizeInternal: computed 0 unit tests
src/main/java/org/apache/commons/math3/optimization/general/AbstractScalarDifferentiableOptimizer.java: org.apache.commons.math3.optimization.general.AbstractScalarDifferentiableOptimizer.computeObjectiveGradient: computing test cases
src/main/java/org/apache/commons/math3/optimization/general/AbstractScalarDifferentiableOptimizer.java: org.apache.commons.math3.optimization.general.AbstractScalarDifferentiableOptimizer.computeObjectiveGradient: computed 0 unit tests
src/main/java/org/apache/commons/math3/optimization/general/LevenbergMarquardtOptimizer.java: org.apache.commons.math3.optimization.general.LevenbergMarquardtOptimizer.LevenbergMarquardtOptimizer: computing test cases
src/main/java/org/apache/commons/math3/optimization/general/LevenbergMarquardtOptimizer.java: org.apache.commons.math3.optimization.general.LevenbergMarquardtOptimizer.LevenbergMarquardtOptimizer: found 1 problems
src/main/java/org/apache/commons/math3/optimization/general/LevenbergMarquardtOptimizer.java: internal error: org.apache.commons.math3.optimization.general.LevenbergMarquardtOptimizer.LevenbergMarquardtOptimizer: unknown type kind
	data: unsupported(org/apache/commons/math3/analysis/differentiation/MultivariateDifferentiableVectorFunction)
src/main/java/org/apache/commons/math3/optimization/general/LevenbergMarquardtOptimizer.java: org.apache.commons.math3.optimization.general.LevenbergMarquardtOptimizer.LevenbergMarquardtOptimizer: computing test cases
src/main/java/org/apache/commons/math3/optimization/general/LevenbergMarquardtOptimizer.java: org.apache.commons.math3.optimization.general.LevenbergMarquardtOptimizer.LevenbergMarquardtOptimizer: found 1 problems
src/main/java/org/apache/commons/math3/optimization/general/LevenbergMarquardtOptimizer.java: internal error: org.apache.commons.math3.optimization.general.LevenbergMarquardtOptimizer.LevenbergMarquardtOptimizer: unknown type kind
	data: unsupported(org/apache/commons/math3/analysis/differentiation/MultivariateDifferentiableVectorFunction)
src/main/java/org/apache/commons/math3/optimization/general/LevenbergMarquardtOptimizer.java: org.apache.commons.math3.optimization.general.LevenbergMarquardtOptimizer.LevenbergMarquardtOptimizer: computing test cases
src/main/java/org/apache/commons/math3/optimization/general/LevenbergMarquardtOptimizer.java: org.apache.commons.math3.optimization.general.LevenbergMarquardtOptimizer.LevenbergMarquardtOptimizer: found 1 problems
src/main/java/org/apache/commons/math3/optimization/general/LevenbergMarquardtOptimizer.java: internal error: org.apache.commons.math3.optimization.general.LevenbergMarquardtOptimizer.LevenbergMarquardtOptimizer: unknown type kind
	data: unsupported(org/apache/commons/math3/analysis/differentiation/MultivariateDifferentiableVectorFunction)
src/main/java/org/apache/commons/math3/optimization/general/LevenbergMarquardtOptimizer.java: org.apache.commons.math3.optimization.general.LevenbergMarquardtOptimizer.LevenbergMarquardtOptimizer: computing test cases
src/main/java/org/apache/commons/math3/optimization/general/LevenbergMarquardtOptimizer.java: org.apache.commons.math3.optimization.general.LevenbergMarquardtOptimizer.LevenbergMarquardtOptimizer: found 1 problems
src/main/java/org/apache/commons/math3/optimization/general/LevenbergMarquardtOptimizer.java: internal error: org.apache.commons.math3.optimization.general.LevenbergMarquardtOptimizer.LevenbergMarquardtOptimizer: unknown type kind
	data: unsupported(org/apache/commons/math3/analysis/differentiation/MultivariateDifferentiableVectorFunction)
src/main/java/org/apache/commons/math3/optimization/general/LevenbergMarquardtOptimizer.java: org.apache.commons.math3.optimization.general.LevenbergMarquardtOptimizer.LevenbergMarquardtOptimizer: computing test cases
src/main/java/org/apache/commons/math3/optimization/general/LevenbergMarquardtOptimizer.java: org.apache.commons.math3.optimization.general.LevenbergMarquardtOptimizer.LevenbergMarquardtOptimizer: found 1 problems
src/main/java/org/apache/commons/math3/optimization/general/LevenbergMarquardtOptimizer.java: internal error: org.apache.commons.math3.optimization.general.LevenbergMarquardtOptimizer.LevenbergMarquardtOptimizer: unknown type kind
	data: unsupported(org/apache/commons/math3/analysis/differentiation/MultivariateDifferentiableVectorFunction)
src/main/java/org/apache/commons/math3/optimization/general/LevenbergMarquardtOptimizer.java: org.apache.commons.math3.optimization.general.LevenbergMarquardtOptimizer.doOptimize: computing test cases
src/main/java/org/apache/commons/math3/optimization/general/LevenbergMarquardtOptimizer.java: org.apache.commons.math3.optimization.general.LevenbergMarquardtOptimizer.doOptimize: computed 0 unit tests
src/main/java/org/apache/commons/math3/optimization/general/AbstractDifferentiableOptimizer.java: org.apache.commons.math3.optimization.general.AbstractDifferentiableOptimizer.optimizeInternal: computing test cases
src/main/java/org/apache/commons/math3/optimization/general/AbstractDifferentiableOptimizer.java: org.apache.commons.math3.optimization.general.AbstractDifferentiableOptimizer.optimizeInternal: computed 0 unit tests
src/main/java/org/apache/commons/math3/optimization/general/AbstractDifferentiableOptimizer.java: org.apache.commons.math3.optimization.general.AbstractDifferentiableOptimizer.AbstractDifferentiableOptimizer: computing test cases
src/main/java/org/apache/commons/math3/optimization/general/AbstractDifferentiableOptimizer.java: org.apache.commons.math3.optimization.general.AbstractDifferentiableOptimizer.AbstractDifferentiableOptimizer: computed 0 unit tests
src/main/java/org/apache/commons/math3/optimization/general/AbstractDifferentiableOptimizer.java: org.apache.commons.math3.optimization.general.AbstractDifferentiableOptimizer.computeObjectiveGradient: computing test cases
src/main/java/org/apache/commons/math3/optimization/general/AbstractDifferentiableOptimizer.java: org.apache.commons.math3.optimization.general.AbstractDifferentiableOptimizer.computeObjectiveGradient: computed 0 unit tests
src/main/java/org/apache/commons/math3/optimization/general/AbstractDifferentiableOptimizer.java: org.apache.commons.math3.optimization.general.AbstractDifferentiableOptimizer.optimizeInternal: computing test cases
src/main/java/org/apache/commons/math3/optimization/general/AbstractDifferentiableOptimizer.java: org.apache.commons.math3.optimization.general.AbstractDifferentiableOptimizer.optimizeInternal: computed 0 unit tests
src/main/java/org/apache/commons/math3/optimization/general/GaussNewtonOptimizer.java: org.apache.commons.math3.optimization.general.GaussNewtonOptimizer.GaussNewtonOptimizer: computing test cases
src/main/java/org/apache/commons/math3/optimization/general/GaussNewtonOptimizer.java: org.apache.commons.math3.optimization.general.GaussNewtonOptimizer.GaussNewtonOptimizer: found 1 problems
src/main/java/org/apache/commons/math3/optimization/general/GaussNewtonOptimizer.java: internal error: org.apache.commons.math3.optimization.general.GaussNewtonOptimizer.GaussNewtonOptimizer: unknown type kind
	data: unsupported(org/apache/commons/math3/analysis/differentiation/MultivariateDifferentiableVectorFunction)
src/main/java/org/apache/commons/math3/optimization/general/GaussNewtonOptimizer.java: org.apache.commons.math3.optimization.general.GaussNewtonOptimizer.GaussNewtonOptimizer: computing test cases
src/main/java/org/apache/commons/math3/optimization/general/GaussNewtonOptimizer.java: org.apache.commons.math3.optimization.general.GaussNewtonOptimizer.GaussNewtonOptimizer: found 1 problems
src/main/java/org/apache/commons/math3/optimization/general/GaussNewtonOptimizer.java: internal error: org.apache.commons.math3.optimization.general.GaussNewtonOptimizer.GaussNewtonOptimizer: unknown type kind
	data: unsupported(org/apache/commons/math3/analysis/differentiation/MultivariateDifferentiableVectorFunction)
src/main/java/org/apache/commons/math3/optimization/general/GaussNewtonOptimizer.java: org.apache.commons.math3.optimization.general.GaussNewtonOptimizer.GaussNewtonOptimizer: computing test cases
src/main/java/org/apache/commons/math3/optimization/general/GaussNewtonOptimizer.java: org.apache.commons.math3.optimization.general.GaussNewtonOptimizer.GaussNewtonOptimizer: found 1 problems
src/main/java/org/apache/commons/math3/optimization/general/GaussNewtonOptimizer.java: internal error: org.apache.commons.math3.optimization.general.GaussNewtonOptimizer.GaussNewtonOptimizer: unknown type kind
	data: unsupported(org/apache/commons/math3/analysis/differentiation/MultivariateDifferentiableVectorFunction)
src/main/java/org/apache/commons/math3/optimization/general/GaussNewtonOptimizer.java: org.apache.commons.math3.optimization.general.GaussNewtonOptimizer.GaussNewtonOptimizer: computing test cases
src/main/java/org/apache/commons/math3/optimization/general/GaussNewtonOptimizer.java: org.apache.commons.math3.optimization.general.GaussNewtonOptimizer.GaussNewtonOptimizer: found 1 problems
src/main/java/org/apache/commons/math3/optimization/general/GaussNewtonOptimizer.java: internal error: org.apache.commons.math3.optimization.general.GaussNewtonOptimizer.GaussNewtonOptimizer: unknown type kind
	data: unsupported(org/apache/commons/math3/analysis/differentiation/MultivariateDifferentiableVectorFunction)
src/main/java/org/apache/commons/math3/optimization/general/GaussNewtonOptimizer.java: org.apache.commons.math3.optimization.general.GaussNewtonOptimizer.doOptimize: computing test cases
src/main/java/org/apache/commons/math3/optimization/general/GaussNewtonOptimizer.java: org.apache.commons.math3.optimization.general.GaussNewtonOptimizer.doOptimize: computed 0 unit tests
src/main/java/org/apache/commons/math3/optimization/general/NonLinearConjugateGradientOptimizer.java: org.apache.commons.math3.optimization.general.NonLinearConjugateGradientOptimizer.NonLinearConjugateGradientOptimizer: computing test cases
src/main/java/org/apache/commons/math3/optimization/general/NonLinearConjugateGradientOptimizer.java: org.apache.commons.math3.optimization.general.NonLinearConjugateGradientOptimizer.NonLinearConjugateGradientOptimizer: found 1 problems
src/main/java/org/apache/commons/math3/optimization/general/NonLinearConjugateGradientOptimizer.java: internal error: org.apache.commons.math3.optimization.general.NonLinearConjugateGradientOptimizer.NonLinearConjugateGradientOptimizer: unknown type kind
	data: unsupported(org/apache/commons/math3/analysis/solvers/UnivariateSolver)
src/main/java/org/apache/commons/math3/optimization/general/NonLinearConjugateGradientOptimizer.java: org.apache.commons.math3.optimization.general.NonLinearConjugateGradientOptimizer.NonLinearConjugateGradientOptimizer: computing test cases
src/main/java/org/apache/commons/math3/optimization/general/NonLinearConjugateGradientOptimizer.java: org.apache.commons.math3.optimization.general.NonLinearConjugateGradientOptimizer.NonLinearConjugateGradientOptimizer: found 1 problems
src/main/java/org/apache/commons/math3/optimization/general/NonLinearConjugateGradientOptimizer.java: internal error: org.apache.commons.math3.optimization.general.NonLinearConjugateGradientOptimizer.NonLinearConjugateGradientOptimizer: unknown type kind
	data: unsupported(org/apache/commons/math3/analysis/solvers/UnivariateSolver)
src/main/java/org/apache/commons/math3/optimization/general/NonLinearConjugateGradientOptimizer.java: org.apache.commons.math3.optimization.general.NonLinearConjugateGradientOptimizer.setInitialStep: computing test cases
src/main/java/org/apache/commons/math3/optimization/general/NonLinearConjugateGradientOptimizer.java: org.apache.commons.math3.optimization.general.NonLinearConjugateGradientOptimizer.setInitialStep: found 1 problems
src/main/java/org/apache/commons/math3/optimization/general/NonLinearConjugateGradientOptimizer.java: internal error: org.apache.commons.math3.optimization.general.NonLinearConjugateGradientOptimizer.setInitialStep: unknown type kind
	data: unsupported(org/apache/commons/math3/analysis/solvers/UnivariateSolver)
src/main/java/org/apache/commons/math3/optimization/general/NonLinearConjugateGradientOptimizer.java: org.apache.commons.math3.optimization.general.NonLinearConjugateGradientOptimizer.NonLinearConjugateGradientOptimizer: computing test cases
src/main/java/org/apache/commons/math3/optimization/general/NonLinearConjugateGradientOptimizer.java: org.apache.commons.math3.optimization.general.NonLinearConjugateGradientOptimizer.NonLinearConjugateGradientOptimizer: found 1 problems
src/main/java/org/apache/commons/math3/optimization/general/NonLinearConjugateGradientOptimizer.java: internal error: org.apache.commons.math3.optimization.general.NonLinearConjugateGradientOptimizer.NonLinearConjugateGradientOptimizer: unknown type kind
	data: unsupported(org/apache/commons/math3/analysis/solvers/UnivariateSolver)
src/main/java/org/apache/commons/math3/optimization/general/NonLinearConjugateGradientOptimizer.java: org.apache.commons.math3.optimization.general.NonLinearConjugateGradientOptimizer.doOptimize: computing test cases
src/main/java/org/apache/commons/math3/optimization/general/NonLinearConjugateGradientOptimizer.java: org.apache.commons.math3.optimization.general.NonLinearConjugateGradientOptimizer.doOptimize: computed 0 unit tests
src/main/java/org/apache/commons/math3/optimization/general/NonLinearConjugateGradientOptimizer.java: org.apache.commons.math3.optimization.general.NonLinearConjugateGradientOptimizer.IdentityPreconditioner.precondition: computing test cases
src/main/java/org/apache/commons/math3/optimization/general/NonLinearConjugateGradientOptimizer.java: org.apache.commons.math3.optimization.general.NonLinearConjugateGradientOptimizer.IdentityPreconditioner.precondition: computed 0 unit tests
src/main/java/org/apache/commons/math3/optimization/general/NonLinearConjugateGradientOptimizer.java: org.apache.commons.math3.optimization.general.NonLinearConjugateGradientOptimizer.IdentityPreconditioner.precondition: found 0 problems
src/main/java/org/apache/commons/math3/optimization/general/NonLinearConjugateGradientOptimizer.java: org.apache.commons.math3.optimization.general.NonLinearConjugateGradientOptimizer.NonLinearConjugateGradientOptimizer: computing test cases
src/main/java/org/apache/commons/math3/optimization/general/NonLinearConjugateGradientOptimizer.java: org.apache.commons.math3.optimization.general.NonLinearConjugateGradientOptimizer.NonLinearConjugateGradientOptimizer: found 1 problems
src/main/java/org/apache/commons/math3/optimization/general/NonLinearConjugateGradientOptimizer.java: internal error: org.apache.commons.math3.optimization.general.NonLinearConjugateGradientOptimizer.NonLinearConjugateGradientOptimizer: unknown type kind
	data: unsupported(org/apache/commons/math3/analysis/solvers/UnivariateSolver)
src/main/java/org/apache/commons/math3/optimization/general/Preconditioner.java: org.apache.commons.math3.optimization.general.Preconditioner.precondition: computing test cases
src/main/java/org/apache/commons/math3/optimization/general/Preconditioner.java: org.apache.commons.math3.optimization.general.Preconditioner.precondition: function is abstract and therefore inaccessible for tests
Analyzed 9 out of 9 source files
Had 5 errors that block a full analysis
Generated 0 tests
Found 0 potential problems
The following issues prevent a full analysis:

* 73 cases of "unknown import"
	Description: Imports could not be resolved. This is likely due to missing dependencies.

* 21 cases of "unknown type"
	Description: Types could not be resolved. This could be because of missing dependencies
  or a consequence of some other problem.

* 18 cases of "unknown function"
	Description: Functions could not be resolved. This occurs due to missing dependencies,
  or if a called function is removed due to some other problem.

* 1 case of "not all elements have the same type"
	Description: Arguments of a function call do not match the parameter types. This usually
  occurs if a called method is removed due to some other problem, and another
  method with the same name is selected to be called.

* 4 cases of "other issues"
	Description: Uncategorized problems.

