Analyzing workspace /home/ph7/sqa-project/workspaces/math_59b/
Search for Java files
Load dependency stdlib:@dev
src/main/java/org/apache/commons/math/util/FastMath.java: org.apache.commons.math.util.FastMath.FastMath: function is private and therefore inaccessible for tests
src/main/java/org/apache/commons/math/util/FastMath.java: org.apache.commons.math.util.FastMath.exp: function is private and therefore inaccessible for tests
src/main/java/org/apache/commons/math/util/FastMath.java: org.apache.commons.math.util.FastMath.expm1: function is private and therefore inaccessible for tests
src/main/java/org/apache/commons/math/util/FastMath.java: org.apache.commons.math.util.FastMath.slowexp: function is private and therefore inaccessible for tests
src/main/java/org/apache/commons/math/util/FastMath.java: org.apache.commons.math.util.FastMath.split: function is private and therefore inaccessible for tests
src/main/java/org/apache/commons/math/util/FastMath.java: org.apache.commons.math.util.FastMath.resplit: function is private and therefore inaccessible for tests
src/main/java/org/apache/commons/math/util/FastMath.java: org.apache.commons.math.util.FastMath.splitMult: function is private and therefore inaccessible for tests
src/main/java/org/apache/commons/math/util/FastMath.java: org.apache.commons.math.util.FastMath.splitAdd: function is private and therefore inaccessible for tests
src/main/java/org/apache/commons/math/util/FastMath.java: org.apache.commons.math.util.FastMath.splitReciprocal: function is private and therefore inaccessible for tests
src/main/java/org/apache/commons/math/util/FastMath.java: org.apache.commons.math.util.FastMath.quadMult: function is private and therefore inaccessible for tests
src/main/java/org/apache/commons/math/util/FastMath.java: org.apache.commons.math.util.FastMath.expint: function is private and therefore inaccessible for tests
src/main/java/org/apache/commons/math/util/FastMath.java: org.apache.commons.math.util.FastMath.log: function is private and therefore inaccessible for tests
src/main/java/org/apache/commons/math/util/FastMath.java: org.apache.commons.math.util.FastMath.slowLog: function is private and therefore inaccessible for tests
src/main/java/org/apache/commons/math/util/FastMath.java: org.apache.commons.math.util.FastMath.slowSin: function is private and therefore inaccessible for tests
src/main/java/org/apache/commons/math/util/FastMath.java: org.apache.commons.math.util.FastMath.slowCos: function is private and therefore inaccessible for tests
src/main/java/org/apache/commons/math/util/FastMath.java: org.apache.commons.math.util.FastMath.buildSinCosTables: function is private and therefore inaccessible for tests
src/main/java/org/apache/commons/math/util/FastMath.java: org.apache.commons.math.util.FastMath.polySine: function is private and therefore inaccessible for tests
src/main/java/org/apache/commons/math/util/FastMath.java: org.apache.commons.math.util.FastMath.polyCosine: function is private and therefore inaccessible for tests
src/main/java/org/apache/commons/math/util/FastMath.java: org.apache.commons.math.util.FastMath.sinQ: function is private and therefore inaccessible for tests
src/main/java/org/apache/commons/math/util/FastMath.java: org.apache.commons.math.util.FastMath.cosQ: function is private and therefore inaccessible for tests
src/main/java/org/apache/commons/math/util/FastMath.java: org.apache.commons.math.util.FastMath.tanQ: function is private and therefore inaccessible for tests
src/main/java/org/apache/commons/math/util/FastMath.java: org.apache.commons.math.util.FastMath.reducePayneHanek: function is private and therefore inaccessible for tests
src/main/java/org/apache/commons/math/util/FastMath.java: org.apache.commons.math.util.FastMath.atan: function is private and therefore inaccessible for tests
src/main/java/org/apache/commons/math/util/BigReal.java: error: unknown import
	data: java/math/BigDecimal
src/main/java/org/apache/commons/math/util/BigReal.java: error: unknown import
	data: java/math/BigInteger
src/main/java/org/apache/commons/math/util/BigReal.java: error: unknown import
	data: java/math/MathContext
src/main/java/org/apache/commons/math/util/BigReal.java: error: unknown import
	data: java/math/RoundingMode
src/main/java/org/apache/commons/math/util/BigReal.java: error: unknown import
	data: org/apache/commons/math/Field
src/main/java/org/apache/commons/math/util/BigReal.java: error: unknown import
	data: org/apache/commons/math/FieldElement
src/main/java/org/apache/commons/math/util/BigRealField.java: error: unknown import
	data: org/apache/commons/math/Field
src/main/java/org/apache/commons/math/util/CompositeFormat.java: error: unknown import
	data: java/text/NumberFormat
src/main/java/org/apache/commons/math/util/CompositeFormat.java: error: unknown function
	data: [pointer(reference(java/lang/StringBuffer)) java/lang/StringBuffer//append [] [')']]
src/main/java/org/apache/commons/math/util/CompositeFormat.java: error: unknown import
	data: java/text/FieldPosition
src/main/java/org/apache/commons/math/util/CompositeFormat.java: error: unknown import
	data: java/text/ParsePosition
src/main/java/org/apache/commons/math/util/CompositeFormat.java: error: unknown import
	data: java/util/Locale
src/main/java/org/apache/commons/math/util/CompositeFormat.java: error: unknown field
	data: [Double struct(java/lang/Double, [], [pointer(reference(java/lang/Object))], []) NaN]
src/main/java/org/apache/commons/math/util/CompositeFormat.java: error: unknown field
	data: [Double struct(java/lang/Double, [], [pointer(reference(java/lang/Object))], []) POSITIVE_INFINITY]
src/main/java/org/apache/commons/math/util/CompositeFormat.java: error: unknown field
	data: [Double struct(java/lang/Double, [], [pointer(reference(java/lang/Object))], []) NEGATIVE_INFINITY]
src/main/java/org/apache/commons/math/util/CompositeFormat.java: error: unknown function
	data: [pointer(reference(java/lang/StringBuffer)) java/lang/StringBuffer//append [] ['(']]
src/main/java/org/apache/commons/math/util/CompositeFormat.java: error: unknown function
	data: [pointer(reference(java/lang/StringBuffer)) java/lang/StringBuffer//append [] [value]]
src/main/java/org/apache/commons/math/util/ContinuedFraction.java: error: unknown import
	data: org/apache/commons/math/exception/MaxCountExceededException
src/main/java/org/apache/commons/math/util/ContinuedFraction.java: error: unknown import
	data: org/apache/commons/math/exception/util/LocalizedFormats
src/main/java/org/apache/commons/math/util/ContinuedFraction.java: error: unknown field
	data: [Double struct(java/lang/Double, [], [pointer(reference(java/lang/Object))], []) MAX_VALUE]
src/main/java/org/apache/commons/math/util/ContinuedFraction.java: error: unknown import
	data: org/apache/commons/math/ConvergenceException
src/main/java/org/apache/commons/math/util/ContinuedFraction.java: error: unknown import
	data: org/apache/commons/math/MathException
src/main/java/org/apache/commons/math/util/DefaultTransformer.java: error: unknown import
	data: org/apache/commons/math/MathException
src/main/java/org/apache/commons/math/util/DefaultTransformer.java: error: unknown import
	data: org/apache/commons/math/exception/util/LocalizedFormats
src/main/java/org/apache/commons/math/util/DefaultTransformer.java: error: unknown import
	data: org/apache/commons/math/exception/NullArgumentException
src/main/java/org/apache/commons/math/util/DefaultTransformer.java: error: unknown function
	data: [struct(java/lang/Number, [], [pointer(reference(java/lang/Object))], [reference(java/io/Serializable)]) java/lang/Number//doubleValue [] []]
src/main/java/org/apache/commons/math/util/FastMath.java: error: unknown field
	data: [Double struct(java/lang/Double, [], [pointer(reference(java/lang/Object))], []) NEGATIVE_INFINITY]
src/main/java/org/apache/commons/math/util/FastMath.java: error: unknown function
	data: [struct(java/lang/Double, [], [pointer(reference(java/lang/Object))], []) java/lang/Double//longBitsToDouble [] [|(&(inbits, -9223372036854775808), <<(cast(&(+(exp3, 1023), 2047), primitive(int, 64, false)), cast(&(52, 63), primitive(int, 64, false))))]]
src/main/java/org/apache/commons/math/util/FastMath.java: error: unknown field
	data: [Double struct(java/lang/Double, [], [pointer(reference(java/lang/Object))], []) NaN]
src/main/java/org/apache/commons/math/util/FastMath.java: error: unknown field
	data: [Double struct(java/lang/Double, [], [pointer(reference(java/lang/Object))], []) NaN]
src/main/java/org/apache/commons/math/util/FastMath.java: error: unknown field
	data: [Double struct(java/lang/Double, [], [pointer(reference(java/lang/Object))], []) POSITIVE_INFINITY]
src/main/java/org/apache/commons/math/util/FastMath.java: error: unknown field
	data: [Double struct(java/lang/Double, [], [pointer(reference(java/lang/Object))], []) NEGATIVE_INFINITY]
src/main/java/org/apache/commons/math/util/FastMath.java: error: unknown field
	data: [Double struct(java/lang/Double, [], [pointer(reference(java/lang/Object))], []) POSITIVE_INFINITY]
src/main/java/org/apache/commons/math/util/FastMath.java: error: unknown field
	data: [Double struct(java/lang/Double, [], [pointer(reference(java/lang/Object))], []) NaN]
src/main/java/org/apache/commons/math/util/FastMath.java: error: unknown field
	data: [Double struct(java/lang/Double, [], [pointer(reference(java/lang/Object))], []) POSITIVE_INFINITY]
src/main/java/org/apache/commons/math/util/FastMath.java: error: unknown field
	data: [Double struct(java/lang/Double, [], [pointer(reference(java/lang/Object))], []) NaN]
src/main/java/org/apache/commons/math/util/FastMath.java: error: unknown field
	data: [Double struct(java/lang/Double, [], [pointer(reference(java/lang/Object))], []) POSITIVE_INFINITY]
src/main/java/org/apache/commons/math/util/FastMath.java: error: unknown field
	data: [Double struct(java/lang/Double, [], [pointer(reference(java/lang/Object))], []) MIN_VALUE]
src/main/java/org/apache/commons/math/util/FastMath.java: error: unknown field
	data: [Double struct(java/lang/Double, [], [pointer(reference(java/lang/Object))], []) POSITIVE_INFINITY]
src/main/java/org/apache/commons/math/util/FastMath.java: unsupported: unsupported type cast
	data: cast(^(negative, true), primitive(bool, 0, false))
src/main/java/org/apache/commons/math/util/FastMath.java: error: unknown field
	data: [Double struct(java/lang/Double, [], [pointer(reference(java/lang/Object))], []) NEGATIVE_INFINITY]
src/main/java/org/apache/commons/math/util/FastMath.java: error: unknown field
	data: [Double struct(java/lang/Double, [], [pointer(reference(java/lang/Object))], []) POSITIVE_INFINITY]
src/main/java/org/apache/commons/math/util/FastMath.java: error: unknown field
	data: [Double struct(java/lang/Double, [], [pointer(reference(java/lang/Object))], []) POSITIVE_INFINITY]
src/main/java/org/apache/commons/math/util/FastMath.java: error: unknown field
	data: [Double struct(java/lang/Double, [], [pointer(reference(java/lang/Object))], []) NaN]
src/main/java/org/apache/commons/math/util/FastMath.java: error: unknown function
	data: [struct(java/lang/Double, [], [pointer(reference(java/lang/Object))], []) java/lang/Double//longBitsToDouble [] [|(|(sign, -(exponent, 4503599627370496)), 4503599627370495)]]
src/main/java/org/apache/commons/math/util/FastMath.java: error: unknown field
	data: [Double struct(java/lang/Double, [], [pointer(reference(java/lang/Object))], []) NaN]
src/main/java/org/apache/commons/math/util/FastMath.java: error: unknown field
	data: [Double struct(java/lang/Double, [], [pointer(reference(java/lang/Object))], []) POSITIVE_INFINITY]
src/main/java/org/apache/commons/math/util/FastMath.java: error: unknown field
	data: [Double struct(java/lang/Double, [], [pointer(reference(java/lang/Object))], []) NaN]
src/main/java/org/apache/commons/math/util/FastMath.java: error: unknown field
	data: [Double struct(java/lang/Double, [], [pointer(reference(java/lang/Object))], []) POSITIVE_INFINITY]
src/main/java/org/apache/commons/math/util/FastMath.java: error: unknown field
	data: [Double struct(java/lang/Double, [], [pointer(reference(java/lang/Object))], []) POSITIVE_INFINITY]
src/main/java/org/apache/commons/math/util/FastMath.java: error: unknown function
	data: [struct(java/lang/Double, [], [pointer(reference(java/lang/Object))], []) java/lang/Double//longBitsToDouble [] [^(call(java/lang/Double//doubleToLongBits!5bf0b9c067f960fc8e4f1dbf7e8b205e, [x]), cast(1, primitive(int, 64, false)))]]
src/main/java/org/apache/commons/math/util/FastMath.java: error: unknown function
	data: [struct(java/lang/Math, [], [pointer(reference(java/lang/Object))], []) java/lang/Math//sqrt [] [a]]
src/main/java/org/apache/commons/math/util/FastMath.java: error: unknown function
	data: [struct(java/lang/Math, [], [pointer(reference(java/lang/Object))], []) java/lang/Math//random [] []]
src/main/java/org/apache/commons/math/util/FastMath.java: error: unknown field
	data: [Double struct(java/lang/Double, [], [pointer(reference(java/lang/Object))], []) POSITIVE_INFINITY]
src/main/java/org/apache/commons/math/util/FastMath.java: error: unknown field
	data: [Double struct(java/lang/Double, [], [pointer(reference(java/lang/Object))], []) NaN]
src/main/java/org/apache/commons/math/util/FastMath.java: error: unknown function
	data: [struct(java/lang/Double, [], [pointer(reference(java/lang/Object))], []) java/lang/Double//longBitsToDouble [] [|(|(sign, exponent), -(mantissa, cast(1, primitive(int, 64, false))))]]
src/main/java/org/apache/commons/math/util/FastMath.java: error: unknown field
	data: [Double struct(java/lang/Double, [], [pointer(reference(java/lang/Object))], []) NaN]
src/main/java/org/apache/commons/math/util/FastMath.java: error: unknown field
	data: [Double struct(java/lang/Double, [], [pointer(reference(java/lang/Object))], []) POSITIVE_INFINITY]
src/main/java/org/apache/commons/math/util/FastMath.java: error: unknown field
	data: [Double struct(java/lang/Double, [], [pointer(reference(java/lang/Object))], []) POSITIVE_INFINITY]
src/main/java/org/apache/commons/math/util/FastMath.java: error: unknown field
	data: [Double struct(java/lang/Double, [], [pointer(reference(java/lang/Object))], []) NEGATIVE_INFINITY]
src/main/java/org/apache/commons/math/util/FastMath.java: error: unknown field
	data: [Float struct(java/lang/Float, [], [pointer(reference(java/lang/Object))], []) NaN]
src/main/java/org/apache/commons/math/util/FastMath.java: error: unknown field
	data: [Double struct(java/lang/Double, [], [pointer(reference(java/lang/Object))], []) NEGATIVE_INFINITY]
src/main/java/org/apache/commons/math/util/FastMath.java: error: unknown field
	data: [Double struct(java/lang/Double, [], [pointer(reference(java/lang/Object))], []) POSITIVE_INFINITY]
src/main/java/org/apache/commons/math/util/FastMath.java: error: unknown field
	data: [Double struct(java/lang/Double, [], [pointer(reference(java/lang/Object))], []) NaN]
src/main/java/org/apache/commons/math/util/FastMath.java: error: unknown field
	data: [Double struct(java/lang/Double, [], [pointer(reference(java/lang/Object))], []) NEGATIVE_INFINITY]
src/main/java/org/apache/commons/math/util/FastMath.java: error: unknown field
	data: [Double struct(java/lang/Double, [], [pointer(reference(java/lang/Object))], []) MIN_VALUE]
src/main/java/org/apache/commons/math/util/FastMath.java: error: unknown field
	data: [Double struct(java/lang/Double, [], [pointer(reference(java/lang/Object))], []) NEGATIVE_INFINITY]
src/main/java/org/apache/commons/math/util/FastMath.java: error: unknown field
	data: [Double struct(java/lang/Double, [], [pointer(reference(java/lang/Object))], []) NaN]
src/main/java/org/apache/commons/math/util/FastMath.java: error: unknown field
	data: [Double struct(java/lang/Double, [], [pointer(reference(java/lang/Object))], []) NaN]
src/main/java/org/apache/commons/math/util/FastMath.java: error: unknown field
	data: [Double struct(java/lang/Double, [], [pointer(reference(java/lang/Object))], []) POSITIVE_INFINITY]
src/main/java/org/apache/commons/math/util/FastMath.java: error: unknown field
	data: [Double struct(java/lang/Double, [], [pointer(reference(java/lang/Object))], []) POSITIVE_INFINITY]
src/main/java/org/apache/commons/math/util/FastMath.java: error: unknown function
	data: [struct(java/lang/Double, [], [pointer(reference(java/lang/Object))], []) java/lang/Double//longBitsToDouble [] [|(|(sign, exponent), +(mantissa, cast(1, primitive(int, 64, false))))]]
src/main/java/org/apache/commons/math/util/FastMath.java: error: unknown field
	data: [Float struct(java/lang/Float, [], [pointer(reference(java/lang/Object))], []) NaN]
src/main/java/org/apache/commons/math/util/FastMath.java: error: unknown identifier
	data: PI
src/main/java/org/apache/commons/math/util/FastMath.java: error: unknown field
	data: [Double struct(java/lang/Double, [], [pointer(reference(java/lang/Object))], []) NaN]
src/main/java/org/apache/commons/math/util/FastMath.java: internal error: not all elements have the same type
	data: composite(array(primitive(float, 64, false), primitive(int, 32, false), 0), [0, 0.125, 0.25, 0.375, 0.5, 0.625, 0.75, 0.875, 1.0, 1.125, 1.25, 1.375, 1.5, 1.625])
src/main/java/org/apache/commons/math/util/FastMath.java: error: unknown field
	data: [Double struct(java/lang/Double, [], [pointer(reference(java/lang/Object))], []) NEGATIVE_INFINITY]
src/main/java/org/apache/commons/math/util/FastMath.java: error: unknown field
	data: [Double struct(java/lang/Double, [], [pointer(reference(java/lang/Object))], []) NEGATIVE_INFINITY]
src/main/java/org/apache/commons/math/util/FastMath.java: error: unknown field
	data: [Double struct(java/lang/Double, [], [pointer(reference(java/lang/Object))], []) NaN]
src/main/java/org/apache/commons/math/util/FastMath.java: error: unknown field
	data: [Double struct(java/lang/Double, [], [pointer(reference(java/lang/Object))], []) NaN]
src/main/java/org/apache/commons/math/util/FastMath.java: error: unknown field
	data: [Double struct(java/lang/Double, [], [pointer(reference(java/lang/Object))], []) NEGATIVE_INFINITY]
src/main/java/org/apache/commons/math/util/FastMath.java: error: unknown field
	data: [Double struct(java/lang/Double, [], [pointer(reference(java/lang/Object))], []) POSITIVE_INFINITY]
src/main/java/org/apache/commons/math/util/FastMath.java: error: unknown field
	data: [Double struct(java/lang/Double, [], [pointer(reference(java/lang/Object))], []) NaN]
src/main/java/org/apache/commons/math/util/FastMath.java: error: unknown function
	data: [struct(java/lang/Double, [], [pointer(reference(java/lang/Object))], []) java/lang/Double//longBitsToDouble [] [|(&(inbits, 4503599627370495), 4607182418800017408)]]
src/main/java/org/apache/commons/math/util/FastMath.java: error: unknown field
	data: [Double struct(java/lang/Double, [], [pointer(reference(java/lang/Object))], []) NaN]
src/main/java/org/apache/commons/math/util/FastMath.java: error: unknown field
	data: [Double struct(java/lang/Double, [], [pointer(reference(java/lang/Object))], []) POSITIVE_INFINITY]
src/main/java/org/apache/commons/math/util/FastMath.java: error: unknown field
	data: [Double struct(java/lang/Double, [], [pointer(reference(java/lang/Object))], []) POSITIVE_INFINITY]
src/main/java/org/apache/commons/math/util/FastMath.java: error: unknown field
	data: [Double struct(java/lang/Double, [], [pointer(reference(java/lang/Object))], []) NaN]
src/main/java/org/apache/commons/math/util/FastMath.java: error: unknown function
	data: [struct(java/lang/Double, [], [pointer(reference(java/lang/Object))], []) java/lang/Double//longBitsToDouble [] [|(sign, +(exponent, 4503599627370496))]]
src/main/java/org/apache/commons/math/util/FastMath.java: error: unknown function
	data: [struct(java/lang/Math, [], [pointer(reference(java/lang/Object))], []) java/lang/Math//round [] [x]]
src/main/java/org/apache/commons/math/util/FastMath.java: error: unknown function
	data: [struct(java/lang/Double, [], [pointer(reference(java/lang/Object))], []) java/lang/Double//longBitsToDouble [] [|(<<(cast(i, primitive(int, 64, false)), cast(&(42, 63), primitive(int, 64, false))), 4607182418800017408)]]
src/main/java/org/apache/commons/math/util/FastMath.java: error: unknown field
	data: [Double struct(java/lang/Double, [], [pointer(reference(java/lang/Object))], []) NaN]
src/main/java/org/apache/commons/math/util/FastMath.java: error: unknown field
	data: [Double struct(java/lang/Double, [], [pointer(reference(java/lang/Object))], []) POSITIVE_INFINITY]
src/main/java/org/apache/commons/math/util/Incrementor.java: error: unknown import
	data: org/apache/commons/math/exception/MaxCountExceededException
src/main/java/org/apache/commons/math/util/MathUtils.java: error: unknown import
	data: java/math/BigDecimal
src/main/java/org/apache/commons/math/util/MathUtils.java: error: unknown import
	data: org/apache/commons/math/exception/util/Localizable
src/main/java/org/apache/commons/math/util/MathUtils.java: error: unknown field
	data: [Double struct(java/lang/Double, [], [pointer(reference(java/lang/Object))], []) NaN]
src/main/java/org/apache/commons/math/util/MathUtils.java: error: unknown field
	data: [Double struct(java/lang/Double, [], [pointer(reference(java/lang/Object))], []) NEGATIVE_INFINITY]
src/main/java/org/apache/commons/math/util/MathUtils.java: error: unknown field
	data: [Double struct(java/lang/Double, [], [pointer(reference(java/lang/Object))], []) POSITIVE_INFINITY]
src/main/java/org/apache/commons/math/util/MathUtils.java: error: unknown field
	data: [Double struct(java/lang/Double, [], [pointer(reference(java/lang/Object))], []) POSITIVE_INFINITY]
src/main/java/org/apache/commons/math/util/MathUtils.java: error: unknown import
	data: org/apache/commons/math/exception/NumberIsTooLargeException
src/main/java/org/apache/commons/math/util/MathUtils.java: error: unknown import
	data: org/apache/commons/math/exception/NullArgumentException
src/main/java/org/apache/commons/math/util/MathUtils.java: error: unknown import
	data: org/apache/commons/math/exception/NotPositiveException
src/main/java/org/apache/commons/math/util/MathUtils.java: error: unknown import
	data: org/apache/commons/math/exception/MathIllegalArgumentException
src/main/java/org/apache/commons/math/util/MathUtils.java: error: unknown field
	data: [Double struct(java/lang/Double, [], [pointer(reference(java/lang/Object))], []) NEGATIVE_INFINITY]
src/main/java/org/apache/commons/math/util/MathUtils.java: error: unknown field
	data: [Double struct(java/lang/Double, [], [pointer(reference(java/lang/Object))], []) NaN]
src/main/java/org/apache/commons/math/util/MathUtils.java: error: unknown function
	data: [struct(java/lang/Math, [], [pointer(reference(java/lang/Object))], []) java/lang/Math//sqrt [] [+(s1, /(/(s2, x1max), x1max))]]
src/main/java/org/apache/commons/math/util/MathUtils.java: error: unknown import
	data: java/util/Arrays
src/main/java/org/apache/commons/math/util/MathUtils.java: error: unknown import
	data: org/apache/commons/math/exception/NonMonotonousSequenceException
src/main/java/org/apache/commons/math/util/MathUtils.java: error: unknown field
	data: [Double struct(java/lang/Double, [], [pointer(reference(java/lang/Object))], []) NEGATIVE_INFINITY]
src/main/java/org/apache/commons/math/util/MathUtils.java: error: unknown field
	data: [Double struct(java/lang/Double, [], [pointer(reference(java/lang/Object))], []) POSITIVE_INFINITY]
src/main/java/org/apache/commons/math/util/MathUtils.java: error: unknown function
	data: [struct(java/lang/Math, [], [pointer(reference(java/lang/Object))], []) java/lang/Math//floor [] [unscaled]]
src/main/java/org/apache/commons/math/util/MathUtils.java: error: unknown function
	data: [struct(java/lang/Math, [], [pointer(reference(java/lang/Object))], []) java/lang/Math//sqrt [] [s3]]
src/main/java/org/apache/commons/math/util/MathUtils.java: error: unknown function
	data: [<nil> java/util/ArrayList//ArrayList [pointer(genericInstance(reference(org/apache/commons/math/util/Pair), [pointer(reference(java/lang/Double)), array(primitive(float, 64, false), primitive(int, 32, false), 0)]))] [len]]
src/main/java/org/apache/commons/math/util/MathUtils.java: error: unknown import
	data: java/util/Collections
src/main/java/org/apache/commons/math/util/MathUtils.java: error: unknown import
	data: org/apache/commons/math/exception/MathArithmeticException
src/main/java/org/apache/commons/math/util/MathUtils.java: error: unknown import
	data: org/apache/commons/math/exception/MathRuntimeException
src/main/java/org/apache/commons/math/util/MathUtils.java: error: unknown field
	data: [Float struct(java/lang/Float, [], [pointer(reference(java/lang/Object))], []) NaN]
src/main/java/org/apache/commons/math/util/MathUtils.java: error: unknown function
	data: [struct(java/lang/Double, [], [pointer(reference(java/lang/Object))], []) java/lang/Double//longBitsToDouble [] [newBits]]
src/main/java/org/apache/commons/math/util/MathUtils.java: error: unknown identifier
	data: this
src/main/java/org/apache/commons/math/util/MathUtils.java: error: unknown import
	data: org/apache/commons/math/exception/util/LocalizedFormats
src/main/java/org/apache/commons/math/util/MathUtils.java: error: unknown import
	data: org/apache/commons/math/exception/DimensionMismatchException
src/main/java/org/apache/commons/math/util/MathUtils.java: error: unknown import
	data: org/apache/commons/math/exception/NotFiniteNumberException
src/main/java/org/apache/commons/math/util/MathUtils.java: error: unknown field
	data: [Double struct(java/lang/Double, [], [pointer(reference(java/lang/Object))], []) NaN]
src/main/java/org/apache/commons/math/util/MathUtils.java: error: unknown field
	data: [Double struct(java/lang/Double, [], [pointer(reference(java/lang/Object))], []) NaN]
src/main/java/org/apache/commons/math/util/MathUtils.java: error: unknown field
	data: [Float struct(java/lang/Float, [], [pointer(reference(java/lang/Object))], []) NaN]
src/main/java/org/apache/commons/math/util/MathUtils.java: error: unknown function
	data: [struct(java/lang/Math, [], [pointer(reference(java/lang/Object))], []) java/lang/Math//sqrt [] [*(s2, +(cast(1, primitive(float, 64, false)), *(/(x3max, s2), *(x3max, s3))))]]
src/main/java/org/apache/commons/math/util/MathUtils.java: error: unknown field
	data: [Double struct(java/lang/Double, [], [pointer(reference(java/lang/Object))], []) POSITIVE_INFINITY]
src/main/java/org/apache/commons/math/util/MathUtils.java: error: unknown import
	data: java/math/BigInteger
src/main/java/org/apache/commons/math/util/MathUtils.java: error: unknown field
	data: [Double struct(java/lang/Double, [], [pointer(reference(java/lang/Object))], []) NEGATIVE_INFINITY]
src/main/java/org/apache/commons/math/util/MathUtils.java: error: unknown function
	data: [struct(java/lang/Math, [], [pointer(reference(java/lang/Object))], []) java/lang/Math//sqrt [] [*(x3max, +(/(s2, x3max), *(x3max, s3)))]]
src/main/java/org/apache/commons/math/util/MultidimensionalCounter.java: error: unknown import
	data: org/apache/commons/math/exception/DimensionMismatchException
src/main/java/org/apache/commons/math/util/MultidimensionalCounter.java: error: unknown import
	data: org/apache/commons/math/exception/OutOfRangeException
src/main/java/org/apache/commons/math/util/MultidimensionalCounter.java: error: unknown import
	data: org/apache/commons/math/exception/NotStrictlyPositiveException
src/main/java/org/apache/commons/math/util/MultidimensionalCounter.java: error: unknown function
	data: [struct(java/lang/System, [], [pointer(reference(java/lang/Object))], []) java/lang/System//arraycopy [] [source 0 output 0 call(java/lang/Math//min!2ac0ebcb23011db97774191b8c6fdbe3, [len(ensure_not_nil(source)), newLen])]]
src/main/java/org/apache/commons/math/util/NumberTransformer.java: error: unknown import
	data: org/apache/commons/math/MathException
src/main/java/org/apache/commons/math/util/OpenIntToDoubleHashMap.java: error: unknown import
	data: java/util/NoSuchElementException
src/main/java/org/apache/commons/math/util/OpenIntToDoubleHashMap.java: error: unknown field
	data: [Double struct(java/lang/Double, [], [pointer(reference(java/lang/Object))], []) NaN]
src/main/java/org/apache/commons/math/util/OpenIntToDoubleHashMap.java: error: unknown field
	data: [Double struct(java/lang/Double, [], [pointer(reference(java/lang/Object))], []) NaN]
src/main/java/org/apache/commons/math/util/OpenIntToDoubleHashMap.java: error: unknown function
	data: [struct(java/lang/System, [], [pointer(reference(java/lang/Object))], []) java/lang/System//arraycopy [] [select(source, keys) 0 select(this, keys) 0 length]]
src/main/java/org/apache/commons/math/util/OpenIntToDoubleHashMap.java: error: unknown function
	data: [struct(java/lang/System, [], [pointer(reference(java/lang/Object))], []) java/lang/System//arraycopy [] [select(source, values) 0 select(this, values) 0 length]]
src/main/java/org/apache/commons/math/util/OpenIntToDoubleHashMap.java: internal error: missing return statement
	data: function(<nil>, org/apache/commons/math/util/OpenIntToDoubleHashMap//findInsertionIndex!58002e7704d160bfc09403e6f432c39c, [variable(keys, array(primitive(int, 32, false), primitive(int, 32, false), 0)), variable(states, array(primitive(int, 8, false), primitive(int, 32, false), 0)), variable(key, primitive(int, 32, false)), variable(mask, primitive(int, 32, false))], [variable(, primitive(int, 32, false))], block([unsupported]))
src/main/java/org/apache/commons/math/util/OpenIntToDoubleHashMap.java: error: unknown import
	data: java/util/ConcurrentModificationException
src/main/java/org/apache/commons/math/util/OpenIntToDoubleHashMap.java: error: unknown import
	data: org/apache/commons/math/MathRuntimeException
src/main/java/org/apache/commons/math/util/OpenIntToDoubleHashMap.java: error: unknown import
	data: org/apache/commons/math/exception/util/LocalizedFormats
src/main/java/org/apache/commons/math/util/OpenIntToDoubleHashMap.java: error: unknown function
	data: [struct(java/lang/System, [], [pointer(reference(java/lang/Object))], []) java/lang/System//arraycopy [] [select(source, states) 0 select(this, states) 0 length]]
src/main/java/org/apache/commons/math/util/OpenIntToDoubleHashMap.java: error: unknown function
	data: [pointer(reference(java/io/ObjectInputStream)) java/io/ObjectInputStream//defaultReadObject [] []]
src/main/java/org/apache/commons/math/util/OpenIntToFieldHashMap.java: error: unknown field
	data: [this struct(org/apache/commons/math/util/OpenIntToFieldHashMap//Iterator, [], [pointer(reference(java/lang/Object))], []) keys]
src/main/java/org/apache/commons/math/util/OpenIntToFieldHashMap.java: error: unknown field
	data: [this struct(org/apache/commons/math/util/OpenIntToFieldHashMap//Iterator, [], [pointer(reference(java/lang/Object))], []) values]
src/main/java/org/apache/commons/math/util/OpenIntToFieldHashMap.java: error: unknown import
	data: java/util/ConcurrentModificationException
src/main/java/org/apache/commons/math/util/OpenIntToFieldHashMap.java: error: unknown import
	data: java/util/NoSuchElementException
src/main/java/org/apache/commons/math/util/OpenIntToFieldHashMap.java: error: unknown import
	data: org/apache/commons/math/FieldElement
src/main/java/org/apache/commons/math/util/OpenIntToFieldHashMap.java: error: unknown function
	data: [struct(java/lang/System, [], [pointer(reference(java/lang/Object))], []) java/lang/System//arraycopy [] [select(source, keys) 0 select(this, keys) 0 length]]
src/main/java/org/apache/commons/math/util/OpenIntToFieldHashMap.java: error: unknown function
	data: [struct(java/lang/System, [], [pointer(reference(java/lang/Object))], []) java/lang/System//arraycopy [] [select(source, states) 0 select(this, states) 0 length]]
src/main/java/org/apache/commons/math/util/OpenIntToFieldHashMap.java: error: unknown field
	data: [this struct(org/apache/commons/math/util/OpenIntToFieldHashMap//Iterator, [], [pointer(reference(java/lang/Object))], []) count]
src/main/java/org/apache/commons/math/util/OpenIntToFieldHashMap.java: error: unknown import
	data: java/lang/reflect/Array
src/main/java/org/apache/commons/math/util/OpenIntToFieldHashMap.java: error: unknown function
	data: [struct(java/lang/System, [], [pointer(reference(java/lang/Object))], []) java/lang/System//arraycopy [] [select(source, values) 0 select(this, values) 0 length]]
src/main/java/org/apache/commons/math/util/OpenIntToFieldHashMap.java: error: unknown function
	data: [<nil> org/apache/commons/math/util/OpenIntToFieldHashMap//Iterator//Iterator [pointer(reference(java/lang/Object))] []]
src/main/java/org/apache/commons/math/util/OpenIntToFieldHashMap.java: internal error: missing return statement
	data: function(<nil>, org/apache/commons/math/util/OpenIntToFieldHashMap//findInsertionIndex!58002e7704d160bfc09403e6f432c39c, [variable(keys, array(primitive(int, 32, false), primitive(int, 32, false), 0)), variable(states, array(primitive(int, 8, false), primitive(int, 32, false), 0)), variable(key, primitive(int, 32, false)), variable(mask, primitive(int, 32, false))], [variable(, primitive(int, 32, false))], block([unsupported]))
src/main/java/org/apache/commons/math/util/OpenIntToFieldHashMap.java: error: unknown field
	data: [this struct(org/apache/commons/math/util/OpenIntToFieldHashMap//Iterator, [], [pointer(reference(java/lang/Object))], []) count]
src/main/java/org/apache/commons/math/util/OpenIntToFieldHashMap.java: error: unknown field
	data: [this struct(org/apache/commons/math/util/OpenIntToFieldHashMap//Iterator, [], [pointer(reference(java/lang/Object))], []) count]
src/main/java/org/apache/commons/math/util/OpenIntToFieldHashMap.java: error: unknown field
	data: [this struct(org/apache/commons/math/util/OpenIntToFieldHashMap//Iterator, [], [pointer(reference(java/lang/Object))], []) count]
src/main/java/org/apache/commons/math/util/OpenIntToFieldHashMap.java: error: unknown import
	data: org/apache/commons/math/exception/util/LocalizedFormats
src/main/java/org/apache/commons/math/util/OpenIntToFieldHashMap.java: error: unknown type
	data: SuppressWarnings
src/main/java/org/apache/commons/math/util/OpenIntToFieldHashMap.java: error: unknown field
	data: [this struct(org/apache/commons/math/util/OpenIntToFieldHashMap//Iterator, [], [pointer(reference(java/lang/Object))], []) states]
src/main/java/org/apache/commons/math/util/OpenIntToFieldHashMap.java: error: unknown import
	data: org/apache/commons/math/Field
src/main/java/org/apache/commons/math/util/OpenIntToFieldHashMap.java: error: unknown import
	data: org/apache/commons/math/MathRuntimeException
src/main/java/org/apache/commons/math/util/OpenIntToFieldHashMap.java: error: unknown function
	data: [pointer(reference(java/io/ObjectInputStream)) java/io/ObjectInputStream//defaultReadObject [] []]
src/main/java/org/apache/commons/math/util/ResizableDoubleArray.java: error: unknown import
	data: java/util/Arrays
src/main/java/org/apache/commons/math/util/ResizableDoubleArray.java: error: unknown import
	data: org/apache/commons/math/MathRuntimeException
src/main/java/org/apache/commons/math/util/ResizableDoubleArray.java: error: unknown function
	data: [struct(java/lang/System, [], [pointer(reference(java/lang/Object))], []) java/lang/System//arraycopy [] [initialArray 0 select(this, internalArray) 0 len(ensure_not_nil(initialArray))]]
src/main/java/org/apache/commons/math/util/ResizableDoubleArray.java: error: unknown function
	data: [struct(java/lang/System, [], [pointer(reference(java/lang/Object))], []) java/lang/System//arraycopy [] [select(this, internalArray) select(this, startIndex) tempArray 0 select(this, numElements)]]
src/main/java/org/apache/commons/math/util/ResizableDoubleArray.java: error: unknown import
	data: org/apache/commons/math/exception/util/LocalizedFormats
src/main/java/org/apache/commons/math/util/ResizableDoubleArray.java: error: unknown function
	data: [struct(java/lang/System, [], [pointer(reference(java/lang/Object))], []) java/lang/System//arraycopy [] [select(this, internalArray) select(this, startIndex) tempArray 0 select(this, numElements)]]
src/main/java/org/apache/commons/math/util/ResizableDoubleArray.java: error: unknown function
	data: [struct(java/lang/System, [], [pointer(reference(java/lang/Object))], []) java/lang/System//arraycopy [] [select(this, internalArray) 0 tempArray 0 len(ensure_not_nil(select(this, internalArray)))]]
src/main/java/org/apache/commons/math/util/ResizableDoubleArray.java: error: unknown function
	data: [struct(java/lang/System, [], [pointer(reference(java/lang/Object))], []) java/lang/System//arraycopy [] [select(this, internalArray) select(this, startIndex) elementArray 0 select(this, numElements)]]
src/main/java/org/apache/commons/math/util/ResizableDoubleArray.java: error: unknown function
	data: [struct(java/lang/System, [], [pointer(reference(java/lang/Object))], []) java/lang/System//arraycopy [] [values 0 tempArray select(this, numElements) len(ensure_not_nil(values))]]
src/main/java/org/apache/commons/math/util/ResizableDoubleArray.java: error: unknown function
	data: [struct(java/lang/System, [], [pointer(reference(java/lang/Object))], []) java/lang/System//arraycopy [] [select(this, internalArray) 0 tempArray 0 len(ensure_not_nil(select(this, internalArray)))]]
src/main/java/org/apache/commons/math/util/TransformerMap.java: error: unknown field
	data: [Double struct(java/lang/Double, [], [pointer(reference(java/lang/Object))], []) NaN]
src/main/java/org/apache/commons/math/util/TransformerMap.java: error: unknown function
	data: [pointer(reference(java/lang/Object)) java/lang/Object//getClass [] []]
src/main/java/org/apache/commons/math/util/TransformerMap.java: error: unknown function
	data: [genericInstance(reference(java/util/Map), [pointer(genericInstance(reference(java/lang/Class), [wildcard(, pointer(reference(java/lang/Object)))])), reference(org/apache/commons/math/util/NumberTransformer)]) java/util/Map<java/lang/Class<descendant of java/lang/Object>,org/apache/commons/math/util/NumberTransformer>//entrySet [] []]
src/main/java/org/apache/commons/math/util/TransformerMap.java: error: unknown import
	data: java/util/HashMap
src/main/java/org/apache/commons/math/util/TransformerMap.java: error: unknown import
	data: java/util/Set
src/main/java/org/apache/commons/math/util/TransformerMap.java: error: unknown import
	data: org/apache/commons/math/MathException
src/main/java/org/apache/commons/math/util/TransformerMap.java: error: unknown function
	data: [genericInstance(reference(java/util/Map), [pointer(genericInstance(reference(java/lang/Class), [wildcard(, pointer(reference(java/lang/Object)))])), reference(org/apache/commons/math/util/NumberTransformer)]) java/util/Map<java/lang/Class<descendant of java/lang/Object>,org/apache/commons/math/util/NumberTransformer>//keySet [] []]
Found 1 Java files
Found 185 problems in Java files
src/main/java/org/apache/commons/math/util/FastMath.java: found 45 symbols
src/main/java/org/apache/commons/math/util/FastMath.java: org.apache.commons.math.util.FastMath.tanh: computing test cases
src/main/java/org/apache/commons/math/util/FastMath.java: org.apache.commons.math.util.FastMath.tanh: computed 0 unit tests
src/main/java/org/apache/commons/math/util/FastMath.java: org.apache.commons.math.util.FastMath.tanh: found 0 problems
src/main/java/org/apache/commons/math/util/FastMath.java: org.apache.commons.math.util.FastMath.min: computing test cases
src/main/java/org/apache/commons/math/util/FastMath.java: org.apache.commons.math.util.FastMath.min: computed 0 unit tests
src/main/java/org/apache/commons/math/util/FastMath.java: org.apache.commons.math.util.FastMath.min: found 0 problems
src/main/java/org/apache/commons/math/util/FastMath.java: org.apache.commons.math.util.FastMath.acosh: computing test cases
src/main/java/org/apache/commons/math/util/FastMath.java: org.apache.commons.math.util.FastMath.acosh: computed 0 unit tests
src/main/java/org/apache/commons/math/util/FastMath.java: org.apache.commons.math.util.FastMath.acosh: found 0 problems
src/main/java/org/apache/commons/math/util/FastMath.java: org.apache.commons.math.util.FastMath.exp: computing test cases
src/main/java/org/apache/commons/math/util/FastMath.java: org.apache.commons.math.util.FastMath.exp: computed 0 unit tests
src/main/java/org/apache/commons/math/util/FastMath.java: org.apache.commons.math.util.FastMath.exp: found 0 problems
src/main/java/org/apache/commons/math/util/FastMath.java: org.apache.commons.math.util.FastMath.abs: computing test cases
src/main/java/org/apache/commons/math/util/FastMath.java: org.apache.commons.math.util.FastMath.abs: computed 0 unit tests
src/main/java/org/apache/commons/math/util/FastMath.java: org.apache.commons.math.util.FastMath.abs: found 0 problems
src/main/java/org/apache/commons/math/util/FastMath.java: org.apache.commons.math.util.FastMath.min: computing test cases
src/main/java/org/apache/commons/math/util/FastMath.java: org.apache.commons.math.util.FastMath.min: computed 0 unit tests
src/main/java/org/apache/commons/math/util/FastMath.java: org.apache.commons.math.util.FastMath.min: found 0 problems
src/main/java/org/apache/commons/math/util/FastMath.java: org.apache.commons.math.util.FastMath.abs: computing test cases
src/main/java/org/apache/commons/math/util/FastMath.java: org.apache.commons.math.util.FastMath.abs: computed 0 unit tests
src/main/java/org/apache/commons/math/util/FastMath.java: org.apache.commons.math.util.FastMath.abs: found 0 problems
src/main/java/org/apache/commons/math/util/FastMath.java: org.apache.commons.math.util.FastMath.pow: computing test cases
src/main/java/org/apache/commons/math/util/FastMath.java: org.apache.commons.math.util.FastMath.pow: computed 0 unit tests
src/main/java/org/apache/commons/math/util/FastMath.java: org.apache.commons.math.util.FastMath.pow: found 0 problems
src/main/java/org/apache/commons/math/util/FastMath.java: org.apache.commons.math.util.FastMath.asinh: computing test cases
src/main/java/org/apache/commons/math/util/FastMath.java: org.apache.commons.math.util.FastMath.asinh: computed 0 unit tests
src/main/java/org/apache/commons/math/util/FastMath.java: org.apache.commons.math.util.FastMath.asinh: found 0 problems
src/main/java/org/apache/commons/math/util/FastMath.java: org.apache.commons.math.util.FastMath.max: computing test cases
src/main/java/org/apache/commons/math/util/FastMath.java: org.apache.commons.math.util.FastMath.max: computed 0 unit tests
src/main/java/org/apache/commons/math/util/FastMath.java: org.apache.commons.math.util.FastMath.max: found 0 problems
src/main/java/org/apache/commons/math/util/FastMath.java: org.apache.commons.math.util.FastMath.log10: computing test cases
src/main/java/org/apache/commons/math/util/FastMath.java: org.apache.commons.math.util.FastMath.log10: computed 0 unit tests
src/main/java/org/apache/commons/math/util/FastMath.java: org.apache.commons.math.util.FastMath.log10: found 0 problems
src/main/java/org/apache/commons/math/util/FastMath.java: org.apache.commons.math.util.FastMath.atan2: computing test cases
src/main/java/org/apache/commons/math/util/FastMath.java: org.apache.commons.math.util.FastMath.atan2: computed 0 unit tests
src/main/java/org/apache/commons/math/util/FastMath.java: org.apache.commons.math.util.FastMath.atan2: found 0 problems
src/main/java/org/apache/commons/math/util/FastMath.java: org.apache.commons.math.util.FastMath.max: computing test cases
src/main/java/org/apache/commons/math/util/FastMath.java: org.apache.commons.math.util.FastMath.max: computed 0 unit tests
src/main/java/org/apache/commons/math/util/FastMath.java: org.apache.commons.math.util.FastMath.max: found 0 problems
src/main/java/org/apache/commons/math/util/FastMath.java: org.apache.commons.math.util.FastMath.toRadians: computing test cases
src/main/java/org/apache/commons/math/util/FastMath.java: org.apache.commons.math.util.FastMath.toRadians: computed 0 unit tests
src/main/java/org/apache/commons/math/util/FastMath.java: org.apache.commons.math.util.FastMath.toRadians: found 0 problems
src/main/java/org/apache/commons/math/util/FastMath.java: org.apache.commons.math.util.FastMath.expm1: computing test cases
src/main/java/org/apache/commons/math/util/FastMath.java: org.apache.commons.math.util.FastMath.expm1: computed 0 unit tests
src/main/java/org/apache/commons/math/util/FastMath.java: org.apache.commons.math.util.FastMath.expm1: found 0 problems
src/main/java/org/apache/commons/math/util/FastMath.java: org.apache.commons.math.util.FastMath.log1p: computing test cases
src/main/java/org/apache/commons/math/util/FastMath.java: org.apache.commons.math.util.FastMath.log1p: computed 0 unit tests
src/main/java/org/apache/commons/math/util/FastMath.java: org.apache.commons.math.util.FastMath.log1p: found 0 problems
src/main/java/org/apache/commons/math/util/FastMath.java: org.apache.commons.math.util.FastMath.max: computing test cases
src/main/java/org/apache/commons/math/util/FastMath.java: org.apache.commons.math.util.FastMath.max: computed 0 unit tests
src/main/java/org/apache/commons/math/util/FastMath.java: org.apache.commons.math.util.FastMath.max: found 0 problems
src/main/java/org/apache/commons/math/util/FastMath.java: org.apache.commons.math.util.FastMath.abs: computing test cases
src/main/java/org/apache/commons/math/util/FastMath.java: org.apache.commons.math.util.FastMath.abs: computed 0 unit tests
src/main/java/org/apache/commons/math/util/FastMath.java: org.apache.commons.math.util.FastMath.abs: found 0 problems
src/main/java/org/apache/commons/math/util/FastMath.java: org.apache.commons.math.util.FastMath.sinh: computing test cases
src/main/java/org/apache/commons/math/util/FastMath.java: org.apache.commons.math.util.FastMath.sinh: computed 0 unit tests
src/main/java/org/apache/commons/math/util/FastMath.java: org.apache.commons.math.util.FastMath.sinh: found 0 problems
src/main/java/org/apache/commons/math/util/FastMath.java: org.apache.commons.math.util.FastMath.sin: computing test cases
src/main/java/org/apache/commons/math/util/FastMath.java: org.apache.commons.math.util.FastMath.sin: computed 0 unit tests
src/main/java/org/apache/commons/math/util/FastMath.java: org.apache.commons.math.util.FastMath.sin: found 0 problems
src/main/java/org/apache/commons/math/util/FastMath.java: org.apache.commons.math.util.FastMath.cbrt: computing test cases
src/main/java/org/apache/commons/math/util/FastMath.java: org.apache.commons.math.util.FastMath.cbrt: computed 0 unit tests
src/main/java/org/apache/commons/math/util/FastMath.java: org.apache.commons.math.util.FastMath.cbrt: found 0 problems
src/main/java/org/apache/commons/math/util/FastMath.java: org.apache.commons.math.util.FastMath.asin: computing test cases
src/main/java/org/apache/commons/math/util/FastMath.java: org.apache.commons.math.util.FastMath.asin: computed 0 unit tests
src/main/java/org/apache/commons/math/util/FastMath.java: org.apache.commons.math.util.FastMath.asin: found 0 problems
src/main/java/org/apache/commons/math/util/FastMath.java: org.apache.commons.math.util.FastMath.floor: computing test cases
src/main/java/org/apache/commons/math/util/FastMath.java: org.apache.commons.math.util.FastMath.floor: computed 0 unit tests
src/main/java/org/apache/commons/math/util/FastMath.java: org.apache.commons.math.util.FastMath.floor: found 0 problems
src/main/java/org/apache/commons/math/util/FastMath.java: org.apache.commons.math.util.FastMath.atan: computing test cases
src/main/java/org/apache/commons/math/util/FastMath.java: org.apache.commons.math.util.FastMath.atan: computed 0 unit tests
src/main/java/org/apache/commons/math/util/FastMath.java: org.apache.commons.math.util.FastMath.atan: found 0 problems
src/main/java/org/apache/commons/math/util/FastMath.java: org.apache.commons.math.util.FastMath.nextAfter: computing test cases
src/main/java/org/apache/commons/math/util/FastMath.java: org.apache.commons.math.util.FastMath.nextAfter: computed 0 unit tests
src/main/java/org/apache/commons/math/util/FastMath.java: org.apache.commons.math.util.FastMath.nextAfter: found 0 problems
src/main/java/org/apache/commons/math/util/FastMath.java: org.apache.commons.math.util.FastMath.min: computing test cases
src/main/java/org/apache/commons/math/util/FastMath.java: org.apache.commons.math.util.FastMath.min: computed 0 unit tests
src/main/java/org/apache/commons/math/util/FastMath.java: org.apache.commons.math.util.FastMath.min: found 0 problems
src/main/java/org/apache/commons/math/util/FastMath.java: org.apache.commons.math.util.FastMath.min: computing test cases
src/main/java/org/apache/commons/math/util/FastMath.java: org.apache.commons.math.util.FastMath.min: computed 0 unit tests
src/main/java/org/apache/commons/math/util/FastMath.java: org.apache.commons.math.util.FastMath.min: found 0 problems
src/main/java/org/apache/commons/math/util/FastMath.java: org.apache.commons.math.util.FastMath.nextUp: computing test cases
src/main/java/org/apache/commons/math/util/FastMath.java: org.apache.commons.math.util.FastMath.nextUp: computed 0 unit tests
src/main/java/org/apache/commons/math/util/FastMath.java: org.apache.commons.math.util.FastMath.nextUp: found 0 problems
src/main/java/org/apache/commons/math/util/FastMath.java: org.apache.commons.math.util.FastMath.tan: computing test cases
src/main/java/org/apache/commons/math/util/FastMath.java: org.apache.commons.math.util.FastMath.tan: computed 0 unit tests
src/main/java/org/apache/commons/math/util/FastMath.java: org.apache.commons.math.util.FastMath.cos: computing test cases
src/main/java/org/apache/commons/math/util/FastMath.java: org.apache.commons.math.util.FastMath.cos: computed 0 unit tests
src/main/java/org/apache/commons/math/util/FastMath.java: org.apache.commons.math.util.FastMath.cos: found 0 problems
src/main/java/org/apache/commons/math/util/FastMath.java: org.apache.commons.math.util.FastMath.round: computing test cases
src/main/java/org/apache/commons/math/util/FastMath.java: org.apache.commons.math.util.FastMath.round: computed 0 unit tests
src/main/java/org/apache/commons/math/util/FastMath.java: org.apache.commons.math.util.FastMath.round: found 0 problems
src/main/java/org/apache/commons/math/util/FastMath.java: org.apache.commons.math.util.FastMath.cosh: computing test cases
src/main/java/org/apache/commons/math/util/FastMath.java: org.apache.commons.math.util.FastMath.cosh: computed 0 unit tests
src/main/java/org/apache/commons/math/util/FastMath.java: org.apache.commons.math.util.FastMath.cosh: found 0 problems
src/main/java/org/apache/commons/math/util/FastMath.java: org.apache.commons.math.util.FastMath.toDegrees: computing test cases
src/main/java/org/apache/commons/math/util/FastMath.java: org.apache.commons.math.util.FastMath.toDegrees: computed 0 unit tests
src/main/java/org/apache/commons/math/util/FastMath.java: org.apache.commons.math.util.FastMath.toDegrees: found 0 problems
src/main/java/org/apache/commons/math/util/FastMath.java: org.apache.commons.math.util.FastMath.random: computing test cases
src/main/java/org/apache/commons/math/util/FastMath.java: org.apache.commons.math.util.FastMath.random: computed 0 unit tests
src/main/java/org/apache/commons/math/util/FastMath.java: org.apache.commons.math.util.FastMath.random: found 0 problems
src/main/java/org/apache/commons/math/util/FastMath.java: org.apache.commons.math.util.FastMath.abs: computing test cases
src/main/java/org/apache/commons/math/util/FastMath.java: org.apache.commons.math.util.FastMath.abs: computed 0 unit tests
src/main/java/org/apache/commons/math/util/FastMath.java: org.apache.commons.math.util.FastMath.abs: found 0 problems
src/main/java/org/apache/commons/math/util/FastMath.java: org.apache.commons.math.util.FastMath.max: computing test cases
src/main/java/org/apache/commons/math/util/FastMath.java: org.apache.commons.math.util.FastMath.max: computed 0 unit tests
src/main/java/org/apache/commons/math/util/FastMath.java: org.apache.commons.math.util.FastMath.max: found 0 problems
src/main/java/org/apache/commons/math/util/FastMath.java: org.apache.commons.math.util.FastMath.round: computing test cases
src/main/java/org/apache/commons/math/util/FastMath.java: org.apache.commons.math.util.FastMath.round: computed 0 unit tests
src/main/java/org/apache/commons/math/util/FastMath.java: org.apache.commons.math.util.FastMath.round: found 0 problems
src/main/java/org/apache/commons/math/util/FastMath.java: org.apache.commons.math.util.FastMath.ceil: computing test cases
src/main/java/org/apache/commons/math/util/FastMath.java: org.apache.commons.math.util.FastMath.ceil: computed 0 unit tests
src/main/java/org/apache/commons/math/util/FastMath.java: org.apache.commons.math.util.FastMath.ceil: found 0 problems
src/main/java/org/apache/commons/math/util/FastMath.java: org.apache.commons.math.util.FastMath.acos: computing test cases
src/main/java/org/apache/commons/math/util/FastMath.java: org.apache.commons.math.util.FastMath.acos: computed 0 unit tests
src/main/java/org/apache/commons/math/util/FastMath.java: org.apache.commons.math.util.FastMath.acos: found 0 problems
src/main/java/org/apache/commons/math/util/FastMath.java: org.apache.commons.math.util.FastMath.sqrt: computing test cases
src/main/java/org/apache/commons/math/util/FastMath.java: org.apache.commons.math.util.FastMath.sqrt: computed 0 unit tests
src/main/java/org/apache/commons/math/util/FastMath.java: org.apache.commons.math.util.FastMath.sqrt: found 0 problems
src/main/java/org/apache/commons/math/util/FastMath.java: org.apache.commons.math.util.FastMath.signum: computing test cases
src/main/java/org/apache/commons/math/util/FastMath.java: org.apache.commons.math.util.FastMath.signum: computed 0 unit tests
src/main/java/org/apache/commons/math/util/FastMath.java: org.apache.commons.math.util.FastMath.log: computing test cases
src/main/java/org/apache/commons/math/util/FastMath.java: org.apache.commons.math.util.FastMath.log: computed 0 unit tests
src/main/java/org/apache/commons/math/util/FastMath.java: org.apache.commons.math.util.FastMath.log: found 0 problems
src/main/java/org/apache/commons/math/util/FastMath.java: org.apache.commons.math.util.FastMath.rint: computing test cases
src/main/java/org/apache/commons/math/util/FastMath.java: org.apache.commons.math.util.FastMath.rint: computed 0 unit tests
src/main/java/org/apache/commons/math/util/FastMath.java: org.apache.commons.math.util.FastMath.rint: found 0 problems
src/main/java/org/apache/commons/math/util/FastMath.java: org.apache.commons.math.util.FastMath.atanh: computing test cases
src/main/java/org/apache/commons/math/util/FastMath.java: org.apache.commons.math.util.FastMath.atanh: computed 0 unit tests
src/main/java/org/apache/commons/math/util/FastMath.java: org.apache.commons.math.util.FastMath.atanh: found 0 problems
src/main/java/org/apache/commons/math/util/FastMath.java: org.apache.commons.math.util.FastMath.ulp: computing test cases
src/main/java/org/apache/commons/math/util/FastMath.java: org.apache.commons.math.util.FastMath.ulp: computed 0 unit tests
src/main/java/org/apache/commons/math/util/FastMath.java: org.apache.commons.math.util.FastMath.ulp: found 0 problems
Analyzed 1 out of 14 source files
Had 83 errors that block a full analysis
Generated 0 tests
Found 0 potential problems
The following issues prevent a full analysis:

* 55 cases of "unknown import"
	Description: Imports could not be resolved. This is likely due to missing dependencies.

* 42 cases of "unknown function"
	Description: Functions could not be resolved. This occurs due to missing dependencies,
  or if a called function is removed due to some other problem.

* 1 case of "not all elements have the same type"
	Description: Arguments of a function call do not match the parameter types. This usually
  occurs if a called method is removed due to some other problem, and another
  method with the same name is selected to be called.

* 1 case of "unknown type"
	Description: Types could not be resolved. This could be because of missing dependencies
  or a consequence of some other problem.

* 1 case of "unsupported type"
	Description: Types required for analysis are not supported. This can include raw generics,
  or reflection types like "java.lang.Class".

* 2 cases of "other issues"
	Description: Uncategorized problems.

