Analyzing workspace /home/ph7/sqa-project/workspaces/math_63b/
Search for Java files
Load dependency stdlib:@dev
src/main/java/org/apache/commons/math/util/MathUtils.java: org.apache.commons.math.util.MathUtils.MathUtils: function is private and therefore inaccessible for tests
src/main/java/org/apache/commons/math/util/MathUtils.java: org.apache.commons.math.util.MathUtils.addAndCheck: function is private and therefore inaccessible for tests
src/main/java/org/apache/commons/math/util/MathUtils.java: org.apache.commons.math.util.MathUtils.checkBinomial: function is private and therefore inaccessible for tests
src/main/java/org/apache/commons/math/util/MathUtils.java: org.apache.commons.math.util.MathUtils.roundUnscaled: function is private and therefore inaccessible for tests
src/main/java/org/apache/commons/math/util/BigReal.java: error: unknown import
	data: java/math/BigDecimal
src/main/java/org/apache/commons/math/util/BigReal.java: error: unknown import
	data: java/math/BigInteger
src/main/java/org/apache/commons/math/util/BigReal.java: error: unknown import
	data: java/math/MathContext
src/main/java/org/apache/commons/math/util/BigReal.java: error: unknown import
	data: java/math/RoundingMode
src/main/java/org/apache/commons/math/util/BigReal.java: error: unknown import
	data: org/apache/commons/math/Field
src/main/java/org/apache/commons/math/util/BigReal.java: error: unknown import
	data: org/apache/commons/math/FieldElement
src/main/java/org/apache/commons/math/util/BigRealField.java: error: unknown import
	data: org/apache/commons/math/Field
src/main/java/org/apache/commons/math/util/CompositeFormat.java: error: unknown function
	data: [pointer(reference(java/lang/StringBuffer)) java/lang/StringBuffer//length [] []]
src/main/java/org/apache/commons/math/util/CompositeFormat.java: error: unknown import
	data: java/util/Locale
src/main/java/org/apache/commons/math/util/CompositeFormat.java: error: unknown field
	data: [Double struct(java/lang/Double, [], [pointer(reference(java/lang/Object))], []) NaN]
src/main/java/org/apache/commons/math/util/CompositeFormat.java: error: unknown function
	data: [pointer(reference(java/lang/StringBuffer)) java/lang/StringBuffer//append [] ['(']]
src/main/java/org/apache/commons/math/util/CompositeFormat.java: error: unknown function
	data: [pointer(reference(java/lang/StringBuffer)) java/lang/StringBuffer//append [] [value]]
src/main/java/org/apache/commons/math/util/CompositeFormat.java: error: unknown field
	data: [Double struct(java/lang/Double, [], [pointer(reference(java/lang/Object))], []) POSITIVE_INFINITY]
src/main/java/org/apache/commons/math/util/CompositeFormat.java: error: unknown field
	data: [Double struct(java/lang/Double, [], [pointer(reference(java/lang/Object))], []) NEGATIVE_INFINITY]
src/main/java/org/apache/commons/math/util/CompositeFormat.java: error: unknown import
	data: java/text/FieldPosition
src/main/java/org/apache/commons/math/util/CompositeFormat.java: error: unknown import
	data: java/text/Format
src/main/java/org/apache/commons/math/util/CompositeFormat.java: error: unknown import
	data: java/text/ParsePosition
src/main/java/org/apache/commons/math/util/CompositeFormat.java: error: unknown function
	data: [pointer(reference(java/lang/StringBuffer)) java/lang/StringBuffer//append [] ['(']]
src/main/java/org/apache/commons/math/util/CompositeFormat.java: error: unknown function
	data: [pointer(reference(java/lang/StringBuffer)) java/lang/StringBuffer//append [] [')']]
src/main/java/org/apache/commons/math/util/CompositeFormat.java: error: unknown function
	data: [pointer(reference(java/lang/StringBuffer)) java/lang/StringBuffer//append [] [')']]
src/main/java/org/apache/commons/math/util/CompositeFormat.java: error: unknown import
	data: java/text/NumberFormat
src/main/java/org/apache/commons/math/util/CompositeFormat.java: error: unknown function
	data: [pointer(reference(java/lang/StringBuffer)) java/lang/StringBuffer//append [] [value]]
src/main/java/org/apache/commons/math/util/ContinuedFraction.java: error: unknown import
	data: org/apache/commons/math/ConvergenceException
src/main/java/org/apache/commons/math/util/ContinuedFraction.java: error: unknown import
	data: org/apache/commons/math/MathException
src/main/java/org/apache/commons/math/util/ContinuedFraction.java: error: unknown import
	data: org/apache/commons/math/MaxIterationsExceededException
src/main/java/org/apache/commons/math/util/ContinuedFraction.java: error: unknown import
	data: org/apache/commons/math/exception/util/LocalizedFormats
src/main/java/org/apache/commons/math/util/ContinuedFraction.java: error: unknown field
	data: [Double struct(java/lang/Double, [], [pointer(reference(java/lang/Object))], []) MAX_VALUE]
src/main/java/org/apache/commons/math/util/DefaultTransformer.java: error: unknown import
	data: org/apache/commons/math/MathException
src/main/java/org/apache/commons/math/util/DefaultTransformer.java: error: unknown import
	data: org/apache/commons/math/exception/util/LocalizedFormats
src/main/java/org/apache/commons/math/util/DefaultTransformer.java: error: unknown import
	data: org/apache/commons/math/exception/NullArgumentException
src/main/java/org/apache/commons/math/util/DefaultTransformer.java: error: unknown function
	data: [struct(java/lang/Number, [], [pointer(reference(java/lang/Object))], [reference(java/io/Serializable)]) java/lang/Number//doubleValue [] []]
src/main/java/org/apache/commons/math/util/FastMath.java: error: unknown function
	data: [struct(java/lang/Math, [], [pointer(reference(java/lang/Object))], []) java/lang/Math//acos [] [a]]
src/main/java/org/apache/commons/math/util/FastMath.java: error: unknown field
	data: [Double struct(java/lang/Double, [], [pointer(reference(java/lang/Object))], []) POSITIVE_INFINITY]
src/main/java/org/apache/commons/math/util/FastMath.java: error: unknown field
	data: [Double struct(java/lang/Double, [], [pointer(reference(java/lang/Object))], []) NaN]
src/main/java/org/apache/commons/math/util/FastMath.java: error: unknown field
	data: [Double struct(java/lang/Double, [], [pointer(reference(java/lang/Object))], []) NaN]
src/main/java/org/apache/commons/math/util/FastMath.java: error: unknown field
	data: [Double struct(java/lang/Double, [], [pointer(reference(java/lang/Object))], []) NaN]
src/main/java/org/apache/commons/math/util/FastMath.java: error: unknown field
	data: [Double struct(java/lang/Double, [], [pointer(reference(java/lang/Object))], []) POSITIVE_INFINITY]
src/main/java/org/apache/commons/math/util/FastMath.java: error: unknown field
	data: [Double struct(java/lang/Double, [], [pointer(reference(java/lang/Object))], []) POSITIVE_INFINITY]
src/main/java/org/apache/commons/math/util/FastMath.java: error: unknown function
	data: [struct(java/lang/Double, [], [pointer(reference(java/lang/Object))], []) java/lang/Double//longBitsToDouble [] [|(|(sign, exponent), +(mantissa, cast(1, primitive(int, 64, false))))]]
src/main/java/org/apache/commons/math/util/FastMath.java: error: unknown function
	data: [struct(java/lang/Math, [], [pointer(reference(java/lang/Object))], []) java/lang/Math//round [] [x]]
src/main/java/org/apache/commons/math/util/FastMath.java: error: unknown field
	data: [Float struct(java/lang/Float, [], [pointer(reference(java/lang/Object))], []) NaN]
src/main/java/org/apache/commons/math/util/FastMath.java: error: unknown field
	data: [Double struct(java/lang/Double, [], [pointer(reference(java/lang/Object))], []) POSITIVE_INFINITY]
src/main/java/org/apache/commons/math/util/FastMath.java: error: unknown field
	data: [Double struct(java/lang/Double, [], [pointer(reference(java/lang/Object))], []) NaN]
src/main/java/org/apache/commons/math/util/FastMath.java: error: unknown field
	data: [Double struct(java/lang/Double, [], [pointer(reference(java/lang/Object))], []) NEGATIVE_INFINITY]
src/main/java/org/apache/commons/math/util/FastMath.java: error: unknown field
	data: [Double struct(java/lang/Double, [], [pointer(reference(java/lang/Object))], []) POSITIVE_INFINITY]
src/main/java/org/apache/commons/math/util/FastMath.java: error: unknown function
	data: [struct(java/lang/Math, [], [pointer(reference(java/lang/Object))], []) java/lang/Math//random [] []]
src/main/java/org/apache/commons/math/util/FastMath.java: error: unknown field
	data: [Double struct(java/lang/Double, [], [pointer(reference(java/lang/Object))], []) POSITIVE_INFINITY]
src/main/java/org/apache/commons/math/util/FastMath.java: error: unknown field
	data: [Double struct(java/lang/Double, [], [pointer(reference(java/lang/Object))], []) POSITIVE_INFINITY]
src/main/java/org/apache/commons/math/util/FastMath.java: error: unknown field
	data: [Double struct(java/lang/Double, [], [pointer(reference(java/lang/Object))], []) NaN]
src/main/java/org/apache/commons/math/util/FastMath.java: error: unknown function
	data: [struct(java/lang/Double, [], [pointer(reference(java/lang/Object))], []) java/lang/Double//longBitsToDouble [] [|(sign, +(exponent, 4503599627370496))]]
src/main/java/org/apache/commons/math/util/FastMath.java: error: unknown field
	data: [Double struct(java/lang/Double, [], [pointer(reference(java/lang/Object))], []) POSITIVE_INFINITY]
src/main/java/org/apache/commons/math/util/FastMath.java: error: unknown field
	data: [Double struct(java/lang/Double, [], [pointer(reference(java/lang/Object))], []) NaN]
src/main/java/org/apache/commons/math/util/FastMath.java: error: unknown field
	data: [Double struct(java/lang/Double, [], [pointer(reference(java/lang/Object))], []) NEGATIVE_INFINITY]
src/main/java/org/apache/commons/math/util/FastMath.java: error: unknown field
	data: [Double struct(java/lang/Double, [], [pointer(reference(java/lang/Object))], []) POSITIVE_INFINITY]
src/main/java/org/apache/commons/math/util/FastMath.java: error: unknown field
	data: [Double struct(java/lang/Double, [], [pointer(reference(java/lang/Object))], []) NEGATIVE_INFINITY]
src/main/java/org/apache/commons/math/util/FastMath.java: error: unknown field
	data: [Double struct(java/lang/Double, [], [pointer(reference(java/lang/Object))], []) NaN]
src/main/java/org/apache/commons/math/util/FastMath.java: error: unknown function
	data: [struct(java/lang/Double, [], [pointer(reference(java/lang/Object))], []) java/lang/Double//longBitsToDouble [] [^(call(java/lang/Double//doubleToLongBits!5bf0b9c067f960fc8e4f1dbf7e8b205e, [x]), cast(1, primitive(int, 64, false)))]]
src/main/java/org/apache/commons/math/util/FastMath.java: error: unknown field
	data: [Double struct(java/lang/Double, [], [pointer(reference(java/lang/Object))], []) POSITIVE_INFINITY]
src/main/java/org/apache/commons/math/util/FastMath.java: error: unknown field
	data: [Double struct(java/lang/Double, [], [pointer(reference(java/lang/Object))], []) POSITIVE_INFINITY]
src/main/java/org/apache/commons/math/util/FastMath.java: error: unknown field
	data: [Float struct(java/lang/Float, [], [pointer(reference(java/lang/Object))], []) NaN]
src/main/java/org/apache/commons/math/util/FastMath.java: error: unknown function
	data: [struct(java/lang/Double, [], [pointer(reference(java/lang/Object))], []) java/lang/Double//longBitsToDouble [] [|(<<(cast(i, primitive(int, 64, false)), cast(&(42, 63), primitive(int, 64, false))), 4607182418800017408)]]
src/main/java/org/apache/commons/math/util/FastMath.java: error: unknown field
	data: [Double struct(java/lang/Double, [], [pointer(reference(java/lang/Object))], []) MIN_VALUE]
src/main/java/org/apache/commons/math/util/FastMath.java: error: unknown field
	data: [Double struct(java/lang/Double, [], [pointer(reference(java/lang/Object))], []) NaN]
src/main/java/org/apache/commons/math/util/FastMath.java: error: unknown field
	data: [Double struct(java/lang/Double, [], [pointer(reference(java/lang/Object))], []) POSITIVE_INFINITY]
src/main/java/org/apache/commons/math/util/FastMath.java: error: unknown field
	data: [Double struct(java/lang/Double, [], [pointer(reference(java/lang/Object))], []) NEGATIVE_INFINITY]
src/main/java/org/apache/commons/math/util/FastMath.java: error: unknown function
	data: [struct(java/lang/Double, [], [pointer(reference(java/lang/Object))], []) java/lang/Double//longBitsToDouble [] [|(|(sign, -(exponent, 4503599627370496)), 4503599627370495)]]
src/main/java/org/apache/commons/math/util/FastMath.java: error: unknown field
	data: [Double struct(java/lang/Double, [], [pointer(reference(java/lang/Object))], []) NEGATIVE_INFINITY]
src/main/java/org/apache/commons/math/util/FastMath.java: error: unknown field
	data: [Double struct(java/lang/Double, [], [pointer(reference(java/lang/Object))], []) POSITIVE_INFINITY]
src/main/java/org/apache/commons/math/util/FastMath.java: error: unknown field
	data: [Double struct(java/lang/Double, [], [pointer(reference(java/lang/Object))], []) NEGATIVE_INFINITY]
src/main/java/org/apache/commons/math/util/FastMath.java: error: unknown field
	data: [Double struct(java/lang/Double, [], [pointer(reference(java/lang/Object))], []) POSITIVE_INFINITY]
src/main/java/org/apache/commons/math/util/FastMath.java: error: unknown function
	data: [struct(java/lang/Math, [], [pointer(reference(java/lang/Object))], []) java/lang/Math//asin [] [a]]
src/main/java/org/apache/commons/math/util/FastMath.java: error: unknown function
	data: [struct(java/lang/Math, [], [pointer(reference(java/lang/Object))], []) java/lang/Math//sqrt [] [a]]
src/main/java/org/apache/commons/math/util/FastMath.java: error: unknown field
	data: [Double struct(java/lang/Double, [], [pointer(reference(java/lang/Object))], []) POSITIVE_INFINITY]
src/main/java/org/apache/commons/math/util/FastMath.java: error: unknown field
	data: [Double struct(java/lang/Double, [], [pointer(reference(java/lang/Object))], []) NEGATIVE_INFINITY]
src/main/java/org/apache/commons/math/util/FastMath.java: error: unknown field
	data: [Double struct(java/lang/Double, [], [pointer(reference(java/lang/Object))], []) MIN_VALUE]
src/main/java/org/apache/commons/math/util/FastMath.java: error: unknown field
	data: [Double struct(java/lang/Double, [], [pointer(reference(java/lang/Object))], []) NaN]
src/main/java/org/apache/commons/math/util/FastMath.java: error: unknown identifier
	data: PI
src/main/java/org/apache/commons/math/util/FastMath.java: error: unknown field
	data: [Double struct(java/lang/Double, [], [pointer(reference(java/lang/Object))], []) NaN]
src/main/java/org/apache/commons/math/util/FastMath.java: error: unknown field
	data: [Double struct(java/lang/Double, [], [pointer(reference(java/lang/Object))], []) NEGATIVE_INFINITY]
src/main/java/org/apache/commons/math/util/FastMath.java: error: unknown function
	data: [struct(java/lang/Double, [], [pointer(reference(java/lang/Object))], []) java/lang/Double//longBitsToDouble [] [|(|(sign, exponent), -(mantissa, cast(1, primitive(int, 64, false))))]]
src/main/java/org/apache/commons/math/util/FastMath.java: error: unknown function
	data: [struct(java/lang/Math, [], [pointer(reference(java/lang/Object))], []) java/lang/Math//cbrt [] [a]]
src/main/java/org/apache/commons/math/util/FastMath.java: error: unknown field
	data: [Double struct(java/lang/Double, [], [pointer(reference(java/lang/Object))], []) NaN]
src/main/java/org/apache/commons/math/util/FastMath.java: error: unknown field
	data: [Double struct(java/lang/Double, [], [pointer(reference(java/lang/Object))], []) NaN]
src/main/java/org/apache/commons/math/util/FastMath.java: error: unknown field
	data: [Double struct(java/lang/Double, [], [pointer(reference(java/lang/Object))], []) NEGATIVE_INFINITY]
src/main/java/org/apache/commons/math/util/FastMath.java: error: unknown field
	data: [Double struct(java/lang/Double, [], [pointer(reference(java/lang/Object))], []) POSITIVE_INFINITY]
src/main/java/org/apache/commons/math/util/FastMath.java: internal error: not all elements have the same type
	data: composite(array(primitive(float, 64, false), primitive(int, 32, false), 0), [0, 0.125, 0.25, 0.375, 0.5, 0.625, 0.75, 0.875, 1.0, 1.125, 1.25, 1.375, 1.5, 1.625])
src/main/java/org/apache/commons/math/util/FastMath.java: error: unknown field
	data: [Double struct(java/lang/Double, [], [pointer(reference(java/lang/Object))], []) POSITIVE_INFINITY]
src/main/java/org/apache/commons/math/util/FastMath.java: error: unknown field
	data: [Double struct(java/lang/Double, [], [pointer(reference(java/lang/Object))], []) NaN]
src/main/java/org/apache/commons/math/util/Incrementor.java: error: unknown import
	data: org/apache/commons/math/exception/MaxCountExceededException
src/main/java/org/apache/commons/math/util/MathUtils.java: error: unknown field
	data: [Double struct(java/lang/Double, [], [pointer(reference(java/lang/Object))], []) NaN]
src/main/java/org/apache/commons/math/util/MathUtils.java: error: unknown function
	data: [struct(java/lang/Math, [], [pointer(reference(java/lang/Object))], []) java/lang/Math//sqrt [] [+(s1, /(/(s2, x1max), x1max))]]
src/main/java/org/apache/commons/math/util/MathUtils.java: error: unknown function
	data: [struct(java/lang/Math, [], [pointer(reference(java/lang/Object))], []) java/lang/Math//sqrt [] [*(s2, +(1.0, *(/(x3max, s2), *(x3max, s3))))]]
src/main/java/org/apache/commons/math/util/MathUtils.java: error: unknown function
	data: [struct(java/lang/Math, [], [pointer(reference(java/lang/Object))], []) java/lang/Math//sqrt [] [*(x3max, +(/(s2, x3max), *(x3max, s3)))]]
src/main/java/org/apache/commons/math/util/MathUtils.java: error: unknown field
	data: [Double struct(java/lang/Double, [], [pointer(reference(java/lang/Object))], []) NaN]
src/main/java/org/apache/commons/math/util/MathUtils.java: error: unknown field
	data: [Double struct(java/lang/Double, [], [pointer(reference(java/lang/Object))], []) NEGATIVE_INFINITY]
src/main/java/org/apache/commons/math/util/MathUtils.java: error: unknown field
	data: [Double struct(java/lang/Double, [], [pointer(reference(java/lang/Object))], []) POSITIVE_INFINITY]
src/main/java/org/apache/commons/math/util/MathUtils.java: error: unknown field
	data: [Double struct(java/lang/Double, [], [pointer(reference(java/lang/Object))], []) NEGATIVE_INFINITY]
src/main/java/org/apache/commons/math/util/MathUtils.java: error: unknown field
	data: [Double struct(java/lang/Double, [], [pointer(reference(java/lang/Object))], []) NEGATIVE_INFINITY]
src/main/java/org/apache/commons/math/util/MathUtils.java: error: unknown field
	data: [Float struct(java/lang/Float, [], [pointer(reference(java/lang/Object))], []) NaN]
src/main/java/org/apache/commons/math/util/MathUtils.java: error: unknown function
	data: [struct(java/lang/Math, [], [pointer(reference(java/lang/Object))], []) java/lang/Math//sqrt [] [s3]]
src/main/java/org/apache/commons/math/util/MathUtils.java: error: unknown import
	data: java/math/BigInteger
src/main/java/org/apache/commons/math/util/MathUtils.java: error: unknown import
	data: java/util/Arrays
src/main/java/org/apache/commons/math/util/MathUtils.java: error: unknown import
	data: org/apache/commons/math/MathRuntimeException
src/main/java/org/apache/commons/math/util/MathUtils.java: error: unknown import
	data: org/apache/commons/math/exception/util/Localizable
src/main/java/org/apache/commons/math/util/MathUtils.java: error: unknown import
	data: org/apache/commons/math/exception/util/LocalizedFormats
src/main/java/org/apache/commons/math/util/MathUtils.java: error: unknown field
	data: [Double struct(java/lang/Double, [], [pointer(reference(java/lang/Object))], []) NaN]
src/main/java/org/apache/commons/math/util/MathUtils.java: error: unknown function
	data: [struct(java/lang/Double, [], [pointer(reference(java/lang/Object))], []) java/lang/Double//longBitsToDouble [] [newBits]]
src/main/java/org/apache/commons/math/util/MathUtils.java: error: unknown field
	data: [Double struct(java/lang/Double, [], [pointer(reference(java/lang/Object))], []) NEGATIVE_INFINITY]
src/main/java/org/apache/commons/math/util/MathUtils.java: error: unknown import
	data: java/math/BigDecimal
src/main/java/org/apache/commons/math/util/MathUtils.java: error: unknown import
	data: org/apache/commons/math/exception/NonMonotonousSequenceException
src/main/java/org/apache/commons/math/util/MathUtils.java: error: unknown field
	data: [Float struct(java/lang/Float, [], [pointer(reference(java/lang/Object))], []) NaN]
src/main/java/org/apache/commons/math/util/MathUtils.java: error: unknown field
	data: [Double struct(java/lang/Double, [], [pointer(reference(java/lang/Object))], []) NaN]
src/main/java/org/apache/commons/math/util/MathUtils.java: error: unknown field
	data: [Double struct(java/lang/Double, [], [pointer(reference(java/lang/Object))], []) POSITIVE_INFINITY]
src/main/java/org/apache/commons/math/util/MathUtils.java: error: unknown function
	data: [struct(java/lang/Math, [], [pointer(reference(java/lang/Object))], []) java/lang/Math//floor [] [unscaled]]
src/main/java/org/apache/commons/math/util/MathUtils.java: error: unknown field
	data: [Double struct(java/lang/Double, [], [pointer(reference(java/lang/Object))], []) POSITIVE_INFINITY]
src/main/java/org/apache/commons/math/util/MathUtils.java: error: unknown field
	data: [Double struct(java/lang/Double, [], [pointer(reference(java/lang/Object))], []) POSITIVE_INFINITY]
src/main/java/org/apache/commons/math/util/MultidimensionalCounter.java: error: unknown import
	data: java/util/Arrays
src/main/java/org/apache/commons/math/util/MultidimensionalCounter.java: error: unknown import
	data: org/apache/commons/math/exception/DimensionMismatchException
src/main/java/org/apache/commons/math/util/MultidimensionalCounter.java: error: unknown import
	data: org/apache/commons/math/exception/OutOfRangeException
src/main/java/org/apache/commons/math/util/MultidimensionalCounter.java: error: unknown import
	data: org/apache/commons/math/exception/NotStrictlyPositiveException
src/main/java/org/apache/commons/math/util/NumberTransformer.java: error: unknown import
	data: org/apache/commons/math/MathException
src/main/java/org/apache/commons/math/util/OpenIntToDoubleHashMap.java: error: unknown import
	data: java/util/NoSuchElementException
src/main/java/org/apache/commons/math/util/OpenIntToDoubleHashMap.java: error: unknown import
	data: org/apache/commons/math/MathRuntimeException
src/main/java/org/apache/commons/math/util/OpenIntToDoubleHashMap.java: error: unknown field
	data: [Double struct(java/lang/Double, [], [pointer(reference(java/lang/Object))], []) NaN]
src/main/java/org/apache/commons/math/util/OpenIntToDoubleHashMap.java: error: unknown field
	data: [Double struct(java/lang/Double, [], [pointer(reference(java/lang/Object))], []) NaN]
src/main/java/org/apache/commons/math/util/OpenIntToDoubleHashMap.java: error: unknown function
	data: [struct(java/lang/System, [], [pointer(reference(java/lang/Object))], []) java/lang/System//arraycopy [] [select(source, keys) 0 select(this, keys) 0 length]]
src/main/java/org/apache/commons/math/util/OpenIntToDoubleHashMap.java: error: unknown function
	data: [struct(java/lang/System, [], [pointer(reference(java/lang/Object))], []) java/lang/System//arraycopy [] [select(source, values) 0 select(this, values) 0 length]]
src/main/java/org/apache/commons/math/util/OpenIntToDoubleHashMap.java: error: unknown function
	data: [struct(java/lang/System, [], [pointer(reference(java/lang/Object))], []) java/lang/System//arraycopy [] [select(source, states) 0 select(this, states) 0 length]]
src/main/java/org/apache/commons/math/util/OpenIntToDoubleHashMap.java: internal error: missing return statement
	data: function(<nil>, org/apache/commons/math/util/OpenIntToDoubleHashMap//findInsertionIndex!58002e7704d160bfc09403e6f432c39c, [variable(keys, array(primitive(int, 32, false), primitive(int, 32, false), 0)), variable(states, array(primitive(int, 8, false), primitive(int, 32, false), 0)), variable(key, primitive(int, 32, false)), variable(mask, primitive(int, 32, false))], [variable(, primitive(int, 32, false))], block([unsupported]))
src/main/java/org/apache/commons/math/util/OpenIntToDoubleHashMap.java: error: unknown import
	data: java/util/ConcurrentModificationException
src/main/java/org/apache/commons/math/util/OpenIntToDoubleHashMap.java: error: unknown import
	data: org/apache/commons/math/exception/util/LocalizedFormats
src/main/java/org/apache/commons/math/util/OpenIntToDoubleHashMap.java: error: unknown function
	data: [pointer(reference(java/io/ObjectInputStream)) java/io/ObjectInputStream//defaultReadObject [] []]
src/main/java/org/apache/commons/math/util/OpenIntToFieldHashMap.java: error: unknown import
	data: org/apache/commons/math/MathRuntimeException
src/main/java/org/apache/commons/math/util/OpenIntToFieldHashMap.java: error: unknown type
	data: SuppressWarnings
src/main/java/org/apache/commons/math/util/OpenIntToFieldHashMap.java: internal error: missing return statement
	data: function(<nil>, org/apache/commons/math/util/OpenIntToFieldHashMap//findInsertionIndex!58002e7704d160bfc09403e6f432c39c, [variable(keys, array(primitive(int, 32, false), primitive(int, 32, false), 0)), variable(states, array(primitive(int, 8, false), primitive(int, 32, false), 0)), variable(key, primitive(int, 32, false)), variable(mask, primitive(int, 32, false))], [variable(, primitive(int, 32, false))], block([unsupported]))
src/main/java/org/apache/commons/math/util/OpenIntToFieldHashMap.java: error: unknown field
	data: [this struct(org/apache/commons/math/util/OpenIntToFieldHashMap//Iterator, [], [pointer(reference(java/lang/Object))], []) count]
src/main/java/org/apache/commons/math/util/OpenIntToFieldHashMap.java: error: unknown field
	data: [this struct(org/apache/commons/math/util/OpenIntToFieldHashMap//Iterator, [], [pointer(reference(java/lang/Object))], []) count]
src/main/java/org/apache/commons/math/util/OpenIntToFieldHashMap.java: error: unknown import
	data: java/lang/reflect/Array
src/main/java/org/apache/commons/math/util/OpenIntToFieldHashMap.java: error: unknown import
	data: java/util/ConcurrentModificationException
src/main/java/org/apache/commons/math/util/OpenIntToFieldHashMap.java: error: unknown function
	data: [struct(java/lang/System, [], [pointer(reference(java/lang/Object))], []) java/lang/System//arraycopy [] [select(source, keys) 0 select(this, keys) 0 length]]
src/main/java/org/apache/commons/math/util/OpenIntToFieldHashMap.java: error: unknown function
	data: [struct(java/lang/System, [], [pointer(reference(java/lang/Object))], []) java/lang/System//arraycopy [] [select(source, states) 0 select(this, states) 0 length]]
src/main/java/org/apache/commons/math/util/OpenIntToFieldHashMap.java: error: unknown field
	data: [this struct(org/apache/commons/math/util/OpenIntToFieldHashMap//Iterator, [], [pointer(reference(java/lang/Object))], []) count]
src/main/java/org/apache/commons/math/util/OpenIntToFieldHashMap.java: error: unknown import
	data: java/util/NoSuchElementException
src/main/java/org/apache/commons/math/util/OpenIntToFieldHashMap.java: error: unknown function
	data: [struct(java/lang/System, [], [pointer(reference(java/lang/Object))], []) java/lang/System//arraycopy [] [select(source, values) 0 select(this, values) 0 length]]
src/main/java/org/apache/commons/math/util/OpenIntToFieldHashMap.java: error: unknown function
	data: [<nil> org/apache/commons/math/util/OpenIntToFieldHashMap//Iterator//Iterator [pointer(reference(java/lang/Object))] []]
src/main/java/org/apache/commons/math/util/OpenIntToFieldHashMap.java: error: unknown function
	data: [pointer(reference(java/io/ObjectInputStream)) java/io/ObjectInputStream//defaultReadObject [] []]
src/main/java/org/apache/commons/math/util/OpenIntToFieldHashMap.java: error: unknown field
	data: [this struct(org/apache/commons/math/util/OpenIntToFieldHashMap//Iterator, [], [pointer(reference(java/lang/Object))], []) count]
src/main/java/org/apache/commons/math/util/OpenIntToFieldHashMap.java: error: unknown field
	data: [this struct(org/apache/commons/math/util/OpenIntToFieldHashMap//Iterator, [], [pointer(reference(java/lang/Object))], []) states]
src/main/java/org/apache/commons/math/util/OpenIntToFieldHashMap.java: error: unknown import
	data: org/apache/commons/math/Field
src/main/java/org/apache/commons/math/util/OpenIntToFieldHashMap.java: error: unknown import
	data: org/apache/commons/math/exception/util/LocalizedFormats
src/main/java/org/apache/commons/math/util/OpenIntToFieldHashMap.java: error: unknown field
	data: [this struct(org/apache/commons/math/util/OpenIntToFieldHashMap//Iterator, [], [pointer(reference(java/lang/Object))], []) keys]
src/main/java/org/apache/commons/math/util/OpenIntToFieldHashMap.java: error: unknown field
	data: [this struct(org/apache/commons/math/util/OpenIntToFieldHashMap//Iterator, [], [pointer(reference(java/lang/Object))], []) values]
src/main/java/org/apache/commons/math/util/OpenIntToFieldHashMap.java: error: unknown import
	data: org/apache/commons/math/FieldElement
src/main/java/org/apache/commons/math/util/ResizableDoubleArray.java: error: unknown import
	data: org/apache/commons/math/exception/util/LocalizedFormats
src/main/java/org/apache/commons/math/util/ResizableDoubleArray.java: error: unknown function
	data: [struct(java/lang/System, [], [pointer(reference(java/lang/Object))], []) java/lang/System//arraycopy [] [select(this, internalArray) select(this, startIndex) tempArray 0 select(this, numElements)]]
src/main/java/org/apache/commons/math/util/ResizableDoubleArray.java: error: unknown function
	data: [struct(java/lang/System, [], [pointer(reference(java/lang/Object))], []) java/lang/System//arraycopy [] [select(this, internalArray) 0 tempArray 0 len(ensure_not_nil(select(this, internalArray)))]]
src/main/java/org/apache/commons/math/util/ResizableDoubleArray.java: error: unknown function
	data: [struct(java/lang/System, [], [pointer(reference(java/lang/Object))], []) java/lang/System//arraycopy [] [select(this, internalArray) 0 tempArray 0 len(ensure_not_nil(select(this, internalArray)))]]
src/main/java/org/apache/commons/math/util/ResizableDoubleArray.java: error: unknown import
	data: java/util/Arrays
src/main/java/org/apache/commons/math/util/ResizableDoubleArray.java: error: unknown import
	data: org/apache/commons/math/MathRuntimeException
src/main/java/org/apache/commons/math/util/ResizableDoubleArray.java: error: unknown type
	data: Deprecated
src/main/java/org/apache/commons/math/util/ResizableDoubleArray.java: error: unknown function
	data: [struct(java/lang/System, [], [pointer(reference(java/lang/Object))], []) java/lang/System//arraycopy [] [select(this, internalArray) select(this, startIndex) elementArray 0 select(this, numElements)]]
src/main/java/org/apache/commons/math/util/TransformerMap.java: error: unknown import
	data: java/util/HashMap
src/main/java/org/apache/commons/math/util/TransformerMap.java: error: unknown import
	data: java/util/Set
src/main/java/org/apache/commons/math/util/TransformerMap.java: error: unknown import
	data: org/apache/commons/math/MathException
src/main/java/org/apache/commons/math/util/TransformerMap.java: error: unknown function
	data: [genericInstance(reference(java/util/Map), [pointer(genericInstance(reference(java/lang/Class), [wildcard(, pointer(reference(java/lang/Object)))])), reference(org/apache/commons/math/util/NumberTransformer)]) java/util/Map<java/lang/Class<descendant of java/lang/Object>,org/apache/commons/math/util/NumberTransformer>//keySet [] []]
src/main/java/org/apache/commons/math/util/TransformerMap.java: error: unknown field
	data: [Double struct(java/lang/Double, [], [pointer(reference(java/lang/Object))], []) NaN]
src/main/java/org/apache/commons/math/util/TransformerMap.java: error: unknown function
	data: [pointer(reference(java/lang/Object)) java/lang/Object//getClass [] []]
src/main/java/org/apache/commons/math/util/TransformerMap.java: error: unknown function
	data: [genericInstance(reference(java/util/Map), [pointer(genericInstance(reference(java/lang/Class), [wildcard(, pointer(reference(java/lang/Object)))])), reference(org/apache/commons/math/util/NumberTransformer)]) java/util/Map<java/lang/Class<descendant of java/lang/Object>,org/apache/commons/math/util/NumberTransformer>//entrySet [] []]
Found 1 Java files
Found 168 problems in Java files
src/main/java/org/apache/commons/math/util/MathUtils.java: found 65 symbols
src/main/java/org/apache/commons/math/util/MathUtils.java: org.apache.commons.math.util.MathUtils.equalsIncludingNaN: computing test cases
src/main/java/org/apache/commons/math/util/MathUtils.java: org.apache.commons.math.util.MathUtils.equalsIncludingNaN: computed 0 unit tests
src/main/java/org/apache/commons/math/util/MathUtils.java: org.apache.commons.math.util.MathUtils.equalsIncludingNaN: found 0 problems
src/main/java/org/apache/commons/math/util/MathUtils.java: org.apache.commons.math.util.MathUtils.round: computing test cases
src/main/java/org/apache/commons/math/util/MathUtils.java: org.apache.commons.math.util.MathUtils.round: computed 0 unit tests
src/main/java/org/apache/commons/math/util/MathUtils.java: org.apache.commons.math.util.MathUtils.round: found 0 problems
src/main/java/org/apache/commons/math/util/MathUtils.java: org.apache.commons.math.util.MathUtils.equalsIncludingNaN: computing test cases
src/main/java/org/apache/commons/math/util/MathUtils.java: org.apache.commons.math.util.MathUtils.equalsIncludingNaN: computed 0 unit tests
src/main/java/org/apache/commons/math/util/MathUtils.java: org.apache.commons.math.util.MathUtils.equalsIncludingNaN: found 0 problems
src/main/java/org/apache/commons/math/util/MathUtils.java: org.apache.commons.math.util.MathUtils.equals: computing test cases
src/main/java/org/apache/commons/math/util/MathUtils.java: org.apache.commons.math.util.MathUtils.equals: computed 0 unit tests
src/main/java/org/apache/commons/math/util/MathUtils.java: org.apache.commons.math.util.MathUtils.equals: found 1 problems
src/main/java/org/apache/commons/math/util/MathUtils.java: internal error: org.apache.commons.math.util.MathUtils.equals: malformed data
src/main/java/org/apache/commons/math/util/MathUtils.java: org.apache.commons.math.util.MathUtils.indicator: computing test cases
src/main/java/org/apache/commons/math/util/MathUtils.java: org.apache.commons.math.util.MathUtils.indicator: computed 0 unit tests
src/main/java/org/apache/commons/math/util/MathUtils.java: org.apache.commons.math.util.MathUtils.indicator: found 1 problems
src/main/java/org/apache/commons/math/util/MathUtils.java: internal error: org.apache.commons.math.util.MathUtils.indicator: malformed data
src/main/java/org/apache/commons/math/util/MathUtils.java: org.apache.commons.math.util.MathUtils.checkOrder: computing test cases
src/main/java/org/apache/commons/math/util/MathUtils.java: org.apache.commons.math.util.MathUtils.checkOrder: computed 0 unit tests
src/main/java/org/apache/commons/math/util/MathUtils.java: org.apache.commons.math.util.MathUtils.checkOrder: found 1 problems
src/main/java/org/apache/commons/math/util/MathUtils.java: internal error: org.apache.commons.math.util.MathUtils.checkOrder: malformed data
src/main/java/org/apache/commons/math/util/MathUtils.java: org.apache.commons.math.util.MathUtils.sign: computing test cases
src/main/java/org/apache/commons/math/util/MathUtils.java: org.apache.commons.math.util.MathUtils.sign: computed 0 unit tests
src/main/java/org/apache/commons/math/util/MathUtils.java: org.apache.commons.math.util.MathUtils.sign: found 1 problems
src/main/java/org/apache/commons/math/util/MathUtils.java: internal error: org.apache.commons.math.util.MathUtils.sign: malformed data
src/main/java/org/apache/commons/math/util/MathUtils.java: org.apache.commons.math.util.MathUtils.normalizeAngle: computing test cases
src/main/java/org/apache/commons/math/util/MathUtils.java: org.apache.commons.math.util.MathUtils.normalizeAngle: computed 0 unit tests
src/main/java/org/apache/commons/math/util/MathUtils.java: org.apache.commons.math.util.MathUtils.normalizeAngle: found 0 problems
src/main/java/org/apache/commons/math/util/MathUtils.java: org.apache.commons.math.util.MathUtils.round: computing test cases
src/main/java/org/apache/commons/math/util/MathUtils.java: org.apache.commons.math.util.MathUtils.round: computed 0 unit tests
src/main/java/org/apache/commons/math/util/MathUtils.java: org.apache.commons.math.util.MathUtils.round: found 0 problems
src/main/java/org/apache/commons/math/util/MathUtils.java: org.apache.commons.math.util.MathUtils.pow: computing test cases
src/main/java/org/apache/commons/math/util/MathUtils.java: org.apache.commons.math.util.MathUtils.pow: computed 0 unit tests
src/main/java/org/apache/commons/math/util/MathUtils.java: org.apache.commons.math.util.MathUtils.pow: found 1 problems
src/main/java/org/apache/commons/math/util/MathUtils.java: unsupported: org.apache.commons.math.util.MathUtils.pow: encountered an unsupported type
	data: unsupported(java/math/BigInteger)
src/main/java/org/apache/commons/math/util/MathUtils.java: org.apache.commons.math.util.MathUtils.binomialCoefficientDouble: computing test cases
src/main/java/org/apache/commons/math/util/MathUtils.java: org.apache.commons.math.util.MathUtils.binomialCoefficientDouble: computed 0 unit tests
src/main/java/org/apache/commons/math/util/MathUtils.java: org.apache.commons.math.util.MathUtils.binomialCoefficientDouble: found 0 problems
src/main/java/org/apache/commons/math/util/MathUtils.java: org.apache.commons.math.util.MathUtils.mulAndCheck: computing test cases
src/main/java/org/apache/commons/math/util/MathUtils.java: org.apache.commons.math.util.MathUtils.mulAndCheck: computed 0 unit tests
src/main/java/org/apache/commons/math/util/MathUtils.java: org.apache.commons.math.util.MathUtils.mulAndCheck: found 1 problems
src/main/java/org/apache/commons/math/util/MathUtils.java: internal error: org.apache.commons.math.util.MathUtils.mulAndCheck: malformed data
src/main/java/org/apache/commons/math/util/MathUtils.java: org.apache.commons.math.util.MathUtils.distance1: computing test cases
src/main/java/org/apache/commons/math/util/MathUtils.java: org.apache.commons.math.util.MathUtils.distance1: computed 0 unit tests
src/main/java/org/apache/commons/math/util/MathUtils.java: org.apache.commons.math.util.MathUtils.distance1: found 0 problems
src/main/java/org/apache/commons/math/util/MathUtils.java: org.apache.commons.math.util.MathUtils.compareTo: computing test cases
src/main/java/org/apache/commons/math/util/MathUtils.java: org.apache.commons.math.util.MathUtils.compareTo: computed 0 unit tests
src/main/java/org/apache/commons/math/util/MathUtils.java: org.apache.commons.math.util.MathUtils.compareTo: found 0 problems
src/main/java/org/apache/commons/math/util/MathUtils.java: org.apache.commons.math.util.MathUtils.round: computing test cases
src/main/java/org/apache/commons/math/util/MathUtils.java: org.apache.commons.math.util.MathUtils.round: computed 0 unit tests
src/main/java/org/apache/commons/math/util/MathUtils.java: org.apache.commons.math.util.MathUtils.round: found 0 problems
src/main/java/org/apache/commons/math/util/MathUtils.java: org.apache.commons.math.util.MathUtils.addAndCheck: computing test cases
src/main/java/org/apache/commons/math/util/MathUtils.java: org.apache.commons.math.util.MathUtils.addAndCheck: computed 0 unit tests
src/main/java/org/apache/commons/math/util/MathUtils.java: org.apache.commons.math.util.MathUtils.addAndCheck: found 1 problems
src/main/java/org/apache/commons/math/util/MathUtils.java: internal error: org.apache.commons.math.util.MathUtils.addAndCheck: malformed data
src/main/java/org/apache/commons/math/util/MathUtils.java: org.apache.commons.math.util.MathUtils.equals: computing test cases
src/main/java/org/apache/commons/math/util/MathUtils.java: org.apache.commons.math.util.MathUtils.equals: computed 0 unit tests
src/main/java/org/apache/commons/math/util/MathUtils.java: org.apache.commons.math.util.MathUtils.equals: found 0 problems
src/main/java/org/apache/commons/math/util/MathUtils.java: org.apache.commons.math.util.MathUtils.indicator: computing test cases
src/main/java/org/apache/commons/math/util/MathUtils.java: org.apache.commons.math.util.MathUtils.indicator: computed 0 unit tests
src/main/java/org/apache/commons/math/util/MathUtils.java: org.apache.commons.math.util.MathUtils.indicator: found 1 problems
src/main/java/org/apache/commons/math/util/MathUtils.java: internal error: org.apache.commons.math.util.MathUtils.indicator: malformed data
src/main/java/org/apache/commons/math/util/MathUtils.java: org.apache.commons.math.util.MathUtils.distanceInf: computing test cases
src/main/java/org/apache/commons/math/util/MathUtils.java: org.apache.commons.math.util.MathUtils.distanceInf: computed 0 unit tests
src/main/java/org/apache/commons/math/util/MathUtils.java: org.apache.commons.math.util.MathUtils.distanceInf: found 0 problems
src/main/java/org/apache/commons/math/util/MathUtils.java: org.apache.commons.math.util.MathUtils.factorialDouble: computing test cases
src/main/java/org/apache/commons/math/util/MathUtils.java: org.apache.commons.math.util.MathUtils.factorialDouble: computed 0 unit tests
src/main/java/org/apache/commons/math/util/MathUtils.java: org.apache.commons.math.util.MathUtils.factorialDouble: found 0 problems
src/main/java/org/apache/commons/math/util/MathUtils.java: org.apache.commons.math.util.MathUtils.log: computing test cases
src/main/java/org/apache/commons/math/util/MathUtils.java: org.apache.commons.math.util.MathUtils.log: computed 0 unit tests
src/main/java/org/apache/commons/math/util/MathUtils.java: org.apache.commons.math.util.MathUtils.log: found 0 problems
src/main/java/org/apache/commons/math/util/MathUtils.java: org.apache.commons.math.util.MathUtils.addAndCheck: computing test cases
src/main/java/org/apache/commons/math/util/MathUtils.java: org.apache.commons.math.util.MathUtils.addAndCheck: computed 0 unit tests
src/main/java/org/apache/commons/math/util/MathUtils.java: org.apache.commons.math.util.MathUtils.addAndCheck: found 0 problems
src/main/java/org/apache/commons/math/util/MathUtils.java: org.apache.commons.math.util.MathUtils.equalsIncludingNaN: computing test cases
src/main/java/org/apache/commons/math/util/MathUtils.java: org.apache.commons.math.util.MathUtils.equalsIncludingNaN: computed 0 unit tests
src/main/java/org/apache/commons/math/util/MathUtils.java: org.apache.commons.math.util.MathUtils.equalsIncludingNaN: found 0 problems
src/main/java/org/apache/commons/math/util/MathUtils.java: org.apache.commons.math.util.MathUtils.indicator: computing test cases
src/main/java/org/apache/commons/math/util/MathUtils.java: org.apache.commons.math.util.MathUtils.indicator: computed 0 unit tests
src/main/java/org/apache/commons/math/util/MathUtils.java: org.apache.commons.math.util.MathUtils.indicator: found 1 problems
src/main/java/org/apache/commons/math/util/MathUtils.java: internal error: org.apache.commons.math.util.MathUtils.indicator: malformed data
src/main/java/org/apache/commons/math/util/MathUtils.java: org.apache.commons.math.util.MathUtils.pow: computing test cases
src/main/java/org/apache/commons/math/util/MathUtils.java: org.apache.commons.math.util.MathUtils.pow: computed 0 unit tests
src/main/java/org/apache/commons/math/util/MathUtils.java: org.apache.commons.math.util.MathUtils.pow: found 1 problems
src/main/java/org/apache/commons/math/util/MathUtils.java: internal error: org.apache.commons.math.util.MathUtils.pow: malformed data
src/main/java/org/apache/commons/math/util/MathUtils.java: org.apache.commons.math.util.MathUtils.pow: computing test cases
src/main/java/org/apache/commons/math/util/MathUtils.java: org.apache.commons.math.util.MathUtils.pow: computed 0 unit tests
src/main/java/org/apache/commons/math/util/MathUtils.java: org.apache.commons.math.util.MathUtils.pow: found 1 problems
src/main/java/org/apache/commons/math/util/MathUtils.java: unsupported: org.apache.commons.math.util.MathUtils.pow: encountered an unsupported type
	data: unsupported(java/math/BigInteger)
src/main/java/org/apache/commons/math/util/MathUtils.java: org.apache.commons.math.util.MathUtils.distanceInf: computing test cases
src/main/java/org/apache/commons/math/util/MathUtils.java: org.apache.commons.math.util.MathUtils.distanceInf: computed 0 unit tests
src/main/java/org/apache/commons/math/util/MathUtils.java: org.apache.commons.math.util.MathUtils.distanceInf: found 0 problems
src/main/java/org/apache/commons/math/util/MathUtils.java: org.apache.commons.math.util.MathUtils.sinh: computing test cases
src/main/java/org/apache/commons/math/util/MathUtils.java: org.apache.commons.math.util.MathUtils.sinh: computed 0 unit tests
src/main/java/org/apache/commons/math/util/MathUtils.java: org.apache.commons.math.util.MathUtils.sinh: found 0 problems
src/main/java/org/apache/commons/math/util/MathUtils.java: org.apache.commons.math.util.MathUtils.factorialLog: computing test cases
src/main/java/org/apache/commons/math/util/MathUtils.java: org.apache.commons.math.util.MathUtils.factorialLog: computed 0 unit tests
src/main/java/org/apache/commons/math/util/MathUtils.java: org.apache.commons.math.util.MathUtils.factorialLog: found 0 problems
src/main/java/org/apache/commons/math/util/MathUtils.java: org.apache.commons.math.util.MathUtils.sign: computing test cases
src/main/java/org/apache/commons/math/util/MathUtils.java: org.apache.commons.math.util.MathUtils.sign: computed 0 unit tests
src/main/java/org/apache/commons/math/util/MathUtils.java: org.apache.commons.math.util.MathUtils.sign: found 1 problems
src/main/java/org/apache/commons/math/util/MathUtils.java: internal error: org.apache.commons.math.util.MathUtils.sign: malformed data
src/main/java/org/apache/commons/math/util/MathUtils.java: org.apache.commons.math.util.MathUtils.mulAndCheck: computing test cases
src/main/java/org/apache/commons/math/util/MathUtils.java: org.apache.commons.math.util.MathUtils.mulAndCheck: computed 0 unit tests
src/main/java/org/apache/commons/math/util/MathUtils.java: org.apache.commons.math.util.MathUtils.mulAndCheck: found 1 problems
src/main/java/org/apache/commons/math/util/MathUtils.java: internal error: org.apache.commons.math.util.MathUtils.mulAndCheck: malformed data
src/main/java/org/apache/commons/math/util/MathUtils.java: org.apache.commons.math.util.MathUtils.sign: computing test cases
src/main/java/org/apache/commons/math/util/MathUtils.java: org.apache.commons.math.util.MathUtils.sign: computed 0 unit tests
src/main/java/org/apache/commons/math/util/MathUtils.java: org.apache.commons.math.util.MathUtils.sign: found 1 problems
src/main/java/org/apache/commons/math/util/MathUtils.java: internal error: org.apache.commons.math.util.MathUtils.sign: malformed data
src/main/java/org/apache/commons/math/util/MathUtils.java: org.apache.commons.math.util.MathUtils.sign: computing test cases
src/main/java/org/apache/commons/math/util/MathUtils.java: org.apache.commons.math.util.MathUtils.sign: computed 0 unit tests
src/main/java/org/apache/commons/math/util/MathUtils.java: org.apache.commons.math.util.MathUtils.sign: found 1 problems
src/main/java/org/apache/commons/math/util/MathUtils.java: internal error: org.apache.commons.math.util.MathUtils.sign: malformed data
src/main/java/org/apache/commons/math/util/MathUtils.java: org.apache.commons.math.util.MathUtils.scalb: computing test cases
src/main/java/org/apache/commons/math/util/MathUtils.java: org.apache.commons.math.util.MathUtils.scalb: computed 0 unit tests
src/main/java/org/apache/commons/math/util/MathUtils.java: org.apache.commons.math.util.MathUtils.scalb: found 1 problems
src/main/java/org/apache/commons/math/util/MathUtils.java: internal error: org.apache.commons.math.util.MathUtils.scalb: malformed data
src/main/java/org/apache/commons/math/util/MathUtils.java: org.apache.commons.math.util.MathUtils.checkOrder: computing test cases
src/main/java/org/apache/commons/math/util/MathUtils.java: org.apache.commons.math.util.MathUtils.checkOrder: computed 0 unit tests
src/main/java/org/apache/commons/math/util/MathUtils.java: org.apache.commons.math.util.MathUtils.checkOrder: found 1 problems
src/main/java/org/apache/commons/math/util/MathUtils.java: internal error: org.apache.commons.math.util.MathUtils.checkOrder: malformed data
src/main/java/org/apache/commons/math/util/MathUtils.java: org.apache.commons.math.util.MathUtils.safeNorm: computing test cases
src/main/java/org/apache/commons/math/util/MathUtils.java: org.apache.commons.math.util.MathUtils.safeNorm: computed 0 unit tests
src/main/java/org/apache/commons/math/util/MathUtils.java: org.apache.commons.math.util.MathUtils.safeNorm: found 1 problems
src/main/java/org/apache/commons/math/util/MathUtils.java: internal error: org.apache.commons.math.util.MathUtils.safeNorm: malformed data
src/main/java/org/apache/commons/math/util/MathUtils.java: org.apache.commons.math.util.MathUtils.indicator: computing test cases
src/main/java/org/apache/commons/math/util/MathUtils.java: org.apache.commons.math.util.MathUtils.indicator: computed 0 unit tests
src/main/java/org/apache/commons/math/util/MathUtils.java: org.apache.commons.math.util.MathUtils.indicator: found 1 problems
src/main/java/org/apache/commons/math/util/MathUtils.java: internal error: org.apache.commons.math.util.MathUtils.indicator: malformed data
src/main/java/org/apache/commons/math/util/MathUtils.java: org.apache.commons.math.util.MathUtils.binomialCoefficientLog: computing test cases
src/main/java/org/apache/commons/math/util/MathUtils.java: org.apache.commons.math.util.MathUtils.binomialCoefficientLog: computed 0 unit tests
src/main/java/org/apache/commons/math/util/MathUtils.java: org.apache.commons.math.util.MathUtils.binomialCoefficientLog: found 0 problems
src/main/java/org/apache/commons/math/util/MathUtils.java: org.apache.commons.math.util.MathUtils.subAndCheck: computing test cases
src/main/java/org/apache/commons/math/util/MathUtils.java: org.apache.commons.math.util.MathUtils.subAndCheck: computed 0 unit tests
src/main/java/org/apache/commons/math/util/MathUtils.java: org.apache.commons.math.util.MathUtils.subAndCheck: found 1 problems
src/main/java/org/apache/commons/math/util/MathUtils.java: internal error: org.apache.commons.math.util.MathUtils.subAndCheck: malformed data
src/main/java/org/apache/commons/math/util/MathUtils.java: org.apache.commons.math.util.MathUtils.distance: computing test cases
src/main/java/org/apache/commons/math/util/MathUtils.java: org.apache.commons.math.util.MathUtils.distance: computed 0 unit tests
src/main/java/org/apache/commons/math/util/MathUtils.java: org.apache.commons.math.util.MathUtils.distance: found 0 problems
src/main/java/org/apache/commons/math/util/MathUtils.java: org.apache.commons.math.util.MathUtils.equalsIncludingNaN: computing test cases
src/main/java/org/apache/commons/math/util/MathUtils.java: org.apache.commons.math.util.MathUtils.equalsIncludingNaN: computed 0 unit tests
src/main/java/org/apache/commons/math/util/MathUtils.java: org.apache.commons.math.util.MathUtils.equalsIncludingNaN: found 0 problems
src/main/java/org/apache/commons/math/util/MathUtils.java: org.apache.commons.math.util.MathUtils.indicator: computing test cases
src/main/java/org/apache/commons/math/util/MathUtils.java: org.apache.commons.math.util.MathUtils.indicator: computed 0 unit tests
src/main/java/org/apache/commons/math/util/MathUtils.java: org.apache.commons.math.util.MathUtils.indicator: found 1 problems
src/main/java/org/apache/commons/math/util/MathUtils.java: internal error: org.apache.commons.math.util.MathUtils.indicator: malformed data
src/main/java/org/apache/commons/math/util/MathUtils.java: org.apache.commons.math.util.MathUtils.sign: computing test cases
src/main/java/org/apache/commons/math/util/MathUtils.java: org.apache.commons.math.util.MathUtils.sign: computed 0 unit tests
src/main/java/org/apache/commons/math/util/MathUtils.java: org.apache.commons.math.util.MathUtils.sign: found 1 problems
src/main/java/org/apache/commons/math/util/MathUtils.java: internal error: org.apache.commons.math.util.MathUtils.sign: malformed data
src/main/java/org/apache/commons/math/util/MathUtils.java: org.apache.commons.math.util.MathUtils.factorial: computing test cases
src/main/java/org/apache/commons/math/util/MathUtils.java: org.apache.commons.math.util.MathUtils.factorial: computed 0 unit tests
src/main/java/org/apache/commons/math/util/MathUtils.java: org.apache.commons.math.util.MathUtils.factorial: found 1 problems
src/main/java/org/apache/commons/math/util/MathUtils.java: internal error: org.apache.commons.math.util.MathUtils.factorial: malformed data
src/main/java/org/apache/commons/math/util/MathUtils.java: org.apache.commons.math.util.MathUtils.hash: computing test cases
src/main/java/org/apache/commons/math/util/MathUtils.java: org.apache.commons.math.util.MathUtils.hash: computed 0 unit tests
src/main/java/org/apache/commons/math/util/MathUtils.java: org.apache.commons.math.util.MathUtils.hash: found 1 problems
src/main/java/org/apache/commons/math/util/MathUtils.java: internal error: org.apache.commons.math.util.MathUtils.hash: malformed data
src/main/java/org/apache/commons/math/util/MathUtils.java: org.apache.commons.math.util.MathUtils.binomialCoefficient: computing test cases
src/main/java/org/apache/commons/math/util/MathUtils.java: org.apache.commons.math.util.MathUtils.binomialCoefficient: computed 0 unit tests
src/main/java/org/apache/commons/math/util/MathUtils.java: org.apache.commons.math.util.MathUtils.binomialCoefficient: found 0 problems
src/main/java/org/apache/commons/math/util/MathUtils.java: org.apache.commons.math.util.MathUtils.gcd: computing test cases
src/main/java/org/apache/commons/math/util/MathUtils.java: org.apache.commons.math.util.MathUtils.gcd: computed 0 unit tests
src/main/java/org/apache/commons/math/util/MathUtils.java: org.apache.commons.math.util.MathUtils.gcd: found 0 problems
src/main/java/org/apache/commons/math/util/MathUtils.java: org.apache.commons.math.util.MathUtils.lcm: computing test cases
src/main/java/org/apache/commons/math/util/MathUtils.java: org.apache.commons.math.util.MathUtils.lcm: computed 0 unit tests
src/main/java/org/apache/commons/math/util/MathUtils.java: org.apache.commons.math.util.MathUtils.lcm: found 0 problems
src/main/java/org/apache/commons/math/util/MathUtils.java: org.apache.commons.math.util.MathUtils.equals: computing test cases
src/main/java/org/apache/commons/math/util/MathUtils.java: org.apache.commons.math.util.MathUtils.equals: computed 0 unit tests
src/main/java/org/apache/commons/math/util/MathUtils.java: org.apache.commons.math.util.MathUtils.equals: found 1 problems
src/main/java/org/apache/commons/math/util/MathUtils.java: internal error: org.apache.commons.math.util.MathUtils.equals: malformed data
src/main/java/org/apache/commons/math/util/MathUtils.java: org.apache.commons.math.util.MathUtils.normalizeArray: computing test cases
src/main/java/org/apache/commons/math/util/MathUtils.java: org.apache.commons.math.util.MathUtils.normalizeArray: computed 0 unit tests
src/main/java/org/apache/commons/math/util/MathUtils.java: org.apache.commons.math.util.MathUtils.normalizeArray: found 1 problems
src/main/java/org/apache/commons/math/util/MathUtils.java: internal error: org.apache.commons.math.util.MathUtils.normalizeArray: malformed data
src/main/java/org/apache/commons/math/util/MathUtils.java: org.apache.commons.math.util.MathUtils.distance: computing test cases
src/main/java/org/apache/commons/math/util/MathUtils.java: org.apache.commons.math.util.MathUtils.distance: computed 0 unit tests
src/main/java/org/apache/commons/math/util/MathUtils.java: org.apache.commons.math.util.MathUtils.distance: found 0 problems
src/main/java/org/apache/commons/math/util/MathUtils.java: org.apache.commons.math.util.MathUtils.indicator: computing test cases
src/main/java/org/apache/commons/math/util/MathUtils.java: org.apache.commons.math.util.MathUtils.indicator: computed 0 unit tests
src/main/java/org/apache/commons/math/util/MathUtils.java: org.apache.commons.math.util.MathUtils.indicator: found 1 problems
src/main/java/org/apache/commons/math/util/MathUtils.java: internal error: org.apache.commons.math.util.MathUtils.indicator: malformed data
src/main/java/org/apache/commons/math/util/MathUtils.java: org.apache.commons.math.util.MathUtils.lcm: computing test cases
src/main/java/org/apache/commons/math/util/MathUtils.java: org.apache.commons.math.util.MathUtils.lcm: computed 0 unit tests
src/main/java/org/apache/commons/math/util/MathUtils.java: org.apache.commons.math.util.MathUtils.lcm: found 0 problems
src/main/java/org/apache/commons/math/util/MathUtils.java: org.apache.commons.math.util.MathUtils.subAndCheck: computing test cases
src/main/java/org/apache/commons/math/util/MathUtils.java: org.apache.commons.math.util.MathUtils.subAndCheck: computed 0 unit tests
src/main/java/org/apache/commons/math/util/MathUtils.java: org.apache.commons.math.util.MathUtils.subAndCheck: found 1 problems
src/main/java/org/apache/commons/math/util/MathUtils.java: internal error: org.apache.commons.math.util.MathUtils.subAndCheck: malformed data
src/main/java/org/apache/commons/math/util/MathUtils.java: org.apache.commons.math.util.MathUtils.distance1: computing test cases
src/main/java/org/apache/commons/math/util/MathUtils.java: org.apache.commons.math.util.MathUtils.distance1: computed 0 unit tests
src/main/java/org/apache/commons/math/util/MathUtils.java: org.apache.commons.math.util.MathUtils.distance1: found 0 problems
src/main/java/org/apache/commons/math/util/MathUtils.java: org.apache.commons.math.util.MathUtils.equals: computing test cases
src/main/java/org/apache/commons/math/util/MathUtils.java: org.apache.commons.math.util.MathUtils.equals: computed 0 unit tests
src/main/java/org/apache/commons/math/util/MathUtils.java: org.apache.commons.math.util.MathUtils.equals: found 0 problems
src/main/java/org/apache/commons/math/util/MathUtils.java: org.apache.commons.math.util.MathUtils.pow: computing test cases
src/main/java/org/apache/commons/math/util/MathUtils.java: org.apache.commons.math.util.MathUtils.pow: computed 0 unit tests
src/main/java/org/apache/commons/math/util/MathUtils.java: org.apache.commons.math.util.MathUtils.pow: found 1 problems
src/main/java/org/apache/commons/math/util/MathUtils.java: internal error: org.apache.commons.math.util.MathUtils.pow: malformed data
src/main/java/org/apache/commons/math/util/MathUtils.java: org.apache.commons.math.util.MathUtils.hash: computing test cases
src/main/java/org/apache/commons/math/util/MathUtils.java: org.apache.commons.math.util.MathUtils.hash: computed 0 unit tests
src/main/java/org/apache/commons/math/util/MathUtils.java: org.apache.commons.math.util.MathUtils.hash: found 0 problems
src/main/java/org/apache/commons/math/util/MathUtils.java: org.apache.commons.math.util.MathUtils.round: computing test cases
src/main/java/org/apache/commons/math/util/MathUtils.java: org.apache.commons.math.util.MathUtils.round: computed 0 unit tests
src/main/java/org/apache/commons/math/util/MathUtils.java: org.apache.commons.math.util.MathUtils.round: found 0 problems
src/main/java/org/apache/commons/math/util/MathUtils.java: org.apache.commons.math.util.MathUtils.pow: computing test cases
src/main/java/org/apache/commons/math/util/MathUtils.java: org.apache.commons.math.util.MathUtils.pow: computed 0 unit tests
src/main/java/org/apache/commons/math/util/MathUtils.java: org.apache.commons.math.util.MathUtils.pow: found 1 problems
src/main/java/org/apache/commons/math/util/MathUtils.java: internal error: org.apache.commons.math.util.MathUtils.pow: malformed data
src/main/java/org/apache/commons/math/util/MathUtils.java: org.apache.commons.math.util.MathUtils.pow: computing test cases
src/main/java/org/apache/commons/math/util/MathUtils.java: org.apache.commons.math.util.MathUtils.pow: computed 0 unit tests
src/main/java/org/apache/commons/math/util/MathUtils.java: org.apache.commons.math.util.MathUtils.pow: found 0 problems
src/main/java/org/apache/commons/math/util/MathUtils.java: org.apache.commons.math.util.MathUtils.cosh: computing test cases
src/main/java/org/apache/commons/math/util/MathUtils.java: org.apache.commons.math.util.MathUtils.cosh: computed 0 unit tests
src/main/java/org/apache/commons/math/util/MathUtils.java: org.apache.commons.math.util.MathUtils.cosh: found 0 problems
src/main/java/org/apache/commons/math/util/MathUtils.java: org.apache.commons.math.util.MathUtils.gcd: computing test cases
src/main/java/org/apache/commons/math/util/MathUtils.java: org.apache.commons.math.util.MathUtils.gcd: computed 0 unit tests
src/main/java/org/apache/commons/math/util/MathUtils.java: org.apache.commons.math.util.MathUtils.gcd: found 0 problems
src/main/java/org/apache/commons/math/util/MathUtils.java: org.apache.commons.math.util.MathUtils.sign: computing test cases
src/main/java/org/apache/commons/math/util/MathUtils.java: org.apache.commons.math.util.MathUtils.sign: computed 0 unit tests
src/main/java/org/apache/commons/math/util/MathUtils.java: org.apache.commons.math.util.MathUtils.sign: found 1 problems
src/main/java/org/apache/commons/math/util/MathUtils.java: internal error: org.apache.commons.math.util.MathUtils.sign: malformed data
src/main/java/org/apache/commons/math/util/MathUtils.java: org.apache.commons.math.util.MathUtils.pow: computing test cases
src/main/java/org/apache/commons/math/util/MathUtils.java: org.apache.commons.math.util.MathUtils.pow: computed 0 unit tests
src/main/java/org/apache/commons/math/util/MathUtils.java: org.apache.commons.math.util.MathUtils.pow: found 1 problems
src/main/java/org/apache/commons/math/util/MathUtils.java: internal error: org.apache.commons.math.util.MathUtils.pow: malformed data
Analyzed 1 out of 14 source files
Had 72 errors that block a full analysis
Generated 0 tests
Found 0 potential problems
The following issues prevent a full analysis:

* 49 cases of "unknown import"
	Description: Imports could not be resolved. This is likely due to missing dependencies.

* 42 cases of "unknown function"
	Description: Functions could not be resolved. This occurs due to missing dependencies,
  or if a called function is removed due to some other problem.

* 2 cases of "unknown type"
	Description: Types could not be resolved. This could be because of missing dependencies
  or a consequence of some other problem.

* 1 case of "not all elements have the same type"
	Description: Arguments of a function call do not match the parameter types. This usually
  occurs if a called method is removed due to some other problem, and another
  method with the same name is selected to be called.

* 34 cases of "other issues"
	Description: Uncategorized problems.

