Analyzing workspace /home/ph7/sqa-project/workspaces/math_61b/
Search for Java files
Load dependency stdlib:@dev
src/main/java/org/apache/commons/math/distribution/AbstractContinuousDistribution.java: error: unknown import
	data: org/apache/commons/math/exception/util/LocalizedFormats
src/main/java/org/apache/commons/math/distribution/AbstractContinuousDistribution.java: error: unknown import
	data: org/apache/commons/math/random/RandomDataImpl
src/main/java/org/apache/commons/math/distribution/AbstractContinuousDistribution.java: error: unknown import
	data: org/apache/commons/math/MathException
src/main/java/org/apache/commons/math/distribution/AbstractContinuousDistribution.java: error: unknown import
	data: org/apache/commons/math/MathRuntimeException
src/main/java/org/apache/commons/math/distribution/AbstractContinuousDistribution.java: error: unknown import
	data: org/apache/commons/math/analysis/UnivariateRealFunction
src/main/java/org/apache/commons/math/distribution/AbstractContinuousDistribution.java: error: unknown import
	data: org/apache/commons/math/analysis/solvers/UnivariateRealSolverUtils
src/main/java/org/apache/commons/math/distribution/AbstractContinuousDistribution.java: error: unknown import
	data: org/apache/commons/math/util/FastMath
src/main/java/org/apache/commons/math/distribution/AbstractContinuousDistribution.java: error: unknown import
	data: org/apache/commons/math/ConvergenceException
src/main/java/org/apache/commons/math/distribution/AbstractContinuousDistribution.java: error: unknown import
	data: org/apache/commons/math/FunctionEvaluationException
src/main/java/org/apache/commons/math/distribution/AbstractContinuousDistribution.java: error: unknown import
	data: org/apache/commons/math/analysis/solvers/BrentSolver
src/main/java/org/apache/commons/math/distribution/AbstractDistribution.java: error: unknown import
	data: org/apache/commons/math/MathException
src/main/java/org/apache/commons/math/distribution/AbstractDistribution.java: error: unknown import
	data: org/apache/commons/math/MathRuntimeException
src/main/java/org/apache/commons/math/distribution/AbstractDistribution.java: error: unknown import
	data: org/apache/commons/math/exception/util/LocalizedFormats
src/main/java/org/apache/commons/math/distribution/AbstractIntegerDistribution.java: error: unknown import
	data: org/apache/commons/math/MathException
src/main/java/org/apache/commons/math/distribution/AbstractIntegerDistribution.java: error: unknown import
	data: org/apache/commons/math/MathRuntimeException
src/main/java/org/apache/commons/math/distribution/AbstractIntegerDistribution.java: error: unknown import
	data: org/apache/commons/math/exception/util/LocalizedFormats
src/main/java/org/apache/commons/math/distribution/AbstractIntegerDistribution.java: error: unknown import
	data: org/apache/commons/math/random/RandomDataImpl
src/main/java/org/apache/commons/math/distribution/AbstractIntegerDistribution.java: error: unknown import
	data: org/apache/commons/math/util/FastMath
src/main/java/org/apache/commons/math/distribution/AbstractIntegerDistribution.java: error: unknown field
	data: [Double struct(java/lang/Double, [], [pointer(reference(java/lang/Object))], []) NaN]
src/main/java/org/apache/commons/math/distribution/AbstractIntegerDistribution.java: error: unknown import
	data: org/apache/commons/math/FunctionEvaluationException
src/main/java/org/apache/commons/math/distribution/BetaDistribution.java: error: unknown type
	data: Deprecated
src/main/java/org/apache/commons/math/distribution/BetaDistribution.java: error: unknown import
	data: org/apache/commons/math/MathException
src/main/java/org/apache/commons/math/distribution/BetaDistributionImpl.java: error: unknown field
	data: [Double struct(java/lang/Double, [], [pointer(reference(java/lang/Object))], []) NaN]
src/main/java/org/apache/commons/math/distribution/BetaDistributionImpl.java: error: unknown import
	data: org/apache/commons/math/MathException
src/main/java/org/apache/commons/math/distribution/BetaDistributionImpl.java: error: unknown import
	data: org/apache/commons/math/special/Gamma
src/main/java/org/apache/commons/math/distribution/BetaDistributionImpl.java: error: unknown import
	data: org/apache/commons/math/special/Beta
src/main/java/org/apache/commons/math/distribution/BetaDistributionImpl.java: error: unknown import
	data: org/apache/commons/math/util/FastMath
src/main/java/org/apache/commons/math/distribution/BetaDistributionImpl.java: error: unknown field
	data: [Double struct(java/lang/Double, [], [pointer(reference(java/lang/Object))], []) NaN]
src/main/java/org/apache/commons/math/distribution/BetaDistributionImpl.java: error: unknown import
	data: org/apache/commons/math/MathRuntimeException
src/main/java/org/apache/commons/math/distribution/BetaDistributionImpl.java: error: unknown import
	data: org/apache/commons/math/exception/util/LocalizedFormats
src/main/java/org/apache/commons/math/distribution/BetaDistributionImpl.java: error: unknown type
	data: Deprecated
src/main/java/org/apache/commons/math/distribution/BetaDistributionImpl.java: error: unknown field
	data: [Double struct(java/lang/Double, [], [pointer(reference(java/lang/Object))], []) NaN]
src/main/java/org/apache/commons/math/distribution/BinomialDistribution.java: error: unknown type
	data: Deprecated
src/main/java/org/apache/commons/math/distribution/BinomialDistributionImpl.java: error: unknown import
	data: org/apache/commons/math/MathException
src/main/java/org/apache/commons/math/distribution/BinomialDistributionImpl.java: error: unknown import
	data: org/apache/commons/math/MathRuntimeException
src/main/java/org/apache/commons/math/distribution/BinomialDistributionImpl.java: error: unknown import
	data: org/apache/commons/math/exception/util/LocalizedFormats
src/main/java/org/apache/commons/math/distribution/BinomialDistributionImpl.java: error: unknown import
	data: org/apache/commons/math/special/Beta
src/main/java/org/apache/commons/math/distribution/BinomialDistributionImpl.java: error: unknown import
	data: org/apache/commons/math/util/FastMath
src/main/java/org/apache/commons/math/distribution/BinomialDistributionImpl.java: error: unknown type
	data: Deprecated
src/main/java/org/apache/commons/math/distribution/CauchyDistribution.java: error: unknown type
	data: Deprecated
src/main/java/org/apache/commons/math/distribution/CauchyDistributionImpl.java: error: unknown type
	data: Deprecated
src/main/java/org/apache/commons/math/distribution/CauchyDistributionImpl.java: error: unknown field
	data: [Double struct(java/lang/Double, [], [pointer(reference(java/lang/Object))], []) NEGATIVE_INFINITY]
src/main/java/org/apache/commons/math/distribution/CauchyDistributionImpl.java: error: unknown field
	data: [Double struct(java/lang/Double, [], [pointer(reference(java/lang/Object))], []) POSITIVE_INFINITY]
src/main/java/org/apache/commons/math/distribution/CauchyDistributionImpl.java: error: unknown field
	data: [Double struct(java/lang/Double, [], [pointer(reference(java/lang/Object))], []) MAX_VALUE]
src/main/java/org/apache/commons/math/distribution/CauchyDistributionImpl.java: error: unknown field
	data: [Double struct(java/lang/Double, [], [pointer(reference(java/lang/Object))], []) MAX_VALUE]
src/main/java/org/apache/commons/math/distribution/CauchyDistributionImpl.java: error: unknown import
	data: org/apache/commons/math/MathRuntimeException
src/main/java/org/apache/commons/math/distribution/CauchyDistributionImpl.java: error: unknown import
	data: org/apache/commons/math/exception/util/LocalizedFormats
src/main/java/org/apache/commons/math/distribution/CauchyDistributionImpl.java: error: unknown import
	data: org/apache/commons/math/util/FastMath
src/main/java/org/apache/commons/math/distribution/ChiSquaredDistribution.java: error: unknown type
	data: Deprecated
src/main/java/org/apache/commons/math/distribution/ChiSquaredDistributionImpl.java: error: unknown field
	data: [Double struct(java/lang/Double, [], [pointer(reference(java/lang/Object))], []) MIN_VALUE]
src/main/java/org/apache/commons/math/distribution/ChiSquaredDistributionImpl.java: error: unknown field
	data: [Double struct(java/lang/Double, [], [pointer(reference(java/lang/Object))], []) MAX_VALUE]
src/main/java/org/apache/commons/math/distribution/ChiSquaredDistributionImpl.java: error: unknown import
	data: org/apache/commons/math/MathException
src/main/java/org/apache/commons/math/distribution/ChiSquaredDistributionImpl.java: error: unknown type
	data: Deprecated
src/main/java/org/apache/commons/math/distribution/ChiSquaredDistributionImpl.java: error: error: unresolved type
	data: reference(P)
	child error: (error) Internal error: unknown type:
		"P"
		Stacktrace: goroutine 1 [running]:
		gitlab.nethead.at/symflower/symflower/model/errors.NewInternalError({0x21de060, 0x2d25a00}, {0x12473e0, 0xc0008553a0})
			gitlab.nethead.at/symflower/symflower/model/errors/error.go:852 +0x4e
		gitlab.nethead.at/symflower/symflower/model/errors.NewProblemWithErrorSeverity(...)
			gitlab.nethead.at/symflower/symflower/model/errors/problem.go:321
		gitlab.nethead.at/symflower/symflower/model/ast.(*Scope).GetType(0xc000500540?, {0x2221c40, 0x1})
			gitlab.nethead.at/symflower/symflower/model/ast/scope.go:986 +0x85
		gitlab.nethead.at/symflower/symflower/model/ast.resolve(0xc000500540, {0x2205848?, 0xc001429c80}, 0xc0)
			gitlab.nethead.at/symflower/symflower/model/ast/type-resolve.go:362 +0x78
		gitlab.nethead.at/symflower/symflower/model/ast.ResolveReferencesAndPointers(...)
			gitlab.nethead.at/symflower/symflower/model/ast/type-resolve.go:343
		gitlab.nethead.at/symflower/symflower/language/java/symbol.(*transpiler).compareTypeSpecificity(0xc00040a140, {0x2205728?, 0xc001428980?}, {0x2205848?, 0xc001429c80?})
			gitlab.nethead.at/symflower/symflower/language/java/symbol/overloading.go:568 +0x1f3
		gitlab.nethead.at/symflower/symflower/language/java/symbol.(*transpiler).compareFunctionSpecificity(0xc00040a140, 0xc00083f700, 0xc000848c00)
			gitlab.nethead.at/symflower/symflower/language/java/symbol/overloading.go:527 +0x1ad
		gitlab.nethead.at/symflower/symflower/language/java/symbol.(*transpiler).matchOverloadingFunction(0xc00040a140, {0xc000854ef0, 0x2, 0x2}, {0x22058d8, 0xc000840180}, {0x0, 0x0, 0x0}, {0xc000854e40, ...})
			gitlab.nethead.at/symflower/symflower/language/java/symbol/overloading.go:481 +0x90f
		gitlab.nethead.at/symflower/symflower/language/java/symbol.(*transpiler).getFunction(0xc00040a140, {0x22058d8, 0xc000840180}, {0xc0006edc00, 0x3f}, {0x0, 0x0, 0x0}, {0xc000854e40, 0x1, ...})
			gitlab.nethead.at/symflower/symflower/language/java/symbol/overloading.go:224 +0xd2
		gitlab.nethead.at/symflower/symflower/language/java/symbol.(*transpiler).handleMethodCallResolveOverloads(0xc00040a140, {0xc0006edc00, 0x3f}, {0x22058d8?, 0xc000840180?}, {0x0?, 0x2205848?, 0xc000878860?}, {0xc000854e40, 0x1, ...})
			gitlab.nethead.at/symflower/symflower/language/java/symbol/handle.go:5426 +0x87
		gitlab.nethead.at/symflower/symflower/language/java/symbol.(*transpiler).handleMethodCallReceiver(0xc00040a140, {0xc0003bb070, 0x7}, {0x22058d8, 0xc000840180}, {0x0, 0x0, 0x0}, {0xc000854e40, 0x1, ...})
			gitlab.nethead.at/symflower/symflower/language/java/symbol/handle.go:5421 +0x1ae
		gitlab.nethead.at/symflower/symflower/language/java/symbol.(*transpiler).handleExpressionMethodCall(0xc00040a140, 0xc000806db0, 0xc000659d40)
			gitlab.nethead.at/symflower/symflower/language/java/symbol/handle.go:5526 +0xbe5
		gitlab.nethead.at/symflower/symflower/language/java/symbol.(*transpiler).handleExpression(0xc00040a140, 0xc000806db0, {0x21f7d38, 0xc000659d40})
			gitlab.nethead.at/symflower/symflower/language/java/symbol/handle.go:6903 +0x785
		gitlab.nethead.at/symflower/symflower/language/java/symbol.(*transpiler).handleStatementReturn(0xc00040a140, 0xc000806db0, 0xc00039bd00)
			gitlab.nethead.at/symflower/symflower/language/java/symbol/handle.go:4352 +0x7c
		gitlab.nethead.at/symflower/symflower/language/java/symbol.(*transpiler).handleStatement(0xc00040a140, 0xc000806db0, {0x21f74a0, 0xc00039bd00})
			gitlab.nethead.at/symflower/symflower/language/java/symbol/handle.go:4423 +0x745
		gitlab.nethead.at/symflower/symflower/language/java/symbol.(*transpiler).handleStatements(0xc00040a140, 0xc000806db0, {0xc00004d810, 0x1, 0xc000500540?})
			gitlab.nethead.at/symflower/symflower/language/java/symbol/handle.go:3731 +0x85
		gitlab.nethead.at/symflower/symflower/language/java/symbol.(*transpiler).handleBlock.func1()
			gitlab.nethead.at/symflower/symflower/language/java/symbol/handle.go:3712 +0x45
		gitlab.nethead.at/symflower/symflower/model/ast.(*Scope).Scoped(0xc000500540, 0xc000decd50)
			gitlab.nethead.at/symflower/symflower/model/ast/scope.go:297 +0x162
		gitlab.nethead.at/symflower/symflower/language/java/symbol.(*transpiler).handleBlock(0xc00040a140, 0xc000806db0, 0xc000786120)
			gitlab.nethead.at/symflower/symflower/language/java/symbol/handle.go:3711 +0x9e
		gitlab.nethead.at/symflower/symflower/language/java/symbol.(*transpiler).handleMethodDeclarationBody.(*transpiler).handleScopedBlockStatement.func2()
			gitlab.nethead.at/symflower/symflower/language/java/symbol/handle.go:2716 +0x205
		gitlab.nethead.at/symflower/symflower/model/ast.(*Scope).Scoped(0xc000500540, 0xc000ded160)
			gitlab.nethead.at/symflower/symflower/model/ast/scope.go:297 +0x162
		gitlab.nethead.at/symflower/symflower/language/java/symbol.(*transpiler).handleScopedBlockStatement(...)
			gitlab.nethead.at/symflower/symflower/language/java/symbol/handle.go:2693
		gitlab.nethead.at/symflower/symflower/language/java/symbol.(*transpiler).handleMethodDeclarationBody(0xc00040a140, 0xc000806db0, {0x2208170, 0xc000a65980}, 0xc00082b900, 0x0)
			gitlab.nethead.at/symflower/symflower/language/java/symbol/handle.go:2523 +0x61b
		gitlab.nethead.at/symflower/symflower/language/java/symbol.(*transpiler).handleClassAndInterfaceDeclarationBodies(0xc00040a140, 0xc000806db0, 0xc000a65980)
			gitlab.nethead.at/symflower/symflower/language/java/symbol/handle.go:1534 +0x2f7
		gitlab.nethead.at/symflower/symflower/language/java/symbol.(*transpiler).handleClassDeclarationBodies(0xc00040a140, 0xc000806db0, 0xc000a65980)
			gitlab.nethead.at/symflower/symflower/language/java/symbol/handle.go:1419 +0x106
		gitlab.nethead.at/symflower/symflower/language/java/symbol.(*transpiler).handleBodies.func1(0xc000806db0, {0x2207578, 0xc000a65980})
			gitlab.nethead.at/symflower/symflower/language/java/symbol/symbols.go:532 +0x1ff
		gitlab.nethead.at/symflower/symflower/language/java/symbol.(*transpiler).walkSubDeclarations(0xc00040a140, 0xc000806db0, 0xc000ded760, 0xc000773bc0, 0xc0008035c0, {0x2207578, 0xc000a65980})
			gitlab.nethead.at/symflower/symflower/language/java/symbol/symbols.go:869 +0x1ee
		gitlab.nethead.at/symflower/symflower/language/java/symbol.(*transpiler).walkFile(0xc00040a140, 0x1, 0x2088c58, 0xc000ded760, 0xc000773bc0, 0xc0008035c0)
			gitlab.nethead.at/symflower/symflower/language/java/symbol/symbols.go:625 +0x3c5
		gitlab.nethead.at/symflower/symflower/language/java/symbol.(*transpiler).walkPackage(0xc00040a140, 0x1, 0x2088c58, 0xc000ded760, 0xc000773bc0)
			gitlab.nethead.at/symflower/symflower/language/java/symbol/symbols.go:583 +0x225
		gitlab.nethead.at/symflower/symflower/language/java/symbol.(*transpiler).walkFilesAndDeclarations(0xc00040a140, 0x1, 0x2088c58, 0xc000ded760)
			gitlab.nethead.at/symflower/symflower/language/java/symbol/symbols.go:566 +0xa5
		gitlab.nethead.at/symflower/symflower/language/java/symbol.(*transpiler).handleBodies(0xc00040a140)
			gitlab.nethead.at/symflower/symflower/language/java/symbol/symbols.go:513 +0x65
		gitlab.nethead.at/symflower/symflower/language/java/symbol.symbolsWithDependencies(0xc0001829d8, {0x0?, 0x41aa94?, 0x13e43a0?}, 0x1)
			gitlab.nethead.at/symflower/symflower/language/java/symbol/symbols.go:486 +0x147
		gitlab.nethead.at/symflower/symflower/language/java/symbol.Symbols(0xc0001829d8, 0x1)
			gitlab.nethead.at/symflower/symflower/language/java/symbol/symbols.go:457 +0xf2
		gitlab.nethead.at/symflower/symflower/language/java.Adapter.Symbols(...)
			gitlab.nethead.at/symflower/symflower/language/java/symbols.go:29
		gitlab.nethead.at/symflower/symflower/cmd/symflower-local/generate.(*Generator).transpileLanguage(0xc000469950, 0x0, 0x0, {0x220c620, 0x2e6b360})
			gitlab.nethead.at/symflower/symflower/cmd/symflower-local/generate/generate.go:136 +0x373
		gitlab.nethead.at/symflower/symflower/cmd/symflower-local/generate.(*Generator).Symbols(0xc000469950, 0x0, 0x0)
			gitlab.nethead.at/symflower/symflower/cmd/symflower-local/generate/generate.go:94 +0x136
		gitlab.nethead.at/symflower/symflower/cmd/symflower-local/generate.(*AnalyzeEngineDefault).UnitTests(0x29?, 0x124bba0?, {0x21eb890?, 0xc000188970?}, {0x30?, 0x43?, 0x4?, 0x0?}, 0x29?, {0xc000455620, ...})
			gitlab.nethead.at/symflower/symflower/cmd/symflower-local/generate/analyze.go:153 +0x77
		gitlab.nethead.at/symflower/symflower/cmd/symflower-local/cmd.(*commandUnitTests).Execute(0xc0003968d8, {0xc000396508?, 0x7325621c4498?, 0xc0003968d8?})
			gitlab.nethead.at/symflower/symflower/cmd/symflower-local/cmd/unit-tests.go:85 +0x2a6
		gitlab.nethead.at/symflower/symflower/cmd.ExecuteNoExit({0x21de020, 0xc000396508}, {0xc00019e000?, 0x0?, 0x0?})
			gitlab.nethead.at/symflower/symflower/cmd/execute.go:59 +0x2ad
		gitlab.nethead.at/symflower/symflower/cmd.Execute({0x21de020?, 0xc000396508?}, {0xc00019e000?, 0xc0001802e0?, 0xc00011bf10?})
			gitlab.nethead.at/symflower/symflower/cmd/execute.go:17 +0x26
		gitlab.nethead.at/symflower/symflower/cmd.ExecuteWithOSArguments(...)
			gitlab.nethead.at/symflower/symflower/cmd/execute.go:78
		main.main.func1()
			gitlab.nethead.at/symflower/symflower/cmd/symflower-demo/main.go:39 +0x34
		gitlab.nethead.at/symflower/symflower/cmd/symflower-local/cmd.(*Command).WithPanicReporter(0xc0000b2060?, 0x0?)
			gitlab.nethead.at/symflower/symflower/cmd/symflower-local/cmd/cmd.go:151 +0x33
		main.main()
			gitlab.nethead.at/symflower/symflower/cmd/symflower-demo/main.go:38 +0x7f
src/main/java/org/apache/commons/math/distribution/ChiSquaredDistributionImpl.java: error: unknown field
	data: [Double struct(java/lang/Double, [], [pointer(reference(java/lang/Object))], []) POSITIVE_INFINITY]
src/main/java/org/apache/commons/math/distribution/ContinuousDistribution.java: error: unknown import
	data: org/apache/commons/math/MathException
src/main/java/org/apache/commons/math/distribution/Distribution.java: error: unknown import
	data: org/apache/commons/math/MathException
src/main/java/org/apache/commons/math/distribution/ExponentialDistribution.java: error: unknown type
	data: Deprecated
src/main/java/org/apache/commons/math/distribution/ExponentialDistributionImpl.java: error: unknown import
	data: org/apache/commons/math/exception/util/LocalizedFormats
src/main/java/org/apache/commons/math/distribution/ExponentialDistributionImpl.java: error: unknown import
	data: org/apache/commons/math/util/FastMath
src/main/java/org/apache/commons/math/distribution/ExponentialDistributionImpl.java: error: unknown type
	data: Deprecated
src/main/java/org/apache/commons/math/distribution/ExponentialDistributionImpl.java: error: unknown field
	data: [Double struct(java/lang/Double, [], [pointer(reference(java/lang/Object))], []) POSITIVE_INFINITY]
src/main/java/org/apache/commons/math/distribution/ExponentialDistributionImpl.java: error: unknown field
	data: [Double struct(java/lang/Double, [], [pointer(reference(java/lang/Object))], []) MAX_VALUE]
src/main/java/org/apache/commons/math/distribution/ExponentialDistributionImpl.java: error: unknown import
	data: org/apache/commons/math/MathException
src/main/java/org/apache/commons/math/distribution/ExponentialDistributionImpl.java: error: unknown import
	data: org/apache/commons/math/MathRuntimeException
src/main/java/org/apache/commons/math/distribution/FDistribution.java: error: unknown type
	data: Deprecated
src/main/java/org/apache/commons/math/distribution/FDistributionImpl.java: error: unknown type
	data: Deprecated
src/main/java/org/apache/commons/math/distribution/FDistributionImpl.java: error: unknown field
	data: [Double struct(java/lang/Double, [], [pointer(reference(java/lang/Object))], []) POSITIVE_INFINITY]
src/main/java/org/apache/commons/math/distribution/FDistributionImpl.java: error: unknown field
	data: [Double struct(java/lang/Double, [], [pointer(reference(java/lang/Object))], []) MAX_VALUE]
src/main/java/org/apache/commons/math/distribution/FDistributionImpl.java: error: unknown import
	data: org/apache/commons/math/MathException
src/main/java/org/apache/commons/math/distribution/FDistributionImpl.java: error: unknown import
	data: org/apache/commons/math/MathRuntimeException
src/main/java/org/apache/commons/math/distribution/FDistributionImpl.java: error: unknown import
	data: org/apache/commons/math/exception/util/LocalizedFormats
src/main/java/org/apache/commons/math/distribution/FDistributionImpl.java: error: unknown import
	data: org/apache/commons/math/special/Beta
src/main/java/org/apache/commons/math/distribution/FDistributionImpl.java: error: unknown import
	data: org/apache/commons/math/util/FastMath
src/main/java/org/apache/commons/math/distribution/GammaDistribution.java: error: unknown type
	data: Deprecated
src/main/java/org/apache/commons/math/distribution/GammaDistributionImpl.java: error: unknown import
	data: org/apache/commons/math/MathException
src/main/java/org/apache/commons/math/distribution/GammaDistributionImpl.java: error: unknown import
	data: org/apache/commons/math/util/FastMath
src/main/java/org/apache/commons/math/distribution/GammaDistributionImpl.java: error: unknown field
	data: [Double struct(java/lang/Double, [], [pointer(reference(java/lang/Object))], []) POSITIVE_INFINITY]
src/main/java/org/apache/commons/math/distribution/GammaDistributionImpl.java: error: unknown field
	data: [Double struct(java/lang/Double, [], [pointer(reference(java/lang/Object))], []) MIN_VALUE]
src/main/java/org/apache/commons/math/distribution/GammaDistributionImpl.java: error: unknown import
	data: org/apache/commons/math/MathRuntimeException
src/main/java/org/apache/commons/math/distribution/GammaDistributionImpl.java: error: unknown import
	data: org/apache/commons/math/exception/util/LocalizedFormats
src/main/java/org/apache/commons/math/distribution/GammaDistributionImpl.java: error: unknown import
	data: org/apache/commons/math/special/Gamma
src/main/java/org/apache/commons/math/distribution/GammaDistributionImpl.java: error: unknown type
	data: Deprecated
src/main/java/org/apache/commons/math/distribution/GammaDistributionImpl.java: error: unknown field
	data: [Double struct(java/lang/Double, [], [pointer(reference(java/lang/Object))], []) MAX_VALUE]
src/main/java/org/apache/commons/math/distribution/HasDensity.java: error: unknown import
	data: org/apache/commons/math/MathException
src/main/java/org/apache/commons/math/distribution/HypergeometricDistribution.java: error: unknown type
	data: Deprecated
src/main/java/org/apache/commons/math/distribution/HypergeometricDistributionImpl.java: error: unknown import
	data: org/apache/commons/math/MathRuntimeException
src/main/java/org/apache/commons/math/distribution/HypergeometricDistributionImpl.java: error: unknown import
	data: org/apache/commons/math/exception/util/LocalizedFormats
src/main/java/org/apache/commons/math/distribution/HypergeometricDistributionImpl.java: error: unknown import
	data: org/apache/commons/math/util/MathUtils
src/main/java/org/apache/commons/math/distribution/HypergeometricDistributionImpl.java: error: unknown import
	data: org/apache/commons/math/util/FastMath
src/main/java/org/apache/commons/math/distribution/HypergeometricDistributionImpl.java: error: unknown type
	data: Deprecated
src/main/java/org/apache/commons/math/distribution/IntegerDistribution.java: error: unknown import
	data: org/apache/commons/math/MathException
src/main/java/org/apache/commons/math/distribution/NormalDistribution.java: error: unknown type
	data: Deprecated
src/main/java/org/apache/commons/math/distribution/NormalDistributionImpl.java: error: unknown import
	data: org/apache/commons/math/MathRuntimeException
src/main/java/org/apache/commons/math/distribution/NormalDistributionImpl.java: error: unknown import
	data: org/apache/commons/math/exception/util/LocalizedFormats
src/main/java/org/apache/commons/math/distribution/NormalDistributionImpl.java: error: unknown import
	data: org/apache/commons/math/util/FastMath
src/main/java/org/apache/commons/math/distribution/NormalDistributionImpl.java: error: unknown type
	data: Deprecated
src/main/java/org/apache/commons/math/distribution/NormalDistributionImpl.java: error: unknown field
	data: [Double struct(java/lang/Double, [], [pointer(reference(java/lang/Object))], []) NEGATIVE_INFINITY]
src/main/java/org/apache/commons/math/distribution/NormalDistributionImpl.java: error: unknown field
	data: [Double struct(java/lang/Double, [], [pointer(reference(java/lang/Object))], []) MAX_VALUE]
src/main/java/org/apache/commons/math/distribution/NormalDistributionImpl.java: error: unknown import
	data: org/apache/commons/math/MathException
src/main/java/org/apache/commons/math/distribution/NormalDistributionImpl.java: error: unknown import
	data: org/apache/commons/math/MaxIterationsExceededException
src/main/java/org/apache/commons/math/distribution/NormalDistributionImpl.java: error: unknown import
	data: org/apache/commons/math/special/Erf
src/main/java/org/apache/commons/math/distribution/NormalDistributionImpl.java: error: unknown field
	data: [Double struct(java/lang/Double, [], [pointer(reference(java/lang/Object))], []) POSITIVE_INFINITY]
src/main/java/org/apache/commons/math/distribution/NormalDistributionImpl.java: error: unknown field
	data: [Double struct(java/lang/Double, [], [pointer(reference(java/lang/Object))], []) MAX_VALUE]
src/main/java/org/apache/commons/math/distribution/PascalDistribution.java: error: unknown type
	data: Deprecated
src/main/java/org/apache/commons/math/distribution/PascalDistributionImpl.java: error: unknown import
	data: org/apache/commons/math/MathException
src/main/java/org/apache/commons/math/distribution/PascalDistributionImpl.java: error: unknown import
	data: org/apache/commons/math/MathRuntimeException
src/main/java/org/apache/commons/math/distribution/PascalDistributionImpl.java: error: unknown import
	data: org/apache/commons/math/exception/util/LocalizedFormats
src/main/java/org/apache/commons/math/distribution/PascalDistributionImpl.java: error: unknown import
	data: org/apache/commons/math/special/Beta
src/main/java/org/apache/commons/math/distribution/PascalDistributionImpl.java: error: unknown import
	data: org/apache/commons/math/util/MathUtils
src/main/java/org/apache/commons/math/distribution/PascalDistributionImpl.java: error: unknown import
	data: org/apache/commons/math/util/FastMath
src/main/java/org/apache/commons/math/distribution/PascalDistributionImpl.java: error: unknown type
	data: Deprecated
src/main/java/org/apache/commons/math/distribution/PoissonDistribution.java: error: unknown import
	data: org/apache/commons/math/MathException
src/main/java/org/apache/commons/math/distribution/PoissonDistributionImpl.java: error: unknown import
	data: org/apache/commons/math/MathException
src/main/java/org/apache/commons/math/distribution/PoissonDistributionImpl.java: error: unknown import
	data: org/apache/commons/math/MathRuntimeException
src/main/java/org/apache/commons/math/distribution/PoissonDistributionImpl.java: error: unknown import
	data: org/apache/commons/math/exception/util/LocalizedFormats
src/main/java/org/apache/commons/math/distribution/PoissonDistributionImpl.java: error: unknown import
	data: org/apache/commons/math/special/Gamma
src/main/java/org/apache/commons/math/distribution/PoissonDistributionImpl.java: error: unknown import
	data: org/apache/commons/math/util/MathUtils
src/main/java/org/apache/commons/math/distribution/PoissonDistributionImpl.java: error: unknown import
	data: org/apache/commons/math/util/FastMath
src/main/java/org/apache/commons/math/distribution/SaddlePointExpansion.java: error: unknown import
	data: org/apache/commons/math/special/Gamma
src/main/java/org/apache/commons/math/distribution/SaddlePointExpansion.java: error: unknown import
	data: org/apache/commons/math/util/FastMath
src/main/java/org/apache/commons/math/distribution/SaddlePointExpansion.java: error: unknown import
	data: org/apache/commons/math/util/MathUtils
src/main/java/org/apache/commons/math/distribution/SaddlePointExpansion.java: error: unknown field
	data: [Double struct(java/lang/Double, [], [pointer(reference(java/lang/Object))], []) NaN]
src/main/java/org/apache/commons/math/distribution/TDistribution.java: error: unknown type
	data: Deprecated
src/main/java/org/apache/commons/math/distribution/TDistributionImpl.java: error: unknown import
	data: org/apache/commons/math/exception/util/LocalizedFormats
src/main/java/org/apache/commons/math/distribution/TDistributionImpl.java: error: unknown import
	data: org/apache/commons/math/special/Beta
src/main/java/org/apache/commons/math/distribution/TDistributionImpl.java: error: unknown import
	data: org/apache/commons/math/special/Gamma
src/main/java/org/apache/commons/math/distribution/TDistributionImpl.java: error: unknown type
	data: Deprecated
src/main/java/org/apache/commons/math/distribution/TDistributionImpl.java: error: unknown field
	data: [Double struct(java/lang/Double, [], [pointer(reference(java/lang/Object))], []) NEGATIVE_INFINITY]
src/main/java/org/apache/commons/math/distribution/TDistributionImpl.java: error: unknown field
	data: [Double struct(java/lang/Double, [], [pointer(reference(java/lang/Object))], []) POSITIVE_INFINITY]
src/main/java/org/apache/commons/math/distribution/TDistributionImpl.java: error: unknown import
	data: org/apache/commons/math/MathException
src/main/java/org/apache/commons/math/distribution/TDistributionImpl.java: error: unknown import
	data: org/apache/commons/math/MathRuntimeException
src/main/java/org/apache/commons/math/distribution/TDistributionImpl.java: error: unknown import
	data: org/apache/commons/math/util/FastMath
src/main/java/org/apache/commons/math/distribution/TDistributionImpl.java: error: unknown field
	data: [Double struct(java/lang/Double, [], [pointer(reference(java/lang/Object))], []) MAX_VALUE]
src/main/java/org/apache/commons/math/distribution/TDistributionImpl.java: error: unknown field
	data: [Double struct(java/lang/Double, [], [pointer(reference(java/lang/Object))], []) MAX_VALUE]
src/main/java/org/apache/commons/math/distribution/WeibullDistribution.java: error: unknown type
	data: Deprecated
src/main/java/org/apache/commons/math/distribution/WeibullDistributionImpl.java: error: unknown import
	data: org/apache/commons/math/MathRuntimeException
src/main/java/org/apache/commons/math/distribution/WeibullDistributionImpl.java: error: unknown import
	data: org/apache/commons/math/exception/util/LocalizedFormats
src/main/java/org/apache/commons/math/distribution/WeibullDistributionImpl.java: error: unknown import
	data: org/apache/commons/math/util/FastMath
src/main/java/org/apache/commons/math/distribution/WeibullDistributionImpl.java: error: unknown type
	data: Deprecated
src/main/java/org/apache/commons/math/distribution/WeibullDistributionImpl.java: error: unknown field
	data: [Double struct(java/lang/Double, [], [pointer(reference(java/lang/Object))], []) POSITIVE_INFINITY]
src/main/java/org/apache/commons/math/distribution/WeibullDistributionImpl.java: error: unknown field
	data: [Double struct(java/lang/Double, [], [pointer(reference(java/lang/Object))], []) MAX_VALUE]
src/main/java/org/apache/commons/math/distribution/ZipfDistribution.java: error: unknown type
	data: Deprecated
src/main/java/org/apache/commons/math/distribution/ZipfDistributionImpl.java: error: unknown type
	data: Deprecated
src/main/java/org/apache/commons/math/distribution/ZipfDistributionImpl.java: error: unknown import
	data: org/apache/commons/math/MathRuntimeException
src/main/java/org/apache/commons/math/distribution/ZipfDistributionImpl.java: error: unknown import
	data: org/apache/commons/math/exception/util/LocalizedFormats
src/main/java/org/apache/commons/math/distribution/ZipfDistributionImpl.java: error: unknown import
	data: org/apache/commons/math/util/FastMath
Found 1 Java files
Found 147 problems in Java files
src/main/java/org/apache/commons/math/distribution/PoissonDistributionImpl.java: found 11 symbols
src/main/java/org/apache/commons/math/distribution/PoissonDistributionImpl.java: org.apache.commons.math.distribution.PoissonDistributionImpl.getMean: computing test cases
src/main/java/org/apache/commons/math/distribution/PoissonDistributionImpl.java: org.apache.commons.math.distribution.PoissonDistributionImpl.getMean: found 1 problems
src/main/java/org/apache/commons/math/distribution/PoissonDistributionImpl.java: internal error: org.apache.commons.math.distribution.PoissonDistributionImpl.getMean: unknown type kind
	data: unsupported(org/apache/commons/math/random/RandomDataImpl)
src/main/java/org/apache/commons/math/distribution/PoissonDistributionImpl.java: org.apache.commons.math.distribution.PoissonDistributionImpl.PoissonDistributionImpl: computing test cases
src/main/java/org/apache/commons/math/distribution/PoissonDistributionImpl.java: org.apache.commons.math.distribution.PoissonDistributionImpl.PoissonDistributionImpl: found 1 problems
src/main/java/org/apache/commons/math/distribution/PoissonDistributionImpl.java: internal error: org.apache.commons.math.distribution.PoissonDistributionImpl.PoissonDistributionImpl: unknown type kind
	data: unsupported(org/apache/commons/math/random/RandomDataImpl)
src/main/java/org/apache/commons/math/distribution/PoissonDistributionImpl.java: org.apache.commons.math.distribution.PoissonDistributionImpl.sample: computing test cases
src/main/java/org/apache/commons/math/distribution/PoissonDistributionImpl.java: org.apache.commons.math.distribution.PoissonDistributionImpl.sample: found 1 problems
src/main/java/org/apache/commons/math/distribution/PoissonDistributionImpl.java: internal error: org.apache.commons.math.distribution.PoissonDistributionImpl.sample: unknown type kind
	data: unsupported(org/apache/commons/math/random/RandomDataImpl)
src/main/java/org/apache/commons/math/distribution/PoissonDistributionImpl.java: org.apache.commons.math.distribution.PoissonDistributionImpl.cumulativeProbability: computing test cases
src/main/java/org/apache/commons/math/distribution/PoissonDistributionImpl.java: org.apache.commons.math.distribution.PoissonDistributionImpl.cumulativeProbability: found 1 problems
src/main/java/org/apache/commons/math/distribution/PoissonDistributionImpl.java: internal error: org.apache.commons.math.distribution.PoissonDistributionImpl.cumulativeProbability: unknown type kind
	data: unsupported(org/apache/commons/math/random/RandomDataImpl)
src/main/java/org/apache/commons/math/distribution/PoissonDistributionImpl.java: org.apache.commons.math.distribution.PoissonDistributionImpl.getDomainLowerBound: computing test cases
src/main/java/org/apache/commons/math/distribution/PoissonDistributionImpl.java: org.apache.commons.math.distribution.PoissonDistributionImpl.getDomainLowerBound: found 1 problems
src/main/java/org/apache/commons/math/distribution/PoissonDistributionImpl.java: internal error: org.apache.commons.math.distribution.PoissonDistributionImpl.getDomainLowerBound: unknown type kind
	data: unsupported(org/apache/commons/math/random/RandomDataImpl)
src/main/java/org/apache/commons/math/distribution/PoissonDistributionImpl.java: org.apache.commons.math.distribution.PoissonDistributionImpl.normalApproximateProbability: computing test cases
src/main/java/org/apache/commons/math/distribution/PoissonDistributionImpl.java: org.apache.commons.math.distribution.PoissonDistributionImpl.normalApproximateProbability: found 1 problems
src/main/java/org/apache/commons/math/distribution/PoissonDistributionImpl.java: internal error: org.apache.commons.math.distribution.PoissonDistributionImpl.normalApproximateProbability: unknown type kind
	data: unsupported(org/apache/commons/math/random/RandomDataImpl)
src/main/java/org/apache/commons/math/distribution/PoissonDistributionImpl.java: org.apache.commons.math.distribution.PoissonDistributionImpl.getDomainUpperBound: computing test cases
src/main/java/org/apache/commons/math/distribution/PoissonDistributionImpl.java: org.apache.commons.math.distribution.PoissonDistributionImpl.getDomainUpperBound: found 1 problems
src/main/java/org/apache/commons/math/distribution/PoissonDistributionImpl.java: internal error: org.apache.commons.math.distribution.PoissonDistributionImpl.getDomainUpperBound: unknown type kind
	data: unsupported(org/apache/commons/math/random/RandomDataImpl)
src/main/java/org/apache/commons/math/distribution/PoissonDistributionImpl.java: org.apache.commons.math.distribution.PoissonDistributionImpl.PoissonDistributionImpl: computing test cases
src/main/java/org/apache/commons/math/distribution/PoissonDistributionImpl.java: org.apache.commons.math.distribution.PoissonDistributionImpl.PoissonDistributionImpl: found 1 problems
src/main/java/org/apache/commons/math/distribution/PoissonDistributionImpl.java: internal error: org.apache.commons.math.distribution.PoissonDistributionImpl.PoissonDistributionImpl: unknown type kind
	data: unsupported(org/apache/commons/math/random/RandomDataImpl)
src/main/java/org/apache/commons/math/distribution/PoissonDistributionImpl.java: org.apache.commons.math.distribution.PoissonDistributionImpl.PoissonDistributionImpl: computing test cases
src/main/java/org/apache/commons/math/distribution/PoissonDistributionImpl.java: org.apache.commons.math.distribution.PoissonDistributionImpl.PoissonDistributionImpl: found 1 problems
src/main/java/org/apache/commons/math/distribution/PoissonDistributionImpl.java: internal error: org.apache.commons.math.distribution.PoissonDistributionImpl.PoissonDistributionImpl: unknown type kind
	data: unsupported(org/apache/commons/math/random/RandomDataImpl)
src/main/java/org/apache/commons/math/distribution/PoissonDistributionImpl.java: org.apache.commons.math.distribution.PoissonDistributionImpl.PoissonDistributionImpl: computing test cases
src/main/java/org/apache/commons/math/distribution/PoissonDistributionImpl.java: org.apache.commons.math.distribution.PoissonDistributionImpl.PoissonDistributionImpl: found 1 problems
src/main/java/org/apache/commons/math/distribution/PoissonDistributionImpl.java: internal error: org.apache.commons.math.distribution.PoissonDistributionImpl.PoissonDistributionImpl: unknown type kind
	data: unsupported(org/apache/commons/math/random/RandomDataImpl)
src/main/java/org/apache/commons/math/distribution/PoissonDistributionImpl.java: org.apache.commons.math.distribution.PoissonDistributionImpl.probability: computing test cases
src/main/java/org/apache/commons/math/distribution/PoissonDistributionImpl.java: org.apache.commons.math.distribution.PoissonDistributionImpl.probability: found 1 problems
src/main/java/org/apache/commons/math/distribution/PoissonDistributionImpl.java: internal error: org.apache.commons.math.distribution.PoissonDistributionImpl.probability: unknown type kind
	data: unsupported(org/apache/commons/math/random/RandomDataImpl)
Analyzed 1 out of 36 source files
Had 29 errors that block a full analysis
Generated 0 tests
Found 0 potential problems
The following issues prevent a full analysis:

* 91 cases of "unknown import"
	Description: Imports could not be resolved. This is likely due to missing dependencies.

* 38 cases of "unknown type"
	Description: Types could not be resolved. This could be because of missing dependencies
  or a consequence of some other problem.


