Analyzing workspace /home/ph7/sqa-project/workspaces/math_9b/
Search for Java files
Load dependency stdlib:@dev
src/main/java/org/apache/commons/math3/geometry/euclidean/threed/CardanEulerSingularityException.java: error: unknown import
	data: org/apache/commons/math3/exception/MathIllegalStateException
src/main/java/org/apache/commons/math3/geometry/euclidean/threed/CardanEulerSingularityException.java: error: unknown import
	data: org/apache/commons/math3/exception/util/LocalizedFormats
src/main/java/org/apache/commons/math3/geometry/euclidean/threed/Euclidean3D.java: error: unknown import
	data: org/apache/commons/math3/geometry/Space
src/main/java/org/apache/commons/math3/geometry/euclidean/threed/Euclidean3D.java: error: unknown import
	data: org/apache/commons/math3/geometry/euclidean/twod/Euclidean2D
src/main/java/org/apache/commons/math3/geometry/euclidean/threed/FieldRotation.java: error: unknown function
	data: [struct(org/apache/commons/math3/geometry/euclidean/threed/FieldVector3D, [], [pointer(reference(java/lang/Object))], [reference(java/io/Serializable)]) org/apache/commons/math3/geometry/euclidean/threed/FieldVector3D//crossProduct [] [v u]]
src/main/java/org/apache/commons/math3/geometry/euclidean/threed/FieldRotation.java: error: unknown import
	data: org/apache/commons/math3/Field
src/main/java/org/apache/commons/math3/geometry/euclidean/threed/FieldRotation.java: error: unknown import
	data: org/apache/commons/math3/exception/MathIllegalArgumentException
src/main/java/org/apache/commons/math3/geometry/euclidean/threed/FieldRotation.java: error: unknown function
	data: [struct(org/apache/commons/math3/geometry/euclidean/threed/FieldVector3D, [], [pointer(reference(java/lang/Object))], [reference(java/io/Serializable)]) org/apache/commons/math3/geometry/euclidean/threed/FieldVector3D//crossProduct [] [u1 u2]]
src/main/java/org/apache/commons/math3/geometry/euclidean/threed/FieldRotation.java: error: unknown function
	data: [struct(org/apache/commons/math3/geometry/euclidean/threed/FieldVector3D, [], [pointer(reference(java/lang/Object))], [reference(java/io/Serializable)]) org/apache/commons/math3/geometry/euclidean/threed/FieldVector3D//crossProduct [] [v3 v1]]
src/main/java/org/apache/commons/math3/geometry/euclidean/threed/FieldRotation.java: error: unknown import
	data: org/apache/commons/math3/ExtendedFieldElement
src/main/java/org/apache/commons/math3/geometry/euclidean/threed/FieldRotation.java: error: unknown import
	data: org/apache/commons/math3/util/FastMath
src/main/java/org/apache/commons/math3/geometry/euclidean/threed/FieldRotation.java: error: unknown function
	data: [struct(org/apache/commons/math3/geometry/euclidean/threed/FieldVector3D, [], [pointer(reference(java/lang/Object))], [reference(java/io/Serializable)]) org/apache/commons/math3/geometry/euclidean/threed/FieldVector3D//crossProduct [] [u3 u1]]
src/main/java/org/apache/commons/math3/geometry/euclidean/threed/FieldRotation.java: error: unknown function
	data: [struct(org/apache/commons/math3/geometry/euclidean/threed/FieldVector3D, [], [pointer(reference(java/lang/Object))], [reference(java/io/Serializable)]) org/apache/commons/math3/geometry/euclidean/threed/FieldVector3D//crossProduct [] [v1 v2]]
src/main/java/org/apache/commons/math3/geometry/euclidean/threed/FieldRotation.java: error: unknown import
	data: org/apache/commons/math3/exception/MathArithmeticException
src/main/java/org/apache/commons/math3/geometry/euclidean/threed/FieldRotation.java: error: unknown import
	data: org/apache/commons/math3/exception/util/LocalizedFormats
src/main/java/org/apache/commons/math3/geometry/euclidean/threed/FieldRotation.java: error: unknown import
	data: org/apache/commons/math3/util/MathArrays
src/main/java/org/apache/commons/math3/geometry/euclidean/threed/FieldRotation.java: error: unknown function
	data: [struct(org/apache/commons/math3/geometry/euclidean/threed/FieldVector3D, [], [pointer(reference(java/lang/Object))], [reference(java/io/Serializable)]) org/apache/commons/math3/geometry/euclidean/threed/FieldVector3D//dotProduct [] [u v]]
src/main/java/org/apache/commons/math3/geometry/euclidean/threed/FieldVector3D.java: error: unknown import
	data: org/apache/commons/math3/util/MathArrays
src/main/java/org/apache/commons/math3/geometry/euclidean/threed/FieldVector3D.java: error: unknown function
	data: [<nil> crossProduct [] [v1 v2]]
src/main/java/org/apache/commons/math3/geometry/euclidean/threed/FieldVector3D.java: error: unknown import
	data: java/text/NumberFormat
src/main/java/org/apache/commons/math3/geometry/euclidean/threed/FieldVector3D.java: error: unknown function
	data: [<nil> dotProduct [] [v1 v2]]
src/main/java/org/apache/commons/math3/geometry/euclidean/threed/FieldVector3D.java: error: unknown function
	data: [<nil> angle [] [v2 v1]]
src/main/java/org/apache/commons/math3/geometry/euclidean/threed/FieldVector3D.java: error: unknown import
	data: org/apache/commons/math3/ExtendedFieldElement
src/main/java/org/apache/commons/math3/geometry/euclidean/threed/FieldVector3D.java: error: unknown import
	data: org/apache/commons/math3/exception/MathArithmeticException
src/main/java/org/apache/commons/math3/geometry/euclidean/threed/FieldVector3D.java: error: unknown import
	data: org/apache/commons/math3/exception/util/LocalizedFormats
src/main/java/org/apache/commons/math3/geometry/euclidean/threed/FieldVector3D.java: error: unknown function
	data: [<nil> dotProduct [] [v1 v2]]
src/main/java/org/apache/commons/math3/geometry/euclidean/threed/FieldVector3D.java: error: unknown function
	data: [<nil> crossProduct [] [v1 v2]]
src/main/java/org/apache/commons/math3/geometry/euclidean/threed/FieldVector3D.java: error: unknown import
	data: org/apache/commons/math3/exception/DimensionMismatchException
src/main/java/org/apache/commons/math3/geometry/euclidean/threed/FieldVector3D.java: error: unknown import
	data: org/apache/commons/math3/util/FastMath
src/main/java/org/apache/commons/math3/geometry/euclidean/threed/Line.java: error: unknown import
	data: org/apache/commons/math3/geometry/euclidean/oned/Vector1D
src/main/java/org/apache/commons/math3/geometry/euclidean/threed/Line.java: error: unknown import
	data: org/apache/commons/math3/geometry/partitioning/Embedding
src/main/java/org/apache/commons/math3/geometry/euclidean/threed/Line.java: error: unknown import
	data: org/apache/commons/math3/exception/MathIllegalArgumentException
src/main/java/org/apache/commons/math3/geometry/euclidean/threed/Line.java: error: unknown import
	data: org/apache/commons/math3/exception/util/LocalizedFormats
src/main/java/org/apache/commons/math3/geometry/euclidean/threed/Line.java: error: unknown import
	data: org/apache/commons/math3/geometry/Vector
src/main/java/org/apache/commons/math3/geometry/euclidean/threed/Line.java: error: unknown import
	data: org/apache/commons/math3/util/FastMath
src/main/java/org/apache/commons/math3/geometry/euclidean/threed/Line.java: error: unknown import
	data: org/apache/commons/math3/util/Precision
src/main/java/org/apache/commons/math3/geometry/euclidean/threed/Line.java: error: not a boolean type
	data: unsupported
src/main/java/org/apache/commons/math3/geometry/euclidean/threed/Line.java: error: unknown import
	data: org/apache/commons/math3/geometry/euclidean/oned/Euclidean1D
src/main/java/org/apache/commons/math3/geometry/euclidean/threed/Line.java: error: unknown import
	data: org/apache/commons/math3/geometry/euclidean/oned/IntervalsSet
src/main/java/org/apache/commons/math3/geometry/euclidean/threed/NotARotationMatrixException.java: error: unknown import
	data: org/apache/commons/math3/exception/util/Localizable
src/main/java/org/apache/commons/math3/geometry/euclidean/threed/NotARotationMatrixException.java: error: unknown import
	data: org/apache/commons/math3/exception/MathIllegalArgumentException
src/main/java/org/apache/commons/math3/geometry/euclidean/threed/OutlineExtractor.java: error: unknown identifier
	data: edge
src/main/java/org/apache/commons/math3/geometry/euclidean/threed/OutlineExtractor.java: error: unknown import
	data: org/apache/commons/math3/geometry/euclidean/twod/Euclidean2D
src/main/java/org/apache/commons/math3/geometry/euclidean/threed/OutlineExtractor.java: error: unknown import
	data: org/apache/commons/math3/geometry/partitioning/BoundaryAttribute
src/main/java/org/apache/commons/math3/geometry/euclidean/threed/OutlineExtractor.java: error: unknown import
	data: org/apache/commons/math3/geometry/partitioning/SubHyperplane
src/main/java/org/apache/commons/math3/geometry/euclidean/threed/OutlineExtractor.java: error: unknown import
	data: org/apache/commons/math3/util/FastMath
src/main/java/org/apache/commons/math3/geometry/euclidean/threed/OutlineExtractor.java: error: unknown import
	data: org/apache/commons/math3/geometry/euclidean/twod/Vector2D
src/main/java/org/apache/commons/math3/geometry/euclidean/threed/OutlineExtractor.java: error: unknown import
	data: org/apache/commons/math3/geometry/partitioning/AbstractSubHyperplane
src/main/java/org/apache/commons/math3/geometry/euclidean/threed/OutlineExtractor.java: error: unknown import
	data: org/apache/commons/math3/geometry/partitioning/BSPTreeVisitor
src/main/java/org/apache/commons/math3/geometry/euclidean/threed/OutlineExtractor.java: error: unknown import
	data: org/apache/commons/math3/geometry/partitioning/RegionFactory
src/main/java/org/apache/commons/math3/geometry/euclidean/threed/OutlineExtractor.java: error: unknown type
	data: Order
src/main/java/org/apache/commons/math3/geometry/euclidean/threed/OutlineExtractor.java: error: unknown type
	data: org/apache/commons/math3/geometry/euclidean/twod/Line
src/main/java/org/apache/commons/math3/geometry/euclidean/threed/OutlineExtractor.java: error: unknown import
	data: org/apache/commons/math3/geometry/euclidean/twod/PolygonsSet
src/main/java/org/apache/commons/math3/geometry/euclidean/threed/OutlineExtractor.java: error: unknown import
	data: org/apache/commons/math3/geometry/partitioning/BSPTree
src/main/java/org/apache/commons/math3/geometry/euclidean/threed/OutlineExtractor.java: error: unknown function
	data: [struct(java/lang/System, [], [pointer(reference(java/lang/Object))], []) java/lang/System//arraycopy [] [rawLoop 0 index(outline, i) 0 end]]
src/main/java/org/apache/commons/math3/geometry/euclidean/threed/Plane.java: error: unknown import
	data: org/apache/commons/math3/exception/MathArithmeticException
src/main/java/org/apache/commons/math3/geometry/euclidean/threed/Plane.java: error: unknown import
	data: org/apache/commons/math3/geometry/Vector
src/main/java/org/apache/commons/math3/geometry/euclidean/threed/Plane.java: error: unknown import
	data: org/apache/commons/math3/geometry/euclidean/oned/Vector1D
src/main/java/org/apache/commons/math3/geometry/euclidean/threed/Plane.java: error: unknown import
	data: org/apache/commons/math3/geometry/euclidean/twod/PolygonsSet
src/main/java/org/apache/commons/math3/geometry/euclidean/threed/Plane.java: error: unknown import
	data: org/apache/commons/math3/geometry/euclidean/twod/Vector2D
src/main/java/org/apache/commons/math3/geometry/euclidean/threed/Plane.java: error: unknown import
	data: org/apache/commons/math3/geometry/partitioning/Embedding
src/main/java/org/apache/commons/math3/geometry/euclidean/threed/Plane.java: error: not a boolean type
	data: unsupported
src/main/java/org/apache/commons/math3/geometry/euclidean/threed/Plane.java: error: unknown import
	data: org/apache/commons/math3/exception/util/LocalizedFormats
src/main/java/org/apache/commons/math3/geometry/euclidean/threed/Plane.java: error: unknown import
	data: org/apache/commons/math3/geometry/euclidean/twod/Euclidean2D
src/main/java/org/apache/commons/math3/geometry/euclidean/threed/Plane.java: error: unknown import
	data: org/apache/commons/math3/geometry/partitioning/Hyperplane
src/main/java/org/apache/commons/math3/geometry/euclidean/threed/Plane.java: error: unknown import
	data: org/apache/commons/math3/util/FastMath
src/main/java/org/apache/commons/math3/geometry/euclidean/threed/PolyhedronsSet.java: error: unknown import
	data: java/awt/geom/AffineTransform
src/main/java/org/apache/commons/math3/geometry/euclidean/threed/PolyhedronsSet.java: error: unknown import
	data: org/apache/commons/math3/geometry/euclidean/twod/Euclidean2D
src/main/java/org/apache/commons/math3/geometry/euclidean/threed/PolyhedronsSet.java: error: unknown import
	data: org/apache/commons/math3/geometry/partitioning/BSPTree
src/main/java/org/apache/commons/math3/geometry/euclidean/threed/PolyhedronsSet.java: error: unknown import
	data: org/apache/commons/math3/geometry/partitioning/Transform
src/main/java/org/apache/commons/math3/geometry/euclidean/threed/PolyhedronsSet.java: error: unknown function
	data: [<nil> setSize [] [/(unsupported, 3.0)]]
src/main/java/org/apache/commons/math3/geometry/euclidean/threed/PolyhedronsSet.java: error: unknown function
	data: [<nil> getBarycenter [] []]
src/main/java/org/apache/commons/math3/geometry/euclidean/threed/PolyhedronsSet.java: error: unknown function
	data: [<nil> applyTransform [] [call(org/apache/commons/math3/geometry/euclidean/threed/PolyhedronsSet//RotationTransform//RotationTransform!b8d64c76870907fb5bbf977af5e65bf5, [center, rotation])]]
src/main/java/org/apache/commons/math3/geometry/euclidean/threed/PolyhedronsSet.java: error: unknown function
	data: [<nil> setSize [] [0]]
src/main/java/org/apache/commons/math3/geometry/euclidean/threed/PolyhedronsSet.java: error: unknown import
	data: org/apache/commons/math3/geometry/partitioning/SubHyperplane
src/main/java/org/apache/commons/math3/geometry/euclidean/threed/PolyhedronsSet.java: error: unknown function
	data: [<nil> setBarycenter [] [unsupported]]
src/main/java/org/apache/commons/math3/geometry/euclidean/threed/PolyhedronsSet.java: error: unknown function
	data: [<nil> applyTransform [] [call(org/apache/commons/math3/geometry/euclidean/threed/PolyhedronsSet//TranslationTransform//TranslationTransform!26bc3291defee264c3ace77c46891944, [translation])]]
src/main/java/org/apache/commons/math3/geometry/euclidean/threed/PolyhedronsSet.java: error: unknown function
	data: [<nil> setSize [] [+(unsupported, scaled)]]
src/main/java/org/apache/commons/math3/geometry/euclidean/threed/PolyhedronsSet.java: error: unknown import
	data: org/apache/commons/math3/geometry/euclidean/twod/Vector2D
src/main/java/org/apache/commons/math3/geometry/euclidean/threed/PolyhedronsSet.java: error: unknown import
	data: org/apache/commons/math3/geometry/partitioning/AbstractRegion
src/main/java/org/apache/commons/math3/geometry/euclidean/threed/PolyhedronsSet.java: error: unknown import
	data: org/apache/commons/math3/geometry/partitioning/RegionFactory
src/main/java/org/apache/commons/math3/geometry/euclidean/threed/PolyhedronsSet.java: error: unknown function
	data: [<nil> getSize [] []]
src/main/java/org/apache/commons/math3/geometry/euclidean/threed/PolyhedronsSet.java: error: unknown function
	data: [<nil> setSize [] [unsupported]]
src/main/java/org/apache/commons/math3/geometry/euclidean/threed/PolyhedronsSet.java: error: unknown import
	data: org/apache/commons/math3/geometry/partitioning/BoundaryAttribute
src/main/java/org/apache/commons/math3/geometry/euclidean/threed/PolyhedronsSet.java: error: unknown import
	data: org/apache/commons/math3/geometry/partitioning/Hyperplane
src/main/java/org/apache/commons/math3/geometry/euclidean/threed/PolyhedronsSet.java: error: unknown import
	data: org/apache/commons/math3/geometry/partitioning/Region
src/main/java/org/apache/commons/math3/geometry/euclidean/threed/PolyhedronsSet.java: error: unknown function
	data: [<nil> setBarycenter [] [unsupported]]
src/main/java/org/apache/commons/math3/geometry/euclidean/threed/PolyhedronsSet.java: error: unknown function
	data: [<nil> setBarycenter [] [call(org/apache/commons/math3/geometry/euclidean/threed/Vector3D//Vector3D!440bb328777dad7e8ed799c817b6aefe, [cast(0, primitive(float, 64, false)), cast(0, primitive(float, 64, false)), cast(0, primitive(float, 64, false))])]]
src/main/java/org/apache/commons/math3/geometry/euclidean/threed/PolyhedronsSet.java: error: unknown import
	data: org/apache/commons/math3/geometry/euclidean/twod/SubLine
src/main/java/org/apache/commons/math3/geometry/euclidean/threed/PolyhedronsSet.java: error: unknown import
	data: org/apache/commons/math3/util/FastMath
src/main/java/org/apache/commons/math3/geometry/euclidean/threed/PolyhedronsSet.java: error: unknown type
	data: Order
src/main/java/org/apache/commons/math3/geometry/euclidean/threed/PolyhedronsSet.java: error: unknown import
	data: org/apache/commons/math3/geometry/Vector
src/main/java/org/apache/commons/math3/geometry/euclidean/threed/PolyhedronsSet.java: error: unknown function
	data: [<nil> getTree [] [true]]
src/main/java/org/apache/commons/math3/geometry/euclidean/threed/PolyhedronsSet.java: error: unknown function
	data: [<nil> setBarycenter [] [unsupported]]
src/main/java/org/apache/commons/math3/geometry/euclidean/threed/PolyhedronsSet.java: error: unknown function
	data: [<nil> setBarycenter [] [call(org/apache/commons/math3/geometry/euclidean/threed/Vector3D//Vector3D!10dfe63fe7d056886a1b193de9907f0f, [1.0, cast(unsupported, pointer(reference(org/apache/commons/math3/geometry/euclidean/threed/Vector3D))), scaled, facetB])]]
src/main/java/org/apache/commons/math3/geometry/euclidean/threed/PolyhedronsSet.java: error: unknown import
	data: org/apache/commons/math3/geometry/euclidean/oned/Euclidean1D
src/main/java/org/apache/commons/math3/geometry/euclidean/threed/PolyhedronsSet.java: error: unknown import
	data: org/apache/commons/math3/geometry/partitioning/BSPTreeVisitor
src/main/java/org/apache/commons/math3/geometry/euclidean/threed/PolyhedronsSet.java: error: unknown function
	data: [<nil> getTree [] [true]]
src/main/java/org/apache/commons/math3/geometry/euclidean/threed/PolyhedronsSet.java: error: unknown function
	data: [<nil> setSize [] [unsupported]]
src/main/java/org/apache/commons/math3/geometry/euclidean/threed/PolyhedronsSet.java: error: unknown identifier
	data: cut
src/main/java/org/apache/commons/math3/geometry/euclidean/threed/Rotation.java: error: unknown import
	data: org/apache/commons/math3/exception/MathIllegalArgumentException
src/main/java/org/apache/commons/math3/geometry/euclidean/threed/Rotation.java: error: unknown import
	data: org/apache/commons/math3/exception/util/LocalizedFormats
src/main/java/org/apache/commons/math3/geometry/euclidean/threed/Rotation.java: error: unknown import
	data: org/apache/commons/math3/util/FastMath
src/main/java/org/apache/commons/math3/geometry/euclidean/threed/Rotation.java: error: unknown import
	data: org/apache/commons/math3/util/MathArrays
src/main/java/org/apache/commons/math3/geometry/euclidean/threed/Rotation.java: error: unknown import
	data: org/apache/commons/math3/exception/MathArithmeticException
src/main/java/org/apache/commons/math3/geometry/euclidean/threed/SphericalCoordinates.java: error: unknown import
	data: org/apache/commons/math3/util/FastMath
src/main/java/org/apache/commons/math3/geometry/euclidean/threed/SubLine.java: error: unknown import
	data: org/apache/commons/math3/exception/MathIllegalArgumentException
src/main/java/org/apache/commons/math3/geometry/euclidean/threed/SubLine.java: error: unknown import
	data: org/apache/commons/math3/geometry/euclidean/oned/Interval
src/main/java/org/apache/commons/math3/geometry/euclidean/threed/SubLine.java: error: unknown import
	data: org/apache/commons/math3/geometry/euclidean/oned/IntervalsSet
src/main/java/org/apache/commons/math3/geometry/euclidean/threed/SubLine.java: error: unknown import
	data: org/apache/commons/math3/geometry/euclidean/oned/Vector1D
src/main/java/org/apache/commons/math3/geometry/euclidean/threed/SubLine.java: error: unknown import
	data: org/apache/commons/math3/geometry/partitioning/Region/Location
src/main/java/org/apache/commons/math3/geometry/euclidean/threed/SubPlane.java: error: unknown import
	data: org/apache/commons/math3/geometry/partitioning/Hyperplane
src/main/java/org/apache/commons/math3/geometry/euclidean/threed/SubPlane.java: error: unknown import
	data: org/apache/commons/math3/geometry/partitioning/Region
src/main/java/org/apache/commons/math3/geometry/euclidean/threed/SubPlane.java: error: unknown import
	data: org/apache/commons/math3/geometry/partitioning/AbstractSubHyperplane
src/main/java/org/apache/commons/math3/geometry/euclidean/threed/SubPlane.java: error: unknown import
	data: org/apache/commons/math3/geometry/partitioning/Side
src/main/java/org/apache/commons/math3/geometry/euclidean/threed/SubPlane.java: error: unknown import
	data: org/apache/commons/math3/geometry/partitioning/SubHyperplane
src/main/java/org/apache/commons/math3/geometry/euclidean/threed/SubPlane.java: error: unknown type
	data: org/apache/commons/math3/geometry/euclidean/twod/Line
src/main/java/org/apache/commons/math3/geometry/euclidean/threed/SubPlane.java: error: not a boolean type
	data: unsupported
src/main/java/org/apache/commons/math3/geometry/euclidean/threed/SubPlane.java: error: unknown import
	data: org/apache/commons/math3/geometry/euclidean/oned/Vector1D
src/main/java/org/apache/commons/math3/geometry/euclidean/threed/SubPlane.java: error: unknown import
	data: org/apache/commons/math3/geometry/euclidean/twod/PolygonsSet
src/main/java/org/apache/commons/math3/geometry/euclidean/threed/SubPlane.java: error: unknown import
	data: org/apache/commons/math3/geometry/partitioning/BSPTree
src/main/java/org/apache/commons/math3/geometry/euclidean/threed/SubPlane.java: error: unknown type
	data: SplitSubHyperplane
src/main/java/org/apache/commons/math3/geometry/euclidean/threed/SubPlane.java: error: unknown function
	data: [<nil> getHyperplane [] []]
src/main/java/org/apache/commons/math3/geometry/euclidean/threed/SubPlane.java: error: unknown function
	data: [<nil> getRemainingRegion [] []]
src/main/java/org/apache/commons/math3/geometry/euclidean/threed/SubPlane.java: error: unknown import
	data: org/apache/commons/math3/geometry/euclidean/twod/Euclidean2D
src/main/java/org/apache/commons/math3/geometry/euclidean/threed/SubPlane.java: error: unknown import
	data: org/apache/commons/math3/geometry/euclidean/twod/Vector2D
src/main/java/org/apache/commons/math3/geometry/euclidean/threed/SubPlane.java: error: not a boolean type
	data: unsupported
src/main/java/org/apache/commons/math3/geometry/euclidean/threed/Vector3D.java: error: unknown import
	data: org/apache/commons/math3/exception/DimensionMismatchException
src/main/java/org/apache/commons/math3/geometry/euclidean/threed/Vector3D.java: error: unknown import
	data: org/apache/commons/math3/exception/MathArithmeticException
src/main/java/org/apache/commons/math3/geometry/euclidean/threed/Vector3D.java: error: unknown import
	data: org/apache/commons/math3/geometry/Space
src/main/java/org/apache/commons/math3/geometry/euclidean/threed/Vector3D.java: error: unknown import
	data: org/apache/commons/math3/util/FastMath
src/main/java/org/apache/commons/math3/geometry/euclidean/threed/Vector3D.java: error: unknown import
	data: org/apache/commons/math3/geometry/Vector
src/main/java/org/apache/commons/math3/geometry/euclidean/threed/Vector3D.java: error: unknown import
	data: org/apache/commons/math3/util/MathUtils
src/main/java/org/apache/commons/math3/geometry/euclidean/threed/Vector3D.java: error: unknown import
	data: java/text/NumberFormat
src/main/java/org/apache/commons/math3/geometry/euclidean/threed/Vector3D.java: error: unknown import
	data: org/apache/commons/math3/exception/util/LocalizedFormats
src/main/java/org/apache/commons/math3/geometry/euclidean/threed/Vector3D.java: error: unknown import
	data: org/apache/commons/math3/util/MathArrays
src/main/java/org/apache/commons/math3/geometry/euclidean/threed/Vector3DFormat.java: error: unknown import
	data: org/apache/commons/math3/util/CompositeFormat
src/main/java/org/apache/commons/math3/geometry/euclidean/threed/Vector3DFormat.java: error: unknown function
	data: [<nil> format [] [toAppendTo pos unsupported unsupported unsupported]]
src/main/java/org/apache/commons/math3/geometry/euclidean/threed/Vector3DFormat.java: error: unknown function
	data: [<nil> parseCoordinates [] [3 source pos]]
src/main/java/org/apache/commons/math3/geometry/euclidean/threed/Vector3DFormat.java: error: unknown import
	data: java/text/FieldPosition
src/main/java/org/apache/commons/math3/geometry/euclidean/threed/Vector3DFormat.java: error: unknown import
	data: java/text/NumberFormat
src/main/java/org/apache/commons/math3/geometry/euclidean/threed/Vector3DFormat.java: error: unknown import
	data: java/text/ParsePosition
src/main/java/org/apache/commons/math3/geometry/euclidean/threed/Vector3DFormat.java: error: unknown import
	data: org/apache/commons/math3/geometry/VectorFormat
src/main/java/org/apache/commons/math3/geometry/euclidean/threed/Vector3DFormat.java: error: unknown import
	data: java/util/Locale
src/main/java/org/apache/commons/math3/geometry/euclidean/threed/Vector3DFormat.java: error: unknown import
	data: org/apache/commons/math3/exception/MathParseException
src/main/java/org/apache/commons/math3/geometry/euclidean/threed/Vector3DFormat.java: error: unknown import
	data: org/apache/commons/math3/geometry/Vector
internal error: scope leak
	data: map[handledNode:struct(org/apache/commons/math3/geometry/euclidean/threed/OutlineExtractor, [], [pointer(reference(java/lang/Object))], []) scopeLevelAtEntry:7 scopeLevelAtExit:8]
internal error: scope leak
	data: map[handledNode:struct(org/apache/commons/math3/geometry/euclidean/threed/PolyhedronsSet, [], [genericInstance(unsupported(org/apache/commons/math3/geometry/partitioning/AbstractRegion), [pointer(reference(org/apache/commons/math3/geometry/euclidean/threed/Euclidean3D)), unsupported(org/apache/commons/math3/geometry/euclidean/twod/Euclidean2D)])], []) scopeLevelAtEntry:8 scopeLevelAtExit:11]
Found 1 Java files
Found 148 problems in Java files
src/main/java/org/apache/commons/math3/geometry/euclidean/threed/Line.java: found 17 symbols
src/main/java/org/apache/commons/math3/geometry/euclidean/threed/Line.java: org.apache.commons.math3.geometry.euclidean.threed.Line.toSubSpace: computing test cases
src/main/java/org/apache/commons/math3/geometry/euclidean/threed/Line.java: org.apache.commons.math3.geometry.euclidean.threed.Line.toSubSpace: computed 0 unit tests
src/main/java/org/apache/commons/math3/geometry/euclidean/threed/Line.java: org.apache.commons.math3.geometry.euclidean.threed.Line.toSubSpace: found 1 problems
src/main/java/org/apache/commons/math3/geometry/euclidean/threed/Line.java: unsupported: org.apache.commons.math3.geometry.euclidean.threed.Line.toSubSpace: encountered an unsupported type
	data: unsupported(org/apache/commons/math3/geometry/Vector)
src/main/java/org/apache/commons/math3/geometry/euclidean/threed/Line.java: org.apache.commons.math3.geometry.euclidean.threed.Line.wholeLine: computing test cases
src/main/java/org/apache/commons/math3/geometry/euclidean/threed/Line.java: org.apache.commons.math3.geometry.euclidean.threed.Line.wholeLine: found 1 problems
src/main/java/org/apache/commons/math3/geometry/euclidean/threed/Line.java: internal error: org.apache.commons.math3.geometry.euclidean.threed.Line.wholeLine: unknown type kind
	data: unsupported(org/apache/commons/math3/geometry/euclidean/oned/IntervalsSet)
src/main/java/org/apache/commons/math3/geometry/euclidean/threed/Line.java: org.apache.commons.math3.geometry.euclidean.threed.Line.revert: computing test cases
src/main/java/org/apache/commons/math3/geometry/euclidean/threed/Line.java: org.apache.commons.math3.geometry.euclidean.threed.Line.revert: computed 0 unit tests
src/main/java/org/apache/commons/math3/geometry/euclidean/threed/Line.java: org.apache.commons.math3.geometry.euclidean.threed.Line.revert: found 1 problems
src/main/java/org/apache/commons/math3/geometry/euclidean/threed/Line.java: internal error: org.apache.commons.math3.geometry.euclidean.threed.Line.revert: not a struct type
	data: unsupported(org/apache/commons/math3/geometry/partitioning/Embedding)
src/main/java/org/apache/commons/math3/geometry/euclidean/threed/Line.java: org.apache.commons.math3.geometry.euclidean.threed.Line.reset: computing test cases
src/main/java/org/apache/commons/math3/geometry/euclidean/threed/Line.java: org.apache.commons.math3.geometry.euclidean.threed.Line.reset: computed 0 unit tests
src/main/java/org/apache/commons/math3/geometry/euclidean/threed/Line.java: org.apache.commons.math3.geometry.euclidean.threed.Line.reset: found 1 problems
src/main/java/org/apache/commons/math3/geometry/euclidean/threed/Line.java: internal error: org.apache.commons.math3.geometry.euclidean.threed.Line.reset: not a struct type
	data: unsupported(org/apache/commons/math3/geometry/partitioning/Embedding)
src/main/java/org/apache/commons/math3/geometry/euclidean/threed/Line.java: org.apache.commons.math3.geometry.euclidean.threed.Line.pointAt: computing test cases
src/main/java/org/apache/commons/math3/geometry/euclidean/threed/Line.java: org.apache.commons.math3.geometry.euclidean.threed.Line.pointAt: computed 0 unit tests
src/main/java/org/apache/commons/math3/geometry/euclidean/threed/Line.java: org.apache.commons.math3.geometry.euclidean.threed.Line.pointAt: found 1 problems
src/main/java/org/apache/commons/math3/geometry/euclidean/threed/Line.java: internal error: org.apache.commons.math3.geometry.euclidean.threed.Line.pointAt: not a struct type
	data: unsupported(org/apache/commons/math3/geometry/partitioning/Embedding)
src/main/java/org/apache/commons/math3/geometry/euclidean/threed/Line.java: org.apache.commons.math3.geometry.euclidean.threed.Line.isSimilarTo: computing test cases
src/main/java/org/apache/commons/math3/geometry/euclidean/threed/Line.java: org.apache.commons.math3.geometry.euclidean.threed.Line.isSimilarTo: computed 0 unit tests
src/main/java/org/apache/commons/math3/geometry/euclidean/threed/Line.java: org.apache.commons.math3.geometry.euclidean.threed.Line.isSimilarTo: found 1 problems
src/main/java/org/apache/commons/math3/geometry/euclidean/threed/Line.java: internal error: org.apache.commons.math3.geometry.euclidean.threed.Line.isSimilarTo: not a struct type
	data: unsupported(org/apache/commons/math3/geometry/partitioning/Embedding)
src/main/java/org/apache/commons/math3/geometry/euclidean/threed/Line.java: org.apache.commons.math3.geometry.euclidean.threed.Line.Line: computing test cases
src/main/java/org/apache/commons/math3/geometry/euclidean/threed/Line.java: org.apache.commons.math3.geometry.euclidean.threed.Line.Line: computed 0 unit tests
src/main/java/org/apache/commons/math3/geometry/euclidean/threed/Line.java: org.apache.commons.math3.geometry.euclidean.threed.Line.Line: found 1 problems
src/main/java/org/apache/commons/math3/geometry/euclidean/threed/Line.java: internal error: org.apache.commons.math3.geometry.euclidean.threed.Line.Line: not a struct type
	data: unsupported(org/apache/commons/math3/geometry/Vector)
src/main/java/org/apache/commons/math3/geometry/euclidean/threed/Line.java: org.apache.commons.math3.geometry.euclidean.threed.Line.intersection: computing test cases
src/main/java/org/apache/commons/math3/geometry/euclidean/threed/Line.java: org.apache.commons.math3.geometry.euclidean.threed.Line.intersection: computed 0 unit tests
src/main/java/org/apache/commons/math3/geometry/euclidean/threed/Line.java: org.apache.commons.math3.geometry.euclidean.threed.Line.intersection: found 1 problems
src/main/java/org/apache/commons/math3/geometry/euclidean/threed/Line.java: internal error: org.apache.commons.math3.geometry.euclidean.threed.Line.intersection: not a struct type
	data: unsupported(org/apache/commons/math3/geometry/partitioning/Embedding)
src/main/java/org/apache/commons/math3/geometry/euclidean/threed/Line.java: org.apache.commons.math3.geometry.euclidean.threed.Line.getAbscissa: computing test cases
src/main/java/org/apache/commons/math3/geometry/euclidean/threed/Line.java: org.apache.commons.math3.geometry.euclidean.threed.Line.getAbscissa: computed 0 unit tests
src/main/java/org/apache/commons/math3/geometry/euclidean/threed/Line.java: org.apache.commons.math3.geometry.euclidean.threed.Line.getAbscissa: found 1 problems
src/main/java/org/apache/commons/math3/geometry/euclidean/threed/Line.java: internal error: org.apache.commons.math3.geometry.euclidean.threed.Line.getAbscissa: not a struct type
	data: unsupported(org/apache/commons/math3/geometry/partitioning/Embedding)
src/main/java/org/apache/commons/math3/geometry/euclidean/threed/Line.java: org.apache.commons.math3.geometry.euclidean.threed.Line.distance: computing test cases
src/main/java/org/apache/commons/math3/geometry/euclidean/threed/Line.java: org.apache.commons.math3.geometry.euclidean.threed.Line.distance: computed 0 unit tests
src/main/java/org/apache/commons/math3/geometry/euclidean/threed/Line.java: org.apache.commons.math3.geometry.euclidean.threed.Line.distance: found 1 problems
src/main/java/org/apache/commons/math3/geometry/euclidean/threed/Line.java: internal error: org.apache.commons.math3.geometry.euclidean.threed.Line.distance: not a struct type
	data: unsupported(org/apache/commons/math3/geometry/partitioning/Embedding)
src/main/java/org/apache/commons/math3/geometry/euclidean/threed/Line.java: org.apache.commons.math3.geometry.euclidean.threed.Line.closestPoint: computing test cases
src/main/java/org/apache/commons/math3/geometry/euclidean/threed/Line.java: org.apache.commons.math3.geometry.euclidean.threed.Line.closestPoint: computed 0 unit tests
src/main/java/org/apache/commons/math3/geometry/euclidean/threed/Line.java: org.apache.commons.math3.geometry.euclidean.threed.Line.closestPoint: found 1 problems
src/main/java/org/apache/commons/math3/geometry/euclidean/threed/Line.java: internal error: org.apache.commons.math3.geometry.euclidean.threed.Line.closestPoint: not a struct type
	data: unsupported(org/apache/commons/math3/geometry/partitioning/Embedding)
src/main/java/org/apache/commons/math3/geometry/euclidean/threed/Line.java: org.apache.commons.math3.geometry.euclidean.threed.Line.getDirection: computing test cases
src/main/java/org/apache/commons/math3/geometry/euclidean/threed/Line.java: org.apache.commons.math3.geometry.euclidean.threed.Line.getDirection: computed 0 unit tests
src/main/java/org/apache/commons/math3/geometry/euclidean/threed/Line.java: org.apache.commons.math3.geometry.euclidean.threed.Line.getDirection: found 1 problems
src/main/java/org/apache/commons/math3/geometry/euclidean/threed/Line.java: internal error: org.apache.commons.math3.geometry.euclidean.threed.Line.getDirection: not a struct type
	data: unsupported(org/apache/commons/math3/geometry/partitioning/Embedding)
src/main/java/org/apache/commons/math3/geometry/euclidean/threed/Line.java: org.apache.commons.math3.geometry.euclidean.threed.Line.toSpace: computing test cases
src/main/java/org/apache/commons/math3/geometry/euclidean/threed/Line.java: org.apache.commons.math3.geometry.euclidean.threed.Line.toSpace: computed 0 unit tests
src/main/java/org/apache/commons/math3/geometry/euclidean/threed/Line.java: org.apache.commons.math3.geometry.euclidean.threed.Line.toSpace: found 1 problems
src/main/java/org/apache/commons/math3/geometry/euclidean/threed/Line.java: unsupported: org.apache.commons.math3.geometry.euclidean.threed.Line.toSpace: encountered an unsupported type
	data: unsupported(org/apache/commons/math3/geometry/Vector)
src/main/java/org/apache/commons/math3/geometry/euclidean/threed/Line.java: org.apache.commons.math3.geometry.euclidean.threed.Line.distance: computing test cases
src/main/java/org/apache/commons/math3/geometry/euclidean/threed/Line.java: org.apache.commons.math3.geometry.euclidean.threed.Line.distance: found 1 problems
src/main/java/org/apache/commons/math3/geometry/euclidean/threed/Line.java: unsupported: org.apache.commons.math3.geometry.euclidean.threed.Line.distance: unsupported AST node
	data: /(unsupported, n)
src/main/java/org/apache/commons/math3/geometry/euclidean/threed/Line.java: org.apache.commons.math3.geometry.euclidean.threed.Line.contains: computing test cases
src/main/java/org/apache/commons/math3/geometry/euclidean/threed/Line.java: org.apache.commons.math3.geometry.euclidean.threed.Line.contains: computed 0 unit tests
src/main/java/org/apache/commons/math3/geometry/euclidean/threed/Line.java: org.apache.commons.math3.geometry.euclidean.threed.Line.contains: found 1 problems
src/main/java/org/apache/commons/math3/geometry/euclidean/threed/Line.java: internal error: org.apache.commons.math3.geometry.euclidean.threed.Line.contains: not a struct type
	data: unsupported(org/apache/commons/math3/geometry/partitioning/Embedding)
src/main/java/org/apache/commons/math3/geometry/euclidean/threed/Line.java: org.apache.commons.math3.geometry.euclidean.threed.Line.Line: computing test cases
src/main/java/org/apache/commons/math3/geometry/euclidean/threed/Line.java: org.apache.commons.math3.geometry.euclidean.threed.Line.Line: computed 0 unit tests
src/main/java/org/apache/commons/math3/geometry/euclidean/threed/Line.java: org.apache.commons.math3.geometry.euclidean.threed.Line.Line: found 1 problems
src/main/java/org/apache/commons/math3/geometry/euclidean/threed/Line.java: internal error: org.apache.commons.math3.geometry.euclidean.threed.Line.Line: not a struct type
	data: unsupported(org/apache/commons/math3/geometry/partitioning/Embedding)
src/main/java/org/apache/commons/math3/geometry/euclidean/threed/Line.java: org.apache.commons.math3.geometry.euclidean.threed.Line.getOrigin: computing test cases
src/main/java/org/apache/commons/math3/geometry/euclidean/threed/Line.java: org.apache.commons.math3.geometry.euclidean.threed.Line.getOrigin: computed 0 unit tests
src/main/java/org/apache/commons/math3/geometry/euclidean/threed/Line.java: org.apache.commons.math3.geometry.euclidean.threed.Line.getOrigin: found 1 problems
src/main/java/org/apache/commons/math3/geometry/euclidean/threed/Line.java: internal error: org.apache.commons.math3.geometry.euclidean.threed.Line.getOrigin: not a struct type
	data: unsupported(org/apache/commons/math3/geometry/partitioning/Embedding)
Analyzed 1 out of 15 source files
Had 6 errors that block a full analysis
Generated 0 tests
Found 0 potential problems
The following issues prevent a full analysis:

* 103 cases of "unknown import"
	Description: Imports could not be resolved. This is likely due to missing dependencies.

* 32 cases of "unknown function"
	Description: Functions could not be resolved. This occurs due to missing dependencies,
  or if a called function is removed due to some other problem.

* 6 cases of "unknown type"
	Description: Types could not be resolved. This could be because of missing dependencies
  or a consequence of some other problem.

* 18 cases of "other issues"
	Description: Uncategorized problems.

