Analyzing workspace /home/ph7/sqa-project/workspaces/math_5b/
Search for Go files
Found 0 Go files
Search for Java files
Load dependency stdlib:@dev
src/main/java/org/apache/commons/math3/complex/ComplexField.java: org.apache.commons.math3.complex.ComplexField.ComplexField: function is private and therefore inaccessible for tests
src/main/java/org/apache/commons/math3/complex/ComplexField.java: org.apache.commons.math3.complex.ComplexField.readResolve: function is private and therefore inaccessible for tests
src/main/java/org/apache/commons/math3/complex/ComplexFormat.java: org.apache.commons.math3.complex.ComplexFormat.formatImaginary: function is private and therefore inaccessible for tests
src/main/java/org/apache/commons/math3/complex/ComplexUtils.java: org.apache.commons.math3.complex.ComplexUtils.ComplexUtils: function is private and therefore inaccessible for tests
src/main/java/org/apache/commons/math3/complex/Complex.java: error: unknown import
	data: org/apache/commons/math3/util/MathUtils
src/main/java/org/apache/commons/math3/complex/Complex.java: error: unknown function
	data: [struct(java/lang/String, [], [pointer(reference(java/lang/Object))], [reference(java/lang/CharSequence)]) java/lang/String//internalConcat [] [select(this, real)]]
src/main/java/org/apache/commons/math3/complex/Complex.java: error: unknown import
	data: org/apache/commons/math3/FieldElement
src/main/java/org/apache/commons/math3/complex/Complex.java: error: unknown import
	data: org/apache/commons/math3/exception/NotPositiveException
src/main/java/org/apache/commons/math3/complex/Complex.java: error: unknown import
	data: org/apache/commons/math3/exception/NullArgumentException
src/main/java/org/apache/commons/math3/complex/Complex.java: error: unknown import
	data: org/apache/commons/math3/exception/util/LocalizedFormats
src/main/java/org/apache/commons/math3/complex/Complex.java: error: unknown import
	data: org/apache/commons/math3/util/FastMath
src/main/java/org/apache/commons/math3/complex/ComplexField.java: error: unknown import
	data: org/apache/commons/math3/Field
src/main/java/org/apache/commons/math3/complex/ComplexField.java: error: unknown import
	data: org/apache/commons/math3/FieldElement
src/main/java/org/apache/commons/math3/complex/ComplexFormat.java: error: unknown import
	data: java/text/NumberFormat
src/main/java/org/apache/commons/math3/complex/ComplexFormat.java: error: unknown import
	data: org/apache/commons/math3/exception/util/LocalizedFormats
src/main/java/org/apache/commons/math3/complex/ComplexFormat.java: error: unknown function
	data: [struct(java/lang/Number, [], [pointer(reference(java/lang/Object))], [reference(java/io/Serializable)]) java/lang/Number//doubleValue [] []]
src/main/java/org/apache/commons/math3/complex/ComplexFormat.java: error: unknown function
	data: [pointer(reference(java/lang/StringBuffer)) java/lang/StringBuffer//append [] [imAppendTo]]
src/main/java/org/apache/commons/math3/complex/ComplexFormat.java: error: unknown function
	data: [pointer(reference(java/lang/StringBuffer)) java/lang/StringBuffer//append [] [call(select(this, getImaginaryCharacter!d41d8cd98f00b204e9800998ecf8427e), [])]]
src/main/java/org/apache/commons/math3/complex/ComplexFormat.java: error: unknown function
	data: [pointer(reference(java/lang/StringBuffer)) java/lang/StringBuffer//setLength [] [0]]
src/main/java/org/apache/commons/math3/complex/ComplexFormat.java: internal error: not all elements have the same type
	data: primitive(char, 16, true) vs primitive(int, 32, false)
src/main/java/org/apache/commons/math3/complex/ComplexFormat.java: error: unknown import
	data: java/text/FieldPosition
src/main/java/org/apache/commons/math3/complex/ComplexFormat.java: error: unknown import
	data: org/apache/commons/math3/exception/NullArgumentException
src/main/java/org/apache/commons/math3/complex/ComplexFormat.java: error: unknown function
	data: [pointer(reference(java/lang/StringBuffer)) java/lang/StringBuffer//append [] [imAppendTo]]
src/main/java/org/apache/commons/math3/complex/ComplexFormat.java: error: unknown function
	data: [pointer(reference(java/lang/StringBuffer)) java/lang/StringBuffer//append [] [call(select(this, getImaginaryCharacter!d41d8cd98f00b204e9800998ecf8427e), [])]]
src/main/java/org/apache/commons/math3/complex/ComplexFormat.java: error: unknown function
	data: [pointer(reference(java/lang/StringBuffer)) java/lang/StringBuffer//append [] [" + "]]
src/main/java/org/apache/commons/math3/complex/ComplexFormat.java: error: unknown import
	data: java/text/ParsePosition
src/main/java/org/apache/commons/math3/complex/ComplexFormat.java: error: unknown import
	data: java/util/Locale
src/main/java/org/apache/commons/math3/complex/ComplexFormat.java: error: unknown import
	data: org/apache/commons/math3/exception/MathIllegalArgumentException
src/main/java/org/apache/commons/math3/complex/ComplexFormat.java: error: unknown import
	data: org/apache/commons/math3/exception/MathParseException
src/main/java/org/apache/commons/math3/complex/ComplexFormat.java: error: unknown import
	data: org/apache/commons/math3/exception/NoDataException
src/main/java/org/apache/commons/math3/complex/ComplexFormat.java: error: unknown import
	data: org/apache/commons/math3/util/CompositeFormat
src/main/java/org/apache/commons/math3/complex/ComplexFormat.java: error: unknown function
	data: [pointer(reference(java/lang/StringBuffer)) java/lang/StringBuffer//append [] [" - "]]
src/main/java/org/apache/commons/math3/complex/ComplexFormat.java: error: unknown function
	data: [pointer(reference(java/lang/Number)) java/lang/Number//doubleValue [] []]
src/main/java/org/apache/commons/math3/complex/ComplexUtils.java: error: unknown import
	data: org/apache/commons/math3/exception/MathIllegalArgumentException
src/main/java/org/apache/commons/math3/complex/ComplexUtils.java: error: unknown import
	data: org/apache/commons/math3/exception/util/LocalizedFormats
src/main/java/org/apache/commons/math3/complex/ComplexUtils.java: error: unknown import
	data: org/apache/commons/math3/util/FastMath
src/main/java/org/apache/commons/math3/complex/Quaternion.java: error: unknown import
	data: org/apache/commons/math3/exception/DimensionMismatchException
src/main/java/org/apache/commons/math3/complex/Quaternion.java: error: unknown import
	data: org/apache/commons/math3/exception/ZeroException
src/main/java/org/apache/commons/math3/complex/Quaternion.java: error: unknown import
	data: org/apache/commons/math3/exception/util/LocalizedFormats
src/main/java/org/apache/commons/math3/complex/Quaternion.java: error: unknown import
	data: org/apache/commons/math3/util/FastMath
src/main/java/org/apache/commons/math3/complex/Quaternion.java: error: unknown import
	data: org/apache/commons/math3/util/MathUtils
src/main/java/org/apache/commons/math3/complex/Quaternion.java: error: unknown import
	data: org/apache/commons/math3/util/Precision
src/main/java/org/apache/commons/math3/complex/RootsOfUnity.java: error: unknown import
	data: org/apache/commons/math3/exception/util/LocalizedFormats
src/main/java/org/apache/commons/math3/complex/RootsOfUnity.java: error: unknown import
	data: org/apache/commons/math3/util/FastMath
src/main/java/org/apache/commons/math3/complex/RootsOfUnity.java: error: unknown import
	data: org/apache/commons/math3/exception/MathIllegalArgumentException
src/main/java/org/apache/commons/math3/complex/RootsOfUnity.java: error: unknown import
	data: org/apache/commons/math3/exception/MathIllegalStateException
src/main/java/org/apache/commons/math3/complex/RootsOfUnity.java: error: unknown import
	data: org/apache/commons/math3/exception/OutOfRangeException
src/main/java/org/apache/commons/math3/complex/RootsOfUnity.java: error: unknown import
	data: org/apache/commons/math3/exception/ZeroException
Found 7 Java files
Found 44 problems in Java files
src/main/java/org/apache/commons/math3/complex/package-info.java: found 0 symbols
src/main/java/org/apache/commons/math3/complex/Complex.java: found 44 symbols
src/main/java/org/apache/commons/math3/complex/ComplexField.java: found 4 symbols
src/main/java/org/apache/commons/math3/complex/ComplexFormat.java: found 19 symbols
src/main/java/org/apache/commons/math3/complex/ComplexUtils.java: found 2 symbols
src/main/java/org/apache/commons/math3/complex/Quaternion.java: found 29 symbols
src/main/java/org/apache/commons/math3/complex/RootsOfUnity.java: found 6 symbols
src/main/java/org/apache/commons/math3/complex/Quaternion.java: org.apache.commons.math3.complex.Quaternion.add: computing test cases
src/main/java/org/apache/commons/math3/complex/Quaternion.java: org.apache.commons.math3.complex.Quaternion.add: computed 2 unit tests
src/main/java/org/apache/commons/math3/complex/Quaternion.java: org.apache.commons.math3.complex.Quaternion.add: found 1 problems
src/main/java/org/apache/commons/math3/complex/Quaternion.java:166:44: critical: org.apache.commons.math3.complex.Quaternion.add: uncaught java.lang.NullPointerException
src/main/java/org/apache/commons/math3/complex/Quaternion.java: org.apache.commons.math3.complex.Quaternion.getScalarPart: computing test cases
src/main/java/org/apache/commons/math3/complex/Quaternion.java: org.apache.commons.math3.complex.Quaternion.getScalarPart: computed 1 unit tests
src/main/java/org/apache/commons/math3/complex/Quaternion.java: org.apache.commons.math3.complex.Quaternion.getScalarPart: found 0 problems
src/main/java/org/apache/commons/math3/complex/Quaternion.java: org.apache.commons.math3.complex.Quaternion.getInverse: computing test cases
src/main/java/org/apache/commons/math3/complex/Quaternion.java: org.apache.commons.math3.complex.Quaternion.getInverse: computed 0 unit tests
src/main/java/org/apache/commons/math3/complex/Quaternion.java: org.apache.commons.math3.complex.Quaternion.getInverse: found 0 problems
src/main/java/org/apache/commons/math3/complex/Quaternion.java: org.apache.commons.math3.complex.Quaternion.subtract: computing test cases
src/main/java/org/apache/commons/math3/complex/Quaternion.java: org.apache.commons.math3.complex.Quaternion.subtract: computed 2 unit tests
src/main/java/org/apache/commons/math3/complex/Quaternion.java: org.apache.commons.math3.complex.Quaternion.subtract: found 1 problems
src/main/java/org/apache/commons/math3/complex/Quaternion.java:191:44: critical: org.apache.commons.math3.complex.Quaternion.subtract: uncaught java.lang.NullPointerException
src/main/java/org/apache/commons/math3/complex/Quaternion.java: org.apache.commons.math3.complex.Quaternion.Quaternion: computing test cases
src/main/java/org/apache/commons/math3/complex/Quaternion.java: org.apache.commons.math3.complex.Quaternion.Quaternion: computed 1 unit tests
src/main/java/org/apache/commons/math3/complex/Quaternion.java: org.apache.commons.math3.complex.Quaternion.Quaternion: found 0 problems
src/main/java/org/apache/commons/math3/complex/Quaternion.java: org.apache.commons.math3.complex.Quaternion.multiply: computing test cases
src/main/java/org/apache/commons/math3/complex/Quaternion.java: org.apache.commons.math3.complex.Quaternion.multiply: computed 2 unit tests
src/main/java/org/apache/commons/math3/complex/Quaternion.java: org.apache.commons.math3.complex.Quaternion.multiply: found 3 problems
src/main/java/org/apache/commons/math3/complex/Quaternion.java: info: org.apache.commons.math3.complex.Quaternion.multiply: solver timed out
	data: ExecutionResult{ExitStatus:-1, ResourceUsage{WallTime:10.010504869s, CPUTimeUser:9.762981s, CPUTimeSystem:167.639ms, MemoryUsage:285924}}
src/main/java/org/apache/commons/math3/complex/Quaternion.java:127:28: critical: org.apache.commons.math3.complex.Quaternion.multiply: uncaught java.lang.NullPointerException
src/main/java/org/apache/commons/math3/complex/Quaternion.java:133:28: critical: org.apache.commons.math3.complex.Quaternion.multiply: uncaught java.lang.NullPointerException
src/main/java/org/apache/commons/math3/complex/Quaternion.java: org.apache.commons.math3.complex.Quaternion.equals: computing test cases
src/main/java/org/apache/commons/math3/complex/Quaternion.java: org.apache.commons.math3.complex.Quaternion.equals: computed 6 unit tests
src/main/java/org/apache/commons/math3/complex/Quaternion.java: org.apache.commons.math3.complex.Quaternion.equals: found 1 problems
src/main/java/org/apache/commons/math3/complex/Quaternion.java: internal error: org.apache.commons.math3.complex.Quaternion.equals: test generation inferred invalid test because it is a duplicate
	data: &{0 0 <nil> {&(composite(reference(org/apache/commons/math3/complex/Quaternion), [fieldvalue(@java/lang/Object, &(composite(reference(java/lang/Object), []))), fieldvalue(q0, 0.000000000000000000000000000000000000000000000000000000000000000000000000000000000000000000000000000000000000000000000000000000000000000000000000000000000000000000000000000000000000000000000000000000000000000000000000000000000000000000000000000000000000000000000000000000000000000000000000000000000000000000000000000000000005), fieldvalue(q1, 0.000000000000000000000000000000000000000000000000000000000000000000000000000000000000000000000000000000000000000000000000000000000000000000000000000000000000000000000000000000000000000000000000000000000000000000000000000000000000000000000000000000000000000000000000000000000000000000000000000000000000000000000000000000000005), fieldvalue(q2, 0.000000000000000000000000000000000000000000000000000000000000000000000000000000000000000000000000000000000000000000000000000000000000000000000000000000000000000000000000000000000000000000000000000000000000000000000000000000000000000000000000000000000000000000000000000000000000000000000000000000000000000000000000000000000005), fieldvalue(q3, 0.000000000000000000000000000000000000000000000000000000000000000000000000000000000000000000000000000000000000000000000000000000000000000000000000000000000000000000000000000000000000000000000000000000000000000000000000000000000000000000000000000000000000000000000000000000000000000000000000000000000000000000000000000000000005)])) [] [&(composite(reference(org/apache/commons/math3/complex/Quaternion), [fieldvalue(@java/lang/Object, &(composite(reference(java/lang/Object), []))), fieldvalue(q0, 0.000000000000000000000000000000000000000000000000000000000000000000000000000000000000000000000000000000000000000000000000000000000000000000000000000000000000000000000000000000000000000000000000000000000000000000000000000000000000000000000000000000000000000000000000000000000000000000000000000000000000000000000000000000000005), fieldvalue(q1, 0.000000000000000000000000000000000000000000000000000000000000000000000000000000000000000000000000000000000000000000000000000000000000000000000000000000000000000000000000000000000000000000000000000000000000000000000000000000000000000000000000000000000000000000000000000000000000000000000000000000000000000000000000000000000005), fieldvalue(q2, 0.000000000000000000000000000000000000000000000000000000000000000000000000000000000000000000000000000000000000000000000000000000000000000000000000000000000000000000000000000000000000000000000000000000000000000000000000000000000000000000000000000000000000000000000000000000000000000000000000000000000000000000000000000000000005), fieldvalue(q3, 0.000000000000000000000000000000000000000000000000000000000000000000000000000000000000000000000000000000000000000000000000000000000000000000000000000000000000000000000000000000000000000000000000000000000000000000000000000000000000000000000000000000000000000000000000000000000000000000000000000000000000000000000000000000000005)]))] [] map[] map[]} 0xc0000e5380 0 map[projectTestIsNondeterministic:false]}
src/main/java/org/apache/commons/math3/complex/Quaternion.java: org.apache.commons.math3.complex.Quaternion.hashCode: computing test cases
src/main/java/org/apache/commons/math3/complex/Quaternion.java: org.apache.commons.math3.complex.Quaternion.hashCode: computed 0 unit tests
src/main/java/org/apache/commons/math3/complex/Quaternion.java: org.apache.commons.math3.complex.Quaternion.hashCode: found 0 problems
src/main/java/org/apache/commons/math3/complex/Quaternion.java: org.apache.commons.math3.complex.Quaternion.multiply: computing test cases
src/main/java/org/apache/commons/math3/complex/Quaternion.java: org.apache.commons.math3.complex.Quaternion.multiply: computed 1 unit tests
src/main/java/org/apache/commons/math3/complex/Quaternion.java: org.apache.commons.math3.complex.Quaternion.multiply: found 2 problems
src/main/java/org/apache/commons/math3/complex/Quaternion.java: info: org.apache.commons.math3.complex.Quaternion.multiply: solver timed out
	data: ExecutionResult{ExitStatus:-1, ResourceUsage{WallTime:10.005946693s, CPUTimeUser:9.866161s, CPUTimeSystem:135.974ms, MemoryUsage:285912}}
src/main/java/org/apache/commons/math3/complex/Quaternion.java:133:28: critical: org.apache.commons.math3.complex.Quaternion.multiply: uncaught java.lang.NullPointerException
src/main/java/org/apache/commons/math3/complex/Quaternion.java: org.apache.commons.math3.complex.Quaternion.getNorm: computing test cases
src/main/java/org/apache/commons/math3/complex/Quaternion.java: org.apache.commons.math3.complex.Quaternion.getNorm: computed 0 unit tests
src/main/java/org/apache/commons/math3/complex/Quaternion.java: org.apache.commons.math3.complex.Quaternion.getNorm: found 0 problems
src/main/java/org/apache/commons/math3/complex/Quaternion.java: org.apache.commons.math3.complex.Quaternion.dotProduct: computing test cases
src/main/java/org/apache/commons/math3/complex/Quaternion.java: org.apache.commons.math3.complex.Quaternion.dotProduct: computed 3 unit tests
src/main/java/org/apache/commons/math3/complex/Quaternion.java: org.apache.commons.math3.complex.Quaternion.dotProduct: found 2 problems
src/main/java/org/apache/commons/math3/complex/Quaternion.java:216:16: critical: org.apache.commons.math3.complex.Quaternion.dotProduct: uncaught java.lang.NullPointerException
src/main/java/org/apache/commons/math3/complex/Quaternion.java:216:29: critical: org.apache.commons.math3.complex.Quaternion.dotProduct: uncaught java.lang.NullPointerException
src/main/java/org/apache/commons/math3/complex/Quaternion.java: org.apache.commons.math3.complex.Quaternion.equals: computing test cases
src/main/java/org/apache/commons/math3/complex/Quaternion.java: org.apache.commons.math3.complex.Quaternion.equals: computed 0 unit tests
src/main/java/org/apache/commons/math3/complex/Quaternion.java: org.apache.commons.math3.complex.Quaternion.equals: found 0 problems
src/main/java/org/apache/commons/math3/complex/Quaternion.java: org.apache.commons.math3.complex.Quaternion.getQ2: computing test cases
src/main/java/org/apache/commons/math3/complex/Quaternion.java: org.apache.commons.math3.complex.Quaternion.getQ2: computed 1 unit tests
src/main/java/org/apache/commons/math3/complex/Quaternion.java: org.apache.commons.math3.complex.Quaternion.getQ2: found 0 problems
src/main/java/org/apache/commons/math3/complex/Quaternion.java: org.apache.commons.math3.complex.Quaternion.dotProduct: computing test cases
src/main/java/org/apache/commons/math3/complex/Quaternion.java: org.apache.commons.math3.complex.Quaternion.dotProduct: computed 2 unit tests
src/main/java/org/apache/commons/math3/complex/Quaternion.java: org.apache.commons.math3.complex.Quaternion.dotProduct: found 1 problems
src/main/java/org/apache/commons/math3/complex/Quaternion.java:216:29: critical: org.apache.commons.math3.complex.Quaternion.dotProduct: uncaught java.lang.NullPointerException
src/main/java/org/apache/commons/math3/complex/Quaternion.java: org.apache.commons.math3.complex.Quaternion.normalize: computing test cases
src/main/java/org/apache/commons/math3/complex/Quaternion.java: org.apache.commons.math3.complex.Quaternion.normalize: computed 0 unit tests
src/main/java/org/apache/commons/math3/complex/Quaternion.java: org.apache.commons.math3.complex.Quaternion.normalize: found 0 problems
src/main/java/org/apache/commons/math3/complex/Quaternion.java: org.apache.commons.math3.complex.Quaternion.toString: computing test cases
src/main/java/org/apache/commons/math3/complex/Quaternion.java: org.apache.commons.math3.complex.Quaternion.toString: computed 0 unit tests
src/main/java/org/apache/commons/math3/complex/Quaternion.java: org.apache.commons.math3.complex.Quaternion.toString: found 1 problems
src/main/java/org/apache/commons/math3/complex/Quaternion.java: info: org.apache.commons.math3.complex.Quaternion.toString: solver timed out
	data: ExecutionResult{ExitStatus:-1, ResourceUsage{WallTime:10.002491464s, CPUTimeUser:9.898315s, CPUTimeSystem:11.983ms, MemoryUsage:60968}}
src/main/java/org/apache/commons/math3/complex/Quaternion.java: org.apache.commons.math3.complex.Quaternion.isPureQuaternion: computing test cases
src/main/java/org/apache/commons/math3/complex/Quaternion.java: org.apache.commons.math3.complex.Quaternion.isPureQuaternion: computed 0 unit tests
src/main/java/org/apache/commons/math3/complex/Quaternion.java: org.apache.commons.math3.complex.Quaternion.isPureQuaternion: found 0 problems
src/main/java/org/apache/commons/math3/complex/Quaternion.java: org.apache.commons.math3.complex.Quaternion.getQ1: computing test cases
src/main/java/org/apache/commons/math3/complex/Quaternion.java: org.apache.commons.math3.complex.Quaternion.getQ1: computed 1 unit tests
src/main/java/org/apache/commons/math3/complex/Quaternion.java: org.apache.commons.math3.complex.Quaternion.getQ1: found 0 problems
src/main/java/org/apache/commons/math3/complex/Quaternion.java: org.apache.commons.math3.complex.Quaternion.multiply: computing test cases
src/main/java/org/apache/commons/math3/complex/Quaternion.java: org.apache.commons.math3.complex.Quaternion.multiply: computed 0 unit tests
src/main/java/org/apache/commons/math3/complex/Quaternion.java: org.apache.commons.math3.complex.Quaternion.multiply: found 1 problems
src/main/java/org/apache/commons/math3/complex/Quaternion.java: info: org.apache.commons.math3.complex.Quaternion.multiply: solver timed out
	data: ExecutionResult{ExitStatus:-1, ResourceUsage{WallTime:10.00352929s, CPUTimeUser:9.889212s, CPUTimeSystem:39.94ms, MemoryUsage:100880}}
src/main/java/org/apache/commons/math3/complex/Quaternion.java: org.apache.commons.math3.complex.Quaternion.Quaternion: computing test cases
src/main/java/org/apache/commons/math3/complex/Quaternion.java: org.apache.commons.math3.complex.Quaternion.Quaternion: computed 2 unit tests
src/main/java/org/apache/commons/math3/complex/Quaternion.java: org.apache.commons.math3.complex.Quaternion.Quaternion: found 1 problems
src/main/java/org/apache/commons/math3/complex/Quaternion.java:90:13: critical: org.apache.commons.math3.complex.Quaternion.Quaternion: uncaught java.lang.NullPointerException
src/main/java/org/apache/commons/math3/complex/Quaternion.java: org.apache.commons.math3.complex.Quaternion.getQ3: computing test cases
src/main/java/org/apache/commons/math3/complex/Quaternion.java: org.apache.commons.math3.complex.Quaternion.getQ3: computed 1 unit tests
src/main/java/org/apache/commons/math3/complex/Quaternion.java: org.apache.commons.math3.complex.Quaternion.getQ3: found 0 problems
src/main/java/org/apache/commons/math3/complex/Quaternion.java: org.apache.commons.math3.complex.Quaternion.getConjugate: computing test cases
src/main/java/org/apache/commons/math3/complex/Quaternion.java: org.apache.commons.math3.complex.Quaternion.getConjugate: computed 1 unit tests
src/main/java/org/apache/commons/math3/complex/Quaternion.java: org.apache.commons.math3.complex.Quaternion.getConjugate: found 0 problems
src/main/java/org/apache/commons/math3/complex/Quaternion.java: org.apache.commons.math3.complex.Quaternion.getPositivePolarForm: computing test cases
src/main/java/org/apache/commons/math3/complex/Quaternion.java: org.apache.commons.math3.complex.Quaternion.getPositivePolarForm: computed 0 unit tests
src/main/java/org/apache/commons/math3/complex/Quaternion.java: org.apache.commons.math3.complex.Quaternion.getPositivePolarForm: found 0 problems
src/main/java/org/apache/commons/math3/complex/Quaternion.java: org.apache.commons.math3.complex.Quaternion.getQ0: computing test cases
src/main/java/org/apache/commons/math3/complex/Quaternion.java: org.apache.commons.math3.complex.Quaternion.getQ0: computed 1 unit tests
src/main/java/org/apache/commons/math3/complex/Quaternion.java: org.apache.commons.math3.complex.Quaternion.getQ0: found 0 problems
src/main/java/org/apache/commons/math3/complex/Quaternion.java: org.apache.commons.math3.complex.Quaternion.getVectorPart: computing test cases
src/main/java/org/apache/commons/math3/complex/Quaternion.java: org.apache.commons.math3.complex.Quaternion.getVectorPart: computed 1 unit tests
src/main/java/org/apache/commons/math3/complex/Quaternion.java: org.apache.commons.math3.complex.Quaternion.getVectorPart: found 0 problems
src/main/java/org/apache/commons/math3/complex/Quaternion.java: org.apache.commons.math3.complex.Quaternion.add: computing test cases
src/main/java/org/apache/commons/math3/complex/Quaternion.java: org.apache.commons.math3.complex.Quaternion.add: computed 3 unit tests
src/main/java/org/apache/commons/math3/complex/Quaternion.java: org.apache.commons.math3.complex.Quaternion.add: found 2 problems
src/main/java/org/apache/commons/math3/complex/Quaternion.java:166:31: critical: org.apache.commons.math3.complex.Quaternion.add: uncaught java.lang.NullPointerException
src/main/java/org/apache/commons/math3/complex/Quaternion.java:166:44: critical: org.apache.commons.math3.complex.Quaternion.add: uncaught java.lang.NullPointerException
src/main/java/org/apache/commons/math3/complex/Quaternion.java: org.apache.commons.math3.complex.Quaternion.isUnitQuaternion: computing test cases
src/main/java/org/apache/commons/math3/complex/Quaternion.java: org.apache.commons.math3.complex.Quaternion.isUnitQuaternion: computed 0 unit tests
src/main/java/org/apache/commons/math3/complex/Quaternion.java: org.apache.commons.math3.complex.Quaternion.isUnitQuaternion: found 0 problems
src/main/java/org/apache/commons/math3/complex/Quaternion.java: org.apache.commons.math3.complex.Quaternion.Quaternion: computing test cases
src/main/java/org/apache/commons/math3/complex/Quaternion.java: org.apache.commons.math3.complex.Quaternion.Quaternion: computed 2 unit tests
src/main/java/org/apache/commons/math3/complex/Quaternion.java: org.apache.commons.math3.complex.Quaternion.Quaternion: found 1 problems
src/main/java/org/apache/commons/math3/complex/Quaternion.java:90:13: critical: org.apache.commons.math3.complex.Quaternion.Quaternion: uncaught java.lang.NullPointerException
src/main/java/org/apache/commons/math3/complex/Quaternion.java: org.apache.commons.math3.complex.Quaternion.subtract: computing test cases
src/main/java/org/apache/commons/math3/complex/Quaternion.java: org.apache.commons.math3.complex.Quaternion.subtract: computed 3 unit tests
src/main/java/org/apache/commons/math3/complex/Quaternion.java: org.apache.commons.math3.complex.Quaternion.subtract: found 2 problems
src/main/java/org/apache/commons/math3/complex/Quaternion.java:191:31: critical: org.apache.commons.math3.complex.Quaternion.subtract: uncaught java.lang.NullPointerException
src/main/java/org/apache/commons/math3/complex/Quaternion.java:191:44: critical: org.apache.commons.math3.complex.Quaternion.subtract: uncaught java.lang.NullPointerException
src/main/java/org/apache/commons/math3/complex/RootsOfUnity.java: org.apache.commons.math3.complex.RootsOfUnity.getReal: computing test cases
src/main/java/org/apache/commons/math3/complex/RootsOfUnity.java: org.apache.commons.math3.complex.RootsOfUnity.getReal: computed 3 unit tests
src/main/java/org/apache/commons/math3/complex/RootsOfUnity.java: org.apache.commons.math3.complex.RootsOfUnity.getReal: found 2 problems
src/main/java/org/apache/commons/math3/complex/RootsOfUnity.java:177:16: critical: org.apache.commons.math3.complex.RootsOfUnity.getReal: uncaught ArrayIndexOutOfBoundsException
src/main/java/org/apache/commons/math3/complex/RootsOfUnity.java:177:16: critical: org.apache.commons.math3.complex.RootsOfUnity.getReal: uncaught java.lang.NullPointerException
src/main/java/org/apache/commons/math3/complex/RootsOfUnity.java: org.apache.commons.math3.complex.RootsOfUnity.RootsOfUnity: computing test cases
src/main/java/org/apache/commons/math3/complex/RootsOfUnity.java: org.apache.commons.math3.complex.RootsOfUnity.RootsOfUnity: computed 1 unit tests
src/main/java/org/apache/commons/math3/complex/RootsOfUnity.java: org.apache.commons.math3.complex.RootsOfUnity.RootsOfUnity: found 0 problems
src/main/java/org/apache/commons/math3/complex/RootsOfUnity.java: org.apache.commons.math3.complex.RootsOfUnity.computeRoots: computing test cases
src/main/java/org/apache/commons/math3/complex/RootsOfUnity.java: org.apache.commons.math3.complex.RootsOfUnity.computeRoots: found 1 problems
src/main/java/org/apache/commons/math3/complex/RootsOfUnity.java: unsupported: org.apache.commons.math3.complex.RootsOfUnity.computeRoots: unsupported AST node
	data: /(*(2.0, unsupported), absN)
src/main/java/org/apache/commons/math3/complex/RootsOfUnity.java: org.apache.commons.math3.complex.RootsOfUnity.getImaginary: computing test cases
src/main/java/org/apache/commons/math3/complex/RootsOfUnity.java: org.apache.commons.math3.complex.RootsOfUnity.getImaginary: computed 6 unit tests
src/main/java/org/apache/commons/math3/complex/RootsOfUnity.java: org.apache.commons.math3.complex.RootsOfUnity.getImaginary: found 4 problems
src/main/java/org/apache/commons/math3/complex/RootsOfUnity.java:205:13: critical: org.apache.commons.math3.complex.RootsOfUnity.getImaginary: uncaught ArrayIndexOutOfBoundsException
src/main/java/org/apache/commons/math3/complex/RootsOfUnity.java:204:37: critical: org.apache.commons.math3.complex.RootsOfUnity.getImaginary: uncaught ArrayIndexOutOfBoundsException
src/main/java/org/apache/commons/math3/complex/RootsOfUnity.java:205:13: critical: org.apache.commons.math3.complex.RootsOfUnity.getImaginary: uncaught java.lang.NullPointerException
src/main/java/org/apache/commons/math3/complex/RootsOfUnity.java:204:37: critical: org.apache.commons.math3.complex.RootsOfUnity.getImaginary: uncaught java.lang.NullPointerException
src/main/java/org/apache/commons/math3/complex/RootsOfUnity.java: org.apache.commons.math3.complex.RootsOfUnity.getNumberOfRoots: computing test cases
src/main/java/org/apache/commons/math3/complex/RootsOfUnity.java: org.apache.commons.math3.complex.RootsOfUnity.getNumberOfRoots: computed 1 unit tests
src/main/java/org/apache/commons/math3/complex/RootsOfUnity.java: org.apache.commons.math3.complex.RootsOfUnity.getNumberOfRoots: found 0 problems
src/main/java/org/apache/commons/math3/complex/RootsOfUnity.java: org.apache.commons.math3.complex.RootsOfUnity.isCounterClockWise: computing test cases
src/main/java/org/apache/commons/math3/complex/RootsOfUnity.java: org.apache.commons.math3.complex.RootsOfUnity.isCounterClockWise: computed 1 unit tests
src/main/java/org/apache/commons/math3/complex/RootsOfUnity.java: org.apache.commons.math3.complex.RootsOfUnity.isCounterClockWise: found 0 problems
src/main/java/org/apache/commons/math3/complex/Complex.java: org.apache.commons.math3.complex.Complex.divide: computing test cases
src/main/java/org/apache/commons/math3/complex/Complex.java: org.apache.commons.math3.complex.Complex.divide: computed 0 unit tests
src/main/java/org/apache/commons/math3/complex/Complex.java: org.apache.commons.math3.complex.Complex.divide: found 1 problems
src/main/java/org/apache/commons/math3/complex/Complex.java: internal error: org.apache.commons.math3.complex.Complex.divide: not a struct type
	data: unsupported(org/apache/commons/math3/FieldElement)
src/main/java/org/apache/commons/math3/complex/Complex.java: org.apache.commons.math3.complex.Complex.getArgument: computing test cases
src/main/java/org/apache/commons/math3/complex/Complex.java: org.apache.commons.math3.complex.Complex.getArgument: computed 0 unit tests
src/main/java/org/apache/commons/math3/complex/Complex.java: org.apache.commons.math3.complex.Complex.getArgument: found 1 problems
src/main/java/org/apache/commons/math3/complex/Complex.java: internal error: org.apache.commons.math3.complex.Complex.getArgument: not a struct type
	data: unsupported(org/apache/commons/math3/FieldElement)
src/main/java/org/apache/commons/math3/complex/Complex.java: org.apache.commons.math3.complex.Complex.tan: computing test cases
src/main/java/org/apache/commons/math3/complex/Complex.java: org.apache.commons.math3.complex.Complex.tan: computed 0 unit tests
src/main/java/org/apache/commons/math3/complex/Complex.java: org.apache.commons.math3.complex.Complex.tan: found 1 problems
src/main/java/org/apache/commons/math3/complex/Complex.java: internal error: org.apache.commons.math3.complex.Complex.tan: not a struct type
	data: unsupported(org/apache/commons/math3/FieldElement)
src/main/java/org/apache/commons/math3/complex/Complex.java: org.apache.commons.math3.complex.Complex.acos: computing test cases
src/main/java/org/apache/commons/math3/complex/Complex.java: org.apache.commons.math3.complex.Complex.acos: computed 0 unit tests
src/main/java/org/apache/commons/math3/complex/Complex.java: org.apache.commons.math3.complex.Complex.acos: found 1 problems
src/main/java/org/apache/commons/math3/complex/Complex.java: internal error: org.apache.commons.math3.complex.Complex.acos: not a struct type
	data: unsupported(org/apache/commons/math3/FieldElement)
src/main/java/org/apache/commons/math3/complex/Complex.java: org.apache.commons.math3.complex.Complex.atan: computing test cases
src/main/java/org/apache/commons/math3/complex/Complex.java: org.apache.commons.math3.complex.Complex.atan: computed 0 unit tests
src/main/java/org/apache/commons/math3/complex/Complex.java: org.apache.commons.math3.complex.Complex.atan: found 1 problems
src/main/java/org/apache/commons/math3/complex/Complex.java: internal error: org.apache.commons.math3.complex.Complex.atan: not a struct type
	data: unsupported(org/apache/commons/math3/FieldElement)
src/main/java/org/apache/commons/math3/complex/Complex.java: org.apache.commons.math3.complex.Complex.abs: computing test cases
src/main/java/org/apache/commons/math3/complex/Complex.java: org.apache.commons.math3.complex.Complex.abs: computed 0 unit tests
src/main/java/org/apache/commons/math3/complex/Complex.java: org.apache.commons.math3.complex.Complex.abs: found 1 problems
src/main/java/org/apache/commons/math3/complex/Complex.java: internal error: org.apache.commons.math3.complex.Complex.abs: not a struct type
	data: unsupported(org/apache/commons/math3/FieldElement)
src/main/java/org/apache/commons/math3/complex/Complex.java: org.apache.commons.math3.complex.Complex.add: computing test cases
src/main/java/org/apache/commons/math3/complex/Complex.java: org.apache.commons.math3.complex.Complex.add: computed 0 unit tests
src/main/java/org/apache/commons/math3/complex/Complex.java: org.apache.commons.math3.complex.Complex.add: found 1 problems
src/main/java/org/apache/commons/math3/complex/Complex.java: internal error: org.apache.commons.math3.complex.Complex.add: not a struct type
	data: unsupported(org/apache/commons/math3/FieldElement)
src/main/java/org/apache/commons/math3/complex/Complex.java: org.apache.commons.math3.complex.Complex.conjugate: computing test cases
src/main/java/org/apache/commons/math3/complex/Complex.java: org.apache.commons.math3.complex.Complex.conjugate: computed 0 unit tests
src/main/java/org/apache/commons/math3/complex/Complex.java: org.apache.commons.math3.complex.Complex.conjugate: found 1 problems
src/main/java/org/apache/commons/math3/complex/Complex.java: internal error: org.apache.commons.math3.complex.Complex.conjugate: not a struct type
	data: unsupported(org/apache/commons/math3/FieldElement)
src/main/java/org/apache/commons/math3/complex/Complex.java: org.apache.commons.math3.complex.Complex.multiply: computing test cases
src/main/java/org/apache/commons/math3/complex/Complex.java: org.apache.commons.math3.complex.Complex.multiply: computed 0 unit tests
src/main/java/org/apache/commons/math3/complex/Complex.java: org.apache.commons.math3.complex.Complex.multiply: found 1 problems
src/main/java/org/apache/commons/math3/complex/Complex.java: internal error: org.apache.commons.math3.complex.Complex.multiply: not a struct type
	data: unsupported(org/apache/commons/math3/FieldElement)
src/main/java/org/apache/commons/math3/complex/Complex.java: org.apache.commons.math3.complex.Complex.readResolve: computing test cases
src/main/java/org/apache/commons/math3/complex/Complex.java: org.apache.commons.math3.complex.Complex.readResolve: computed 0 unit tests
src/main/java/org/apache/commons/math3/complex/Complex.java: org.apache.commons.math3.complex.Complex.readResolve: found 1 problems
src/main/java/org/apache/commons/math3/complex/Complex.java: internal error: org.apache.commons.math3.complex.Complex.readResolve: not a struct type
	data: unsupported(org/apache/commons/math3/FieldElement)
src/main/java/org/apache/commons/math3/complex/Complex.java: org.apache.commons.math3.complex.Complex.multiply: computing test cases
src/main/java/org/apache/commons/math3/complex/Complex.java: org.apache.commons.math3.complex.Complex.multiply: computed 0 unit tests
src/main/java/org/apache/commons/math3/complex/Complex.java: org.apache.commons.math3.complex.Complex.multiply: found 1 problems
src/main/java/org/apache/commons/math3/complex/Complex.java: internal error: org.apache.commons.math3.complex.Complex.multiply: not a struct type
	data: unsupported(org/apache/commons/math3/FieldElement)
src/main/java/org/apache/commons/math3/complex/Complex.java: org.apache.commons.math3.complex.Complex.cos: computing test cases
src/main/java/org/apache/commons/math3/complex/Complex.java: org.apache.commons.math3.complex.Complex.cos: computed 0 unit tests
src/main/java/org/apache/commons/math3/complex/Complex.java: org.apache.commons.math3.complex.Complex.cos: found 1 problems
src/main/java/org/apache/commons/math3/complex/Complex.java: internal error: org.apache.commons.math3.complex.Complex.cos: not a struct type
	data: unsupported(org/apache/commons/math3/FieldElement)
src/main/java/org/apache/commons/math3/complex/Complex.java: org.apache.commons.math3.complex.Complex.sqrt: computing test cases
src/main/java/org/apache/commons/math3/complex/Complex.java: org.apache.commons.math3.complex.Complex.sqrt: computed 0 unit tests
src/main/java/org/apache/commons/math3/complex/Complex.java: org.apache.commons.math3.complex.Complex.sqrt: found 1 problems
src/main/java/org/apache/commons/math3/complex/Complex.java: internal error: org.apache.commons.math3.complex.Complex.sqrt: not a struct type
	data: unsupported(org/apache/commons/math3/FieldElement)
src/main/java/org/apache/commons/math3/complex/Complex.java: org.apache.commons.math3.complex.Complex.sqrt1z: computing test cases
src/main/java/org/apache/commons/math3/complex/Complex.java: org.apache.commons.math3.complex.Complex.sqrt1z: computed 0 unit tests
src/main/java/org/apache/commons/math3/complex/Complex.java: org.apache.commons.math3.complex.Complex.sqrt1z: found 1 problems
src/main/java/org/apache/commons/math3/complex/Complex.java: internal error: org.apache.commons.math3.complex.Complex.sqrt1z: not a struct type
	data: unsupported(org/apache/commons/math3/FieldElement)
src/main/java/org/apache/commons/math3/complex/Complex.java: org.apache.commons.math3.complex.Complex.hashCode: computing test cases
src/main/java/org/apache/commons/math3/complex/Complex.java: org.apache.commons.math3.complex.Complex.hashCode: computed 0 unit tests
src/main/java/org/apache/commons/math3/complex/Complex.java: org.apache.commons.math3.complex.Complex.hashCode: found 1 problems
src/main/java/org/apache/commons/math3/complex/Complex.java: internal error: org.apache.commons.math3.complex.Complex.hashCode: not a struct type
	data: unsupported(org/apache/commons/math3/FieldElement)
src/main/java/org/apache/commons/math3/complex/Complex.java: org.apache.commons.math3.complex.Complex.getImaginary: computing test cases
src/main/java/org/apache/commons/math3/complex/Complex.java: org.apache.commons.math3.complex.Complex.getImaginary: computed 0 unit tests
src/main/java/org/apache/commons/math3/complex/Complex.java: org.apache.commons.math3.complex.Complex.getImaginary: found 1 problems
src/main/java/org/apache/commons/math3/complex/Complex.java: internal error: org.apache.commons.math3.complex.Complex.getImaginary: not a struct type
	data: unsupported(org/apache/commons/math3/FieldElement)
src/main/java/org/apache/commons/math3/complex/Complex.java: org.apache.commons.math3.complex.Complex.Complex: computing test cases
src/main/java/org/apache/commons/math3/complex/Complex.java: org.apache.commons.math3.complex.Complex.Complex: computed 0 unit tests
src/main/java/org/apache/commons/math3/complex/Complex.java: org.apache.commons.math3.complex.Complex.Complex: found 1 problems
src/main/java/org/apache/commons/math3/complex/Complex.java: internal error: org.apache.commons.math3.complex.Complex.Complex: not a struct type
	data: unsupported(org/apache/commons/math3/FieldElement)
src/main/java/org/apache/commons/math3/complex/Complex.java: org.apache.commons.math3.complex.Complex.pow: computing test cases
src/main/java/org/apache/commons/math3/complex/Complex.java: org.apache.commons.math3.complex.Complex.pow: computed 0 unit tests
src/main/java/org/apache/commons/math3/complex/Complex.java: org.apache.commons.math3.complex.Complex.pow: found 1 problems
src/main/java/org/apache/commons/math3/complex/Complex.java: internal error: org.apache.commons.math3.complex.Complex.pow: not a struct type
	data: unsupported(org/apache/commons/math3/FieldElement)
src/main/java/org/apache/commons/math3/complex/Complex.java: org.apache.commons.math3.complex.Complex.asin: computing test cases
src/main/java/org/apache/commons/math3/complex/Complex.java: org.apache.commons.math3.complex.Complex.asin: computed 0 unit tests
src/main/java/org/apache/commons/math3/complex/Complex.java: org.apache.commons.math3.complex.Complex.asin: found 1 problems
src/main/java/org/apache/commons/math3/complex/Complex.java: internal error: org.apache.commons.math3.complex.Complex.asin: not a struct type
	data: unsupported(org/apache/commons/math3/FieldElement)
src/main/java/org/apache/commons/math3/complex/Complex.java: org.apache.commons.math3.complex.Complex.createComplex: computing test cases
src/main/java/org/apache/commons/math3/complex/Complex.java: org.apache.commons.math3.complex.Complex.createComplex: computed 0 unit tests
src/main/java/org/apache/commons/math3/complex/Complex.java: org.apache.commons.math3.complex.Complex.createComplex: found 1 problems
src/main/java/org/apache/commons/math3/complex/Complex.java: internal error: org.apache.commons.math3.complex.Complex.createComplex: not a struct type
	data: unsupported(org/apache/commons/math3/FieldElement)
src/main/java/org/apache/commons/math3/complex/Complex.java: org.apache.commons.math3.complex.Complex.divide: computing test cases
src/main/java/org/apache/commons/math3/complex/Complex.java: org.apache.commons.math3.complex.Complex.divide: computed 0 unit tests
src/main/java/org/apache/commons/math3/complex/Complex.java: org.apache.commons.math3.complex.Complex.divide: found 1 problems
src/main/java/org/apache/commons/math3/complex/Complex.java: internal error: org.apache.commons.math3.complex.Complex.divide: not a struct type
	data: unsupported(org/apache/commons/math3/FieldElement)
src/main/java/org/apache/commons/math3/complex/Complex.java: org.apache.commons.math3.complex.Complex.negate: computing test cases
src/main/java/org/apache/commons/math3/complex/Complex.java: org.apache.commons.math3.complex.Complex.negate: computed 0 unit tests
src/main/java/org/apache/commons/math3/complex/Complex.java: org.apache.commons.math3.complex.Complex.negate: found 1 problems
src/main/java/org/apache/commons/math3/complex/Complex.java: internal error: org.apache.commons.math3.complex.Complex.negate: not a struct type
	data: unsupported(org/apache/commons/math3/FieldElement)
src/main/java/org/apache/commons/math3/complex/Complex.java: org.apache.commons.math3.complex.Complex.valueOf: computing test cases
src/main/java/org/apache/commons/math3/complex/Complex.java: org.apache.commons.math3.complex.Complex.valueOf: computed 0 unit tests
src/main/java/org/apache/commons/math3/complex/Complex.java: org.apache.commons.math3.complex.Complex.valueOf: found 1 problems
src/main/java/org/apache/commons/math3/complex/Complex.java: internal error: org.apache.commons.math3.complex.Complex.valueOf: not a struct type
	data: unsupported(org/apache/commons/math3/FieldElement)
src/main/java/org/apache/commons/math3/complex/Complex.java: org.apache.commons.math3.complex.Complex.equals: computing test cases
src/main/java/org/apache/commons/math3/complex/Complex.java: org.apache.commons.math3.complex.Complex.equals: computed 0 unit tests
src/main/java/org/apache/commons/math3/complex/Complex.java: org.apache.commons.math3.complex.Complex.equals: found 1 problems
src/main/java/org/apache/commons/math3/complex/Complex.java: internal error: org.apache.commons.math3.complex.Complex.equals: not a struct type
	data: unsupported(org/apache/commons/math3/FieldElement)
src/main/java/org/apache/commons/math3/complex/Complex.java: org.apache.commons.math3.complex.Complex.nthRoot: computing test cases
src/main/java/org/apache/commons/math3/complex/Complex.java: org.apache.commons.math3.complex.Complex.nthRoot: found 1 problems
src/main/java/org/apache/commons/math3/complex/Complex.java: unsupported: org.apache.commons.math3.complex.Complex.nthRoot: unsupported AST node
	data: /(*(2, unsupported), n)
src/main/java/org/apache/commons/math3/complex/Complex.java: org.apache.commons.math3.complex.Complex.valueOf: computing test cases
src/main/java/org/apache/commons/math3/complex/Complex.java: org.apache.commons.math3.complex.Complex.valueOf: computed 0 unit tests
src/main/java/org/apache/commons/math3/complex/Complex.java: org.apache.commons.math3.complex.Complex.valueOf: found 1 problems
src/main/java/org/apache/commons/math3/complex/Complex.java: internal error: org.apache.commons.math3.complex.Complex.valueOf: not a struct type
	data: unsupported(org/apache/commons/math3/FieldElement)
src/main/java/org/apache/commons/math3/complex/Complex.java: org.apache.commons.math3.complex.Complex.exp: computing test cases
src/main/java/org/apache/commons/math3/complex/Complex.java: org.apache.commons.math3.complex.Complex.exp: computed 0 unit tests
src/main/java/org/apache/commons/math3/complex/Complex.java: org.apache.commons.math3.complex.Complex.exp: found 1 problems
src/main/java/org/apache/commons/math3/complex/Complex.java: internal error: org.apache.commons.math3.complex.Complex.exp: not a struct type
	data: unsupported(org/apache/commons/math3/FieldElement)
src/main/java/org/apache/commons/math3/complex/Complex.java: org.apache.commons.math3.complex.Complex.subtract: computing test cases
src/main/java/org/apache/commons/math3/complex/Complex.java: org.apache.commons.math3.complex.Complex.subtract: computed 0 unit tests
src/main/java/org/apache/commons/math3/complex/Complex.java: org.apache.commons.math3.complex.Complex.subtract: found 1 problems
src/main/java/org/apache/commons/math3/complex/Complex.java: internal error: org.apache.commons.math3.complex.Complex.subtract: not a struct type
	data: unsupported(org/apache/commons/math3/FieldElement)
src/main/java/org/apache/commons/math3/complex/Complex.java: org.apache.commons.math3.complex.Complex.subtract: computing test cases
src/main/java/org/apache/commons/math3/complex/Complex.java: org.apache.commons.math3.complex.Complex.subtract: computed 0 unit tests
src/main/java/org/apache/commons/math3/complex/Complex.java: org.apache.commons.math3.complex.Complex.subtract: found 1 problems
src/main/java/org/apache/commons/math3/complex/Complex.java: internal error: org.apache.commons.math3.complex.Complex.subtract: not a struct type
	data: unsupported(org/apache/commons/math3/FieldElement)
src/main/java/org/apache/commons/math3/complex/Complex.java: org.apache.commons.math3.complex.Complex.add: computing test cases
src/main/java/org/apache/commons/math3/complex/Complex.java: org.apache.commons.math3.complex.Complex.add: computed 0 unit tests
src/main/java/org/apache/commons/math3/complex/Complex.java: org.apache.commons.math3.complex.Complex.add: found 1 problems
src/main/java/org/apache/commons/math3/complex/Complex.java: internal error: org.apache.commons.math3.complex.Complex.add: not a struct type
	data: unsupported(org/apache/commons/math3/FieldElement)
src/main/java/org/apache/commons/math3/complex/Complex.java: org.apache.commons.math3.complex.Complex.toString: computing test cases
src/main/java/org/apache/commons/math3/complex/Complex.java: org.apache.commons.math3.complex.Complex.toString: computed 0 unit tests
src/main/java/org/apache/commons/math3/complex/Complex.java: org.apache.commons.math3.complex.Complex.toString: found 1 problems
src/main/java/org/apache/commons/math3/complex/Complex.java: internal error: org.apache.commons.math3.complex.Complex.toString: not a struct type
	data: unsupported(org/apache/commons/math3/FieldElement)
src/main/java/org/apache/commons/math3/complex/Complex.java: org.apache.commons.math3.complex.Complex.getReal: computing test cases
src/main/java/org/apache/commons/math3/complex/Complex.java: org.apache.commons.math3.complex.Complex.getReal: computed 0 unit tests
src/main/java/org/apache/commons/math3/complex/Complex.java: org.apache.commons.math3.complex.Complex.getReal: found 1 problems
src/main/java/org/apache/commons/math3/complex/Complex.java: internal error: org.apache.commons.math3.complex.Complex.getReal: not a struct type
	data: unsupported(org/apache/commons/math3/FieldElement)
src/main/java/org/apache/commons/math3/complex/Complex.java: org.apache.commons.math3.complex.Complex.isInfinite: computing test cases
src/main/java/org/apache/commons/math3/complex/Complex.java: org.apache.commons.math3.complex.Complex.isInfinite: computed 0 unit tests
src/main/java/org/apache/commons/math3/complex/Complex.java: org.apache.commons.math3.complex.Complex.isInfinite: found 1 problems
src/main/java/org/apache/commons/math3/complex/Complex.java: internal error: org.apache.commons.math3.complex.Complex.isInfinite: not a struct type
	data: unsupported(org/apache/commons/math3/FieldElement)
src/main/java/org/apache/commons/math3/complex/Complex.java: org.apache.commons.math3.complex.Complex.multiply: computing test cases
src/main/java/org/apache/commons/math3/complex/Complex.java: org.apache.commons.math3.complex.Complex.multiply: computed 0 unit tests
src/main/java/org/apache/commons/math3/complex/Complex.java: org.apache.commons.math3.complex.Complex.multiply: found 1 problems
src/main/java/org/apache/commons/math3/complex/Complex.java: internal error: org.apache.commons.math3.complex.Complex.multiply: not a struct type
	data: unsupported(org/apache/commons/math3/FieldElement)
src/main/java/org/apache/commons/math3/complex/Complex.java: org.apache.commons.math3.complex.Complex.pow: computing test cases
src/main/java/org/apache/commons/math3/complex/Complex.java: org.apache.commons.math3.complex.Complex.pow: computed 0 unit tests
src/main/java/org/apache/commons/math3/complex/Complex.java: org.apache.commons.math3.complex.Complex.pow: found 1 problems
src/main/java/org/apache/commons/math3/complex/Complex.java: internal error: org.apache.commons.math3.complex.Complex.pow: not a struct type
	data: unsupported(org/apache/commons/math3/FieldElement)
src/main/java/org/apache/commons/math3/complex/Complex.java: org.apache.commons.math3.complex.Complex.sinh: computing test cases
src/main/java/org/apache/commons/math3/complex/Complex.java: org.apache.commons.math3.complex.Complex.sinh: computed 0 unit tests
src/main/java/org/apache/commons/math3/complex/Complex.java: org.apache.commons.math3.complex.Complex.sinh: found 1 problems
src/main/java/org/apache/commons/math3/complex/Complex.java: internal error: org.apache.commons.math3.complex.Complex.sinh: not a struct type
	data: unsupported(org/apache/commons/math3/FieldElement)
src/main/java/org/apache/commons/math3/complex/Complex.java: org.apache.commons.math3.complex.Complex.reciprocal: computing test cases
src/main/java/org/apache/commons/math3/complex/Complex.java: org.apache.commons.math3.complex.Complex.reciprocal: computed 0 unit tests
src/main/java/org/apache/commons/math3/complex/Complex.java: org.apache.commons.math3.complex.Complex.reciprocal: found 1 problems
src/main/java/org/apache/commons/math3/complex/Complex.java: internal error: org.apache.commons.math3.complex.Complex.reciprocal: not a struct type
	data: unsupported(org/apache/commons/math3/FieldElement)
src/main/java/org/apache/commons/math3/complex/Complex.java: org.apache.commons.math3.complex.Complex.isNaN: computing test cases
src/main/java/org/apache/commons/math3/complex/Complex.java: org.apache.commons.math3.complex.Complex.isNaN: computed 0 unit tests
src/main/java/org/apache/commons/math3/complex/Complex.java: org.apache.commons.math3.complex.Complex.isNaN: found 1 problems
src/main/java/org/apache/commons/math3/complex/Complex.java: internal error: org.apache.commons.math3.complex.Complex.isNaN: not a struct type
	data: unsupported(org/apache/commons/math3/FieldElement)
src/main/java/org/apache/commons/math3/complex/Complex.java: org.apache.commons.math3.complex.Complex.log: computing test cases
src/main/java/org/apache/commons/math3/complex/Complex.java: org.apache.commons.math3.complex.Complex.log: computed 0 unit tests
src/main/java/org/apache/commons/math3/complex/Complex.java: org.apache.commons.math3.complex.Complex.log: found 1 problems
src/main/java/org/apache/commons/math3/complex/Complex.java: internal error: org.apache.commons.math3.complex.Complex.log: not a struct type
	data: unsupported(org/apache/commons/math3/FieldElement)
src/main/java/org/apache/commons/math3/complex/Complex.java: org.apache.commons.math3.complex.Complex.sin: computing test cases
src/main/java/org/apache/commons/math3/complex/Complex.java: org.apache.commons.math3.complex.Complex.sin: computed 0 unit tests
src/main/java/org/apache/commons/math3/complex/Complex.java: org.apache.commons.math3.complex.Complex.sin: found 1 problems
src/main/java/org/apache/commons/math3/complex/Complex.java: internal error: org.apache.commons.math3.complex.Complex.sin: not a struct type
	data: unsupported(org/apache/commons/math3/FieldElement)
src/main/java/org/apache/commons/math3/complex/Complex.java: org.apache.commons.math3.complex.Complex.tanh: computing test cases
src/main/java/org/apache/commons/math3/complex/Complex.java: org.apache.commons.math3.complex.Complex.tanh: computed 0 unit tests
src/main/java/org/apache/commons/math3/complex/Complex.java: org.apache.commons.math3.complex.Complex.tanh: found 1 problems
src/main/java/org/apache/commons/math3/complex/Complex.java: internal error: org.apache.commons.math3.complex.Complex.tanh: not a struct type
	data: unsupported(org/apache/commons/math3/FieldElement)
src/main/java/org/apache/commons/math3/complex/Complex.java: org.apache.commons.math3.complex.Complex.cosh: computing test cases
src/main/java/org/apache/commons/math3/complex/Complex.java: org.apache.commons.math3.complex.Complex.cosh: computed 0 unit tests
src/main/java/org/apache/commons/math3/complex/Complex.java: org.apache.commons.math3.complex.Complex.cosh: found 1 problems
src/main/java/org/apache/commons/math3/complex/Complex.java: internal error: org.apache.commons.math3.complex.Complex.cosh: not a struct type
	data: unsupported(org/apache/commons/math3/FieldElement)
src/main/java/org/apache/commons/math3/complex/Complex.java: org.apache.commons.math3.complex.Complex.Complex: computing test cases
src/main/java/org/apache/commons/math3/complex/Complex.java: org.apache.commons.math3.complex.Complex.Complex: computed 0 unit tests
src/main/java/org/apache/commons/math3/complex/Complex.java: org.apache.commons.math3.complex.Complex.Complex: found 1 problems
src/main/java/org/apache/commons/math3/complex/Complex.java: internal error: org.apache.commons.math3.complex.Complex.Complex: not a struct type
	data: unsupported(org/apache/commons/math3/FieldElement)
src/main/java/org/apache/commons/math3/complex/Complex.java: org.apache.commons.math3.complex.Complex.getField: computing test cases
src/main/java/org/apache/commons/math3/complex/Complex.java: org.apache.commons.math3.complex.Complex.getField: computed 0 unit tests
src/main/java/org/apache/commons/math3/complex/Complex.java: org.apache.commons.math3.complex.Complex.getField: found 1 problems
src/main/java/org/apache/commons/math3/complex/Complex.java: internal error: org.apache.commons.math3.complex.Complex.getField: not a struct type
	data: unsupported(org/apache/commons/math3/FieldElement)
src/main/java/org/apache/commons/math3/complex/ComplexField.java: org.apache.commons.math3.complex.ComplexField.getZero: computing test cases
src/main/java/org/apache/commons/math3/complex/ComplexField.java: org.apache.commons.math3.complex.ComplexField.getZero: computed 0 unit tests
src/main/java/org/apache/commons/math3/complex/ComplexField.java: org.apache.commons.math3.complex.ComplexField.getZero: found 1 problems
src/main/java/org/apache/commons/math3/complex/ComplexField.java: internal error: org.apache.commons.math3.complex.ComplexField.getZero: not a struct type
	data: unsupported(org/apache/commons/math3/Field)
src/main/java/org/apache/commons/math3/complex/ComplexField.java: org.apache.commons.math3.complex.ComplexField.getRuntimeClass: computing test cases
src/main/java/org/apache/commons/math3/complex/ComplexField.java: org.apache.commons.math3.complex.ComplexField.getRuntimeClass: computed 0 unit tests
src/main/java/org/apache/commons/math3/complex/ComplexField.java: org.apache.commons.math3.complex.ComplexField.getRuntimeClass: found 1 problems
src/main/java/org/apache/commons/math3/complex/ComplexField.java: internal error: org.apache.commons.math3.complex.ComplexField.getRuntimeClass: not a struct type
	data: unsupported(org/apache/commons/math3/Field)
src/main/java/org/apache/commons/math3/complex/ComplexField.java: org.apache.commons.math3.complex.ComplexField.getOne: computing test cases
src/main/java/org/apache/commons/math3/complex/ComplexField.java: org.apache.commons.math3.complex.ComplexField.getOne: computed 0 unit tests
src/main/java/org/apache/commons/math3/complex/ComplexField.java: org.apache.commons.math3.complex.ComplexField.getOne: found 1 problems
src/main/java/org/apache/commons/math3/complex/ComplexField.java: internal error: org.apache.commons.math3.complex.ComplexField.getOne: not a struct type
	data: unsupported(org/apache/commons/math3/Field)
src/main/java/org/apache/commons/math3/complex/ComplexField.java: org.apache.commons.math3.complex.ComplexField.getInstance: computing test cases
src/main/java/org/apache/commons/math3/complex/ComplexField.java: org.apache.commons.math3.complex.ComplexField.getInstance: computed 0 unit tests
src/main/java/org/apache/commons/math3/complex/ComplexField.java: org.apache.commons.math3.complex.ComplexField.getInstance: found 1 problems
src/main/java/org/apache/commons/math3/complex/ComplexField.java: internal error: org.apache.commons.math3.complex.ComplexField.getInstance: not a struct type
	data: unsupported(org/apache/commons/math3/Field)
src/main/java/org/apache/commons/math3/complex/ComplexFormat.java: org.apache.commons.math3.complex.ComplexFormat.ComplexFormat: computing test cases
src/main/java/org/apache/commons/math3/complex/ComplexFormat.java: org.apache.commons.math3.complex.ComplexFormat.ComplexFormat: found 1 problems
src/main/java/org/apache/commons/math3/complex/ComplexFormat.java: internal error: org.apache.commons.math3.complex.ComplexFormat.ComplexFormat: unknown type kind
	data: unsupported(java/text/NumberFormat)
src/main/java/org/apache/commons/math3/complex/ComplexFormat.java: org.apache.commons.math3.complex.ComplexFormat.getInstance: computing test cases
src/main/java/org/apache/commons/math3/complex/ComplexFormat.java: org.apache.commons.math3.complex.ComplexFormat.getInstance: found 1 problems
src/main/java/org/apache/commons/math3/complex/ComplexFormat.java: internal error: org.apache.commons.math3.complex.ComplexFormat.getInstance: unknown type kind
	data: unsupported(java/text/NumberFormat)
src/main/java/org/apache/commons/math3/complex/ComplexFormat.java: org.apache.commons.math3.complex.ComplexFormat.ComplexFormat: computing test cases
src/main/java/org/apache/commons/math3/complex/ComplexFormat.java: org.apache.commons.math3.complex.ComplexFormat.ComplexFormat: found 1 problems
src/main/java/org/apache/commons/math3/complex/ComplexFormat.java: internal error: org.apache.commons.math3.complex.ComplexFormat.ComplexFormat: unknown type kind
	data: unsupported(java/text/NumberFormat)
src/main/java/org/apache/commons/math3/complex/ComplexFormat.java: org.apache.commons.math3.complex.ComplexFormat.format: computing test cases
src/main/java/org/apache/commons/math3/complex/ComplexFormat.java: org.apache.commons.math3.complex.ComplexFormat.format: found 1 problems
src/main/java/org/apache/commons/math3/complex/ComplexFormat.java: internal error: org.apache.commons.math3.complex.ComplexFormat.format: unknown type kind
	data: unsupported(java/text/NumberFormat)
src/main/java/org/apache/commons/math3/complex/ComplexFormat.java: org.apache.commons.math3.complex.ComplexFormat.ComplexFormat: computing test cases
src/main/java/org/apache/commons/math3/complex/ComplexFormat.java: org.apache.commons.math3.complex.ComplexFormat.ComplexFormat: found 1 problems
src/main/java/org/apache/commons/math3/complex/ComplexFormat.java: internal error: org.apache.commons.math3.complex.ComplexFormat.ComplexFormat: unknown type kind
	data: unsupported(java/text/NumberFormat)
src/main/java/org/apache/commons/math3/complex/ComplexFormat.java: org.apache.commons.math3.complex.ComplexFormat.getInstance: computing test cases
src/main/java/org/apache/commons/math3/complex/ComplexFormat.java: org.apache.commons.math3.complex.ComplexFormat.getInstance: found 1 problems
src/main/java/org/apache/commons/math3/complex/ComplexFormat.java: internal error: org.apache.commons.math3.complex.ComplexFormat.getInstance: unknown type kind
	data: unsupported(java/text/NumberFormat)
src/main/java/org/apache/commons/math3/complex/ComplexFormat.java: org.apache.commons.math3.complex.ComplexFormat.format: computing test cases
src/main/java/org/apache/commons/math3/complex/ComplexFormat.java: org.apache.commons.math3.complex.ComplexFormat.format: found 1 problems
src/main/java/org/apache/commons/math3/complex/ComplexFormat.java: internal error: org.apache.commons.math3.complex.ComplexFormat.format: unknown type kind
	data: unsupported(java/text/NumberFormat)
src/main/java/org/apache/commons/math3/complex/ComplexFormat.java: org.apache.commons.math3.complex.ComplexFormat.format: computing test cases
src/main/java/org/apache/commons/math3/complex/ComplexFormat.java: org.apache.commons.math3.complex.ComplexFormat.format: found 1 problems
src/main/java/org/apache/commons/math3/complex/ComplexFormat.java: internal error: org.apache.commons.math3.complex.ComplexFormat.format: unknown type kind
	data: unsupported(java/text/NumberFormat)
src/main/java/org/apache/commons/math3/complex/ComplexFormat.java: org.apache.commons.math3.complex.ComplexFormat.getImaginaryCharacter: computing test cases
src/main/java/org/apache/commons/math3/complex/ComplexFormat.java: org.apache.commons.math3.complex.ComplexFormat.getImaginaryCharacter: found 1 problems
src/main/java/org/apache/commons/math3/complex/ComplexFormat.java: internal error: org.apache.commons.math3.complex.ComplexFormat.getImaginaryCharacter: unknown type kind
	data: unsupported(java/text/NumberFormat)
src/main/java/org/apache/commons/math3/complex/ComplexFormat.java: org.apache.commons.math3.complex.ComplexFormat.getRealFormat: computing test cases
src/main/java/org/apache/commons/math3/complex/ComplexFormat.java: org.apache.commons.math3.complex.ComplexFormat.getRealFormat: found 1 problems
src/main/java/org/apache/commons/math3/complex/ComplexFormat.java: internal error: org.apache.commons.math3.complex.ComplexFormat.getRealFormat: unknown type kind
	data: unsupported(java/text/NumberFormat)
src/main/java/org/apache/commons/math3/complex/ComplexFormat.java: org.apache.commons.math3.complex.ComplexFormat.ComplexFormat: computing test cases
src/main/java/org/apache/commons/math3/complex/ComplexFormat.java: org.apache.commons.math3.complex.ComplexFormat.ComplexFormat: found 1 problems
src/main/java/org/apache/commons/math3/complex/ComplexFormat.java: internal error: org.apache.commons.math3.complex.ComplexFormat.ComplexFormat: unknown type kind
	data: unsupported(java/text/NumberFormat)
src/main/java/org/apache/commons/math3/complex/ComplexFormat.java: org.apache.commons.math3.complex.ComplexFormat.ComplexFormat: computing test cases
src/main/java/org/apache/commons/math3/complex/ComplexFormat.java: org.apache.commons.math3.complex.ComplexFormat.ComplexFormat: found 1 problems
src/main/java/org/apache/commons/math3/complex/ComplexFormat.java: internal error: org.apache.commons.math3.complex.ComplexFormat.ComplexFormat: unknown type kind
	data: unsupported(java/text/NumberFormat)
src/main/java/org/apache/commons/math3/complex/ComplexFormat.java: org.apache.commons.math3.complex.ComplexFormat.getImaginaryFormat: computing test cases
src/main/java/org/apache/commons/math3/complex/ComplexFormat.java: org.apache.commons.math3.complex.ComplexFormat.getImaginaryFormat: found 1 problems
src/main/java/org/apache/commons/math3/complex/ComplexFormat.java: internal error: org.apache.commons.math3.complex.ComplexFormat.getImaginaryFormat: unknown type kind
	data: unsupported(java/text/NumberFormat)
src/main/java/org/apache/commons/math3/complex/ComplexFormat.java: org.apache.commons.math3.complex.ComplexFormat.ComplexFormat: computing test cases
src/main/java/org/apache/commons/math3/complex/ComplexFormat.java: org.apache.commons.math3.complex.ComplexFormat.ComplexFormat: found 1 problems
src/main/java/org/apache/commons/math3/complex/ComplexFormat.java: internal error: org.apache.commons.math3.complex.ComplexFormat.ComplexFormat: unknown type kind
	data: unsupported(java/text/NumberFormat)
src/main/java/org/apache/commons/math3/complex/ComplexFormat.java: org.apache.commons.math3.complex.ComplexFormat.format: computing test cases
src/main/java/org/apache/commons/math3/complex/ComplexFormat.java: org.apache.commons.math3.complex.ComplexFormat.format: found 1 problems
src/main/java/org/apache/commons/math3/complex/ComplexFormat.java: internal error: org.apache.commons.math3.complex.ComplexFormat.format: unknown type kind
	data: unsupported(java/text/NumberFormat)
src/main/java/org/apache/commons/math3/complex/ComplexFormat.java: org.apache.commons.math3.complex.ComplexFormat.parse: computing test cases
src/main/java/org/apache/commons/math3/complex/ComplexFormat.java: org.apache.commons.math3.complex.ComplexFormat.parse: computed 0 unit tests
src/main/java/org/apache/commons/math3/complex/ComplexFormat.java: org.apache.commons.math3.complex.ComplexFormat.getAvailableLocales: computing test cases
src/main/java/org/apache/commons/math3/complex/ComplexFormat.java: org.apache.commons.math3.complex.ComplexFormat.getAvailableLocales: computed 0 unit tests
src/main/java/org/apache/commons/math3/complex/ComplexFormat.java: org.apache.commons.math3.complex.ComplexFormat.getAvailableLocales: found 0 problems
src/main/java/org/apache/commons/math3/complex/ComplexFormat.java: org.apache.commons.math3.complex.ComplexFormat.getInstance: computing test cases
src/main/java/org/apache/commons/math3/complex/ComplexFormat.java: org.apache.commons.math3.complex.ComplexFormat.getInstance: found 1 problems
src/main/java/org/apache/commons/math3/complex/ComplexFormat.java: internal error: org.apache.commons.math3.complex.ComplexFormat.getInstance: unknown type kind
	data: unsupported(java/text/NumberFormat)
src/main/java/org/apache/commons/math3/complex/ComplexFormat.java: org.apache.commons.math3.complex.ComplexFormat.parse: computing test cases
src/main/java/org/apache/commons/math3/complex/ComplexFormat.java: org.apache.commons.math3.complex.ComplexFormat.parse: found 1 problems
src/main/java/org/apache/commons/math3/complex/ComplexFormat.java: internal error: org.apache.commons.math3.complex.ComplexFormat.parse: unknown type kind
	data: unsupported(java/text/NumberFormat)
src/main/java/org/apache/commons/math3/complex/ComplexUtils.java: org.apache.commons.math3.complex.ComplexUtils.polar2Complex: computing test cases
src/main/java/org/apache/commons/math3/complex/ComplexUtils.java: org.apache.commons.math3.complex.ComplexUtils.polar2Complex: computed 0 unit tests
src/main/java/org/apache/commons/math3/complex/ComplexUtils.java: org.apache.commons.math3.complex.ComplexUtils.polar2Complex: found 1 problems
src/main/java/org/apache/commons/math3/complex/ComplexUtils.java: internal error: org.apache.commons.math3.complex.ComplexUtils.polar2Complex: not a struct type
	data: unsupported(org/apache/commons/math3/FieldElement)
src/main/java/org/apache/commons/math3/complex/ComplexUtils.java: org.apache.commons.math3.complex.ComplexUtils.convertToComplex: computing test cases
src/main/java/org/apache/commons/math3/complex/ComplexUtils.java: org.apache.commons.math3.complex.ComplexUtils.convertToComplex: computed 0 unit tests
src/main/java/org/apache/commons/math3/complex/ComplexUtils.java: org.apache.commons.math3.complex.ComplexUtils.convertToComplex: found 1 problems
src/main/java/org/apache/commons/math3/complex/ComplexUtils.java: internal error: org.apache.commons.math3.complex.ComplexUtils.convertToComplex: not a struct type
	data: unsupported(org/apache/commons/math3/FieldElement)
Symflower's table driven test style is not supported, switching to basic style
src/main/java/org/apache/commons/math3/complex/Quaternion.java: could not generate unit test file for "src/main/java/org/apache/commons/math3/complex/Quaternion.java": Internal error: cannot set a final field:
	&modelast.Variable{
	    CompactFileRange: location.CompactFileRange{Start:location.NewCompactFileLocationRaw(5, 53, 26), End:location.NewCompactFileLocationRaw(5, 53, 27)},
	    Name:             "q0",
	    Type:             &modelast.TypePrimitive{
	        Kind: "float",
	        Size: 0x40,
	    },
	    Modifier: modelast.ModifierFinal|modelast.ModifierVisibilityPrivate,
	}
	Stacktrace: goroutine 1 [running]:
	gitlab.nethead.at/symflower/symflower/model/errors.NewInternalError({0x21de060, 0x2d25d80}, {0x13e5e60, 0xc000765080})
		gitlab.nethead.at/symflower/symflower/model/errors/error.go:852 +0x4e
	gitlab.nethead.at/symflower/symflower/language/java/ast.(*Generator).objectCreation(0xc0003e2930, {0x2205848?, 0xc0010d3bc0?}, {0x21f7de8, 0xc000670880}, {0x2208850, 0xc000730d00})
		gitlab.nethead.at/symflower/symflower/language/java/ast/generate.go:1928 +0x34dc
	gitlab.nethead.at/symflower/symflower/language/java/ast.(*Generator).literalForReferenceType(0xc0003e2930, {0x21f7de8, 0xc000670880}, {0x2205848?, 0xc0010d3ba0?}, {0x2208850, 0xc000730d00})
		gitlab.nethead.at/symflower/symflower/language/java/ast/generate.go:1427 +0x17da
	gitlab.nethead.at/symflower/symflower/language/java/ast.(*Generator).Literal(0xc0003e2930, {0x21f7de8, 0xc000670880}, {0x2205848?, 0xc0010d3b60?}, {0x2208850, 0xc000730d00})
		gitlab.nethead.at/symflower/symflower/language/java/ast/generate.go:1138 +0x1318
	gitlab.nethead.at/symflower/symflower/language/java/ast.(*Generator).Literal(0xc0003e2930, {0x21f7de8, 0xc000670880}, {0x2205728?, 0xc0007590e0?}, {0x22089b0, 0xc000fb9890})
		gitlab.nethead.at/symflower/symflower/language/java/ast/generate.go:1128 +0x245
	gitlab.nethead.at/symflower/symflower/language/java/ast.(*Generator).VariableDeclarationWithAssignment(0xc0003e2930, {0x2205728, 0xc0007590e0}, {0x14113cd, 0x8}, {0x22089b0, 0xc000fb9890}, {0x0, 0x0})
		gitlab.nethead.at/symflower/symflower/language/java/ast/generate.go:548 +0x125
	gitlab.nethead.at/symflower/symflower/language/java/unittest.(*TestGeneratorJUnit).expressionExpected(0xc000a73d00, 0xc0003ee780?, {0x22089b0, 0xc000fb9890}, {0x2205728, 0xc0007590e0}, {0x14113cd, 0x8}, {0x0, 0x0})
		gitlab.nethead.at/symflower/symflower/language/java/unittest/junit.go:177 +0x27a
	gitlab.nethead.at/symflower/symflower/language/java/unittest.(*TestGeneratorJUnit).returnArgumentInitialization(0xc000a73d00, 0xc0003ee780, {0x0, 0x0}, {0x0, 0x0, 0x0}, {0x21f7e40, 0xc0010cf110})
		gitlab.nethead.at/symflower/symflower/language/java/unittest/junit.go:229 +0x429
	gitlab.nethead.at/symflower/symflower/language/java/unittest.(*TestGeneratorJUnit).generateUnitTestAddTestInternal(0xc000a73d00, 0xc0007365c0, {0x0, 0x0})
		gitlab.nethead.at/symflower/symflower/language/java/unittest/junit.go:387 +0x1365
	gitlab.nethead.at/symflower/symflower/language/java/unittest.(*TestGeneratorJUnit).generateUnitTestAddTest(...)
		gitlab.nethead.at/symflower/symflower/language/java/unittest/junit.go:249
	gitlab.nethead.at/symflower/symflower/language/java/unittest.(*TestGeneratorJUnit).AddTest(0xc000a73d00, 0xc001067da0?)
		gitlab.nethead.at/symflower/symflower/language/java/unittest/junit.go:61 +0x1d
	gitlab.nethead.at/symflower/symflower/language/java/unittest.(*testStyleBasic).addTest(0xc000588750, 0xc0007365c0)
		gitlab.nethead.at/symflower/symflower/language/java/unittest/test-style-basic.go:253 +0x318
	gitlab.nethead.at/symflower/symflower/language/java/unittest.(*testStyleBasic).AddTest(0xc0000f6150?, 0xc00075a9a0?)
		gitlab.nethead.at/symflower/symflower/language/java/unittest/test-style-basic.go:215 +0x1a
	gitlab.nethead.at/symflower/symflower/language/java.generateUnitTestFileForType(0xc0010d38e0, {0xc000539000, 0x24, 0x17?}, {0xc000043f80?, 0x2208900?}, 0xc000db62a0?)
		gitlab.nethead.at/symflower/symflower/language/java/unit-test.go:173 +0x647
	gitlab.nethead.at/symflower/symflower/language/java.Adapter.GenerateUnitTest({{{0x0, 0x0}, {0x0, 0x0}, {0x0, 0x0}}}, 0xc0010d38e0, {0xc0001c5400, 0x24, 0x40})
		gitlab.nethead.at/symflower/symflower/language/java/unit-test.go:99 +0x8c8
	gitlab.nethead.at/symflower/symflower/cmd/symflower-local/generate.(*Generator).updateTestFiles.func1({0xc0000b22c9, 0x3e})
		gitlab.nethead.at/symflower/symflower/cmd/symflower-local/generate/generate.go:345 +0x55e
	gitlab.nethead.at/symflower/symflower/cmd/symflower-local/generate.updateTestFiles({0xc00051a240, 0x29}, 0xc001241ef0, {0xc0010d3760?, 0x1?, 0xc000051a00?}, 0x1, 0xc000051b08)
		gitlab.nethead.at/symflower/symflower/cmd/symflower-local/generate/tests.go:41 +0xc3
	gitlab.nethead.at/symflower/symflower/cmd/symflower-local/generate.(*Generator).updateTestFiles(0xc000513f20, 0xc000695bc0, 0x1, 0x1)
		gitlab.nethead.at/symflower/symflower/cmd/symflower-local/generate/generate.go:330 +0x3e5
	gitlab.nethead.at/symflower/symflower/cmd/symflower-local/generate.(*Generator).UpdateSymflowerTestSuite(0xc000513f20?, 0xc000513f50?)
		gitlab.nethead.at/symflower/symflower/cmd/symflower-local/generate/generate.go:307 +0x3b
	gitlab.nethead.at/symflower/symflower/cmd/symflower-local/generate.(*AnalyzeEngineDefault).UnitTests(0x28?, 0x124bba0?, {0x21eb890?, 0xc00050a490?}, {0xb0?, 0xa1?, 0x51?, 0x0?}, 0x28?, {0xc000513560, ...})
		gitlab.nethead.at/symflower/symflower/cmd/symflower-local/generate/analyze.go:162 +0xaa
	gitlab.nethead.at/symflower/symflower/cmd/symflower-local/cmd.(*commandUnitTests).Execute(0xc00014c8d8, {0xc00014c508?, 0x70ea6e09b678?, 0xc00014c8d8?})
		gitlab.nethead.at/symflower/symflower/cmd/symflower-local/cmd/unit-tests.go:85 +0x2a6
	gitlab.nethead.at/symflower/symflower/cmd.ExecuteNoExit({0x21de020, 0xc00014c508}, {0xc00003e050?, 0x44?, 0x0?})
		gitlab.nethead.at/symflower/symflower/cmd/execute.go:59 +0x2ad
	gitlab.nethead.at/symflower/symflower/cmd.Execute({0x21de020?, 0xc00014c508?}, {0xc00003e050?, 0xc00007e000?, 0xc000051f10?})
		gitlab.nethead.at/symflower/symflower/cmd/execute.go:17 +0x26
	gitlab.nethead.at/symflower/symflower/cmd.ExecuteWithOSArguments(...)
		gitlab.nethead.at/symflower/symflower/cmd/execute.go:78
	main.main.func1()
		gitlab.nethead.at/symflower/symflower/cmd/symflower-demo/main.go:39 +0x34
	gitlab.nethead.at/symflower/symflower/cmd/symflower-local/cmd.(*Command).WithPanicReporter(0xc0000b2060?, 0x0?)
		gitlab.nethead.at/symflower/symflower/cmd/symflower-local/cmd/cmd.go:151 +0x33
	main.main()
		gitlab.nethead.at/symflower/symflower/cmd/symflower-demo/main.go:38 +0x7f
Symflower's table driven test style is not supported, switching to basic style
src/main/java/org/apache/commons/math3/complex/RootsOfUnity.java: generated unit test file src/main/java/org/apache/commons/math3/complex/RootsOfUnitySymflowerTest.java
Analyzed 7 out of 7 source files
Had 0 errors that block a full analysis
Generated 48 tests
Found 20 potential problems
The following issues prevent a full analysis:

* 33 cases of "unknown import"
	Description: Imports could not be resolved. This is likely due to missing dependencies.

* 17 cases of "unknown type"
	Description: Types could not be resolved. This could be because of missing dependencies
  or a consequence of some other problem.

* 10 cases of "unknown function"
	Description: Functions could not be resolved. This occurs due to missing dependencies,
  or if a called function is removed due to some other problem.

* 1 case of "not all elements have the same type"
	Description: Arguments of a function call do not match the parameter types. This usually
  occurs if a called method is removed due to some other problem, and another
  method with the same name is selected to be called.

* 56 cases of "other issues"
	Description: Uncategorized problems.

