Analyzing workspace /home/ph7/sqa-project/workspaces/math_78b/
Search for Go files
Found 0 Go files
Search for Java files
Load dependency stdlib:@dev
src/main/java/org/apache/commons/math/ode/events/CombinedEventsManager.java: error: unknown import
	data: org/apache/commons/math/ConvergenceException
src/main/java/org/apache/commons/math/ode/events/CombinedEventsManager.java: error: unknown import
	data: org/apache/commons/math/ode/DerivativeException
src/main/java/org/apache/commons/math/ode/events/CombinedEventsManager.java: error: unknown import
	data: org/apache/commons/math/ode/IntegratorException
src/main/java/org/apache/commons/math/ode/events/CombinedEventsManager.java: error: unknown import
	data: org/apache/commons/math/ode/sampling/StepInterpolator
src/main/java/org/apache/commons/math/ode/events/CombinedEventsManager.java: error: unknown field
	data: [Double struct(java/lang/Double, [], [pointer(reference(java/lang/Object))], []) NaN]
src/main/java/org/apache/commons/math/ode/events/CombinedEventsManager.java: error: unknown import
	data: java/util/Collections
src/main/java/org/apache/commons/math/ode/events/EventException.java: error: unknown import
	data: org/apache/commons/math/MathException
src/main/java/org/apache/commons/math/ode/events/EventState.java: error: unknown import
	data: org/apache/commons/math/analysis/UnivariateRealFunction
src/main/java/org/apache/commons/math/ode/events/EventState.java: error: unknown field
	data: [Double struct(java/lang/Double, [], [pointer(reference(java/lang/Object))], []) NaN]
src/main/java/org/apache/commons/math/ode/events/EventState.java: error: unknown function
	data: [struct(java/lang/Math, [], [pointer(reference(java/lang/Object))], []) java/lang/Math//ceil [] [/(cast(call(java/lang/Math//abs!feb606741437b3116f99f2412027bc86, [cast(-(t1, select(this, t0)), primitive(int, 64, false))]), primitive(float, 64, false)), select(this, maxCheckInterval))]]
src/main/java/org/apache/commons/math/ode/events/EventState.java: error: unknown import
	data: org/apache/commons/math/MathRuntimeException
src/main/java/org/apache/commons/math/ode/events/EventState.java: error: unknown import
	data: org/apache/commons/math/ode/DerivativeException
src/main/java/org/apache/commons/math/ode/events/EventState.java: error: not a boolean type
	data: unsupported
src/main/java/org/apache/commons/math/ode/events/EventState.java: error: unknown field
	data: [Double struct(java/lang/Double, [], [pointer(reference(java/lang/Object))], []) NaN]
src/main/java/org/apache/commons/math/ode/events/EventState.java: error: unknown import
	data: org/apache/commons/math/ConvergenceException
src/main/java/org/apache/commons/math/ode/events/EventState.java: error: unknown import
	data: org/apache/commons/math/analysis/solvers/BrentSolver
src/main/java/org/apache/commons/math/ode/events/EventState.java: error: unknown field
	data: [Double struct(java/lang/Double, [], [pointer(reference(java/lang/Object))], []) NaN]
src/main/java/org/apache/commons/math/ode/events/EventState.java: error: unknown field
	data: [Double struct(java/lang/Double, [], [pointer(reference(java/lang/Object))], []) NaN]
src/main/java/org/apache/commons/math/ode/events/EventState.java: error: unknown field
	data: [Double struct(java/lang/Double, [], [pointer(reference(java/lang/Object))], []) NaN]
src/main/java/org/apache/commons/math/ode/events/EventState.java: error: unknown field
	data: [Double struct(java/lang/Double, [], [pointer(reference(java/lang/Object))], []) NaN]
src/main/java/org/apache/commons/math/ode/events/EventState.java: error: unknown identifier
	data: root
src/main/java/org/apache/commons/math/ode/events/EventState.java: error: unknown import
	data: org/apache/commons/math/FunctionEvaluationException
src/main/java/org/apache/commons/math/ode/events/EventState.java: error: unknown import
	data: org/apache/commons/math/ode/sampling/StepInterpolator
Found 4 Java files
Found 23 problems in Java files
src/main/java/org/apache/commons/math/ode/events/CombinedEventsManager.java: found 11 symbols
src/main/java/org/apache/commons/math/ode/events/EventException.java: found 2 symbols
src/main/java/org/apache/commons/math/ode/events/EventHandler.java: found 3 symbols
src/main/java/org/apache/commons/math/ode/events/EventState.java: found 11 symbols
src/main/java/org/apache/commons/math/ode/events/EventState.java: org.apache.commons.math.ode.events.EventState.getEventHandler: computing test cases
src/main/java/org/apache/commons/math/ode/events/EventState.java: org.apache.commons.math.ode.events.EventState.getEventHandler: computed 1 unit tests
src/main/java/org/apache/commons/math/ode/events/EventState.java: org.apache.commons.math.ode.events.EventState.getEventHandler: found 0 problems
src/main/java/org/apache/commons/math/ode/events/EventState.java: org.apache.commons.math.ode.events.EventState.getConvergence: computing test cases
src/main/java/org/apache/commons/math/ode/events/EventState.java: org.apache.commons.math.ode.events.EventState.getConvergence: computed 1 unit tests
src/main/java/org/apache/commons/math/ode/events/EventState.java: org.apache.commons.math.ode.events.EventState.getConvergence: found 0 problems
src/main/java/org/apache/commons/math/ode/events/EventState.java: org.apache.commons.math.ode.events.EventState.stop: computing test cases
src/main/java/org/apache/commons/math/ode/events/EventState.java: org.apache.commons.math.ode.events.EventState.stop: computed 2 unit tests
src/main/java/org/apache/commons/math/ode/events/EventState.java: org.apache.commons.math.ode.events.EventState.stop: found 0 problems
src/main/java/org/apache/commons/math/ode/events/EventState.java: org.apache.commons.math.ode.events.EventState.getMaxCheckInterval: computing test cases
src/main/java/org/apache/commons/math/ode/events/EventState.java: org.apache.commons.math.ode.events.EventState.getMaxCheckInterval: computed 1 unit tests
src/main/java/org/apache/commons/math/ode/events/EventState.java: org.apache.commons.math.ode.events.EventState.getMaxCheckInterval: found 0 problems
src/main/java/org/apache/commons/math/ode/events/EventState.java: org.apache.commons.math.ode.events.EventState.evaluateStep: computing test cases
src/main/java/org/apache/commons/math/ode/events/EventState.java: org.apache.commons.math.ode.events.EventState.evaluateStep: computed 0 unit tests
src/main/java/org/apache/commons/math/ode/events/EventState.java: org.apache.commons.math.ode.events.EventState.getEventTime: computing test cases
src/main/java/org/apache/commons/math/ode/events/EventState.java: org.apache.commons.math.ode.events.EventState.getEventTime: computed 1 unit tests
src/main/java/org/apache/commons/math/ode/events/EventState.java: org.apache.commons.math.ode.events.EventState.getEventTime: found 0 problems
src/main/java/org/apache/commons/math/ode/events/EventState.java: org.apache.commons.math.ode.events.EventState.stepAccepted: computing test cases
src/main/java/org/apache/commons/math/ode/events/EventState.java: org.apache.commons.math.ode.events.EventState.stepAccepted: computed 1 unit tests
src/main/java/org/apache/commons/math/ode/events/EventState.java: org.apache.commons.math.ode.events.EventState.stepAccepted: found 1 problems
src/main/java/org/apache/commons/math/ode/events/EventState.java:286:14: critical: org.apache.commons.math.ode.events.EventState.stepAccepted: uncaught java.lang.NullPointerException
src/main/java/org/apache/commons/math/ode/events/EventState.java: org.apache.commons.math.ode.events.EventState.getMaxIterationCount: computing test cases
src/main/java/org/apache/commons/math/ode/events/EventState.java: org.apache.commons.math.ode.events.EventState.getMaxIterationCount: computed 1 unit tests
src/main/java/org/apache/commons/math/ode/events/EventState.java: org.apache.commons.math.ode.events.EventState.getMaxIterationCount: found 0 problems
src/main/java/org/apache/commons/math/ode/events/EventState.java: org.apache.commons.math.ode.events.EventState.reset: computing test cases
src/main/java/org/apache/commons/math/ode/events/EventState.java: org.apache.commons.math.ode.events.EventState.reset: computed 2 unit tests
src/main/java/org/apache/commons/math/ode/events/EventState.java: org.apache.commons.math.ode.events.EventState.reset: found 1 problems
src/main/java/org/apache/commons/math/ode/events/EventState.java:324:13: critical: org.apache.commons.math.ode.events.EventState.reset: uncaught java.lang.NullPointerException
src/main/java/org/apache/commons/math/ode/events/EventState.java: org.apache.commons.math.ode.events.EventState.EventState: computing test cases
src/main/java/org/apache/commons/math/ode/events/EventState.java: org.apache.commons.math.ode.events.EventState.EventState: computed 0 unit tests
src/main/java/org/apache/commons/math/ode/events/EventState.java: org.apache.commons.math.ode.events.EventState.EventState: found 0 problems
src/main/java/org/apache/commons/math/ode/events/EventState.java: org.apache.commons.math.ode.events.EventState.reinitializeBegin: computing test cases
src/main/java/org/apache/commons/math/ode/events/EventState.java: org.apache.commons.math.ode.events.EventState.reinitializeBegin: computed 1 unit tests
src/main/java/org/apache/commons/math/ode/events/EventState.java: org.apache.commons.math.ode.events.EventState.reinitializeBegin: found 1 problems
src/main/java/org/apache/commons/math/ode/events/EventState.java:152:14: critical: org.apache.commons.math.ode.events.EventState.reinitializeBegin: uncaught java.lang.NullPointerException
src/main/java/org/apache/commons/math/ode/events/CombinedEventsManager.java: org.apache.commons.math.ode.events.CombinedEventsManager.CombinedEventsManager: computing test cases
src/main/java/org/apache/commons/math/ode/events/CombinedEventsManager.java: org.apache.commons.math.ode.events.CombinedEventsManager.CombinedEventsManager: computed 0 unit tests
src/main/java/org/apache/commons/math/ode/events/CombinedEventsManager.java: org.apache.commons.math.ode.events.CombinedEventsManager.CombinedEventsManager: found 1 problems
src/main/java/org/apache/commons/math/ode/events/CombinedEventsManager.java: internal error: org.apache.commons.math.ode.events.CombinedEventsManager.CombinedEventsManager: error: Internal error: Internal error: invalid encoding for data:
		[]interface {}{
		    &modelast.TypeGenericInstance{
		        CompactFileRange: location.CompactFileRange{Start:location.NewCompactFileLocationRaw(1, 41, 19), End:location.NewCompactFileLocationRaw(1, 41, 34)},
		        Type:             &modelast.TypeReference{
		            Name: "java/util/List",
		        },
		        TypeArguments: []modelast.Type{
		            &modelast.TypePointer{
		                Type: &modelast.TypeReference{
		                    Name: "org/apache/commons/math/ode/events/EventState",
		                },
		            },
		        },
		    },
		    []interface {}{
		        "@Tjava/util/ArrayList<org/apache/commons/math/ode/events/EventState>",
		        []interface {}{
		            "mkPointer",
		            "true",
		            "#x0000001a",
		            "@Tjava/lang/Object",
		        },
		        []interface {}{
		            "mkPointer",
		            "false",
		            "#x00000000",
		            "invalidAny",
		        },
		        "#x00000000",
		    },
		}
		Stacktrace: goroutine 340 [running]:
		gitlab.nethead.at/symflower/symflower/model/errors.NewInternalError({0x21de060, 0x2d24e20}, {0x1230b40, 0xc0007f49c0})
			gitlab.nethead.at/symflower/symflower/model/errors/error.go:852 +0x4e
		gitlab.nethead.at/symflower/symflower/symbolicexecution.(*Path).parseSMTLibv2Constant(0xc000a82600, {0x0, 0x0}, {0x2205608, 0xc0005f36c0}, {0x1230b40, 0xc0007f4198}, 0xc000b32660)
			gitlab.nethead.at/symflower/symflower/symbolicexecution/smtlib.go:4035 +0x45dd
		gitlab.nethead.at/symflower/symflower/symbolicexecution.(*Path).parseSMTLibv2Constant(0xc000a82600, {0x0, 0x0}, {0x2205728, 0xc000590720}, {0x1230b40, 0xc0007f41b0}, 0xc000b32660)
			gitlab.nethead.at/symflower/symflower/symbolicexecution/smtlib.go:4299 +0x4f8
		gitlab.nethead.at/symflower/symflower/symbolicexecution.(*Path).parseSMTLibv2Constant(0xc000a82600, {0xc000a13306, 0x4}, {0x2205848, 0xc0009b0b00}, {0x1230b40, 0xc0007f41e0}, 0xc000b32660)
			gitlab.nethead.at/symflower/symflower/symbolicexecution/smtlib.go:4113 +0x52c9
		gitlab.nethead.at/symflower/symflower/symbolicexecution.(*Path).parseSMTLibv2Constant(0xc000a82600, {0xc000a13306, 0x4}, {0x2205728, 0xc000725920}, {0x1230b40, 0xc0007f4240}, 0xc000b32660)
			gitlab.nethead.at/symflower/symflower/symbolicexecution/smtlib.go:4299 +0x4f8
		gitlab.nethead.at/symflower/symflower/symbolicexecution.(*symflowerExecution).solvePathDirectly(0xc0005c5a00, 0xc000a82600, {0xb8?, {0xc0000519c8?, 0x41aa94?}})
			gitlab.nethead.at/symflower/symflower/symbolicexecution/execution.go:431 +0xe9f
		gitlab.nethead.at/symflower/symflower/symbolicexecution.(*symflowerExecution).solvePath(0xc0005c5a00, 0xc000a82600, {0xa5?, {0xc0003faee0?, 0xc000051b98?}})
			gitlab.nethead.at/symflower/symflower/symbolicexecution/execution.go:764 +0x5ae
		gitlab.nethead.at/symflower/symflower/symbolicexecution.(*symflowerExecution).solvePathAndSendTest(0xc0005c5a00, 0xc000a82600, {0x0?, {0xc0000b2070?, 0xc0000b2070?}}, 0x0)
			gitlab.nethead.at/symflower/symflower/symbolicexecution/execution.go:865 +0x37
		gitlab.nethead.at/symflower/symflower/symbolicexecution.(*symflowerExecution).solveCompletePathAndSendTest(...)
			gitlab.nethead.at/symflower/symflower/symbolicexecution/execution.go:852
		gitlab.nethead.at/symflower/symflower/symbolicexecution.(*symflowerExecution).handlePath(0xc0005c5a00, 0xc000a82600)
			gitlab.nethead.at/symflower/symflower/symbolicexecution/handle.go:333 +0x34e
		gitlab.nethead.at/symflower/symflower/symbolicexecution.analyzeInternal.func2()
			gitlab.nethead.at/symflower/symflower/symbolicexecution/analyze.go:249 +0x185
		created by gitlab.nethead.at/symflower/symflower/symbolicexecution.analyzeInternal in goroutine 1
			gitlab.nethead.at/symflower/symflower/symbolicexecution/analyze.go:215 +0xf96
		:
		&modelast.TypePointer{
		    Type: &modelast.TypeGenericInstance{
		        CompactFileRange: location.CompactFileRange{Start:location.NewCompactFileLocationRaw(1, 41, 19), End:location.NewCompactFileLocationRaw(1, 41, 34)},
		        Type:             &modelast.TypeReference{
		            Name: "java/util/List",
		        },
		        TypeArguments: []modelast.Type{
		            &modelast.TypePointer{
		                Type: &modelast.TypeReference{
		                    Name: "org/apache/commons/math/ode/events/EventState",
		                },
		            },
		        },
		    },
		}
		Stacktrace: goroutine 340 [running]:
		gitlab.nethead.at/symflower/symflower/model/errors.NewInternalError({0x21de380, 0xc000b327b0}, {0x13c8280, 0xc000590720})
			gitlab.nethead.at/symflower/symflower/model/errors/error.go:852 +0x4e
		gitlab.nethead.at/symflower/symflower/symbolicexecution.(*Path).parseSMTLibv2Constant(0xc000a82600, {0xc000a13306, 0x4}, {0x2205848, 0xc0009b0b00}, {0x1230b40, 0xc0007f41e0}, 0xc000b32660)
			gitlab.nethead.at/symflower/symflower/symbolicexecution/smtlib.go:4115 +0x5385
		gitlab.nethead.at/symflower/symflower/symbolicexecution.(*Path).parseSMTLibv2Constant(0xc000a82600, {0xc000a13306, 0x4}, {0x2205728, 0xc000725920}, {0x1230b40, 0xc0007f4240}, 0xc000b32660)
			gitlab.nethead.at/symflower/symflower/symbolicexecution/smtlib.go:4299 +0x4f8
		gitlab.nethead.at/symflower/symflower/symbolicexecution.(*symflowerExecution).solvePathDirectly(0xc0005c5a00, 0xc000a82600, {0xb8?, {0xc0000519c8?, 0x41aa94?}})
			gitlab.nethead.at/symflower/symflower/symbolicexecution/execution.go:431 +0xe9f
		gitlab.nethead.at/symflower/symflower/symbolicexecution.(*symflowerExecution).solvePath(0xc0005c5a00, 0xc000a82600, {0xa5?, {0xc0003faee0?, 0xc000051b98?}})
			gitlab.nethead.at/symflower/symflower/symbolicexecution/execution.go:764 +0x5ae
		gitlab.nethead.at/symflower/symflower/symbolicexecution.(*symflowerExecution).solvePathAndSendTest(0xc0005c5a00, 0xc000a82600, {0x0?, {0xc0000b2070?, 0xc0000b2070?}}, 0x0)
			gitlab.nethead.at/symflower/symflower/symbolicexecution/execution.go:865 +0x37
		gitlab.nethead.at/symflower/symflower/symbolicexecution.(*symflowerExecution).solveCompletePathAndSendTest(...)
			gitlab.nethead.at/symflower/symflower/symbolicexecution/execution.go:852
		gitlab.nethead.at/symflower/symflower/symbolicexecution.(*symflowerExecution).handlePath(0xc0005c5a00, 0xc000a82600)
			gitlab.nethead.at/symflower/symflower/symbolicexecution/handle.go:333 +0x34e
		gitlab.nethead.at/symflower/symflower/symbolicexecution.analyzeInternal.func2()
			gitlab.nethead.at/symflower/symflower/symbolicexecution/analyze.go:249 +0x185
		created by gitlab.nethead.at/symflower/symflower/symbolicexecution.analyzeInternal in goroutine 1
			gitlab.nethead.at/symflower/symflower/symbolicexecution/analyze.go:215 +0xf96
	
	data: @o_0
src/main/java/org/apache/commons/math/ode/events/CombinedEventsManager.java: org.apache.commons.math.ode.events.CombinedEventsManager.getEventsHandlers: computing test cases
src/main/java/org/apache/commons/math/ode/events/CombinedEventsManager.java: org.apache.commons.math.ode.events.CombinedEventsManager.getEventsHandlers: computed 0 unit tests
src/main/java/org/apache/commons/math/ode/events/CombinedEventsManager.java: org.apache.commons.math.ode.events.CombinedEventsManager.getEventsHandlers: found 1 problems
src/main/java/org/apache/commons/math/ode/events/CombinedEventsManager.java: unsupported: org.apache.commons.math.ode.events.CombinedEventsManager.getEventsHandlers: unsupported access
	data: function(variable(this, pointer(genericInstance(reference(java/lang/Iterable), [reference(T)]))), java/lang/Iterable//iterator!d41d8cd98f00b204e9800998ecf8427e, [], [variable(, pointer(genericInstance(reference(java/util/Iterator), [reference(T)])))], <nil>)
src/main/java/org/apache/commons/math/ode/events/CombinedEventsManager.java: org.apache.commons.math.ode.events.CombinedEventsManager.getEventTime: computing test cases
src/main/java/org/apache/commons/math/ode/events/CombinedEventsManager.java: org.apache.commons.math.ode.events.CombinedEventsManager.getEventTime: computed 0 unit tests
src/main/java/org/apache/commons/math/ode/events/CombinedEventsManager.java: org.apache.commons.math.ode.events.CombinedEventsManager.getEventTime: found 0 problems
src/main/java/org/apache/commons/math/ode/events/CombinedEventsManager.java: org.apache.commons.math.ode.events.CombinedEventsManager.reset: computing test cases
src/main/java/org/apache/commons/math/ode/events/CombinedEventsManager.java: org.apache.commons.math.ode.events.CombinedEventsManager.reset: computed 1 unit tests
src/main/java/org/apache/commons/math/ode/events/CombinedEventsManager.java: org.apache.commons.math.ode.events.CombinedEventsManager.reset: found 1 problems
src/main/java/org/apache/commons/math/ode/events/CombinedEventsManager.java:236:37: critical: org.apache.commons.math.ode.events.CombinedEventsManager.reset: uncaught java.lang.NullPointerException
src/main/java/org/apache/commons/math/ode/events/CombinedEventsManager.java: org.apache.commons.math.ode.events.CombinedEventsManager.stepAccepted: computing test cases
src/main/java/org/apache/commons/math/ode/events/CombinedEventsManager.java: org.apache.commons.math.ode.events.CombinedEventsManager.stepAccepted: computed 1 unit tests
src/main/java/org/apache/commons/math/ode/events/CombinedEventsManager.java: org.apache.commons.math.ode.events.CombinedEventsManager.stepAccepted: found 1 problems
src/main/java/org/apache/commons/math/ode/events/CombinedEventsManager.java:202:37: critical: org.apache.commons.math.ode.events.CombinedEventsManager.stepAccepted: uncaught java.lang.NullPointerException
src/main/java/org/apache/commons/math/ode/events/CombinedEventsManager.java: org.apache.commons.math.ode.events.CombinedEventsManager.clearEventsHandlers: computing test cases
src/main/java/org/apache/commons/math/ode/events/CombinedEventsManager.java: org.apache.commons.math.ode.events.CombinedEventsManager.clearEventsHandlers: computed 1 unit tests
src/main/java/org/apache/commons/math/ode/events/CombinedEventsManager.java: org.apache.commons.math.ode.events.CombinedEventsManager.clearEventsHandlers: found 1 problems
src/main/java/org/apache/commons/math/ode/events/CombinedEventsManager.java:94:9: critical: org.apache.commons.math.ode.events.CombinedEventsManager.clearEventsHandlers: uncaught java.lang.NullPointerException
src/main/java/org/apache/commons/math/ode/events/CombinedEventsManager.java: org.apache.commons.math.ode.events.CombinedEventsManager.stop: computing test cases
src/main/java/org/apache/commons/math/ode/events/CombinedEventsManager.java: org.apache.commons.math.ode.events.CombinedEventsManager.stop: computed 1 unit tests
src/main/java/org/apache/commons/math/ode/events/CombinedEventsManager.java: org.apache.commons.math.ode.events.CombinedEventsManager.stop: found 1 problems
src/main/java/org/apache/commons/math/ode/events/CombinedEventsManager.java:215:33: critical: org.apache.commons.math.ode.events.CombinedEventsManager.stop: uncaught java.lang.NullPointerException
src/main/java/org/apache/commons/math/ode/events/CombinedEventsManager.java: org.apache.commons.math.ode.events.CombinedEventsManager.addEventHandler: computing test cases
src/main/java/org/apache/commons/math/ode/events/CombinedEventsManager.java: org.apache.commons.math.ode.events.CombinedEventsManager.addEventHandler: computed 1 unit tests
src/main/java/org/apache/commons/math/ode/events/CombinedEventsManager.java: org.apache.commons.math.ode.events.CombinedEventsManager.addEventHandler: found 1 problems
src/main/java/org/apache/commons/math/ode/events/CombinedEventsManager.java:71:9: critical: org.apache.commons.math.ode.events.CombinedEventsManager.addEventHandler: uncaught java.lang.NullPointerException
src/main/java/org/apache/commons/math/ode/events/CombinedEventsManager.java: org.apache.commons.math.ode.events.CombinedEventsManager.getEventsStates: computing test cases
src/main/java/org/apache/commons/math/ode/events/CombinedEventsManager.java: org.apache.commons.math.ode.events.CombinedEventsManager.getEventsStates: computed 1 unit tests
src/main/java/org/apache/commons/math/ode/events/CombinedEventsManager.java: org.apache.commons.math.ode.events.CombinedEventsManager.getEventsStates: found 0 problems
src/main/java/org/apache/commons/math/ode/events/CombinedEventsManager.java: org.apache.commons.math.ode.events.CombinedEventsManager.isEmpty: computing test cases
src/main/java/org/apache/commons/math/ode/events/CombinedEventsManager.java: org.apache.commons.math.ode.events.CombinedEventsManager.isEmpty: computed 1 unit tests
src/main/java/org/apache/commons/math/ode/events/CombinedEventsManager.java: org.apache.commons.math.ode.events.CombinedEventsManager.isEmpty: found 1 problems
src/main/java/org/apache/commons/math/ode/events/CombinedEventsManager.java:109:16: critical: org.apache.commons.math.ode.events.CombinedEventsManager.isEmpty: uncaught java.lang.NullPointerException
src/main/java/org/apache/commons/math/ode/events/CombinedEventsManager.java: org.apache.commons.math.ode.events.CombinedEventsManager.evaluateStep: computing test cases
src/main/java/org/apache/commons/math/ode/events/CombinedEventsManager.java: org.apache.commons.math.ode.events.CombinedEventsManager.evaluateStep: computed 0 unit tests
src/main/java/org/apache/commons/math/ode/events/CombinedEventsManager.java: org.apache.commons.math.ode.events.CombinedEventsManager.evaluateStep: found 1 problems
src/main/java/org/apache/commons/math/ode/events/CombinedEventsManager.java: unsupported: org.apache.commons.math.ode.events.CombinedEventsManager.evaluateStep: encountered an unsupported type
	data: unsupported(org/apache/commons/math/ode/sampling/StepInterpolator)
src/main/java/org/apache/commons/math/ode/events/EventException.java: org.apache.commons.math.ode.events.EventException.EventException: computing test cases
src/main/java/org/apache/commons/math/ode/events/EventException.java: org.apache.commons.math.ode.events.EventException.EventException: computed 0 unit tests
src/main/java/org/apache/commons/math/ode/events/EventException.java: org.apache.commons.math.ode.events.EventException.EventException: found 0 problems
src/main/java/org/apache/commons/math/ode/events/EventException.java: org.apache.commons.math.ode.events.EventException.EventException: computing test cases
src/main/java/org/apache/commons/math/ode/events/EventException.java: org.apache.commons.math.ode.events.EventException.EventException: computed 0 unit tests
src/main/java/org/apache/commons/math/ode/events/EventException.java: org.apache.commons.math.ode.events.EventException.EventException: found 0 problems
src/main/java/org/apache/commons/math/ode/events/EventHandler.java: org.apache.commons.math.ode.events.EventHandler.resetState: computing test cases
src/main/java/org/apache/commons/math/ode/events/EventHandler.java: org.apache.commons.math.ode.events.EventHandler.resetState: function is abstract and therefore inaccessible for tests
src/main/java/org/apache/commons/math/ode/events/EventHandler.java: org.apache.commons.math.ode.events.EventHandler.eventOccurred: computing test cases
src/main/java/org/apache/commons/math/ode/events/EventHandler.java: org.apache.commons.math.ode.events.EventHandler.eventOccurred: function is abstract and therefore inaccessible for tests
src/main/java/org/apache/commons/math/ode/events/EventHandler.java: org.apache.commons.math.ode.events.EventHandler.g: computing test cases
src/main/java/org/apache/commons/math/ode/events/EventHandler.java: org.apache.commons.math.ode.events.EventHandler.g: function is abstract and therefore inaccessible for tests
Symflower's table driven test style is not supported, switching to basic style
src/main/java/org/apache/commons/math/ode/events/CombinedEventsManager.java: could not generate unit test file for "src/main/java/org/apache/commons/math/ode/events/CombinedEventsManager.java": Internal error: cannot set a final field:
	&modelast.Variable{
	    CompactFileRange: location.CompactFileRange{Start:location.NewCompactFileLocationRaw(1, 41, 36), End:location.NewCompactFileLocationRaw(1, 41, 41)},
	    Name:             "states",
	    Type:             &modelast.TypePointer{
	        Type: &modelast.TypeGenericInstance{
	            CompactFileRange: location.CompactFileRange{Start:location.NewCompactFileLocationRaw(1, 41, 19), End:location.NewCompactFileLocationRaw(1, 41, 34)},
	            Type:             &modelast.TypeReference{
	                Name: "java/util/List",
	            },
	            TypeArguments: []modelast.Type{
	                &modelast.TypePointer{
	                    Type: &modelast.TypeReference{
	                        Name: "org/apache/commons/math/ode/events/EventState",
	                    },
	                },
	            },
	        },
	    },
	    Modifier: modelast.ModifierFinal|modelast.ModifierVisibilityPrivate,
	}
	Stacktrace: goroutine 1 [running]:
	gitlab.nethead.at/symflower/symflower/model/errors.NewInternalError({0x21de060, 0x2d25d80}, {0x13e5e60, 0xc0008c5da0})
		gitlab.nethead.at/symflower/symflower/model/errors/error.go:852 +0x4e
	gitlab.nethead.at/symflower/symflower/language/java/ast.(*Generator).objectCreation(0xc0004b72d0, {0x2205848?, 0xc0007d6740?}, {0x21f7de8, 0xc0001a2300}, {0x2208850, 0xc00080ab40})
		gitlab.nethead.at/symflower/symflower/language/java/ast/generate.go:1928 +0x34dc
	gitlab.nethead.at/symflower/symflower/language/java/ast.(*Generator).literalForReferenceType(0xc0004b72d0, {0x21f7de8, 0xc0001a2300}, {0x2205848?, 0xc0007d6720?}, {0x2208850, 0xc00080ab40})
		gitlab.nethead.at/symflower/symflower/language/java/ast/generate.go:1427 +0x17da
	gitlab.nethead.at/symflower/symflower/language/java/ast.(*Generator).Literal(0xc0004b72d0, {0x21f7de8, 0xc0001a2300}, {0x2205848?, 0xc0007d66e0?}, {0x2208850, 0xc00080ab40})
		gitlab.nethead.at/symflower/symflower/language/java/ast/generate.go:1138 +0x1318
	gitlab.nethead.at/symflower/symflower/language/java/ast.(*Generator).Literal(0xc0004b72d0, {0x21f7de8, 0xc0001a2300}, {0x2205728?, 0xc000590be0?}, {0x22089b0, 0xc000b32960})
		gitlab.nethead.at/symflower/symflower/language/java/ast/generate.go:1128 +0x245
	gitlab.nethead.at/symflower/symflower/language/java/ast.(*Generator).VariableDeclarationWithAssignment(0xc0004b72d0, {0x2205728, 0xc000590be0}, {0xc000584578, 0x1}, {0x22089b0, 0xc000b32960}, {0x0, 0x0})
		gitlab.nethead.at/symflower/symflower/language/java/ast/generate.go:548 +0x125
	gitlab.nethead.at/symflower/symflower/language/java/ast.InitializeVariableOfType(0xc0004b72d0, {0x2205728, 0xc000590be0}, {0x22089b0, 0xc000b32960}, {0x0, 0x0})
		gitlab.nethead.at/symflower/symflower/language/java/ast/generate.go:3198 +0x16c
	gitlab.nethead.at/symflower/symflower/language/java/unittest.(*TestGeneratorJUnit).receiverInitialization(0xc0005e9bc0, 0xc000518500, 0x40?)
		gitlab.nethead.at/symflower/symflower/language/java/unittest/junit.go:132 +0x61b
	gitlab.nethead.at/symflower/symflower/language/java/unittest.(*TestGeneratorJUnit).generateUnitTestAddTestInternal(0xc0005e9bc0, 0xc000810fc0, {0x0, 0x0})
		gitlab.nethead.at/symflower/symflower/language/java/unittest/junit.go:356 +0xdc9
	gitlab.nethead.at/symflower/symflower/language/java/unittest.(*TestGeneratorJUnit).generateUnitTestAddTest(...)
		gitlab.nethead.at/symflower/symflower/language/java/unittest/junit.go:249
	gitlab.nethead.at/symflower/symflower/language/java/unittest.(*TestGeneratorJUnit).AddTest(0xc0005e9bc0, 0xc000f47b60?)
		gitlab.nethead.at/symflower/symflower/language/java/unittest/junit.go:61 +0x1d
	gitlab.nethead.at/symflower/symflower/language/java/unittest.(*testStyleBasic).addTest(0xc000845560, 0xc000810fc0)
		gitlab.nethead.at/symflower/symflower/language/java/unittest/test-style-basic.go:253 +0x318
	gitlab.nethead.at/symflower/symflower/language/java/unittest.(*testStyleBasic).AddTest(0xc0006fd500?, 0xc0005aa6e0?)
		gitlab.nethead.at/symflower/symflower/language/java/unittest/test-style-basic.go:215 +0x1a
	gitlab.nethead.at/symflower/symflower/language/java.generateUnitTestFileForType(0xc0007d6440, {0xc0005e9b00, 0x7, 0x22?}, {0xc000b847e0?, 0xc00070e700?}, 0xc000a53ac0?)
		gitlab.nethead.at/symflower/symflower/language/java/unit-test.go:173 +0x647
	gitlab.nethead.at/symflower/symflower/language/java.Adapter.GenerateUnitTest({{{0x0, 0x0}, {0x0, 0x0}, {0x0, 0x0}}}, 0xc0007d6440, {0xc000811140, 0x7, 0x8})
		gitlab.nethead.at/symflower/symflower/language/java/unit-test.go:99 +0x8c8
	gitlab.nethead.at/symflower/symflower/cmd/symflower-local/generate.(*Generator).updateTestFiles.func1({0xc00043672a, 0x4b})
		gitlab.nethead.at/symflower/symflower/cmd/symflower-local/generate/generate.go:345 +0x55e
	gitlab.nethead.at/symflower/symflower/cmd/symflower-local/generate.updateTestFiles({0xc000538330, 0x2a}, 0xc0006fd3e0, {0xc0007d6280?, 0x1?, 0xc000741a00?}, 0x1, 0xc000741b08)
		gitlab.nethead.at/symflower/symflower/cmd/symflower-local/generate/tests.go:41 +0xc3
	gitlab.nethead.at/symflower/symflower/cmd/symflower-local/generate.(*Generator).updateTestFiles(0xc0004716b0, 0xc000b409f0, 0x1, 0x1)
		gitlab.nethead.at/symflower/symflower/cmd/symflower-local/generate/generate.go:330 +0x3e5
	gitlab.nethead.at/symflower/symflower/cmd/symflower-local/generate.(*Generator).UpdateSymflowerTestSuite(0xc0004716b0?, 0xc0004716e0?)
		gitlab.nethead.at/symflower/symflower/cmd/symflower-local/generate/generate.go:307 +0x3b
	gitlab.nethead.at/symflower/symflower/cmd/symflower-local/generate.(*AnalyzeEngineDefault).UnitTests(0x29?, 0x124bba0?, {0x21eb890?, 0xc00040eb40?}, {0xa0?, 0x82?, 0x53?, 0x0?}, 0x29?, {0xc000470780, ...})
		gitlab.nethead.at/symflower/symflower/cmd/symflower-local/generate/analyze.go:162 +0xaa
	gitlab.nethead.at/symflower/symflower/cmd/symflower-local/cmd.(*commandUnitTests).Execute(0xc0004c88d8, {0xc0004c8508?, 0x7d8b6848a698?, 0xc0004c88d8?})
		gitlab.nethead.at/symflower/symflower/cmd/symflower-local/cmd/unit-tests.go:85 +0x2a6
	gitlab.nethead.at/symflower/symflower/cmd.ExecuteNoExit({0x21de020, 0xc0004c8508}, {0xc00003e050?, 0x0?, 0x0?})
		gitlab.nethead.at/symflower/symflower/cmd/execute.go:59 +0x2ad
	gitlab.nethead.at/symflower/symflower/cmd.Execute({0x21de020?, 0xc0004c8508?}, {0xc00003e050?, 0xc00007e300?, 0xc00011ff10?})
		gitlab.nethead.at/symflower/symflower/cmd/execute.go:17 +0x26
	gitlab.nethead.at/symflower/symflower/cmd.ExecuteWithOSArguments(...)
		gitlab.nethead.at/symflower/symflower/cmd/execute.go:78
	main.main.func1()
		gitlab.nethead.at/symflower/symflower/cmd/symflower-demo/main.go:39 +0x34
	gitlab.nethead.at/symflower/symflower/cmd/symflower-local/cmd.(*Command).WithPanicReporter(0xc0000b2060?, 0x0?)
		gitlab.nethead.at/symflower/symflower/cmd/symflower-local/cmd/cmd.go:151 +0x33
	main.main()
		gitlab.nethead.at/symflower/symflower/cmd/symflower-demo/main.go:38 +0x7f
Symflower's table driven test style is not supported, switching to basic style
src/main/java/org/apache/commons/math/ode/events/EventState.java: could not generate unit test file for "src/main/java/org/apache/commons/math/ode/events/EventState.java": Internal error: cannot set a final field:
	&modelast.Variable{
	    CompactFileRange: location.CompactFileRange{Start:location.NewCompactFileLocationRaw(4, 51, 26), End:location.NewCompactFileLocationRaw(4, 51, 36)},
	    Name:             "convergence",
	    Type:             &modelast.TypePrimitive{
	        Kind: "float",
	        Size: 0x40,
	    },
	    Modifier: modelast.ModifierFinal|modelast.ModifierVisibilityPrivate,
	}
	Stacktrace: goroutine 1 [running]:
	gitlab.nethead.at/symflower/symflower/model/errors.NewInternalError({0x21de060, 0x2d25d80}, {0x13e5e60, 0xc0008dc240})
		gitlab.nethead.at/symflower/symflower/model/errors/error.go:852 +0x4e
	gitlab.nethead.at/symflower/symflower/language/java/ast.(*Generator).objectCreation(0xc0004b7650, {0x2205848?, 0xc0007d6f00?}, {0x21f7de8, 0xc0001a2d00}, {0x2208850, 0xc00015e140})
		gitlab.nethead.at/symflower/symflower/language/java/ast/generate.go:1928 +0x34dc
	gitlab.nethead.at/symflower/symflower/language/java/ast.(*Generator).literalForReferenceType(0xc0004b7650, {0x21f7de8, 0xc0001a2d00}, {0x2205848?, 0xc0007d6ee0?}, {0x2208850, 0xc00015e140})
		gitlab.nethead.at/symflower/symflower/language/java/ast/generate.go:1427 +0x17da
	gitlab.nethead.at/symflower/symflower/language/java/ast.(*Generator).Literal(0xc0004b7650, {0x21f7de8, 0xc0001a2d00}, {0x2205848?, 0xc0007d6dc0?}, {0x2208850, 0xc00015e140})
		gitlab.nethead.at/symflower/symflower/language/java/ast/generate.go:1138 +0x1318
	gitlab.nethead.at/symflower/symflower/language/java/ast.(*Generator).Literal(0xc0004b7650, {0x21f7de8, 0xc0001a2d00}, {0x2205728?, 0xc0003e6680?}, {0x22089b0, 0xc0009eebd0})
		gitlab.nethead.at/symflower/symflower/language/java/ast/generate.go:1128 +0x245
	gitlab.nethead.at/symflower/symflower/language/java/ast.(*Generator).VariableDeclarationWithAssignment(0xc0004b7650, {0x2205728, 0xc0003e6680}, {0xc0006a2990, 0x1}, {0x22089b0, 0xc0009eebd0}, {0x0, 0x0})
		gitlab.nethead.at/symflower/symflower/language/java/ast/generate.go:548 +0x125
	gitlab.nethead.at/symflower/symflower/language/java/ast.InitializeVariableOfType(0xc0004b7650, {0x2205728, 0xc0003e6680}, {0x22089b0, 0xc0009eebd0}, {0x0, 0x0})
		gitlab.nethead.at/symflower/symflower/language/java/ast/generate.go:3198 +0x16c
	gitlab.nethead.at/symflower/symflower/language/java/unittest.(*TestGeneratorJUnit).receiverInitialization(0xc00056c300, 0xc000180e60, 0x80?)
		gitlab.nethead.at/symflower/symflower/language/java/unittest/junit.go:132 +0x61b
	gitlab.nethead.at/symflower/symflower/language/java/unittest.(*TestGeneratorJUnit).generateUnitTestAddTestInternal(0xc00056c300, 0xc00015ee40, {0x0, 0x0})
		gitlab.nethead.at/symflower/symflower/language/java/unittest/junit.go:356 +0xdc9
	gitlab.nethead.at/symflower/symflower/language/java/unittest.(*TestGeneratorJUnit).generateUnitTestAddTest(...)
		gitlab.nethead.at/symflower/symflower/language/java/unittest/junit.go:249
	gitlab.nethead.at/symflower/symflower/language/java/unittest.(*TestGeneratorJUnit).AddTest(0xc00056c300, 0xc000712480?)
		gitlab.nethead.at/symflower/symflower/language/java/unittest/junit.go:61 +0x1d
	gitlab.nethead.at/symflower/symflower/language/java/unittest.(*testStyleBasic).addTest(0xc0005c8000, 0xc00015ee40)
		gitlab.nethead.at/symflower/symflower/language/java/unittest/test-style-basic.go:253 +0x318
	gitlab.nethead.at/symflower/symflower/language/java/unittest.(*testStyleBasic).AddTest(0xc00092dc80?, 0xc0005aafd0?)
		gitlab.nethead.at/symflower/symflower/language/java/unittest/test-style-basic.go:215 +0x1a
	gitlab.nethead.at/symflower/symflower/language/java.generateUnitTestFileForType(0xc0007d6b60, {0xc0001a2680, 0xb, 0x17?}, {0xc0008e6840?, 0x2208900?}, 0xc000a582d0?)
		gitlab.nethead.at/symflower/symflower/language/java/unit-test.go:173 +0x647
	gitlab.nethead.at/symflower/symflower/language/java.Adapter.GenerateUnitTest({{{0x0, 0x0}, {0x0, 0x0}, {0x0, 0x0}}}, 0xc0007d6b60, {0xc000a52c80, 0xb, 0x10})
		gitlab.nethead.at/symflower/symflower/language/java/unit-test.go:99 +0x8c8
	gitlab.nethead.at/symflower/symflower/cmd/symflower-local/generate.(*Generator).updateTestFiles.func1({0xc00046f44a, 0x40})
		gitlab.nethead.at/symflower/symflower/cmd/symflower-local/generate/generate.go:345 +0x55e
	gitlab.nethead.at/symflower/symflower/cmd/symflower-local/generate.updateTestFiles({0xc000538330, 0x2a}, 0xc0006fd3e0, {0xc0007d6280?, 0x1?, 0xc000741a00?}, 0x1, 0xc000741b08)
		gitlab.nethead.at/symflower/symflower/cmd/symflower-local/generate/tests.go:41 +0xc3
	gitlab.nethead.at/symflower/symflower/cmd/symflower-local/generate.(*Generator).updateTestFiles(0xc0004716b0, 0xc000b409f0, 0x1, 0x1)
		gitlab.nethead.at/symflower/symflower/cmd/symflower-local/generate/generate.go:330 +0x3e5
	gitlab.nethead.at/symflower/symflower/cmd/symflower-local/generate.(*Generator).UpdateSymflowerTestSuite(0xc0004716b0?, 0xc0004716e0?)
		gitlab.nethead.at/symflower/symflower/cmd/symflower-local/generate/generate.go:307 +0x3b
	gitlab.nethead.at/symflower/symflower/cmd/symflower-local/generate.(*AnalyzeEngineDefault).UnitTests(0x29?, 0x124bba0?, {0x21eb890?, 0xc00040eb40?}, {0xa0?, 0x82?, 0x53?, 0x0?}, 0x29?, {0xc000470780, ...})
		gitlab.nethead.at/symflower/symflower/cmd/symflower-local/generate/analyze.go:162 +0xaa
	gitlab.nethead.at/symflower/symflower/cmd/symflower-local/cmd.(*commandUnitTests).Execute(0xc0004c88d8, {0xc0004c8508?, 0x7d8b6848a698?, 0xc0004c88d8?})
		gitlab.nethead.at/symflower/symflower/cmd/symflower-local/cmd/unit-tests.go:85 +0x2a6
	gitlab.nethead.at/symflower/symflower/cmd.ExecuteNoExit({0x21de020, 0xc0004c8508}, {0xc00003e050?, 0x0?, 0x0?})
		gitlab.nethead.at/symflower/symflower/cmd/execute.go:59 +0x2ad
	gitlab.nethead.at/symflower/symflower/cmd.Execute({0x21de020?, 0xc0004c8508?}, {0xc00003e050?, 0xc00007e300?, 0xc00011ff10?})
		gitlab.nethead.at/symflower/symflower/cmd/execute.go:17 +0x26
	gitlab.nethead.at/symflower/symflower/cmd.ExecuteWithOSArguments(...)
		gitlab.nethead.at/symflower/symflower/cmd/execute.go:78
	main.main.func1()
		gitlab.nethead.at/symflower/symflower/cmd/symflower-demo/main.go:39 +0x34
	gitlab.nethead.at/symflower/symflower/cmd/symflower-local/cmd.(*Command).WithPanicReporter(0xc0000b2060?, 0x0?)
		gitlab.nethead.at/symflower/symflower/cmd/symflower-local/cmd/cmd.go:151 +0x33
	main.main()
		gitlab.nethead.at/symflower/symflower/cmd/symflower-demo/main.go:38 +0x7f
Analyzed 4 out of 4 source files
Had 9 errors that block a full analysis
Generated 18 tests
Found 9 potential problems
The following issues prevent a full analysis:

* 13 cases of "unknown import"
	Description: Imports could not be resolved. This is likely due to missing dependencies.

* 1 case of "unknown function"
	Description: Functions could not be resolved. This occurs due to missing dependencies,
  or if a called function is removed due to some other problem.

* 3 cases of "other issues"
	Description: Uncategorized problems.

