Analyzing workspace /home/ph7/sqa-project/workspaces/math_41b/
Search for Java files
Load dependency stdlib:@dev
src/main/java/org/apache/commons/math/stat/descriptive/moment/FirstMoment.java: error: unknown import
	data: org/apache/commons/math/stat/descriptive/AbstractStorelessUnivariateStatistic
src/main/java/org/apache/commons/math/stat/descriptive/moment/FirstMoment.java: error: unknown import
	data: org/apache/commons/math/util/MathUtils
src/main/java/org/apache/commons/math/stat/descriptive/moment/FirstMoment.java: error: unknown field
	data: [Double struct(java/lang/Double, [], [pointer(reference(java/lang/Object))], []) NaN]
src/main/java/org/apache/commons/math/stat/descriptive/moment/FirstMoment.java: error: unknown field
	data: [Double struct(java/lang/Double, [], [pointer(reference(java/lang/Object))], []) NaN]
src/main/java/org/apache/commons/math/stat/descriptive/moment/FirstMoment.java: error: unknown field
	data: [Double struct(java/lang/Double, [], [pointer(reference(java/lang/Object))], []) NaN]
src/main/java/org/apache/commons/math/stat/descriptive/moment/FirstMoment.java: error: unknown function
	data: [pointer(reference(org/apache/commons/math/stat/descriptive/moment/FirstMoment)) org/apache/commons/math/stat/descriptive/moment/FirstMoment//setData [] [unsupported]]
src/main/java/org/apache/commons/math/stat/descriptive/moment/FirstMoment.java: error: unknown field
	data: [Double struct(java/lang/Double, [], [pointer(reference(java/lang/Object))], []) NaN]
src/main/java/org/apache/commons/math/stat/descriptive/moment/FirstMoment.java: error: unknown field
	data: [Double struct(java/lang/Double, [], [pointer(reference(java/lang/Object))], []) NaN]
src/main/java/org/apache/commons/math/stat/descriptive/moment/FirstMoment.java: error: unknown field
	data: [Double struct(java/lang/Double, [], [pointer(reference(java/lang/Object))], []) NaN]
src/main/java/org/apache/commons/math/stat/descriptive/moment/FirstMoment.java: error: unknown function
	data: [pointer(reference(org/apache/commons/math/stat/descriptive/moment/FirstMoment)) org/apache/commons/math/stat/descriptive/moment/FirstMoment//getDataRef [] []]
src/main/java/org/apache/commons/math/stat/descriptive/moment/FirstMoment.java: error: unknown import
	data: org/apache/commons/math/exception/NullArgumentException
src/main/java/org/apache/commons/math/stat/descriptive/moment/FourthMoment.java: error: unknown import
	data: org/apache/commons/math/util/MathUtils
src/main/java/org/apache/commons/math/stat/descriptive/moment/FourthMoment.java: error: unknown field
	data: [Double struct(java/lang/Double, [], [pointer(reference(java/lang/Object))], []) NaN]
src/main/java/org/apache/commons/math/stat/descriptive/moment/FourthMoment.java: error: unknown field
	data: [Double struct(java/lang/Double, [], [pointer(reference(java/lang/Object))], []) NaN]
src/main/java/org/apache/commons/math/stat/descriptive/moment/FourthMoment.java: error: unknown import
	data: org/apache/commons/math/exception/NullArgumentException
src/main/java/org/apache/commons/math/stat/descriptive/moment/GeometricMean.java: error: unknown import
	data: org/apache/commons/math/exception/NullArgumentException
src/main/java/org/apache/commons/math/stat/descriptive/moment/GeometricMean.java: error: unknown import
	data: org/apache/commons/math/exception/util/LocalizedFormats
src/main/java/org/apache/commons/math/stat/descriptive/moment/GeometricMean.java: error: unknown import
	data: org/apache/commons/math/stat/descriptive/AbstractStorelessUnivariateStatistic
src/main/java/org/apache/commons/math/stat/descriptive/moment/GeometricMean.java: error: unknown field
	data: [Double struct(java/lang/Double, [], [pointer(reference(java/lang/Object))], []) NaN]
src/main/java/org/apache/commons/math/stat/descriptive/moment/GeometricMean.java: error: unknown import
	data: org/apache/commons/math/exception/MathIllegalStateException
src/main/java/org/apache/commons/math/stat/descriptive/moment/GeometricMean.java: error: unknown import
	data: org/apache/commons/math/stat/descriptive/StorelessUnivariateStatistic
src/main/java/org/apache/commons/math/stat/descriptive/moment/GeometricMean.java: error: unknown import
	data: org/apache/commons/math/stat/descriptive/summary/SumOfLogs
src/main/java/org/apache/commons/math/stat/descriptive/moment/GeometricMean.java: error: unknown import
	data: org/apache/commons/math/util/FastMath
src/main/java/org/apache/commons/math/stat/descriptive/moment/GeometricMean.java: error: unknown import
	data: org/apache/commons/math/util/MathUtils
src/main/java/org/apache/commons/math/stat/descriptive/moment/GeometricMean.java: error: unknown function
	data: [pointer(reference(org/apache/commons/math/stat/descriptive/moment/GeometricMean)) org/apache/commons/math/stat/descriptive/moment/GeometricMean//getDataRef [] []]
src/main/java/org/apache/commons/math/stat/descriptive/moment/GeometricMean.java: error: unknown function
	data: [pointer(reference(org/apache/commons/math/stat/descriptive/moment/GeometricMean)) org/apache/commons/math/stat/descriptive/moment/GeometricMean//setData [] [unsupported]]
src/main/java/org/apache/commons/math/stat/descriptive/moment/Kurtosis.java: error: unknown function
	data: [pointer(reference(org/apache/commons/math/stat/descriptive/moment/Variance)) org/apache/commons/math/stat/descriptive/moment/Variance//incrementAll [] [values begin length]]
src/main/java/org/apache/commons/math/stat/descriptive/moment/Kurtosis.java: error: unknown function
	data: [pointer(reference(org/apache/commons/math/stat/descriptive/moment/Kurtosis)) org/apache/commons/math/stat/descriptive/moment/Kurtosis//setData [] [unsupported]]
src/main/java/org/apache/commons/math/stat/descriptive/moment/Kurtosis.java: error: unknown import
	data: org/apache/commons/math/exception/util/LocalizedFormats
src/main/java/org/apache/commons/math/stat/descriptive/moment/Kurtosis.java: error: unknown import
	data: org/apache/commons/math/stat/descriptive/AbstractStorelessUnivariateStatistic
src/main/java/org/apache/commons/math/stat/descriptive/moment/Kurtosis.java: error: unknown import
	data: org/apache/commons/math/util/FastMath
src/main/java/org/apache/commons/math/stat/descriptive/moment/Kurtosis.java: error: unknown import
	data: org/apache/commons/math/util/MathUtils
src/main/java/org/apache/commons/math/stat/descriptive/moment/Kurtosis.java: error: unknown field
	data: [Double struct(java/lang/Double, [], [pointer(reference(java/lang/Object))], []) NaN]
src/main/java/org/apache/commons/math/stat/descriptive/moment/Kurtosis.java: error: unknown function
	data: [<nil> test [] [values begin length]]
src/main/java/org/apache/commons/math/stat/descriptive/moment/Kurtosis.java: error: unknown function
	data: [pointer(reference(org/apache/commons/math/stat/descriptive/moment/Kurtosis)) org/apache/commons/math/stat/descriptive/moment/Kurtosis//getDataRef [] []]
src/main/java/org/apache/commons/math/stat/descriptive/moment/Kurtosis.java: error: unknown import
	data: org/apache/commons/math/MathRuntimeException
src/main/java/org/apache/commons/math/stat/descriptive/moment/Kurtosis.java: error: unknown import
	data: org/apache/commons/math/exception/NullArgumentException
src/main/java/org/apache/commons/math/stat/descriptive/moment/Kurtosis.java: error: unknown field
	data: [Double struct(java/lang/Double, [], [pointer(reference(java/lang/Object))], []) NaN]
src/main/java/org/apache/commons/math/stat/descriptive/moment/Mean.java: error: unknown function
	data: [<nil> test [] [values weights begin length]]
src/main/java/org/apache/commons/math/stat/descriptive/moment/Mean.java: error: unknown import
	data: org/apache/commons/math/exception/NullArgumentException
src/main/java/org/apache/commons/math/stat/descriptive/moment/Mean.java: error: unknown import
	data: org/apache/commons/math/util/MathUtils
src/main/java/org/apache/commons/math/stat/descriptive/moment/Mean.java: error: unknown function
	data: [<nil> test [] [values begin length]]
src/main/java/org/apache/commons/math/stat/descriptive/moment/Mean.java: error: unknown field
	data: [Double struct(java/lang/Double, [], [pointer(reference(java/lang/Object))], []) NaN]
src/main/java/org/apache/commons/math/stat/descriptive/moment/Mean.java: error: unknown function
	data: [pointer(reference(org/apache/commons/math/stat/descriptive/moment/Mean)) org/apache/commons/math/stat/descriptive/moment/Mean//getDataRef [] []]
src/main/java/org/apache/commons/math/stat/descriptive/moment/Mean.java: error: unknown function
	data: [pointer(reference(org/apache/commons/math/stat/descriptive/moment/Mean)) org/apache/commons/math/stat/descriptive/moment/Mean//setData [] [unsupported]]
src/main/java/org/apache/commons/math/stat/descriptive/moment/Mean.java: error: unknown import
	data: org/apache/commons/math/stat/descriptive/AbstractStorelessUnivariateStatistic
src/main/java/org/apache/commons/math/stat/descriptive/moment/Mean.java: error: unknown import
	data: org/apache/commons/math/stat/descriptive/WeightedEvaluation
src/main/java/org/apache/commons/math/stat/descriptive/moment/Mean.java: error: unknown import
	data: org/apache/commons/math/stat/descriptive/summary/Sum
src/main/java/org/apache/commons/math/stat/descriptive/moment/Mean.java: error: unknown field
	data: [Double struct(java/lang/Double, [], [pointer(reference(java/lang/Object))], []) NaN]
src/main/java/org/apache/commons/math/stat/descriptive/moment/SecondMoment.java: error: unknown import
	data: org/apache/commons/math/exception/NullArgumentException
src/main/java/org/apache/commons/math/stat/descriptive/moment/SecondMoment.java: error: unknown import
	data: org/apache/commons/math/util/MathUtils
src/main/java/org/apache/commons/math/stat/descriptive/moment/SecondMoment.java: error: unknown field
	data: [Double struct(java/lang/Double, [], [pointer(reference(java/lang/Object))], []) NaN]
src/main/java/org/apache/commons/math/stat/descriptive/moment/SecondMoment.java: error: unknown field
	data: [Double struct(java/lang/Double, [], [pointer(reference(java/lang/Object))], []) NaN]
src/main/java/org/apache/commons/math/stat/descriptive/moment/SemiVariance.java: error: unknown function
	data: [<nil> test [] [values start length]]
src/main/java/org/apache/commons/math/stat/descriptive/moment/SemiVariance.java: error: unknown import
	data: org/apache/commons/math/exception/NullArgumentException
src/main/java/org/apache/commons/math/stat/descriptive/moment/SemiVariance.java: error: unknown import
	data: org/apache/commons/math/stat/descriptive/AbstractUnivariateStatistic
src/main/java/org/apache/commons/math/stat/descriptive/moment/SemiVariance.java: error: unknown function
	data: [pointer(reference(org/apache/commons/math/stat/descriptive/moment/SemiVariance)) org/apache/commons/math/stat/descriptive/moment/SemiVariance//getDataRef [] []]
src/main/java/org/apache/commons/math/stat/descriptive/moment/SemiVariance.java: error: unknown function
	data: [struct(org/apache/commons/math/stat/descriptive/moment/Mean, [], [unsupported(org/apache/commons/math/stat/descriptive/AbstractStorelessUnivariateStatistic)], [reference(java/io/Serializable), unsupported(org/apache/commons/math/stat/descriptive/WeightedEvaluation)]) org/apache/commons/math/stat/descriptive/moment/Mean//evaluate [] [values]]
src/main/java/org/apache/commons/math/stat/descriptive/moment/SemiVariance.java: error: unknown field
	data: [Double struct(java/lang/Double, [], [pointer(reference(java/lang/Object))], []) NaN]
src/main/java/org/apache/commons/math/stat/descriptive/moment/SemiVariance.java: error: unknown import
	data: org/apache/commons/math/exception/util/LocalizedFormats
src/main/java/org/apache/commons/math/stat/descriptive/moment/SemiVariance.java: error: unknown import
	data: org/apache/commons/math/util/MathUtils
src/main/java/org/apache/commons/math/stat/descriptive/moment/SemiVariance.java: error: unknown function
	data: [pointer(reference(org/apache/commons/math/stat/descriptive/moment/SemiVariance)) org/apache/commons/math/stat/descriptive/moment/SemiVariance//setData [] [unsupported]]
src/main/java/org/apache/commons/math/stat/descriptive/moment/Skewness.java: error: unknown import
	data: org/apache/commons/math/util/FastMath
src/main/java/org/apache/commons/math/stat/descriptive/moment/Skewness.java: error: unknown field
	data: [Double struct(java/lang/Double, [], [pointer(reference(java/lang/Object))], []) NaN]
src/main/java/org/apache/commons/math/stat/descriptive/moment/Skewness.java: error: unknown field
	data: [Double struct(java/lang/Double, [], [pointer(reference(java/lang/Object))], []) NaN]
src/main/java/org/apache/commons/math/stat/descriptive/moment/Skewness.java: error: unknown function
	data: [<nil> test [] [values begin length]]
src/main/java/org/apache/commons/math/stat/descriptive/moment/Skewness.java: error: unknown function
	data: [pointer(reference(org/apache/commons/math/stat/descriptive/moment/Skewness)) org/apache/commons/math/stat/descriptive/moment/Skewness//getDataRef [] []]
src/main/java/org/apache/commons/math/stat/descriptive/moment/Skewness.java: error: unknown function
	data: [pointer(reference(org/apache/commons/math/stat/descriptive/moment/Skewness)) org/apache/commons/math/stat/descriptive/moment/Skewness//setData [] [unsupported]]
src/main/java/org/apache/commons/math/stat/descriptive/moment/Skewness.java: error: unknown import
	data: org/apache/commons/math/exception/NullArgumentException
src/main/java/org/apache/commons/math/stat/descriptive/moment/Skewness.java: error: unknown import
	data: org/apache/commons/math/stat/descriptive/AbstractStorelessUnivariateStatistic
src/main/java/org/apache/commons/math/stat/descriptive/moment/Skewness.java: error: unknown import
	data: org/apache/commons/math/util/MathUtils
src/main/java/org/apache/commons/math/stat/descriptive/moment/StandardDeviation.java: error: unknown import
	data: org/apache/commons/math/util/MathUtils
src/main/java/org/apache/commons/math/stat/descriptive/moment/StandardDeviation.java: error: unknown function
	data: [pointer(reference(org/apache/commons/math/stat/descriptive/moment/StandardDeviation)) org/apache/commons/math/stat/descriptive/moment/StandardDeviation//getDataRef [] []]
src/main/java/org/apache/commons/math/stat/descriptive/moment/StandardDeviation.java: error: unknown function
	data: [pointer(reference(org/apache/commons/math/stat/descriptive/moment/StandardDeviation)) org/apache/commons/math/stat/descriptive/moment/StandardDeviation//setData [] [unsupported]]
src/main/java/org/apache/commons/math/stat/descriptive/moment/StandardDeviation.java: error: unknown import
	data: org/apache/commons/math/exception/NullArgumentException
src/main/java/org/apache/commons/math/stat/descriptive/moment/StandardDeviation.java: error: unknown import
	data: org/apache/commons/math/stat/descriptive/AbstractStorelessUnivariateStatistic
src/main/java/org/apache/commons/math/stat/descriptive/moment/StandardDeviation.java: error: unknown import
	data: org/apache/commons/math/util/FastMath
src/main/java/org/apache/commons/math/stat/descriptive/moment/ThirdMoment.java: error: unknown import
	data: org/apache/commons/math/exception/NullArgumentException
src/main/java/org/apache/commons/math/stat/descriptive/moment/ThirdMoment.java: error: unknown import
	data: org/apache/commons/math/util/MathUtils
src/main/java/org/apache/commons/math/stat/descriptive/moment/ThirdMoment.java: error: unknown field
	data: [Double struct(java/lang/Double, [], [pointer(reference(java/lang/Object))], []) NaN]
src/main/java/org/apache/commons/math/stat/descriptive/moment/ThirdMoment.java: error: unknown field
	data: [Double struct(java/lang/Double, [], [pointer(reference(java/lang/Object))], []) NaN]
src/main/java/org/apache/commons/math/stat/descriptive/moment/ThirdMoment.java: error: unknown field
	data: [Double struct(java/lang/Double, [], [pointer(reference(java/lang/Object))], []) NaN]
src/main/java/org/apache/commons/math/stat/descriptive/moment/ThirdMoment.java: error: unknown field
	data: [Double struct(java/lang/Double, [], [pointer(reference(java/lang/Object))], []) NaN]
src/main/java/org/apache/commons/math/stat/descriptive/moment/Variance.java: error: unknown import
	data: org/apache/commons/math/exception/NullArgumentException
src/main/java/org/apache/commons/math/stat/descriptive/moment/Variance.java: error: unknown import
	data: org/apache/commons/math/exception/util/LocalizedFormats
src/main/java/org/apache/commons/math/stat/descriptive/moment/Variance.java: error: unknown import
	data: org/apache/commons/math/stat/descriptive/AbstractStorelessUnivariateStatistic
src/main/java/org/apache/commons/math/stat/descriptive/moment/Variance.java: error: unknown field
	data: [Double struct(java/lang/Double, [], [pointer(reference(java/lang/Object))], []) NaN]
src/main/java/org/apache/commons/math/stat/descriptive/moment/Variance.java: error: unknown field
	data: [Double struct(java/lang/Double, [], [pointer(reference(java/lang/Object))], []) NaN]
src/main/java/org/apache/commons/math/stat/descriptive/moment/Variance.java: error: unknown function
	data: [pointer(reference(org/apache/commons/math/stat/descriptive/moment/Variance)) org/apache/commons/math/stat/descriptive/moment/Variance//setData [] [unsupported]]
src/main/java/org/apache/commons/math/stat/descriptive/moment/Variance.java: error: unknown import
	data: org/apache/commons/math/stat/descriptive/WeightedEvaluation
src/main/java/org/apache/commons/math/stat/descriptive/moment/Variance.java: error: unknown field
	data: [Double struct(java/lang/Double, [], [pointer(reference(java/lang/Object))], []) NaN]
src/main/java/org/apache/commons/math/stat/descriptive/moment/Variance.java: error: unknown field
	data: [Double struct(java/lang/Double, [], [pointer(reference(java/lang/Object))], []) NaN]
src/main/java/org/apache/commons/math/stat/descriptive/moment/Variance.java: error: unknown import
	data: org/apache/commons/math/util/MathUtils
src/main/java/org/apache/commons/math/stat/descriptive/moment/Variance.java: error: unknown function
	data: [<nil> test [] [values weights begin length]]
src/main/java/org/apache/commons/math/stat/descriptive/moment/Variance.java: error: unknown function
	data: [<nil> test [] [values weights begin length]]
src/main/java/org/apache/commons/math/stat/descriptive/moment/Variance.java: error: unknown field
	data: [Double struct(java/lang/Double, [], [pointer(reference(java/lang/Object))], []) NaN]
src/main/java/org/apache/commons/math/stat/descriptive/moment/Variance.java: error: unknown function
	data: [<nil> test [] [values begin length]]
src/main/java/org/apache/commons/math/stat/descriptive/moment/Variance.java: error: unknown function
	data: [<nil> test [] [values begin length]]
src/main/java/org/apache/commons/math/stat/descriptive/moment/Variance.java: error: unknown function
	data: [pointer(reference(org/apache/commons/math/stat/descriptive/moment/Variance)) org/apache/commons/math/stat/descriptive/moment/Variance//getDataRef [] []]
src/main/java/org/apache/commons/math/stat/descriptive/moment/VectorialCovariance.java: error: unknown import
	data: java/util/Arrays
src/main/java/org/apache/commons/math/stat/descriptive/moment/VectorialCovariance.java: error: unknown import
	data: org/apache/commons/math/exception/DimensionMismatchException
src/main/java/org/apache/commons/math/stat/descriptive/moment/VectorialCovariance.java: error: unknown import
	data: org/apache/commons/math/linear/MatrixUtils
src/main/java/org/apache/commons/math/stat/descriptive/moment/VectorialCovariance.java: error: unknown import
	data: org/apache/commons/math/linear/RealMatrix
src/main/java/org/apache/commons/math/stat/descriptive/moment/VectorialMean.java: error: unknown import
	data: java/util/Arrays
src/main/java/org/apache/commons/math/stat/descriptive/moment/VectorialMean.java: error: unknown import
	data: org/apache/commons/math/exception/DimensionMismatchException
Found 1 Java files
Found 105 problems in Java files
src/main/java/org/apache/commons/math/stat/descriptive/moment/Variance.java: found 21 symbols
src/main/java/org/apache/commons/math/stat/descriptive/moment/Variance.java: org.apache.commons.math.stat.descriptive.moment.Variance.evaluate: computing test cases
src/main/java/org/apache/commons/math/stat/descriptive/moment/Variance.java: org.apache.commons.math.stat.descriptive.moment.Variance.evaluate: computed 0 unit tests
src/main/java/org/apache/commons/math/stat/descriptive/moment/Variance.java: org.apache.commons.math.stat.descriptive.moment.Variance.evaluate: found 0 problems
src/main/java/org/apache/commons/math/stat/descriptive/moment/Variance.java: org.apache.commons.math.stat.descriptive.moment.Variance.evaluate: computing test cases
src/main/java/org/apache/commons/math/stat/descriptive/moment/Variance.java: org.apache.commons.math.stat.descriptive.moment.Variance.evaluate: computed 0 unit tests
src/main/java/org/apache/commons/math/stat/descriptive/moment/Variance.java: org.apache.commons.math.stat.descriptive.moment.Variance.evaluate: found 0 problems
src/main/java/org/apache/commons/math/stat/descriptive/moment/Variance.java: org.apache.commons.math.stat.descriptive.moment.Variance.evaluate: computing test cases
src/main/java/org/apache/commons/math/stat/descriptive/moment/Variance.java: org.apache.commons.math.stat.descriptive.moment.Variance.evaluate: computed 1 unit tests
src/main/java/org/apache/commons/math/stat/descriptive/moment/Variance.java: org.apache.commons.math.stat.descriptive.moment.Variance.evaluate: found 1 problems
src/main/java/org/apache/commons/math/stat/descriptive/moment/Variance.java:453:42: critical: org.apache.commons.math.stat.descriptive.moment.Variance.evaluate: uncaught java.lang.NullPointerException
src/main/java/org/apache/commons/math/stat/descriptive/moment/Variance.java: org.apache.commons.math.stat.descriptive.moment.Variance.evaluate: computing test cases
src/main/java/org/apache/commons/math/stat/descriptive/moment/Variance.java: org.apache.commons.math.stat.descriptive.moment.Variance.evaluate: computed 0 unit tests
src/main/java/org/apache/commons/math/stat/descriptive/moment/Variance.java: org.apache.commons.math.stat.descriptive.moment.Variance.evaluate: found 0 problems
src/main/java/org/apache/commons/math/stat/descriptive/moment/Variance.java: org.apache.commons.math.stat.descriptive.moment.Variance.isBiasCorrected: computing test cases
src/main/java/org/apache/commons/math/stat/descriptive/moment/Variance.java: org.apache.commons.math.stat.descriptive.moment.Variance.isBiasCorrected: computed 1 unit tests
src/main/java/org/apache/commons/math/stat/descriptive/moment/Variance.java: org.apache.commons.math.stat.descriptive.moment.Variance.isBiasCorrected: found 0 problems
src/main/java/org/apache/commons/math/stat/descriptive/moment/Variance.java: org.apache.commons.math.stat.descriptive.moment.Variance.Variance: computing test cases
src/main/java/org/apache/commons/math/stat/descriptive/moment/Variance.java: org.apache.commons.math.stat.descriptive.moment.Variance.Variance: computed 0 unit tests
src/main/java/org/apache/commons/math/stat/descriptive/moment/Variance.java: org.apache.commons.math.stat.descriptive.moment.Variance.Variance: found 0 problems
src/main/java/org/apache/commons/math/stat/descriptive/moment/Variance.java: org.apache.commons.math.stat.descriptive.moment.Variance.clear: computing test cases
src/main/java/org/apache/commons/math/stat/descriptive/moment/Variance.java: org.apache.commons.math.stat.descriptive.moment.Variance.clear: computed 2 unit tests
src/main/java/org/apache/commons/math/stat/descriptive/moment/Variance.java: org.apache.commons.math.stat.descriptive.moment.Variance.clear: found 1 problems
src/main/java/org/apache/commons/math/stat/descriptive/moment/Variance.java:205:13: critical: org.apache.commons.math.stat.descriptive.moment.Variance.clear: uncaught java.lang.NullPointerException
src/main/java/org/apache/commons/math/stat/descriptive/moment/Variance.java: org.apache.commons.math.stat.descriptive.moment.Variance.Variance: computing test cases
src/main/java/org/apache/commons/math/stat/descriptive/moment/Variance.java: org.apache.commons.math.stat.descriptive.moment.Variance.Variance: computed 0 unit tests
src/main/java/org/apache/commons/math/stat/descriptive/moment/Variance.java: org.apache.commons.math.stat.descriptive.moment.Variance.Variance: found 0 problems
src/main/java/org/apache/commons/math/stat/descriptive/moment/Variance.java: org.apache.commons.math.stat.descriptive.moment.Variance.getN: computing test cases
src/main/java/org/apache/commons/math/stat/descriptive/moment/Variance.java: org.apache.commons.math.stat.descriptive.moment.Variance.getN: computed 2 unit tests
src/main/java/org/apache/commons/math/stat/descriptive/moment/Variance.java: org.apache.commons.math.stat.descriptive.moment.Variance.getN: found 1 problems
src/main/java/org/apache/commons/math/stat/descriptive/moment/Variance.java:196:16: critical: org.apache.commons.math.stat.descriptive.moment.Variance.getN: uncaught java.lang.NullPointerException
src/main/java/org/apache/commons/math/stat/descriptive/moment/Variance.java: org.apache.commons.math.stat.descriptive.moment.Variance.Variance: computing test cases
src/main/java/org/apache/commons/math/stat/descriptive/moment/Variance.java: org.apache.commons.math.stat.descriptive.moment.Variance.Variance: computed 0 unit tests
src/main/java/org/apache/commons/math/stat/descriptive/moment/Variance.java: org.apache.commons.math.stat.descriptive.moment.Variance.Variance: found 0 problems
src/main/java/org/apache/commons/math/stat/descriptive/moment/Variance.java: org.apache.commons.math.stat.descriptive.moment.Variance.increment: computing test cases
src/main/java/org/apache/commons/math/stat/descriptive/moment/Variance.java: org.apache.commons.math.stat.descriptive.moment.Variance.increment: computed 2 unit tests
src/main/java/org/apache/commons/math/stat/descriptive/moment/Variance.java: org.apache.commons.math.stat.descriptive.moment.Variance.increment: found 5 problems
src/main/java/org/apache/commons/math/stat/descriptive/moment/Variance.java: info: org.apache.commons.math.stat.descriptive.moment.Variance.increment: solver timed out
	data: ExecutionResult{ExitStatus:-1, ResourceUsage{WallTime:10.039020761s, CPUTimeUser:9.593465s, CPUTimeSystem:239.238ms, MemoryUsage:687032}}
src/main/java/org/apache/commons/math/stat/descriptive/moment/Variance.java: info: org.apache.commons.math.stat.descriptive.moment.Variance.increment: solver timed out
	data: ExecutionResult{ExitStatus:-1, ResourceUsage{WallTime:10.019320778s, CPUTimeUser:9.670714s, CPUTimeSystem:187.355ms, MemoryUsage:509280}}
src/main/java/org/apache/commons/math/stat/descriptive/moment/Variance.java: info: org.apache.commons.math.stat.descriptive.moment.Variance.increment: solver timed out
	data: ExecutionResult{ExitStatus:-1, ResourceUsage{WallTime:10.006650046s, CPUTimeUser:9.891621s, CPUTimeSystem:91.922ms, MemoryUsage:169568}}
src/main/java/org/apache/commons/math/stat/descriptive/moment/Variance.java: info: org.apache.commons.math.stat.descriptive.moment.Variance.increment: solver timed out
	data: ExecutionResult{ExitStatus:-1, ResourceUsage{WallTime:10.022109625s, CPUTimeUser:9.75029s, CPUTimeSystem:267.953ms, MemoryUsage:692744}}
src/main/java/org/apache/commons/math/stat/descriptive/moment/Variance.java:170:13: critical: org.apache.commons.math.stat.descriptive.moment.Variance.increment: uncaught java.lang.NullPointerException
src/main/java/org/apache/commons/math/stat/descriptive/moment/Variance.java: org.apache.commons.math.stat.descriptive.moment.Variance.getResult: computing test cases
src/main/java/org/apache/commons/math/stat/descriptive/moment/Variance.java: org.apache.commons.math.stat.descriptive.moment.Variance.getResult: computed 4 unit tests
src/main/java/org/apache/commons/math/stat/descriptive/moment/Variance.java: org.apache.commons.math.stat.descriptive.moment.Variance.getResult: found 1 problems
src/main/java/org/apache/commons/math/stat/descriptive/moment/Variance.java:179:17: critical: org.apache.commons.math.stat.descriptive.moment.Variance.getResult: uncaught java.lang.NullPointerException
src/main/java/org/apache/commons/math/stat/descriptive/moment/Variance.java: org.apache.commons.math.stat.descriptive.moment.Variance.copy: computing test cases
src/main/java/org/apache/commons/math/stat/descriptive/moment/Variance.java: org.apache.commons.math.stat.descriptive.moment.Variance.copy: computed 0 unit tests
src/main/java/org/apache/commons/math/stat/descriptive/moment/Variance.java: org.apache.commons.math.stat.descriptive.moment.Variance.copy: found 0 problems
src/main/java/org/apache/commons/math/stat/descriptive/moment/Variance.java: org.apache.commons.math.stat.descriptive.moment.Variance.evaluate: computing test cases
src/main/java/org/apache/commons/math/stat/descriptive/moment/Variance.java: org.apache.commons.math.stat.descriptive.moment.Variance.evaluate: computed 1 unit tests
src/main/java/org/apache/commons/math/stat/descriptive/moment/Variance.java: org.apache.commons.math.stat.descriptive.moment.Variance.evaluate: found 1 problems
src/main/java/org/apache/commons/math/stat/descriptive/moment/Variance.java:370:45: critical: org.apache.commons.math.stat.descriptive.moment.Variance.evaluate: uncaught java.lang.NullPointerException
src/main/java/org/apache/commons/math/stat/descriptive/moment/Variance.java: org.apache.commons.math.stat.descriptive.moment.Variance.evaluate: computing test cases
src/main/java/org/apache/commons/math/stat/descriptive/moment/Variance.java: org.apache.commons.math.stat.descriptive.moment.Variance.evaluate: computed 1 unit tests
src/main/java/org/apache/commons/math/stat/descriptive/moment/Variance.java: org.apache.commons.math.stat.descriptive.moment.Variance.evaluate: found 1 problems
src/main/java/org/apache/commons/math/stat/descriptive/moment/Variance.java:576:51: critical: org.apache.commons.math.stat.descriptive.moment.Variance.evaluate: uncaught java.lang.NullPointerException
src/main/java/org/apache/commons/math/stat/descriptive/moment/Variance.java: org.apache.commons.math.stat.descriptive.moment.Variance.copy: computing test cases
src/main/java/org/apache/commons/math/stat/descriptive/moment/Variance.java: org.apache.commons.math.stat.descriptive.moment.Variance.copy: computed 0 unit tests
src/main/java/org/apache/commons/math/stat/descriptive/moment/Variance.java: org.apache.commons.math.stat.descriptive.moment.Variance.copy: found 0 problems
src/main/java/org/apache/commons/math/stat/descriptive/moment/Variance.java: org.apache.commons.math.stat.descriptive.moment.Variance.evaluate: computing test cases
src/main/java/org/apache/commons/math/stat/descriptive/moment/Variance.java: org.apache.commons.math.stat.descriptive.moment.Variance.evaluate: computed 0 unit tests
src/main/java/org/apache/commons/math/stat/descriptive/moment/Variance.java: org.apache.commons.math.stat.descriptive.moment.Variance.evaluate: found 0 problems
src/main/java/org/apache/commons/math/stat/descriptive/moment/Variance.java: org.apache.commons.math.stat.descriptive.moment.Variance.Variance: computing test cases
src/main/java/org/apache/commons/math/stat/descriptive/moment/Variance.java: org.apache.commons.math.stat.descriptive.moment.Variance.Variance: computed 0 unit tests
src/main/java/org/apache/commons/math/stat/descriptive/moment/Variance.java: org.apache.commons.math.stat.descriptive.moment.Variance.Variance: found 0 problems
src/main/java/org/apache/commons/math/stat/descriptive/moment/Variance.java: org.apache.commons.math.stat.descriptive.moment.Variance.Variance: computing test cases
src/main/java/org/apache/commons/math/stat/descriptive/moment/Variance.java: org.apache.commons.math.stat.descriptive.moment.Variance.Variance: computed 0 unit tests
src/main/java/org/apache/commons/math/stat/descriptive/moment/Variance.java: org.apache.commons.math.stat.descriptive.moment.Variance.Variance: found 0 problems
src/main/java/org/apache/commons/math/stat/descriptive/moment/Variance.java: org.apache.commons.math.stat.descriptive.moment.Variance.evaluate: computing test cases
src/main/java/org/apache/commons/math/stat/descriptive/moment/Variance.java: org.apache.commons.math.stat.descriptive.moment.Variance.evaluate: computed 0 unit tests
src/main/java/org/apache/commons/math/stat/descriptive/moment/Variance.java: org.apache.commons.math.stat.descriptive.moment.Variance.evaluate: found 0 problems
src/main/java/org/apache/commons/math/stat/descriptive/moment/Variance.java: org.apache.commons.math.stat.descriptive.moment.Variance.setBiasCorrected: computing test cases
src/main/java/org/apache/commons/math/stat/descriptive/moment/Variance.java: org.apache.commons.math.stat.descriptive.moment.Variance.setBiasCorrected: computed 1 unit tests
src/main/java/org/apache/commons/math/stat/descriptive/moment/Variance.java: org.apache.commons.math.stat.descriptive.moment.Variance.setBiasCorrected: found 0 problems
Symflower's table driven test style is not supported, switching to basic style
src/main/java/org/apache/commons/math/stat/descriptive/moment/Variance.java: generated unit test file src/main/java/org/apache/commons/math/stat/descriptive/moment/VarianceSymflowerTest.java
Analyzed 1 out of 13 source files
Had 27 errors that block a full analysis
Generated 15 tests
Found 7 potential problems
The following issues prevent a full analysis:

* 51 cases of "unknown import"
	Description: Imports could not be resolved. This is likely due to missing dependencies.

* 27 cases of "unknown function"
	Description: Functions could not be resolved. This occurs due to missing dependencies,
  or if a called function is removed due to some other problem.

* 4 cases of "other issues"
	Description: Uncategorized problems.

